% The following definition defines a command for each value.
% The command name is the concatenation of the first six arguments.
% To override this definition, define \StoreBenchExecResult with \newcommand before including this file.
% Arguments: benchmark name, runset name, column title, column category, column subcategory, statistic, value
\providecommand\StoreBenchExecResult[7]{\expandafter\newcommand\csname#1#2#3#4#5#6\endcsname{#7}}%
\StoreBenchExecResult{BenchmarkExampleTrue}{NoOptions}{Status}{Score}{}{Sum}{0}%
\StoreBenchExecResult{BenchmarkExampleTrue}{NoOptions}{Status}{All}{}{Sum}{26}%
\StoreBenchExecResult{BenchmarkExampleTrue}{NoOptions}{Status}{Correct}{}{Sum}{0}%
\StoreBenchExecResult{BenchmarkExampleTrue}{NoOptions}{Status}{Correct}{True}{Sum}{0}%
\StoreBenchExecResult{BenchmarkExampleTrue}{NoOptions}{Status}{Correct}{False}{Sum}{0}%
\StoreBenchExecResult{BenchmarkExampleTrue}{NoOptions}{Status}{CorrectUnconfirmed}{}{Sum}{0}%
\StoreBenchExecResult{BenchmarkExampleTrue}{NoOptions}{Status}{CorrectUnconfirmed}{True}{Sum}{0}%
\StoreBenchExecResult{BenchmarkExampleTrue}{NoOptions}{Status}{CorrectUnconfirmed}{False}{Sum}{0}%
\StoreBenchExecResult{BenchmarkExampleTrue}{NoOptions}{Status}{Wrong}{}{Sum}{0}%
\StoreBenchExecResult{BenchmarkExampleTrue}{NoOptions}{Status}{Wrong}{True}{Sum}{0}%
\StoreBenchExecResult{BenchmarkExampleTrue}{NoOptions}{Status}{Wrong}{False}{Sum}{0}%
\StoreBenchExecResult{BenchmarkExampleTrue}{NoOptions}{Cputime}{All}{}{Sum}{0.101429363}%
\StoreBenchExecResult{BenchmarkExampleTrue}{NoOptions}{Cputime}{All}{}{Min}{0.001618668}%
\StoreBenchExecResult{BenchmarkExampleTrue}{NoOptions}{Cputime}{All}{}{Max}{0.005168485}%
\StoreBenchExecResult{BenchmarkExampleTrue}{NoOptions}{Cputime}{All}{}{Avg}{0.003901129346153846153846153846}%
\StoreBenchExecResult{BenchmarkExampleTrue}{NoOptions}{Cputime}{All}{}{Median}{0.0043256635}%
\StoreBenchExecResult{BenchmarkExampleTrue}{NoOptions}{Cputime}{All}{}{Stdev}{0.001171464848900625269162272981}%
\StoreBenchExecResult{BenchmarkExampleTrue}{NoOptions}{Cputime}{All}{}{Unit}{s}%
\StoreBenchExecResult{BenchmarkExampleTrue}{NoOptions}{Cputime}{Local}{}{Sum}{1.486978}%
\StoreBenchExecResult{BenchmarkExampleTrue}{NoOptions}{Cputime}{Local}{}{Unit}{s}%
\StoreBenchExecResult{BenchmarkExampleTrue}{NoOptions}{Walltime}{All}{}{Sum}{0.264659507978649344}%
\StoreBenchExecResult{BenchmarkExampleTrue}{NoOptions}{Walltime}{All}{}{Min}{0.004074042000866029}%
\StoreBenchExecResult{BenchmarkExampleTrue}{NoOptions}{Walltime}{All}{}{Max}{0.015613405994372442}%
\StoreBenchExecResult{BenchmarkExampleTrue}{NoOptions}{Walltime}{All}{}{Avg}{0.01017921184533266707692307692}%
\StoreBenchExecResult{BenchmarkExampleTrue}{NoOptions}{Walltime}{All}{}{Median}{0.0109743459979654295}%
\StoreBenchExecResult{BenchmarkExampleTrue}{NoOptions}{Walltime}{All}{}{Stdev}{0.003389653740861522449083779237}%
\StoreBenchExecResult{BenchmarkExampleTrue}{NoOptions}{Walltime}{All}{}{Unit}{s}%
\StoreBenchExecResult{BenchmarkExampleTrue}{NoOptions}{Walltime}{Local}{}{Sum}{5.417730271001346}%
\StoreBenchExecResult{BenchmarkExampleTrue}{NoOptions}{Walltime}{Local}{}{Unit}{s}%
\StoreBenchExecResult{BenchmarkExampleTrue}{NoOptions}{Memory}{All}{}{Sum}{7.262208}%
\StoreBenchExecResult{BenchmarkExampleTrue}{NoOptions}{Memory}{All}{}{Min}{0.249856}%
\StoreBenchExecResult{BenchmarkExampleTrue}{NoOptions}{Memory}{All}{}{Max}{0.385024}%
\StoreBenchExecResult{BenchmarkExampleTrue}{NoOptions}{Memory}{All}{}{Avg}{0.2793156923076923076923076923}%
\StoreBenchExecResult{BenchmarkExampleTrue}{NoOptions}{Memory}{All}{}{Median}{0.270336}%
\StoreBenchExecResult{BenchmarkExampleTrue}{NoOptions}{Memory}{All}{}{Stdev}{0.03587071549410705018691931636}%
\StoreBenchExecResult{BenchmarkExampleTrue}{NoOptions}{Memory}{All}{}{Unit}{MB}%
\StoreBenchExecResult{BenchmarkExampleTrue}{NoOptions}{Cpuenergy}{All}{}{Sum}{0.107667}%
\StoreBenchExecResult{BenchmarkExampleTrue}{NoOptions}{Cpuenergy}{All}{}{Min}{0}%
\StoreBenchExecResult{BenchmarkExampleTrue}{NoOptions}{Cpuenergy}{All}{}{Max}{0.033386}%
\StoreBenchExecResult{BenchmarkExampleTrue}{NoOptions}{Cpuenergy}{All}{}{Avg}{0.00430668}%
\StoreBenchExecResult{BenchmarkExampleTrue}{NoOptions}{Cpuenergy}{All}{}{Median}{0}%
\StoreBenchExecResult{BenchmarkExampleTrue}{NoOptions}{Cpuenergy}{All}{}{Stdev}{0.008707445208417908844786000530}%
\StoreBenchExecResult{BenchmarkExampleTrue}{NoOptions}{Cpuenergy}{All}{}{Unit}{J}%
\StoreBenchExecResult{BenchmarkExampleTrue}{NoOptions}{Cpuenergy}{Local}{}{Sum}{13.496216}%
\StoreBenchExecResult{BenchmarkExampleTrue}{NoOptions}{Cpuenergy}{Local}{}{Unit}{J}%