% The following definition defines a command for each value.
% The command name is the concatenation of the first six arguments.
% To override this definition, define \StoreBenchExecResult with \newcommand before including this file.
% Arguments: benchmark name, run-set name, category, status, column name, statistic, value
\providecommand\StoreBenchExecResult[7]{\expandafter\newcommand\csname#1#2#3#4#5#6\endcsname{#7}}%
\StoreBenchExecResult{Cbmc}{}{Status}{Score}{}{Sum}{}%
\StoreBenchExecResult{Cbmc}{}{Status}{Total}{}{Sum}{46}%
\StoreBenchExecResult{Cbmc}{}{Status}{Correct}{}{Sum}{22}%
\StoreBenchExecResult{Cbmc}{}{Status}{Correct}{True}{Sum}{}%
\StoreBenchExecResult{Cbmc}{}{Status}{Correct}{False}{Sum}{22}%
\StoreBenchExecResult{Cbmc}{}{Status}{Correct}{Unconfirmed}{Sum}{}%
\StoreBenchExecResult{Cbmc}{}{Status}{CorrectUnconfirmed}{True}{Sum}{}%
\StoreBenchExecResult{Cbmc}{}{Status}{CorrectUnconfirmed}{False}{Sum}{}%
\StoreBenchExecResult{Cbmc}{}{Status}{Wrong}{}{Sum}{}%
\StoreBenchExecResult{Cbmc}{}{Status}{Wrong}{True}{Sum}{}%
\StoreBenchExecResult{Cbmc}{}{Status}{Wrong}{False}{Sum}{}%
\StoreBenchExecResult{Cbmc}{}{Cputime}{Total}{}{Sum}{1590.061633703}%
\StoreBenchExecResult{Cbmc}{}{Cputime}{Total}{}{Min}{1.240757859}%
\StoreBenchExecResult{Cbmc}{}{Cputime}{Total}{}{Max}{61.056848841}%
\StoreBenchExecResult{Cbmc}{}{Cputime}{Total}{}{Avg}{34.56655725441304347826086957}%
\StoreBenchExecResult{Cbmc}{}{Cputime}{Total}{}{Median}{60.022615305}%
\StoreBenchExecResult{Cbmc}{}{Cputime}{Total}{}{Stdev}{26.86363531103137500771121045}%
\StoreBenchExecResult{Cbmc}{}{Cputime}{Total}{}{SourceUnit}{s}%
\StoreBenchExecResult{Cbmc}{}{Cputime}{Correct}{}{Sum}{146.780061201}%
\StoreBenchExecResult{Cbmc}{}{Cputime}{Correct}{}{Min}{1.240757859}%
\StoreBenchExecResult{Cbmc}{}{Cputime}{Correct}{}{Max}{15.453202004}%
\StoreBenchExecResult{Cbmc}{}{Cputime}{Correct}{}{Avg}{6.671820963681818181818181818}%
\StoreBenchExecResult{Cbmc}{}{Cputime}{Correct}{}{Median}{5.046370950}%
\StoreBenchExecResult{Cbmc}{}{Cputime}{Correct}{}{Stdev}{4.178728196899706011243676667}%
\StoreBenchExecResult{Cbmc}{}{Cputime}{Correct}{}{SourceUnit}{s}%
\StoreBenchExecResult{Cbmc}{}{Cputime}{Correct}{False}{Sum}{146.780061201}%
\StoreBenchExecResult{Cbmc}{}{Cputime}{Correct}{False}{Min}{1.240757859}%
\StoreBenchExecResult{Cbmc}{}{Cputime}{Correct}{False}{Max}{15.453202004}%
\StoreBenchExecResult{Cbmc}{}{Cputime}{Correct}{False}{Avg}{6.671820963681818181818181818}%
\StoreBenchExecResult{Cbmc}{}{Cputime}{Correct}{False}{Median}{5.046370950}%
\StoreBenchExecResult{Cbmc}{}{Cputime}{Correct}{False}{Stdev}{4.178728196899706011243676667}%
\StoreBenchExecResult{Cbmc}{}{Cputime}{Correct}{False}{SourceUnit}{s}%
\StoreBenchExecResult{Cbmc}{}{Cputime}{Local}{}{Sum}{147.752925}%
\StoreBenchExecResult{Cbmc}{}{Cputime}{Local}{}{SourceUnit}{s}%
\StoreBenchExecResult{Cbmc}{}{Walltime}{Total}{}{Sum}{1597.3361847400665327}%
\StoreBenchExecResult{Cbmc}{}{Walltime}{Total}{}{Min}{1.2597875595092773}%
\StoreBenchExecResult{Cbmc}{}{Walltime}{Total}{}{Max}{61.702879905700684}%
\StoreBenchExecResult{Cbmc}{}{Walltime}{Total}{}{Avg}{34.72469966826231592826086957}%
\StoreBenchExecResult{Cbmc}{}{Walltime}{Total}{}{Median}{60.040485620498658}%
\StoreBenchExecResult{Cbmc}{}{Walltime}{Total}{}{Stdev}{26.94922962735134448251009908}%
\StoreBenchExecResult{Cbmc}{}{Walltime}{Total}{}{SourceUnit}{s}%
\StoreBenchExecResult{Cbmc}{}{Walltime}{Correct}{}{Sum}{148.3611867427825917}%
\StoreBenchExecResult{Cbmc}{}{Walltime}{Correct}{}{Min}{1.2597875595092773}%
\StoreBenchExecResult{Cbmc}{}{Walltime}{Correct}{}{Max}{15.496248722076416}%
\StoreBenchExecResult{Cbmc}{}{Walltime}{Correct}{}{Avg}{6.743690306490117804545454545}%
\StoreBenchExecResult{Cbmc}{}{Walltime}{Correct}{}{Median}{5.0777392387390135}%
\StoreBenchExecResult{Cbmc}{}{Walltime}{Correct}{}{Stdev}{4.211783328688716456151626058}%
\StoreBenchExecResult{Cbmc}{}{Walltime}{Correct}{}{SourceUnit}{s}%
\StoreBenchExecResult{Cbmc}{}{Walltime}{Correct}{False}{Sum}{148.3611867427825917}%
\StoreBenchExecResult{Cbmc}{}{Walltime}{Correct}{False}{Min}{1.2597875595092773}%
\StoreBenchExecResult{Cbmc}{}{Walltime}{Correct}{False}{Max}{15.496248722076416}%
\StoreBenchExecResult{Cbmc}{}{Walltime}{Correct}{False}{Avg}{6.743690306490117804545454545}%
\StoreBenchExecResult{Cbmc}{}{Walltime}{Correct}{False}{Median}{5.0777392387390135}%
\StoreBenchExecResult{Cbmc}{}{Walltime}{Correct}{False}{Stdev}{4.211783328688716456151626058}%
\StoreBenchExecResult{Cbmc}{}{Walltime}{Correct}{False}{SourceUnit}{s}%
\StoreBenchExecResult{Cbmc}{}{Walltime}{Local}{}{Sum}{1615.3571977615356}%
\StoreBenchExecResult{Cbmc}{}{Walltime}{Local}{}{SourceUnit}{s}%
\StoreBenchExecResult{Cbmc}{}{Memory}{Total}{}{Sum}{28809.531392}%
\StoreBenchExecResult{Cbmc}{}{Memory}{Total}{}{Min}{104.386560}%
\StoreBenchExecResult{Cbmc}{}{Memory}{Total}{}{Max}{3500.752896}%
\StoreBenchExecResult{Cbmc}{}{Memory}{Total}{}{Avg}{626.2941606956521739130434783}%
\StoreBenchExecResult{Cbmc}{}{Memory}{Total}{}{Median}{613.658624}%
\StoreBenchExecResult{Cbmc}{}{Memory}{Total}{}{Stdev}{564.4942624487792257332912859}%
\StoreBenchExecResult{Cbmc}{}{Memory}{Total}{}{SourceUnit}{B}%
\StoreBenchExecResult{Cbmc}{}{Memory}{Correct}{}{Sum}{6038.536192}%
\StoreBenchExecResult{Cbmc}{}{Memory}{Correct}{}{Min}{104.386560}%
\StoreBenchExecResult{Cbmc}{}{Memory}{Correct}{}{Max}{676.438016}%
\StoreBenchExecResult{Cbmc}{}{Memory}{Correct}{}{Avg}{274.4789178181818181818181818}%
\StoreBenchExecResult{Cbmc}{}{Memory}{Correct}{}{Median}{230.211584}%
\StoreBenchExecResult{Cbmc}{}{Memory}{Correct}{}{Stdev}{131.4901868178820392511071321}%
\StoreBenchExecResult{Cbmc}{}{Memory}{Correct}{}{SourceUnit}{B}%
\StoreBenchExecResult{Cbmc}{}{Memory}{Correct}{False}{Sum}{6038.536192}%
\StoreBenchExecResult{Cbmc}{}{Memory}{Correct}{False}{Min}{104.386560}%
\StoreBenchExecResult{Cbmc}{}{Memory}{Correct}{False}{Max}{676.438016}%
\StoreBenchExecResult{Cbmc}{}{Memory}{Correct}{False}{Avg}{274.4789178181818181818181818}%
\StoreBenchExecResult{Cbmc}{}{Memory}{Correct}{False}{Median}{230.211584}%
\StoreBenchExecResult{Cbmc}{}{Memory}{Correct}{False}{Stdev}{131.4901868178820392511071321}%
\StoreBenchExecResult{Cbmc}{}{Memory}{Correct}{False}{SourceUnit}{B}%