% The following definition defines a command for each value.
% The command name is the concatenation of the first six arguments.
% To override this definition, define \StoreBenchExecResult with \newcommand before including this file.
% Arguments: benchmark name, run-set name, category, status, column name, statistic, value
\providecommand\StoreBenchExecResult[7]{\expandafter\newcommand\csname#1#2#3#4#5#6\endcsname{#7}}%
\StoreBenchExecResult{TestI}{}{Status}{Score}{}{Sum}{}%
\StoreBenchExecResult{TestI}{}{Status}{Total}{}{Sum}{5}%
\StoreBenchExecResult{TestI}{}{Status}{Correct}{}{Sum}{3}%
\StoreBenchExecResult{TestI}{}{Status}{Correct}{True}{Sum}{2}%
\StoreBenchExecResult{TestI}{}{Status}{Correct}{False}{Sum}{1}%
\StoreBenchExecResult{TestI}{}{Status}{Correct}{Unconfirmed}{Sum}{}%
\StoreBenchExecResult{TestI}{}{Status}{CorrectUnconfirmed}{True}{Sum}{}%
\StoreBenchExecResult{TestI}{}{Status}{CorrectUnconfirmed}{False}{Sum}{}%
\StoreBenchExecResult{TestI}{}{Status}{Wrong}{}{Sum}{1}%
\StoreBenchExecResult{TestI}{}{Status}{Wrong}{True}{Sum}{1}%
\StoreBenchExecResult{TestI}{}{Status}{Wrong}{False}{Sum}{}%
\StoreBenchExecResult{TestI}{}{Cputime}{Total}{}{Sum}{10.919505907}%
\StoreBenchExecResult{TestI}{}{Cputime}{Total}{}{Min}{2.058647067}%
\StoreBenchExecResult{TestI}{}{Cputime}{Total}{}{Max}{2.272238619}%
\StoreBenchExecResult{TestI}{}{Cputime}{Total}{}{Avg}{2.1839011814}%
\StoreBenchExecResult{TestI}{}{Cputime}{Total}{}{Median}{2.189887353}%
\StoreBenchExecResult{TestI}{}{Cputime}{Total}{}{Stdev}{0.07187152671885927483466361201}%
\StoreBenchExecResult{TestI}{}{Cputime}{Total}{}{SourceUnit}{s}%
\StoreBenchExecResult{TestI}{}{Cputime}{Correct}{}{Sum}{6.478077860}%
\StoreBenchExecResult{TestI}{}{Cputime}{Correct}{}{Min}{2.058647067}%
\StoreBenchExecResult{TestI}{}{Cputime}{Correct}{}{Max}{2.22954344}%
\StoreBenchExecResult{TestI}{}{Cputime}{Correct}{}{Avg}{2.159359286666666666666666667}%
\StoreBenchExecResult{TestI}{}{Cputime}{Correct}{}{Median}{2.189887353}%
\StoreBenchExecResult{TestI}{}{Cputime}{Correct}{}{Stdev}{0.07303133894284965266045621882}%
\StoreBenchExecResult{TestI}{}{Cputime}{Correct}{}{SourceUnit}{s}%
\StoreBenchExecResult{TestI}{}{Cputime}{Correct}{True}{Sum}{4.288190507}%
\StoreBenchExecResult{TestI}{}{Cputime}{Correct}{True}{Min}{2.058647067}%
\StoreBenchExecResult{TestI}{}{Cputime}{Correct}{True}{Max}{2.22954344}%
\StoreBenchExecResult{TestI}{}{Cputime}{Correct}{True}{Avg}{2.1440952535}%
\StoreBenchExecResult{TestI}{}{Cputime}{Correct}{True}{Median}{2.1440952535}%
\StoreBenchExecResult{TestI}{}{Cputime}{Correct}{True}{Stdev}{0.08544818650000}%
\StoreBenchExecResult{TestI}{}{Cputime}{Correct}{True}{SourceUnit}{s}%
\StoreBenchExecResult{TestI}{}{Cputime}{Correct}{False}{Sum}{2.189887353}%
\StoreBenchExecResult{TestI}{}{Cputime}{Correct}{False}{Min}{2.189887353}%
\StoreBenchExecResult{TestI}{}{Cputime}{Correct}{False}{Max}{2.189887353}%
\StoreBenchExecResult{TestI}{}{Cputime}{Correct}{False}{Avg}{2.189887353}%
\StoreBenchExecResult{TestI}{}{Cputime}{Correct}{False}{Median}{2.189887353}%
\StoreBenchExecResult{TestI}{}{Cputime}{Correct}{False}{Stdev}{0.00000000000000}%
\StoreBenchExecResult{TestI}{}{Cputime}{Correct}{False}{SourceUnit}{s}%
\StoreBenchExecResult{TestI}{}{Cputime}{Wrong}{}{Sum}{2.169189428}%
\StoreBenchExecResult{TestI}{}{Cputime}{Wrong}{}{Min}{2.169189428}%
\StoreBenchExecResult{TestI}{}{Cputime}{Wrong}{}{Max}{2.169189428}%
\StoreBenchExecResult{TestI}{}{Cputime}{Wrong}{}{Avg}{2.169189428}%
\StoreBenchExecResult{TestI}{}{Cputime}{Wrong}{}{Median}{2.169189428}%
\StoreBenchExecResult{TestI}{}{Cputime}{Wrong}{}{Stdev}{0.00000000000000}%
\StoreBenchExecResult{TestI}{}{Cputime}{Wrong}{}{SourceUnit}{s}%
\StoreBenchExecResult{TestI}{}{Cputime}{Wrong}{True}{Sum}{2.169189428}%
\StoreBenchExecResult{TestI}{}{Cputime}{Wrong}{True}{Min}{2.169189428}%
\StoreBenchExecResult{TestI}{}{Cputime}{Wrong}{True}{Max}{2.169189428}%
\StoreBenchExecResult{TestI}{}{Cputime}{Wrong}{True}{Avg}{2.169189428}%
\StoreBenchExecResult{TestI}{}{Cputime}{Wrong}{True}{Median}{2.169189428}%
\StoreBenchExecResult{TestI}{}{Cputime}{Wrong}{True}{Stdev}{0.00000000000000}%
\StoreBenchExecResult{TestI}{}{Cputime}{Wrong}{True}{SourceUnit}{s}%
\StoreBenchExecResult{TestI}{}{Cputime}{Local}{}{Sum}{10.933401000000002}%
\StoreBenchExecResult{TestI}{}{Cputime}{Local}{}{SourceUnit}{s}%
\StoreBenchExecResult{TestI}{}{Setup}{Total}{}{Sum}{8.013}%
\StoreBenchExecResult{TestI}{}{Setup}{Total}{}{Min}{1.493}%
\StoreBenchExecResult{TestI}{}{Setup}{Total}{}{Max}{1.665}%
\StoreBenchExecResult{TestI}{}{Setup}{Total}{}{Avg}{1.6026}%
\StoreBenchExecResult{TestI}{}{Setup}{Total}{}{Median}{1.624}%
\StoreBenchExecResult{TestI}{}{Setup}{Total}{}{Stdev}{0.06053296622502485628544794958}%
\StoreBenchExecResult{TestI}{}{Setup}{Total}{}{SourceUnit}{s}%
\StoreBenchExecResult{TestI}{}{Setup}{Correct}{}{Sum}{4.745}%
\StoreBenchExecResult{TestI}{}{Setup}{Correct}{}{Min}{1.493}%
\StoreBenchExecResult{TestI}{}{Setup}{Correct}{}{Max}{1.665}%
\StoreBenchExecResult{TestI}{}{Setup}{Correct}{}{Avg}{1.581666666666666666666666667}%
\StoreBenchExecResult{TestI}{}{Setup}{Correct}{}{Median}{1.587}%
\StoreBenchExecResult{TestI}{}{Setup}{Correct}{}{Stdev}{0.07031990393116936624480625533}%
\StoreBenchExecResult{TestI}{}{Setup}{Correct}{}{SourceUnit}{s}%
\StoreBenchExecResult{TestI}{}{Setup}{Correct}{True}{Sum}{3.158}%
\StoreBenchExecResult{TestI}{}{Setup}{Correct}{True}{Min}{1.493}%
\StoreBenchExecResult{TestI}{}{Setup}{Correct}{True}{Max}{1.665}%
\StoreBenchExecResult{TestI}{}{Setup}{Correct}{True}{Avg}{1.579}%
\StoreBenchExecResult{TestI}{}{Setup}{Correct}{True}{Median}{1.579}%
\StoreBenchExecResult{TestI}{}{Setup}{Correct}{True}{Stdev}{0.08600000000000}%
\StoreBenchExecResult{TestI}{}{Setup}{Correct}{True}{SourceUnit}{s}%
\StoreBenchExecResult{TestI}{}{Setup}{Correct}{False}{Sum}{1.587}%
\StoreBenchExecResult{TestI}{}{Setup}{Correct}{False}{Min}{1.587}%
\StoreBenchExecResult{TestI}{}{Setup}{Correct}{False}{Max}{1.587}%
\StoreBenchExecResult{TestI}{}{Setup}{Correct}{False}{Avg}{1.587}%
\StoreBenchExecResult{TestI}{}{Setup}{Correct}{False}{Median}{1.587}%
\StoreBenchExecResult{TestI}{}{Setup}{Correct}{False}{Stdev}{0.00000000000000}%
\StoreBenchExecResult{TestI}{}{Setup}{Correct}{False}{SourceUnit}{s}%
\StoreBenchExecResult{TestI}{}{Setup}{Wrong}{}{Sum}{1.624}%
\StoreBenchExecResult{TestI}{}{Setup}{Wrong}{}{Min}{1.624}%
\StoreBenchExecResult{TestI}{}{Setup}{Wrong}{}{Max}{1.624}%
\StoreBenchExecResult{TestI}{}{Setup}{Wrong}{}{Avg}{1.624}%
\StoreBenchExecResult{TestI}{}{Setup}{Wrong}{}{Median}{1.624}%
\StoreBenchExecResult{TestI}{}{Setup}{Wrong}{}{Stdev}{0.00000000000000}%
\StoreBenchExecResult{TestI}{}{Setup}{Wrong}{}{SourceUnit}{s}%
\StoreBenchExecResult{TestI}{}{Setup}{Wrong}{True}{Sum}{1.624}%
\StoreBenchExecResult{TestI}{}{Setup}{Wrong}{True}{Min}{1.624}%
\StoreBenchExecResult{TestI}{}{Setup}{Wrong}{True}{Max}{1.624}%
\StoreBenchExecResult{TestI}{}{Setup}{Wrong}{True}{Avg}{1.624}%
\StoreBenchExecResult{TestI}{}{Setup}{Wrong}{True}{Median}{1.624}%
\StoreBenchExecResult{TestI}{}{Setup}{Wrong}{True}{Stdev}{0.00000000000000}%
\StoreBenchExecResult{TestI}{}{Setup}{Wrong}{True}{SourceUnit}{s}%
\StoreBenchExecResult{TestI}{}{SMTTime}{Total}{}{Sum}{0.081}%
\StoreBenchExecResult{TestI}{}{SMTTime}{Total}{}{Min}{0.000}%
\StoreBenchExecResult{TestI}{}{SMTTime}{Total}{}{Max}{0.032}%
\StoreBenchExecResult{TestI}{}{SMTTime}{Total}{}{Avg}{0.0162}%
\StoreBenchExecResult{TestI}{}{SMTTime}{Total}{}{Median}{0.018}%
\StoreBenchExecResult{TestI}{}{SMTTime}{Total}{}{Stdev}{0.01055272476661833533674944619}%
\StoreBenchExecResult{TestI}{}{SMTTime}{Total}{}{SourceUnit}{s}%
\StoreBenchExecResult{TestI}{}{SMTTime}{Correct}{}{Sum}{0.029}%
\StoreBenchExecResult{TestI}{}{SMTTime}{Correct}{}{Min}{0.000}%
\StoreBenchExecResult{TestI}{}{SMTTime}{Correct}{}{Max}{0.018}%
\StoreBenchExecResult{TestI}{}{SMTTime}{Correct}{}{Avg}{0.009666666666666666666666666667}%
\StoreBenchExecResult{TestI}{}{SMTTime}{Correct}{}{Median}{0.011}%
\StoreBenchExecResult{TestI}{}{SMTTime}{Correct}{}{Stdev}{0.007408703590297622973792119916}%
\StoreBenchExecResult{TestI}{}{SMTTime}{Correct}{}{SourceUnit}{s}%
\StoreBenchExecResult{TestI}{}{SMTTime}{Correct}{True}{Sum}{0.029}%
\StoreBenchExecResult{TestI}{}{SMTTime}{Correct}{True}{Min}{0.011}%
\StoreBenchExecResult{TestI}{}{SMTTime}{Correct}{True}{Max}{0.018}%
\StoreBenchExecResult{TestI}{}{SMTTime}{Correct}{True}{Avg}{0.0145}%
\StoreBenchExecResult{TestI}{}{SMTTime}{Correct}{True}{Median}{0.0145}%
\StoreBenchExecResult{TestI}{}{SMTTime}{Correct}{True}{Stdev}{0.00350000000000}%
\StoreBenchExecResult{TestI}{}{SMTTime}{Correct}{True}{SourceUnit}{s}%
\StoreBenchExecResult{TestI}{}{SMTTime}{Correct}{False}{Sum}{0.000}%
\StoreBenchExecResult{TestI}{}{SMTTime}{Correct}{False}{Min}{0.000}%
\StoreBenchExecResult{TestI}{}{SMTTime}{Correct}{False}{Max}{0.000}%
\StoreBenchExecResult{TestI}{}{SMTTime}{Correct}{False}{Avg}{0.000}%
\StoreBenchExecResult{TestI}{}{SMTTime}{Correct}{False}{Median}{0.000}%
\StoreBenchExecResult{TestI}{}{SMTTime}{Correct}{False}{Stdev}{0.00000000000000}%
\StoreBenchExecResult{TestI}{}{SMTTime}{Correct}{False}{SourceUnit}{s}%
\StoreBenchExecResult{TestI}{}{SMTTime}{Wrong}{}{Sum}{0.020}%
\StoreBenchExecResult{TestI}{}{SMTTime}{Wrong}{}{Min}{0.020}%
\StoreBenchExecResult{TestI}{}{SMTTime}{Wrong}{}{Max}{0.020}%
\StoreBenchExecResult{TestI}{}{SMTTime}{Wrong}{}{Avg}{0.020}%
\StoreBenchExecResult{TestI}{}{SMTTime}{Wrong}{}{Median}{0.020}%
\StoreBenchExecResult{TestI}{}{SMTTime}{Wrong}{}{Stdev}{0.00000000000000}%
\StoreBenchExecResult{TestI}{}{SMTTime}{Wrong}{}{SourceUnit}{s}%
\StoreBenchExecResult{TestI}{}{SMTTime}{Wrong}{True}{Sum}{0.020}%
\StoreBenchExecResult{TestI}{}{SMTTime}{Wrong}{True}{Min}{0.020}%
\StoreBenchExecResult{TestI}{}{SMTTime}{Wrong}{True}{Max}{0.020}%
\StoreBenchExecResult{TestI}{}{SMTTime}{Wrong}{True}{Avg}{0.020}%
\StoreBenchExecResult{TestI}{}{SMTTime}{Wrong}{True}{Median}{0.020}%
\StoreBenchExecResult{TestI}{}{SMTTime}{Wrong}{True}{Stdev}{0.00000000000000}%
\StoreBenchExecResult{TestI}{}{SMTTime}{Wrong}{True}{SourceUnit}{s}%
\StoreBenchExecResult{TestII}{}{Status}{Score}{}{Sum}{}%
\StoreBenchExecResult{TestII}{}{Status}{Total}{}{Sum}{4}%
\StoreBenchExecResult{TestII}{}{Status}{Correct}{}{Sum}{2}%
\StoreBenchExecResult{TestII}{}{Status}{Correct}{True}{Sum}{}%
\StoreBenchExecResult{TestII}{}{Status}{Correct}{False}{Sum}{2}%
\StoreBenchExecResult{TestII}{}{Status}{Correct}{Unconfirmed}{Sum}{}%
\StoreBenchExecResult{TestII}{}{Status}{CorrectUnconfirmed}{True}{Sum}{}%
\StoreBenchExecResult{TestII}{}{Status}{CorrectUnconfirmed}{False}{Sum}{}%
\StoreBenchExecResult{TestII}{}{Status}{Wrong}{}{Sum}{}%
\StoreBenchExecResult{TestII}{}{Status}{Wrong}{True}{Sum}{}%
\StoreBenchExecResult{TestII}{}{Status}{Wrong}{False}{Sum}{}%
\StoreBenchExecResult{TestII}{}{Cputime}{Total}{}{Sum}{8.499181053}%
\StoreBenchExecResult{TestII}{}{Cputime}{Total}{}{Min}{2.018490461}%
\StoreBenchExecResult{TestII}{}{Cputime}{Total}{}{Max}{2.203966561}%
\StoreBenchExecResult{TestII}{}{Cputime}{Total}{}{Avg}{2.12479526325}%
\StoreBenchExecResult{TestII}{}{Cputime}{Total}{}{Median}{2.1383620155}%
\StoreBenchExecResult{TestII}{}{Cputime}{Total}{}{Stdev}{0.06860249608801089525776206682}%
\StoreBenchExecResult{TestII}{}{Cputime}{Total}{}{SourceUnit}{s}%
\StoreBenchExecResult{TestII}{}{Cputime}{Correct}{}{Sum}{4.276724031}%
\StoreBenchExecResult{TestII}{}{Cputime}{Correct}{}{Min}{2.117287256}%
\StoreBenchExecResult{TestII}{}{Cputime}{Correct}{}{Max}{2.159436775}%
\StoreBenchExecResult{TestII}{}{Cputime}{Correct}{}{Avg}{2.1383620155}%
\StoreBenchExecResult{TestII}{}{Cputime}{Correct}{}{Median}{2.1383620155}%
\StoreBenchExecResult{TestII}{}{Cputime}{Correct}{}{Stdev}{0.02107475950000}%
\StoreBenchExecResult{TestII}{}{Cputime}{Correct}{}{SourceUnit}{s}%
\StoreBenchExecResult{TestII}{}{Cputime}{Correct}{False}{Sum}{4.276724031}%
\StoreBenchExecResult{TestII}{}{Cputime}{Correct}{False}{Min}{2.117287256}%
\StoreBenchExecResult{TestII}{}{Cputime}{Correct}{False}{Max}{2.159436775}%
\StoreBenchExecResult{TestII}{}{Cputime}{Correct}{False}{Avg}{2.1383620155}%
\StoreBenchExecResult{TestII}{}{Cputime}{Correct}{False}{Median}{2.1383620155}%
\StoreBenchExecResult{TestII}{}{Cputime}{Correct}{False}{Stdev}{0.02107475950000}%
\StoreBenchExecResult{TestII}{}{Cputime}{Correct}{False}{SourceUnit}{s}%
\StoreBenchExecResult{TestII}{}{Cputime}{Local}{}{Sum}{8.508844999999997}%
\StoreBenchExecResult{TestII}{}{Cputime}{Local}{}{SourceUnit}{s}%
\StoreBenchExecResult{TestII}{}{Setup}{Total}{}{Sum}{5.715}%
\StoreBenchExecResult{TestII}{}{Setup}{Total}{}{Min}{1.377}%
\StoreBenchExecResult{TestII}{}{Setup}{Total}{}{Max}{1.491}%
\StoreBenchExecResult{TestII}{}{Setup}{Total}{}{Avg}{1.42875}%
\StoreBenchExecResult{TestII}{}{Setup}{Total}{}{Median}{1.4235}%
\StoreBenchExecResult{TestII}{}{Setup}{Total}{}{Stdev}{0.04191882035553958667719657072}%
\StoreBenchExecResult{TestII}{}{Setup}{Total}{}{SourceUnit}{s}%
\StoreBenchExecResult{TestII}{}{Setup}{Correct}{}{Sum}{2.847}%
\StoreBenchExecResult{TestII}{}{Setup}{Correct}{}{Min}{1.409}%
\StoreBenchExecResult{TestII}{}{Setup}{Correct}{}{Max}{1.438}%
\StoreBenchExecResult{TestII}{}{Setup}{Correct}{}{Avg}{1.4235}%
\StoreBenchExecResult{TestII}{}{Setup}{Correct}{}{Median}{1.4235}%
\StoreBenchExecResult{TestII}{}{Setup}{Correct}{}{Stdev}{0.01450000000000}%
\StoreBenchExecResult{TestII}{}{Setup}{Correct}{}{SourceUnit}{s}%
\StoreBenchExecResult{TestII}{}{Setup}{Correct}{False}{Sum}{2.847}%
\StoreBenchExecResult{TestII}{}{Setup}{Correct}{False}{Min}{1.409}%
\StoreBenchExecResult{TestII}{}{Setup}{Correct}{False}{Max}{1.438}%
\StoreBenchExecResult{TestII}{}{Setup}{Correct}{False}{Avg}{1.4235}%
\StoreBenchExecResult{TestII}{}{Setup}{Correct}{False}{Median}{1.4235}%
\StoreBenchExecResult{TestII}{}{Setup}{Correct}{False}{Stdev}{0.01450000000000}%
\StoreBenchExecResult{TestII}{}{Setup}{Correct}{False}{SourceUnit}{s}%
\StoreBenchExecResult{TestII}{}{VariableCount}{Total}{}{Sum}{212}%
\StoreBenchExecResult{TestII}{}{VariableCount}{Total}{}{Min}{0}%
\StoreBenchExecResult{TestII}{}{VariableCount}{Total}{}{Max}{212}%
\StoreBenchExecResult{TestII}{}{VariableCount}{Total}{}{Avg}{53}%
\StoreBenchExecResult{TestII}{}{VariableCount}{Total}{}{Median}{0}%
\StoreBenchExecResult{TestII}{}{VariableCount}{Total}{}{Stdev}{91.79869280115049655695465610}%
\StoreBenchExecResult{TestII}{}{VariableCount}{Correct}{}{Sum}{0}%
\StoreBenchExecResult{TestII}{}{VariableCount}{Correct}{}{Min}{0}%
\StoreBenchExecResult{TestII}{}{VariableCount}{Correct}{}{Max}{0}%
\StoreBenchExecResult{TestII}{}{VariableCount}{Correct}{}{Avg}{0}%
\StoreBenchExecResult{TestII}{}{VariableCount}{Correct}{}{Median}{0}%
\StoreBenchExecResult{TestII}{}{VariableCount}{Correct}{}{Stdev}{0.00000000000000}%
\StoreBenchExecResult{TestII}{}{VariableCount}{Correct}{False}{Sum}{0}%
\StoreBenchExecResult{TestII}{}{VariableCount}{Correct}{False}{Min}{0}%
\StoreBenchExecResult{TestII}{}{VariableCount}{Correct}{False}{Max}{0}%
\StoreBenchExecResult{TestII}{}{VariableCount}{Correct}{False}{Avg}{0}%
\StoreBenchExecResult{TestII}{}{VariableCount}{Correct}{False}{Median}{0}%
\StoreBenchExecResult{TestII}{}{VariableCount}{Correct}{False}{Stdev}{0.00000000000000}%
\StoreBenchExecResult{TestIII}{}{Status}{Score}{}{Sum}{}%
\StoreBenchExecResult{TestIII}{}{Status}{Total}{}{Sum}{5}%
\StoreBenchExecResult{TestIII}{}{Status}{Correct}{}{Sum}{3}%
\StoreBenchExecResult{TestIII}{}{Status}{Correct}{True}{Sum}{2}%
\StoreBenchExecResult{TestIII}{}{Status}{Correct}{False}{Sum}{1}%
\StoreBenchExecResult{TestIII}{}{Status}{Correct}{Unconfirmed}{Sum}{}%
\StoreBenchExecResult{TestIII}{}{Status}{CorrectUnconfirmed}{True}{Sum}{}%
\StoreBenchExecResult{TestIII}{}{Status}{CorrectUnconfirmed}{False}{Sum}{}%
\StoreBenchExecResult{TestIII}{}{Status}{Wrong}{}{Sum}{1}%
\StoreBenchExecResult{TestIII}{}{Status}{Wrong}{True}{Sum}{1}%
\StoreBenchExecResult{TestIII}{}{Status}{Wrong}{False}{Sum}{}%
\StoreBenchExecResult{TestIII}{}{Cputime}{Total}{}{Sum}{9.389318338}%
\StoreBenchExecResult{TestIII}{}{Cputime}{Total}{}{Min}{1.829559535}%
\StoreBenchExecResult{TestIII}{}{Cputime}{Total}{}{Max}{1.949553467}%
\StoreBenchExecResult{TestIII}{}{Cputime}{Total}{}{Avg}{1.8778636676}%
\StoreBenchExecResult{TestIII}{}{Cputime}{Total}{}{Median}{1.858883109}%
\StoreBenchExecResult{TestIII}{}{Cputime}{Total}{}{Stdev}{0.04257001950246352236218650379}%
\StoreBenchExecResult{TestIII}{}{Cputime}{Total}{}{SourceUnit}{s}%
\StoreBenchExecResult{TestIII}{}{Cputime}{Correct}{}{Sum}{5.630092623}%
\StoreBenchExecResult{TestIII}{}{Cputime}{Correct}{}{Min}{1.829559535}%
\StoreBenchExecResult{TestIII}{}{Cputime}{Correct}{}{Max}{1.949553467}%
\StoreBenchExecResult{TestIII}{}{Cputime}{Correct}{}{Avg}{1.876697541}%
\StoreBenchExecResult{TestIII}{}{Cputime}{Correct}{}{Median}{1.850979621}%
\StoreBenchExecResult{TestIII}{}{Cputime}{Correct}{}{Stdev}{0.05225383230634831310378708422}%
\StoreBenchExecResult{TestIII}{}{Cputime}{Correct}{}{SourceUnit}{s}%
\StoreBenchExecResult{TestIII}{}{Cputime}{Correct}{True}{Sum}{3.800533088}%
\StoreBenchExecResult{TestIII}{}{Cputime}{Correct}{True}{Min}{1.850979621}%
\StoreBenchExecResult{TestIII}{}{Cputime}{Correct}{True}{Max}{1.949553467}%
\StoreBenchExecResult{TestIII}{}{Cputime}{Correct}{True}{Avg}{1.900266544}%
\StoreBenchExecResult{TestIII}{}{Cputime}{Correct}{True}{Median}{1.900266544}%
\StoreBenchExecResult{TestIII}{}{Cputime}{Correct}{True}{Stdev}{0.04928692300000}%
\StoreBenchExecResult{TestIII}{}{Cputime}{Correct}{True}{SourceUnit}{s}%
\StoreBenchExecResult{TestIII}{}{Cputime}{Correct}{False}{Sum}{1.829559535}%
\StoreBenchExecResult{TestIII}{}{Cputime}{Correct}{False}{Min}{1.829559535}%
\StoreBenchExecResult{TestIII}{}{Cputime}{Correct}{False}{Max}{1.829559535}%
\StoreBenchExecResult{TestIII}{}{Cputime}{Correct}{False}{Avg}{1.829559535}%
\StoreBenchExecResult{TestIII}{}{Cputime}{Correct}{False}{Median}{1.829559535}%
\StoreBenchExecResult{TestIII}{}{Cputime}{Correct}{False}{Stdev}{0.00000000000000}%
\StoreBenchExecResult{TestIII}{}{Cputime}{Correct}{False}{SourceUnit}{s}%
\StoreBenchExecResult{TestIII}{}{Cputime}{Wrong}{}{Sum}{1.858883109}%
\StoreBenchExecResult{TestIII}{}{Cputime}{Wrong}{}{Min}{1.858883109}%
\StoreBenchExecResult{TestIII}{}{Cputime}{Wrong}{}{Max}{1.858883109}%
\StoreBenchExecResult{TestIII}{}{Cputime}{Wrong}{}{Avg}{1.858883109}%
\StoreBenchExecResult{TestIII}{}{Cputime}{Wrong}{}{Median}{1.858883109}%
\StoreBenchExecResult{TestIII}{}{Cputime}{Wrong}{}{Stdev}{0.00000000000000}%
\StoreBenchExecResult{TestIII}{}{Cputime}{Wrong}{}{SourceUnit}{s}%
\StoreBenchExecResult{TestIII}{}{Cputime}{Wrong}{True}{Sum}{1.858883109}%
\StoreBenchExecResult{TestIII}{}{Cputime}{Wrong}{True}{Min}{1.858883109}%
\StoreBenchExecResult{TestIII}{}{Cputime}{Wrong}{True}{Max}{1.858883109}%
\StoreBenchExecResult{TestIII}{}{Cputime}{Wrong}{True}{Avg}{1.858883109}%
\StoreBenchExecResult{TestIII}{}{Cputime}{Wrong}{True}{Median}{1.858883109}%
\StoreBenchExecResult{TestIII}{}{Cputime}{Wrong}{True}{Stdev}{0.00000000000000}%
\StoreBenchExecResult{TestIII}{}{Cputime}{Wrong}{True}{SourceUnit}{s}%
\StoreBenchExecResult{TestIII}{}{Cputime}{Local}{}{Sum}{9.40492}%
\StoreBenchExecResult{TestIII}{}{Cputime}{Local}{}{SourceUnit}{s}%
\StoreBenchExecResult{TestIII}{}{Analysis}{Total}{}{Sum}{0.255}%
\StoreBenchExecResult{TestIII}{}{Analysis}{Total}{}{Min}{0.024}%
\StoreBenchExecResult{TestIII}{}{Analysis}{Total}{}{Max}{0.091}%
\StoreBenchExecResult{TestIII}{}{Analysis}{Total}{}{Avg}{0.051}%
\StoreBenchExecResult{TestIII}{}{Analysis}{Total}{}{Median}{0.037}%
\StoreBenchExecResult{TestIII}{}{Analysis}{Total}{}{Stdev}{0.02533771891863985454611219604}%
\StoreBenchExecResult{TestIII}{}{Analysis}{Total}{}{SourceUnit}{s}%
\StoreBenchExecResult{TestIII}{}{Analysis}{Correct}{}{Sum}{0.131}%
\StoreBenchExecResult{TestIII}{}{Analysis}{Correct}{}{Min}{0.024}%
\StoreBenchExecResult{TestIII}{}{Analysis}{Correct}{}{Max}{0.070}%
\StoreBenchExecResult{TestIII}{}{Analysis}{Correct}{}{Avg}{0.04366666666666666666666666667}%
\StoreBenchExecResult{TestIII}{}{Analysis}{Correct}{}{Median}{0.037}%
\StoreBenchExecResult{TestIII}{}{Analysis}{Correct}{}{Stdev}{0.01936204764194347521203371528}%
\StoreBenchExecResult{TestIII}{}{Analysis}{Correct}{}{SourceUnit}{s}%
\StoreBenchExecResult{TestIII}{}{Analysis}{Correct}{True}{Sum}{0.061}%
\StoreBenchExecResult{TestIII}{}{Analysis}{Correct}{True}{Min}{0.024}%
\StoreBenchExecResult{TestIII}{}{Analysis}{Correct}{True}{Max}{0.037}%
\StoreBenchExecResult{TestIII}{}{Analysis}{Correct}{True}{Avg}{0.0305}%
\StoreBenchExecResult{TestIII}{}{Analysis}{Correct}{True}{Median}{0.0305}%
\StoreBenchExecResult{TestIII}{}{Analysis}{Correct}{True}{Stdev}{0.00650000000000}%
\StoreBenchExecResult{TestIII}{}{Analysis}{Correct}{True}{SourceUnit}{s}%
\StoreBenchExecResult{TestIII}{}{Analysis}{Correct}{False}{Sum}{0.070}%
\StoreBenchExecResult{TestIII}{}{Analysis}{Correct}{False}{Min}{0.070}%
\StoreBenchExecResult{TestIII}{}{Analysis}{Correct}{False}{Max}{0.070}%
\StoreBenchExecResult{TestIII}{}{Analysis}{Correct}{False}{Avg}{0.070}%
\StoreBenchExecResult{TestIII}{}{Analysis}{Correct}{False}{Median}{0.070}%
\StoreBenchExecResult{TestIII}{}{Analysis}{Correct}{False}{Stdev}{0.00000000000000}%
\StoreBenchExecResult{TestIII}{}{Analysis}{Correct}{False}{SourceUnit}{s}%
\StoreBenchExecResult{TestIII}{}{Analysis}{Wrong}{}{Sum}{0.033}%
\StoreBenchExecResult{TestIII}{}{Analysis}{Wrong}{}{Min}{0.033}%
\StoreBenchExecResult{TestIII}{}{Analysis}{Wrong}{}{Max}{0.033}%
\StoreBenchExecResult{TestIII}{}{Analysis}{Wrong}{}{Avg}{0.033}%
\StoreBenchExecResult{TestIII}{}{Analysis}{Wrong}{}{Median}{0.033}%
\StoreBenchExecResult{TestIII}{}{Analysis}{Wrong}{}{Stdev}{0.00000000000000}%
\StoreBenchExecResult{TestIII}{}{Analysis}{Wrong}{}{SourceUnit}{s}%
\StoreBenchExecResult{TestIII}{}{Analysis}{Wrong}{True}{Sum}{0.033}%
\StoreBenchExecResult{TestIII}{}{Analysis}{Wrong}{True}{Min}{0.033}%
\StoreBenchExecResult{TestIII}{}{Analysis}{Wrong}{True}{Max}{0.033}%
\StoreBenchExecResult{TestIII}{}{Analysis}{Wrong}{True}{Avg}{0.033}%
\StoreBenchExecResult{TestIII}{}{Analysis}{Wrong}{True}{Median}{0.033}%
\StoreBenchExecResult{TestIII}{}{Analysis}{Wrong}{True}{Stdev}{0.00000000000000}%
\StoreBenchExecResult{TestIII}{}{Analysis}{Wrong}{True}{SourceUnit}{s}%
\StoreBenchExecResult{TestIII}{}{SMTTime}{Total}{}{Sum}{0.061}%
\StoreBenchExecResult{TestIII}{}{SMTTime}{Total}{}{Min}{0.000}%
\StoreBenchExecResult{TestIII}{}{SMTTime}{Total}{}{Max}{0.025}%
\StoreBenchExecResult{TestIII}{}{SMTTime}{Total}{}{Avg}{0.0122}%
\StoreBenchExecResult{TestIII}{}{SMTTime}{Total}{}{Median}{0.015}%
\StoreBenchExecResult{TestIII}{}{SMTTime}{Total}{}{Stdev}{0.008565045242145542805994370093}%
\StoreBenchExecResult{TestIII}{}{SMTTime}{Total}{}{SourceUnit}{s}%
\StoreBenchExecResult{TestIII}{}{SMTTime}{Correct}{}{Sum}{0.021}%
\StoreBenchExecResult{TestIII}{}{SMTTime}{Correct}{}{Min}{0.000}%
\StoreBenchExecResult{TestIII}{}{SMTTime}{Correct}{}{Max}{0.015}%
\StoreBenchExecResult{TestIII}{}{SMTTime}{Correct}{}{Avg}{0.007}%
\StoreBenchExecResult{TestIII}{}{SMTTime}{Correct}{}{Median}{0.006}%
\StoreBenchExecResult{TestIII}{}{SMTTime}{Correct}{}{Stdev}{0.006164414002968976450250192381}%
\StoreBenchExecResult{TestIII}{}{SMTTime}{Correct}{}{SourceUnit}{s}%
\StoreBenchExecResult{TestIII}{}{SMTTime}{Correct}{True}{Sum}{0.021}%
\StoreBenchExecResult{TestIII}{}{SMTTime}{Correct}{True}{Min}{0.006}%
\StoreBenchExecResult{TestIII}{}{SMTTime}{Correct}{True}{Max}{0.015}%
\StoreBenchExecResult{TestIII}{}{SMTTime}{Correct}{True}{Avg}{0.0105}%
\StoreBenchExecResult{TestIII}{}{SMTTime}{Correct}{True}{Median}{0.0105}%
\StoreBenchExecResult{TestIII}{}{SMTTime}{Correct}{True}{Stdev}{0.00450000000000}%
\StoreBenchExecResult{TestIII}{}{SMTTime}{Correct}{True}{SourceUnit}{s}%
\StoreBenchExecResult{TestIII}{}{SMTTime}{Correct}{False}{Sum}{0.000}%
\StoreBenchExecResult{TestIII}{}{SMTTime}{Correct}{False}{Min}{0.000}%
\StoreBenchExecResult{TestIII}{}{SMTTime}{Correct}{False}{Max}{0.000}%
\StoreBenchExecResult{TestIII}{}{SMTTime}{Correct}{False}{Avg}{0.000}%
\StoreBenchExecResult{TestIII}{}{SMTTime}{Correct}{False}{Median}{0.000}%
\StoreBenchExecResult{TestIII}{}{SMTTime}{Correct}{False}{Stdev}{0.00000000000000}%
\StoreBenchExecResult{TestIII}{}{SMTTime}{Correct}{False}{SourceUnit}{s}%
\StoreBenchExecResult{TestIII}{}{SMTTime}{Wrong}{}{Sum}{0.015}%
\StoreBenchExecResult{TestIII}{}{SMTTime}{Wrong}{}{Min}{0.015}%
\StoreBenchExecResult{TestIII}{}{SMTTime}{Wrong}{}{Max}{0.015}%
\StoreBenchExecResult{TestIII}{}{SMTTime}{Wrong}{}{Avg}{0.015}%
\StoreBenchExecResult{TestIII}{}{SMTTime}{Wrong}{}{Median}{0.015}%
\StoreBenchExecResult{TestIII}{}{SMTTime}{Wrong}{}{Stdev}{0.00000000000000}%
\StoreBenchExecResult{TestIII}{}{SMTTime}{Wrong}{}{SourceUnit}{s}%
\StoreBenchExecResult{TestIII}{}{SMTTime}{Wrong}{True}{Sum}{0.015}%
\StoreBenchExecResult{TestIII}{}{SMTTime}{Wrong}{True}{Min}{0.015}%
\StoreBenchExecResult{TestIII}{}{SMTTime}{Wrong}{True}{Max}{0.015}%
\StoreBenchExecResult{TestIII}{}{SMTTime}{Wrong}{True}{Avg}{0.015}%
\StoreBenchExecResult{TestIII}{}{SMTTime}{Wrong}{True}{Median}{0.015}%
\StoreBenchExecResult{TestIII}{}{SMTTime}{Wrong}{True}{Stdev}{0.00000000000000}%
\StoreBenchExecResult{TestIII}{}{SMTTime}{Wrong}{True}{SourceUnit}{s}%
\StoreBenchExecResult{TestIV}{}{Status}{Score}{}{Sum}{}%
\StoreBenchExecResult{TestIV}{}{Status}{Total}{}{Sum}{4}%
\StoreBenchExecResult{TestIV}{}{Status}{Correct}{}{Sum}{2}%
\StoreBenchExecResult{TestIV}{}{Status}{Correct}{True}{Sum}{}%
\StoreBenchExecResult{TestIV}{}{Status}{Correct}{False}{Sum}{2}%
\StoreBenchExecResult{TestIV}{}{Status}{Correct}{Unconfirmed}{Sum}{}%
\StoreBenchExecResult{TestIV}{}{Status}{CorrectUnconfirmed}{True}{Sum}{}%
\StoreBenchExecResult{TestIV}{}{Status}{CorrectUnconfirmed}{False}{Sum}{}%
\StoreBenchExecResult{TestIV}{}{Status}{Wrong}{}{Sum}{}%
\StoreBenchExecResult{TestIV}{}{Status}{Wrong}{True}{Sum}{}%
\StoreBenchExecResult{TestIV}{}{Status}{Wrong}{False}{Sum}{}%
\StoreBenchExecResult{TestIV}{}{Cputime}{Total}{}{Sum}{7.199455195}%
\StoreBenchExecResult{TestIV}{}{Cputime}{Total}{}{Min}{1.748258151}%
\StoreBenchExecResult{TestIV}{}{Cputime}{Total}{}{Max}{1.822032775}%
\StoreBenchExecResult{TestIV}{}{Cputime}{Total}{}{Avg}{1.79986379875}%
\StoreBenchExecResult{TestIV}{}{Cputime}{Total}{}{Median}{1.8145821345}%
\StoreBenchExecResult{TestIV}{}{Cputime}{Total}{}{Stdev}{0.02999756678964589266941464835}%
\StoreBenchExecResult{TestIV}{}{Cputime}{Total}{}{SourceUnit}{s}%
\StoreBenchExecResult{TestIV}{}{Cputime}{Correct}{}{Sum}{3.639018121}%
\StoreBenchExecResult{TestIV}{}{Cputime}{Correct}{}{Min}{1.816985346}%
\StoreBenchExecResult{TestIV}{}{Cputime}{Correct}{}{Max}{1.822032775}%
\StoreBenchExecResult{TestIV}{}{Cputime}{Correct}{}{Avg}{1.8195090605}%
\StoreBenchExecResult{TestIV}{}{Cputime}{Correct}{}{Median}{1.8195090605}%
\StoreBenchExecResult{TestIV}{}{Cputime}{Correct}{}{Stdev}{0.00252371450000}%
\StoreBenchExecResult{TestIV}{}{Cputime}{Correct}{}{SourceUnit}{s}%
\StoreBenchExecResult{TestIV}{}{Cputime}{Correct}{False}{Sum}{3.639018121}%
\StoreBenchExecResult{TestIV}{}{Cputime}{Correct}{False}{Min}{1.816985346}%
\StoreBenchExecResult{TestIV}{}{Cputime}{Correct}{False}{Max}{1.822032775}%
\StoreBenchExecResult{TestIV}{}{Cputime}{Correct}{False}{Avg}{1.8195090605}%
\StoreBenchExecResult{TestIV}{}{Cputime}{Correct}{False}{Median}{1.8195090605}%
\StoreBenchExecResult{TestIV}{}{Cputime}{Correct}{False}{Stdev}{0.00252371450000}%
\StoreBenchExecResult{TestIV}{}{Cputime}{Correct}{False}{SourceUnit}{s}%
\StoreBenchExecResult{TestIV}{}{Cputime}{Local}{}{Sum}{7.212485000000001}%
\StoreBenchExecResult{TestIV}{}{Cputime}{Local}{}{SourceUnit}{s}%
\StoreBenchExecResult{TestIV}{}{Analysis}{Total}{}{Sum}{0.596}%
\StoreBenchExecResult{TestIV}{}{Analysis}{Total}{}{Min}{0.105}%
\StoreBenchExecResult{TestIV}{}{Analysis}{Total}{}{Max}{0.167}%
\StoreBenchExecResult{TestIV}{}{Analysis}{Total}{}{Avg}{0.149}%
\StoreBenchExecResult{TestIV}{}{Analysis}{Total}{}{Median}{0.162}%
\StoreBenchExecResult{TestIV}{}{Analysis}{Total}{}{Stdev}{0.02552449803620043768714919117}%
\StoreBenchExecResult{TestIV}{}{Analysis}{Total}{}{SourceUnit}{s}%
\StoreBenchExecResult{TestIV}{}{Analysis}{Correct}{}{Sum}{0.324}%
\StoreBenchExecResult{TestIV}{}{Analysis}{Correct}{}{Min}{0.160}%
\StoreBenchExecResult{TestIV}{}{Analysis}{Correct}{}{Max}{0.164}%
\StoreBenchExecResult{TestIV}{}{Analysis}{Correct}{}{Avg}{0.162}%
\StoreBenchExecResult{TestIV}{}{Analysis}{Correct}{}{Median}{0.162}%
\StoreBenchExecResult{TestIV}{}{Analysis}{Correct}{}{Stdev}{0.00200000000000}%
\StoreBenchExecResult{TestIV}{}{Analysis}{Correct}{}{SourceUnit}{s}%
\StoreBenchExecResult{TestIV}{}{Analysis}{Correct}{False}{Sum}{0.324}%
\StoreBenchExecResult{TestIV}{}{Analysis}{Correct}{False}{Min}{0.160}%
\StoreBenchExecResult{TestIV}{}{Analysis}{Correct}{False}{Max}{0.164}%
\StoreBenchExecResult{TestIV}{}{Analysis}{Correct}{False}{Avg}{0.162}%
\StoreBenchExecResult{TestIV}{}{Analysis}{Correct}{False}{Median}{0.162}%
\StoreBenchExecResult{TestIV}{}{Analysis}{Correct}{False}{Stdev}{0.00200000000000}%
\StoreBenchExecResult{TestIV}{}{Analysis}{Correct}{False}{SourceUnit}{s}%
\StoreBenchExecResult{TestIV}{}{VariableCount}{Total}{}{Sum}{212}%
\StoreBenchExecResult{TestIV}{}{VariableCount}{Total}{}{Min}{0}%
\StoreBenchExecResult{TestIV}{}{VariableCount}{Total}{}{Max}{212}%
\StoreBenchExecResult{TestIV}{}{VariableCount}{Total}{}{Avg}{53}%
\StoreBenchExecResult{TestIV}{}{VariableCount}{Total}{}{Median}{0}%
\StoreBenchExecResult{TestIV}{}{VariableCount}{Total}{}{Stdev}{91.79869280115049655695465610}%
\StoreBenchExecResult{TestIV}{}{VariableCount}{Correct}{}{Sum}{0}%
\StoreBenchExecResult{TestIV}{}{VariableCount}{Correct}{}{Min}{0}%
\StoreBenchExecResult{TestIV}{}{VariableCount}{Correct}{}{Max}{0}%
\StoreBenchExecResult{TestIV}{}{VariableCount}{Correct}{}{Avg}{0}%
\StoreBenchExecResult{TestIV}{}{VariableCount}{Correct}{}{Median}{0}%
\StoreBenchExecResult{TestIV}{}{VariableCount}{Correct}{}{Stdev}{0.00000000000000}%
\StoreBenchExecResult{TestIV}{}{VariableCount}{Correct}{False}{Sum}{0}%
\StoreBenchExecResult{TestIV}{}{VariableCount}{Correct}{False}{Min}{0}%
\StoreBenchExecResult{TestIV}{}{VariableCount}{Correct}{False}{Max}{0}%
\StoreBenchExecResult{TestIV}{}{VariableCount}{Correct}{False}{Avg}{0}%
\StoreBenchExecResult{TestIV}{}{VariableCount}{Correct}{False}{Median}{0}%
\StoreBenchExecResult{TestIV}{}{VariableCount}{Correct}{False}{Stdev}{0.00000000000000}%