% The following definition defines a command for each value.
% The command name is the concatenation of the first six arguments.
% To override this definition, define \StoreBenchExecResult with \newcommand before including this file.
% Arguments: benchmark name, run-set name, category, status, column name, statistic, value
\providecommand\StoreBenchExecResult[7]{\expandafter\newcommand\csname#1#2#3#4#5#6\endcsname{#7}}%
\StoreBenchExecResult{Test}{}{Status}{Score}{}{}{0}%
\StoreBenchExecResult{Test}{}{Status}{Total}{}{}{3}%
\StoreBenchExecResult{Test}{}{Status}{Correct}{}{}{2}%
\StoreBenchExecResult{Test}{}{Status}{Correct}{True}{}{2}%
\StoreBenchExecResult{Test}{}{Status}{Correct}{False}{}{0}%
\StoreBenchExecResult{Test}{}{Status}{Correct}{Unconfirmed}{}{0}%
\StoreBenchExecResult{Test}{}{Status}{CorrectUnconfirmed}{True}{}{0}%
\StoreBenchExecResult{Test}{}{Status}{CorrectUnconfirmed}{False}{}{0}%
\StoreBenchExecResult{Test}{}{Status}{Wrong}{}{}{1}%
\StoreBenchExecResult{Test}{}{Status}{Wrong}{True}{}{1}%
\StoreBenchExecResult{Test}{}{Status}{Wrong}{False}{}{0}%
\StoreBenchExecResult{Test}{}{Cputime}{Total}{}{}{6.457379935}%
\StoreBenchExecResult{Test}{}{Cputime}{Total}{}{Min}{2.058647067}%
\StoreBenchExecResult{Test}{}{Cputime}{Total}{}{Max}{2.22954344}%
\StoreBenchExecResult{Test}{}{Cputime}{Total}{}{Avg}{2.152459978333333333333333333}%
\StoreBenchExecResult{Test}{}{Cputime}{Total}{}{Median}{2.169189428}%
\StoreBenchExecResult{Test}{}{Cputime}{Total}{}{Stdev}{0.07076391943521751317556765839}%
\StoreBenchExecResult{Test}{}{Cputime}{Correct}{}{}{4.288190507}%
\StoreBenchExecResult{Test}{}{Cputime}{Correct}{}{Min}{2.058647067}%
\StoreBenchExecResult{Test}{}{Cputime}{Correct}{}{Max}{2.22954344}%
\StoreBenchExecResult{Test}{}{Cputime}{Correct}{}{Avg}{2.1440952535}%
\StoreBenchExecResult{Test}{}{Cputime}{Correct}{}{Median}{2.1440952535}%
\StoreBenchExecResult{Test}{}{Cputime}{Correct}{}{Stdev}{0.08544818650000}%
\StoreBenchExecResult{Test}{}{Cputime}{Correct}{True}{}{4.288190507}%
\StoreBenchExecResult{Test}{}{Cputime}{Correct}{True}{Min}{2.058647067}%
\StoreBenchExecResult{Test}{}{Cputime}{Correct}{True}{Max}{2.22954344}%
\StoreBenchExecResult{Test}{}{Cputime}{Correct}{True}{Avg}{2.1440952535}%
\StoreBenchExecResult{Test}{}{Cputime}{Correct}{True}{Median}{2.1440952535}%
\StoreBenchExecResult{Test}{}{Cputime}{Correct}{True}{Stdev}{0.08544818650000}%
\StoreBenchExecResult{Test}{}{Cputime}{Wrong}{}{}{2.169189428}%
\StoreBenchExecResult{Test}{}{Cputime}{Wrong}{}{Min}{2.169189428}%
\StoreBenchExecResult{Test}{}{Cputime}{Wrong}{}{Max}{2.169189428}%
\StoreBenchExecResult{Test}{}{Cputime}{Wrong}{}{Avg}{2.169189428}%
\StoreBenchExecResult{Test}{}{Cputime}{Wrong}{}{Median}{2.169189428}%
\StoreBenchExecResult{Test}{}{Cputime}{Wrong}{}{Stdev}{0.00000000000000}%
\StoreBenchExecResult{Test}{}{Cputime}{Wrong}{True}{}{2.169189428}%
\StoreBenchExecResult{Test}{}{Cputime}{Wrong}{True}{Min}{2.169189428}%
\StoreBenchExecResult{Test}{}{Cputime}{Wrong}{True}{Max}{2.169189428}%
\StoreBenchExecResult{Test}{}{Cputime}{Wrong}{True}{Avg}{2.169189428}%
\StoreBenchExecResult{Test}{}{Cputime}{Wrong}{True}{Median}{2.169189428}%
\StoreBenchExecResult{Test}{}{Cputime}{Wrong}{True}{Stdev}{0.00000000000000}%
\StoreBenchExecResult{Test}{}{Setup}{Total}{}{}{4.782}%
\StoreBenchExecResult{Test}{}{Setup}{Total}{}{Min}{1.493}%
\StoreBenchExecResult{Test}{}{Setup}{Total}{}{Max}{1.665}%
\StoreBenchExecResult{Test}{}{Setup}{Total}{}{Avg}{1.594}%
\StoreBenchExecResult{Test}{}{Setup}{Total}{}{Median}{1.624}%
\StoreBenchExecResult{Test}{}{Setup}{Total}{}{Stdev}{0.07335302765848637189207177980}%
\StoreBenchExecResult{Test}{}{Setup}{Correct}{}{}{3.158}%
\StoreBenchExecResult{Test}{}{Setup}{Correct}{}{Min}{1.493}%
\StoreBenchExecResult{Test}{}{Setup}{Correct}{}{Max}{1.665}%
\StoreBenchExecResult{Test}{}{Setup}{Correct}{}{Avg}{1.579}%
\StoreBenchExecResult{Test}{}{Setup}{Correct}{}{Median}{1.579}%
\StoreBenchExecResult{Test}{}{Setup}{Correct}{}{Stdev}{0.08600000000000}%
\StoreBenchExecResult{Test}{}{Setup}{Correct}{True}{}{3.158}%
\StoreBenchExecResult{Test}{}{Setup}{Correct}{True}{Min}{1.493}%
\StoreBenchExecResult{Test}{}{Setup}{Correct}{True}{Max}{1.665}%
\StoreBenchExecResult{Test}{}{Setup}{Correct}{True}{Avg}{1.579}%
\StoreBenchExecResult{Test}{}{Setup}{Correct}{True}{Median}{1.579}%
\StoreBenchExecResult{Test}{}{Setup}{Correct}{True}{Stdev}{0.08600000000000}%
\StoreBenchExecResult{Test}{}{Setup}{Wrong}{}{}{1.624}%
\StoreBenchExecResult{Test}{}{Setup}{Wrong}{}{Min}{1.624}%
\StoreBenchExecResult{Test}{}{Setup}{Wrong}{}{Max}{1.624}%
\StoreBenchExecResult{Test}{}{Setup}{Wrong}{}{Avg}{1.624}%
\StoreBenchExecResult{Test}{}{Setup}{Wrong}{}{Median}{1.624}%
\StoreBenchExecResult{Test}{}{Setup}{Wrong}{}{Stdev}{0.00000000000000}%
\StoreBenchExecResult{Test}{}{Setup}{Wrong}{True}{}{1.624}%
\StoreBenchExecResult{Test}{}{Setup}{Wrong}{True}{Min}{1.624}%
\StoreBenchExecResult{Test}{}{Setup}{Wrong}{True}{Max}{1.624}%
\StoreBenchExecResult{Test}{}{Setup}{Wrong}{True}{Avg}{1.624}%
\StoreBenchExecResult{Test}{}{Setup}{Wrong}{True}{Median}{1.624}%
\StoreBenchExecResult{Test}{}{Setup}{Wrong}{True}{Stdev}{0.00000000000000}%
\StoreBenchExecResult{Test}{}{SMTTime}{Total}{}{}{0.049}%
\StoreBenchExecResult{Test}{}{SMTTime}{Total}{}{Min}{0.011}%
\StoreBenchExecResult{Test}{}{SMTTime}{Total}{}{Max}{0.020}%
\StoreBenchExecResult{Test}{}{SMTTime}{Total}{}{Avg}{0.01633333333333333333333333333}%
\StoreBenchExecResult{Test}{}{SMTTime}{Total}{}{Median}{0.018}%
\StoreBenchExecResult{Test}{}{SMTTime}{Total}{}{Stdev}{0.003858612300930075157851936704}%
\StoreBenchExecResult{Test}{}{SMTTime}{Correct}{}{}{0.029}%
\StoreBenchExecResult{Test}{}{SMTTime}{Correct}{}{Min}{0.011}%
\StoreBenchExecResult{Test}{}{SMTTime}{Correct}{}{Max}{0.018}%
\StoreBenchExecResult{Test}{}{SMTTime}{Correct}{}{Avg}{0.0145}%
\StoreBenchExecResult{Test}{}{SMTTime}{Correct}{}{Median}{0.0145}%
\StoreBenchExecResult{Test}{}{SMTTime}{Correct}{}{Stdev}{0.00350000000000}%
\StoreBenchExecResult{Test}{}{SMTTime}{Correct}{True}{}{0.029}%
\StoreBenchExecResult{Test}{}{SMTTime}{Correct}{True}{Min}{0.011}%
\StoreBenchExecResult{Test}{}{SMTTime}{Correct}{True}{Max}{0.018}%
\StoreBenchExecResult{Test}{}{SMTTime}{Correct}{True}{Avg}{0.0145}%
\StoreBenchExecResult{Test}{}{SMTTime}{Correct}{True}{Median}{0.0145}%
\StoreBenchExecResult{Test}{}{SMTTime}{Correct}{True}{Stdev}{0.00350000000000}%
\StoreBenchExecResult{Test}{}{SMTTime}{Wrong}{}{}{0.020}%
\StoreBenchExecResult{Test}{}{SMTTime}{Wrong}{}{Min}{0.020}%
\StoreBenchExecResult{Test}{}{SMTTime}{Wrong}{}{Max}{0.020}%
\StoreBenchExecResult{Test}{}{SMTTime}{Wrong}{}{Avg}{0.020}%
\StoreBenchExecResult{Test}{}{SMTTime}{Wrong}{}{Median}{0.020}%
\StoreBenchExecResult{Test}{}{SMTTime}{Wrong}{}{Stdev}{0.00000000000000}%
\StoreBenchExecResult{Test}{}{SMTTime}{Wrong}{True}{}{0.020}%
\StoreBenchExecResult{Test}{}{SMTTime}{Wrong}{True}{Min}{0.020}%
\StoreBenchExecResult{Test}{}{SMTTime}{Wrong}{True}{Max}{0.020}%
\StoreBenchExecResult{Test}{}{SMTTime}{Wrong}{True}{Avg}{0.020}%
\StoreBenchExecResult{Test}{}{SMTTime}{Wrong}{True}{Median}{0.020}%
\StoreBenchExecResult{Test}{}{SMTTime}{Wrong}{True}{Stdev}{0.00000000000000}%
\StoreBenchExecResult{TestI}{}{Status}{Score}{}{}{0}%
\StoreBenchExecResult{TestI}{}{Status}{Total}{}{}{2}%
\StoreBenchExecResult{TestI}{}{Status}{Correct}{}{}{1}%
\StoreBenchExecResult{TestI}{}{Status}{Correct}{True}{}{0}%
\StoreBenchExecResult{TestI}{}{Status}{Correct}{False}{}{1}%
\StoreBenchExecResult{TestI}{}{Status}{Correct}{Unconfirmed}{}{0}%
\StoreBenchExecResult{TestI}{}{Status}{CorrectUnconfirmed}{True}{}{0}%
\StoreBenchExecResult{TestI}{}{Status}{CorrectUnconfirmed}{False}{}{0}%
\StoreBenchExecResult{TestI}{}{Status}{Wrong}{}{}{0}%
\StoreBenchExecResult{TestI}{}{Status}{Wrong}{True}{}{0}%
\StoreBenchExecResult{TestI}{}{Status}{Wrong}{False}{}{0}%
\StoreBenchExecResult{TestI}{}{Cputime}{Total}{}{}{4.321253817}%
\StoreBenchExecResult{TestI}{}{Cputime}{Total}{}{Min}{2.117287256}%
\StoreBenchExecResult{TestI}{}{Cputime}{Total}{}{Max}{2.203966561}%
\StoreBenchExecResult{TestI}{}{Cputime}{Total}{}{Avg}{2.1606269085}%
\StoreBenchExecResult{TestI}{}{Cputime}{Total}{}{Median}{2.1606269085}%
\StoreBenchExecResult{TestI}{}{Cputime}{Total}{}{Stdev}{0.04333965250000}%
\StoreBenchExecResult{TestI}{}{Cputime}{Correct}{}{}{2.117287256}%
\StoreBenchExecResult{TestI}{}{Cputime}{Correct}{}{Min}{2.117287256}%
\StoreBenchExecResult{TestI}{}{Cputime}{Correct}{}{Max}{2.117287256}%
\StoreBenchExecResult{TestI}{}{Cputime}{Correct}{}{Avg}{2.117287256}%
\StoreBenchExecResult{TestI}{}{Cputime}{Correct}{}{Median}{2.117287256}%
\StoreBenchExecResult{TestI}{}{Cputime}{Correct}{}{Stdev}{0.00000000000000}%
\StoreBenchExecResult{TestI}{}{Cputime}{Correct}{False}{}{2.117287256}%
\StoreBenchExecResult{TestI}{}{Cputime}{Correct}{False}{Min}{2.117287256}%
\StoreBenchExecResult{TestI}{}{Cputime}{Correct}{False}{Max}{2.117287256}%
\StoreBenchExecResult{TestI}{}{Cputime}{Correct}{False}{Avg}{2.117287256}%
\StoreBenchExecResult{TestI}{}{Cputime}{Correct}{False}{Median}{2.117287256}%
\StoreBenchExecResult{TestI}{}{Cputime}{Correct}{False}{Stdev}{0.00000000000000}%
\StoreBenchExecResult{TestI}{}{Setup}{Total}{}{}{2.900}%
\StoreBenchExecResult{TestI}{}{Setup}{Total}{}{Min}{1.409}%
\StoreBenchExecResult{TestI}{}{Setup}{Total}{}{Max}{1.491}%
\StoreBenchExecResult{TestI}{}{Setup}{Total}{}{Avg}{1.450}%
\StoreBenchExecResult{TestI}{}{Setup}{Total}{}{Median}{1.450}%
\StoreBenchExecResult{TestI}{}{Setup}{Total}{}{Stdev}{0.04100000000000}%
\StoreBenchExecResult{TestI}{}{Setup}{Correct}{}{}{1.409}%
\StoreBenchExecResult{TestI}{}{Setup}{Correct}{}{Min}{1.409}%
\StoreBenchExecResult{TestI}{}{Setup}{Correct}{}{Max}{1.409}%
\StoreBenchExecResult{TestI}{}{Setup}{Correct}{}{Avg}{1.409}%
\StoreBenchExecResult{TestI}{}{Setup}{Correct}{}{Median}{1.409}%
\StoreBenchExecResult{TestI}{}{Setup}{Correct}{}{Stdev}{0.00000000000000}%
\StoreBenchExecResult{TestI}{}{Setup}{Correct}{False}{}{1.409}%
\StoreBenchExecResult{TestI}{}{Setup}{Correct}{False}{Min}{1.409}%
\StoreBenchExecResult{TestI}{}{Setup}{Correct}{False}{Max}{1.409}%
\StoreBenchExecResult{TestI}{}{Setup}{Correct}{False}{Avg}{1.409}%
\StoreBenchExecResult{TestI}{}{Setup}{Correct}{False}{Median}{1.409}%
\StoreBenchExecResult{TestI}{}{Setup}{Correct}{False}{Stdev}{0.00000000000000}%
\StoreBenchExecResult{TestI}{}{VariableCount}{Total}{}{}{0}%
\StoreBenchExecResult{TestI}{}{VariableCount}{Total}{}{Min}{0}%
\StoreBenchExecResult{TestI}{}{VariableCount}{Total}{}{Max}{0}%
\StoreBenchExecResult{TestI}{}{VariableCount}{Total}{}{Avg}{0}%
\StoreBenchExecResult{TestI}{}{VariableCount}{Total}{}{Median}{0}%
\StoreBenchExecResult{TestI}{}{VariableCount}{Total}{}{Stdev}{0.00000000000000}%
\StoreBenchExecResult{TestI}{}{VariableCount}{Correct}{}{}{0}%
\StoreBenchExecResult{TestI}{}{VariableCount}{Correct}{}{Min}{0}%
\StoreBenchExecResult{TestI}{}{VariableCount}{Correct}{}{Max}{0}%
\StoreBenchExecResult{TestI}{}{VariableCount}{Correct}{}{Avg}{0}%
\StoreBenchExecResult{TestI}{}{VariableCount}{Correct}{}{Median}{0}%
\StoreBenchExecResult{TestI}{}{VariableCount}{Correct}{}{Stdev}{0.00000000000000}%
\StoreBenchExecResult{TestI}{}{VariableCount}{Correct}{False}{}{0}%
\StoreBenchExecResult{TestI}{}{VariableCount}{Correct}{False}{Min}{0}%
\StoreBenchExecResult{TestI}{}{VariableCount}{Correct}{False}{Max}{0}%
\StoreBenchExecResult{TestI}{}{VariableCount}{Correct}{False}{Avg}{0}%
\StoreBenchExecResult{TestI}{}{VariableCount}{Correct}{False}{Median}{0}%
\StoreBenchExecResult{TestI}{}{VariableCount}{Correct}{False}{Stdev}{0.00000000000000}%
\StoreBenchExecResult{TestII}{}{Status}{Score}{}{}{0}%
\StoreBenchExecResult{TestII}{}{Status}{Total}{}{}{3}%
\StoreBenchExecResult{TestII}{}{Status}{Correct}{}{}{2}%
\StoreBenchExecResult{TestII}{}{Status}{Correct}{True}{}{2}%
\StoreBenchExecResult{TestII}{}{Status}{Correct}{False}{}{0}%
\StoreBenchExecResult{TestII}{}{Status}{Correct}{Unconfirmed}{}{0}%
\StoreBenchExecResult{TestII}{}{Status}{CorrectUnconfirmed}{True}{}{0}%
\StoreBenchExecResult{TestII}{}{Status}{CorrectUnconfirmed}{False}{}{0}%
\StoreBenchExecResult{TestII}{}{Status}{Wrong}{}{}{1}%
\StoreBenchExecResult{TestII}{}{Status}{Wrong}{True}{}{1}%
\StoreBenchExecResult{TestII}{}{Status}{Wrong}{False}{}{0}%
\StoreBenchExecResult{TestII}{}{Cputime}{Total}{}{}{5.659416197}%
\StoreBenchExecResult{TestII}{}{Cputime}{Total}{}{Min}{1.850979621}%
\StoreBenchExecResult{TestII}{}{Cputime}{Total}{}{Max}{1.949553467}%
\StoreBenchExecResult{TestII}{}{Cputime}{Total}{}{Avg}{1.886472065666666666666666667}%
\StoreBenchExecResult{TestII}{}{Cputime}{Total}{}{Median}{1.858883109}%
\StoreBenchExecResult{TestII}{}{Cputime}{Total}{}{Stdev}{0.04472183416240391880895570358}%
\StoreBenchExecResult{TestII}{}{Cputime}{Correct}{}{}{3.800533088}%
\StoreBenchExecResult{TestII}{}{Cputime}{Correct}{}{Min}{1.850979621}%
\StoreBenchExecResult{TestII}{}{Cputime}{Correct}{}{Max}{1.949553467}%
\StoreBenchExecResult{TestII}{}{Cputime}{Correct}{}{Avg}{1.900266544}%
\StoreBenchExecResult{TestII}{}{Cputime}{Correct}{}{Median}{1.900266544}%
\StoreBenchExecResult{TestII}{}{Cputime}{Correct}{}{Stdev}{0.04928692300000}%
\StoreBenchExecResult{TestII}{}{Cputime}{Correct}{True}{}{3.800533088}%
\StoreBenchExecResult{TestII}{}{Cputime}{Correct}{True}{Min}{1.850979621}%
\StoreBenchExecResult{TestII}{}{Cputime}{Correct}{True}{Max}{1.949553467}%
\StoreBenchExecResult{TestII}{}{Cputime}{Correct}{True}{Avg}{1.900266544}%
\StoreBenchExecResult{TestII}{}{Cputime}{Correct}{True}{Median}{1.900266544}%
\StoreBenchExecResult{TestII}{}{Cputime}{Correct}{True}{Stdev}{0.04928692300000}%
\StoreBenchExecResult{TestII}{}{Cputime}{Wrong}{}{}{1.858883109}%
\StoreBenchExecResult{TestII}{}{Cputime}{Wrong}{}{Min}{1.858883109}%
\StoreBenchExecResult{TestII}{}{Cputime}{Wrong}{}{Max}{1.858883109}%
\StoreBenchExecResult{TestII}{}{Cputime}{Wrong}{}{Avg}{1.858883109}%
\StoreBenchExecResult{TestII}{}{Cputime}{Wrong}{}{Median}{1.858883109}%
\StoreBenchExecResult{TestII}{}{Cputime}{Wrong}{}{Stdev}{0.00000000000000}%
\StoreBenchExecResult{TestII}{}{Cputime}{Wrong}{True}{}{1.858883109}%
\StoreBenchExecResult{TestII}{}{Cputime}{Wrong}{True}{Min}{1.858883109}%
\StoreBenchExecResult{TestII}{}{Cputime}{Wrong}{True}{Max}{1.858883109}%
\StoreBenchExecResult{TestII}{}{Cputime}{Wrong}{True}{Avg}{1.858883109}%
\StoreBenchExecResult{TestII}{}{Cputime}{Wrong}{True}{Median}{1.858883109}%
\StoreBenchExecResult{TestII}{}{Cputime}{Wrong}{True}{Stdev}{0.00000000000000}%
\StoreBenchExecResult{TestII}{}{Analysis}{Total}{}{}{0.094}%
\StoreBenchExecResult{TestII}{}{Analysis}{Total}{}{Min}{0.024}%
\StoreBenchExecResult{TestII}{}{Analysis}{Total}{}{Max}{0.037}%
\StoreBenchExecResult{TestII}{}{Analysis}{Total}{}{Avg}{0.03133333333333333333333333333}%
\StoreBenchExecResult{TestII}{}{Analysis}{Total}{}{Median}{0.033}%
\StoreBenchExecResult{TestII}{}{Analysis}{Total}{}{Stdev}{0.005436502143433363492041922630}%
\StoreBenchExecResult{TestII}{}{Analysis}{Correct}{}{}{0.061}%
\StoreBenchExecResult{TestII}{}{Analysis}{Correct}{}{Min}{0.024}%
\StoreBenchExecResult{TestII}{}{Analysis}{Correct}{}{Max}{0.037}%
\StoreBenchExecResult{TestII}{}{Analysis}{Correct}{}{Avg}{0.0305}%
\StoreBenchExecResult{TestII}{}{Analysis}{Correct}{}{Median}{0.0305}%
\StoreBenchExecResult{TestII}{}{Analysis}{Correct}{}{Stdev}{0.00650000000000}%
\StoreBenchExecResult{TestII}{}{Analysis}{Correct}{True}{}{0.061}%
\StoreBenchExecResult{TestII}{}{Analysis}{Correct}{True}{Min}{0.024}%
\StoreBenchExecResult{TestII}{}{Analysis}{Correct}{True}{Max}{0.037}%
\StoreBenchExecResult{TestII}{}{Analysis}{Correct}{True}{Avg}{0.0305}%
\StoreBenchExecResult{TestII}{}{Analysis}{Correct}{True}{Median}{0.0305}%
\StoreBenchExecResult{TestII}{}{Analysis}{Correct}{True}{Stdev}{0.00650000000000}%
\StoreBenchExecResult{TestII}{}{Analysis}{Wrong}{}{}{0.033}%
\StoreBenchExecResult{TestII}{}{Analysis}{Wrong}{}{Min}{0.033}%
\StoreBenchExecResult{TestII}{}{Analysis}{Wrong}{}{Max}{0.033}%
\StoreBenchExecResult{TestII}{}{Analysis}{Wrong}{}{Avg}{0.033}%
\StoreBenchExecResult{TestII}{}{Analysis}{Wrong}{}{Median}{0.033}%
\StoreBenchExecResult{TestII}{}{Analysis}{Wrong}{}{Stdev}{0.00000000000000}%
\StoreBenchExecResult{TestII}{}{Analysis}{Wrong}{True}{}{0.033}%
\StoreBenchExecResult{TestII}{}{Analysis}{Wrong}{True}{Min}{0.033}%
\StoreBenchExecResult{TestII}{}{Analysis}{Wrong}{True}{Max}{0.033}%
\StoreBenchExecResult{TestII}{}{Analysis}{Wrong}{True}{Avg}{0.033}%
\StoreBenchExecResult{TestII}{}{Analysis}{Wrong}{True}{Median}{0.033}%
\StoreBenchExecResult{TestII}{}{Analysis}{Wrong}{True}{Stdev}{0.00000000000000}%
\StoreBenchExecResult{TestII}{}{SMTTime}{Total}{}{}{0.036}%
\StoreBenchExecResult{TestII}{}{SMTTime}{Total}{}{Min}{0.006}%
\StoreBenchExecResult{TestII}{}{SMTTime}{Total}{}{Max}{0.015}%
\StoreBenchExecResult{TestII}{}{SMTTime}{Total}{}{Avg}{0.012}%
\StoreBenchExecResult{TestII}{}{SMTTime}{Total}{}{Median}{0.015}%
\StoreBenchExecResult{TestII}{}{SMTTime}{Total}{}{Stdev}{0.004242640687119285146405066173}%
\StoreBenchExecResult{TestII}{}{SMTTime}{Correct}{}{}{0.021}%
\StoreBenchExecResult{TestII}{}{SMTTime}{Correct}{}{Min}{0.006}%
\StoreBenchExecResult{TestII}{}{SMTTime}{Correct}{}{Max}{0.015}%
\StoreBenchExecResult{TestII}{}{SMTTime}{Correct}{}{Avg}{0.0105}%
\StoreBenchExecResult{TestII}{}{SMTTime}{Correct}{}{Median}{0.0105}%
\StoreBenchExecResult{TestII}{}{SMTTime}{Correct}{}{Stdev}{0.00450000000000}%
\StoreBenchExecResult{TestII}{}{SMTTime}{Correct}{True}{}{0.021}%
\StoreBenchExecResult{TestII}{}{SMTTime}{Correct}{True}{Min}{0.006}%
\StoreBenchExecResult{TestII}{}{SMTTime}{Correct}{True}{Max}{0.015}%
\StoreBenchExecResult{TestII}{}{SMTTime}{Correct}{True}{Avg}{0.0105}%
\StoreBenchExecResult{TestII}{}{SMTTime}{Correct}{True}{Median}{0.0105}%
\StoreBenchExecResult{TestII}{}{SMTTime}{Correct}{True}{Stdev}{0.00450000000000}%
\StoreBenchExecResult{TestII}{}{SMTTime}{Wrong}{}{}{0.015}%
\StoreBenchExecResult{TestII}{}{SMTTime}{Wrong}{}{Min}{0.015}%
\StoreBenchExecResult{TestII}{}{SMTTime}{Wrong}{}{Max}{0.015}%
\StoreBenchExecResult{TestII}{}{SMTTime}{Wrong}{}{Avg}{0.015}%
\StoreBenchExecResult{TestII}{}{SMTTime}{Wrong}{}{Median}{0.015}%
\StoreBenchExecResult{TestII}{}{SMTTime}{Wrong}{}{Stdev}{0.00000000000000}%
\StoreBenchExecResult{TestII}{}{SMTTime}{Wrong}{True}{}{0.015}%
\StoreBenchExecResult{TestII}{}{SMTTime}{Wrong}{True}{Min}{0.015}%
\StoreBenchExecResult{TestII}{}{SMTTime}{Wrong}{True}{Max}{0.015}%
\StoreBenchExecResult{TestII}{}{SMTTime}{Wrong}{True}{Avg}{0.015}%
\StoreBenchExecResult{TestII}{}{SMTTime}{Wrong}{True}{Median}{0.015}%
\StoreBenchExecResult{TestII}{}{SMTTime}{Wrong}{True}{Stdev}{0.00000000000000}%
\StoreBenchExecResult{TestIII}{}{Status}{Score}{}{}{0}%
\StoreBenchExecResult{TestIII}{}{Status}{Total}{}{}{2}%
\StoreBenchExecResult{TestIII}{}{Status}{Correct}{}{}{1}%
\StoreBenchExecResult{TestIII}{}{Status}{Correct}{True}{}{0}%
\StoreBenchExecResult{TestIII}{}{Status}{Correct}{False}{}{1}%
\StoreBenchExecResult{TestIII}{}{Status}{Correct}{Unconfirmed}{}{0}%
\StoreBenchExecResult{TestIII}{}{Status}{CorrectUnconfirmed}{True}{}{0}%
\StoreBenchExecResult{TestIII}{}{Status}{CorrectUnconfirmed}{False}{}{0}%
\StoreBenchExecResult{TestIII}{}{Status}{Wrong}{}{}{0}%
\StoreBenchExecResult{TestIII}{}{Status}{Wrong}{True}{}{0}%
\StoreBenchExecResult{TestIII}{}{Status}{Wrong}{False}{}{0}%
\StoreBenchExecResult{TestIII}{}{Cputime}{Total}{}{}{3.629164269}%
\StoreBenchExecResult{TestIII}{}{Cputime}{Total}{}{Min}{1.812178923}%
\StoreBenchExecResult{TestIII}{}{Cputime}{Total}{}{Max}{1.816985346}%
\StoreBenchExecResult{TestIII}{}{Cputime}{Total}{}{Avg}{1.8145821345}%
\StoreBenchExecResult{TestIII}{}{Cputime}{Total}{}{Median}{1.8145821345}%
\StoreBenchExecResult{TestIII}{}{Cputime}{Total}{}{Stdev}{0.00240321150000}%
\StoreBenchExecResult{TestIII}{}{Cputime}{Correct}{}{}{1.816985346}%
\StoreBenchExecResult{TestIII}{}{Cputime}{Correct}{}{Min}{1.816985346}%
\StoreBenchExecResult{TestIII}{}{Cputime}{Correct}{}{Max}{1.816985346}%
\StoreBenchExecResult{TestIII}{}{Cputime}{Correct}{}{Avg}{1.816985346}%
\StoreBenchExecResult{TestIII}{}{Cputime}{Correct}{}{Median}{1.816985346}%
\StoreBenchExecResult{TestIII}{}{Cputime}{Correct}{}{Stdev}{0.00000000000000}%
\StoreBenchExecResult{TestIII}{}{Cputime}{Correct}{False}{}{1.816985346}%
\StoreBenchExecResult{TestIII}{}{Cputime}{Correct}{False}{Min}{1.816985346}%
\StoreBenchExecResult{TestIII}{}{Cputime}{Correct}{False}{Max}{1.816985346}%
\StoreBenchExecResult{TestIII}{}{Cputime}{Correct}{False}{Avg}{1.816985346}%
\StoreBenchExecResult{TestIII}{}{Cputime}{Correct}{False}{Median}{1.816985346}%
\StoreBenchExecResult{TestIII}{}{Cputime}{Correct}{False}{Stdev}{0.00000000000000}%
\StoreBenchExecResult{TestIII}{}{Analysis}{Total}{}{}{0.331}%
\StoreBenchExecResult{TestIII}{}{Analysis}{Total}{}{Min}{0.164}%
\StoreBenchExecResult{TestIII}{}{Analysis}{Total}{}{Max}{0.167}%
\StoreBenchExecResult{TestIII}{}{Analysis}{Total}{}{Avg}{0.1655}%
\StoreBenchExecResult{TestIII}{}{Analysis}{Total}{}{Median}{0.1655}%
\StoreBenchExecResult{TestIII}{}{Analysis}{Total}{}{Stdev}{0.00150000000000}%
\StoreBenchExecResult{TestIII}{}{Analysis}{Correct}{}{}{0.164}%
\StoreBenchExecResult{TestIII}{}{Analysis}{Correct}{}{Min}{0.164}%
\StoreBenchExecResult{TestIII}{}{Analysis}{Correct}{}{Max}{0.164}%
\StoreBenchExecResult{TestIII}{}{Analysis}{Correct}{}{Avg}{0.164}%
\StoreBenchExecResult{TestIII}{}{Analysis}{Correct}{}{Median}{0.164}%
\StoreBenchExecResult{TestIII}{}{Analysis}{Correct}{}{Stdev}{0.00000000000000}%
\StoreBenchExecResult{TestIII}{}{Analysis}{Correct}{False}{}{0.164}%
\StoreBenchExecResult{TestIII}{}{Analysis}{Correct}{False}{Min}{0.164}%
\StoreBenchExecResult{TestIII}{}{Analysis}{Correct}{False}{Max}{0.164}%
\StoreBenchExecResult{TestIII}{}{Analysis}{Correct}{False}{Avg}{0.164}%
\StoreBenchExecResult{TestIII}{}{Analysis}{Correct}{False}{Median}{0.164}%
\StoreBenchExecResult{TestIII}{}{Analysis}{Correct}{False}{Stdev}{0.00000000000000}%
\StoreBenchExecResult{TestIII}{}{VariableCount}{Total}{}{}{0}%
\StoreBenchExecResult{TestIII}{}{VariableCount}{Total}{}{Min}{0}%
\StoreBenchExecResult{TestIII}{}{VariableCount}{Total}{}{Max}{0}%
\StoreBenchExecResult{TestIII}{}{VariableCount}{Total}{}{Avg}{0}%
\StoreBenchExecResult{TestIII}{}{VariableCount}{Total}{}{Median}{0}%
\StoreBenchExecResult{TestIII}{}{VariableCount}{Total}{}{Stdev}{0.00000000000000}%
\StoreBenchExecResult{TestIII}{}{VariableCount}{Correct}{}{}{0}%
\StoreBenchExecResult{TestIII}{}{VariableCount}{Correct}{}{Min}{0}%
\StoreBenchExecResult{TestIII}{}{VariableCount}{Correct}{}{Max}{0}%
\StoreBenchExecResult{TestIII}{}{VariableCount}{Correct}{}{Avg}{0}%
\StoreBenchExecResult{TestIII}{}{VariableCount}{Correct}{}{Median}{0}%
\StoreBenchExecResult{TestIII}{}{VariableCount}{Correct}{}{Stdev}{0.00000000000000}%
\StoreBenchExecResult{TestIII}{}{VariableCount}{Correct}{False}{}{0}%
\StoreBenchExecResult{TestIII}{}{VariableCount}{Correct}{False}{Min}{0}%
\StoreBenchExecResult{TestIII}{}{VariableCount}{Correct}{False}{Max}{0}%
\StoreBenchExecResult{TestIII}{}{VariableCount}{Correct}{False}{Avg}{0}%
\StoreBenchExecResult{TestIII}{}{VariableCount}{Correct}{False}{Median}{0}%
\StoreBenchExecResult{TestIII}{}{VariableCount}{Correct}{False}{Stdev}{0.00000000000000}%