% The following definition defines a command for each value.
% The command name is the concatenation of the first six arguments.
% To override this definition, define \StoreBenchExecResult with \newcommand before including this file.
% Arguments: benchmark name, run-set name, category, status, column name, statistic, value
\providecommand\StoreBenchExecResult[7]{\expandafter\newcommand\csname#1#2#3#4#5#6\endcsname{#7}}%
\StoreBenchExecResult{Test}{}{Status}{Score}{}{}{0}%
\StoreBenchExecResult{Test}{}{Status}{Total}{}{}{5}%
\StoreBenchExecResult{Test}{}{Status}{Correct}{}{}{3}%
\StoreBenchExecResult{Test}{}{Status}{Correct}{True}{}{2}%
\StoreBenchExecResult{Test}{}{Status}{Correct}{False}{}{1}%
\StoreBenchExecResult{Test}{}{Status}{Correct}{Unconfirmed}{}{0}%
\StoreBenchExecResult{Test}{}{Status}{CorrectUnconfirmed}{True}{}{0}%
\StoreBenchExecResult{Test}{}{Status}{CorrectUnconfirmed}{False}{}{0}%
\StoreBenchExecResult{Test}{}{Status}{Wrong}{}{}{1}%
\StoreBenchExecResult{Test}{}{Status}{Wrong}{True}{}{1}%
\StoreBenchExecResult{Test}{}{Status}{Wrong}{False}{}{0}%
\StoreBenchExecResult{Test}{}{Cputime}{Total}{}{}{10.919505907}%
\StoreBenchExecResult{Test}{}{Cputime}{Total}{}{Min}{2.058647067}%
\StoreBenchExecResult{Test}{}{Cputime}{Total}{}{Max}{2.272238619}%
\StoreBenchExecResult{Test}{}{Cputime}{Total}{}{Avg}{2.1839011814}%
\StoreBenchExecResult{Test}{}{Cputime}{Total}{}{Median}{2.189887353}%
\StoreBenchExecResult{Test}{}{Cputime}{Total}{}{Stdev}{0.07187152671885927483466361201}%
\StoreBenchExecResult{Test}{}{Cputime}{Correct}{}{}{6.478077860}%
\StoreBenchExecResult{Test}{}{Cputime}{Correct}{}{Min}{2.058647067}%
\StoreBenchExecResult{Test}{}{Cputime}{Correct}{}{Max}{2.22954344}%
\StoreBenchExecResult{Test}{}{Cputime}{Correct}{}{Avg}{2.159359286666666666666666667}%
\StoreBenchExecResult{Test}{}{Cputime}{Correct}{}{Median}{2.189887353}%
\StoreBenchExecResult{Test}{}{Cputime}{Correct}{}{Stdev}{0.07303133894284965266045621882}%
\StoreBenchExecResult{Test}{}{Cputime}{Correct}{True}{}{4.288190507}%
\StoreBenchExecResult{Test}{}{Cputime}{Correct}{True}{Min}{2.058647067}%
\StoreBenchExecResult{Test}{}{Cputime}{Correct}{True}{Max}{2.22954344}%
\StoreBenchExecResult{Test}{}{Cputime}{Correct}{True}{Avg}{2.1440952535}%
\StoreBenchExecResult{Test}{}{Cputime}{Correct}{True}{Median}{2.1440952535}%
\StoreBenchExecResult{Test}{}{Cputime}{Correct}{True}{Stdev}{0.08544818650000}%
\StoreBenchExecResult{Test}{}{Cputime}{Correct}{False}{}{2.189887353}%
\StoreBenchExecResult{Test}{}{Cputime}{Correct}{False}{Min}{2.189887353}%
\StoreBenchExecResult{Test}{}{Cputime}{Correct}{False}{Max}{2.189887353}%
\StoreBenchExecResult{Test}{}{Cputime}{Correct}{False}{Avg}{2.189887353}%
\StoreBenchExecResult{Test}{}{Cputime}{Correct}{False}{Median}{2.189887353}%
\StoreBenchExecResult{Test}{}{Cputime}{Correct}{False}{Stdev}{0.00000000000000}%
\StoreBenchExecResult{Test}{}{Cputime}{Wrong}{}{}{2.169189428}%
\StoreBenchExecResult{Test}{}{Cputime}{Wrong}{}{Min}{2.169189428}%
\StoreBenchExecResult{Test}{}{Cputime}{Wrong}{}{Max}{2.169189428}%
\StoreBenchExecResult{Test}{}{Cputime}{Wrong}{}{Avg}{2.169189428}%
\StoreBenchExecResult{Test}{}{Cputime}{Wrong}{}{Median}{2.169189428}%
\StoreBenchExecResult{Test}{}{Cputime}{Wrong}{}{Stdev}{0.00000000000000}%
\StoreBenchExecResult{Test}{}{Cputime}{Wrong}{True}{}{2.169189428}%
\StoreBenchExecResult{Test}{}{Cputime}{Wrong}{True}{Min}{2.169189428}%
\StoreBenchExecResult{Test}{}{Cputime}{Wrong}{True}{Max}{2.169189428}%
\StoreBenchExecResult{Test}{}{Cputime}{Wrong}{True}{Avg}{2.169189428}%
\StoreBenchExecResult{Test}{}{Cputime}{Wrong}{True}{Median}{2.169189428}%
\StoreBenchExecResult{Test}{}{Cputime}{Wrong}{True}{Stdev}{0.00000000000000}%
\StoreBenchExecResult{Test}{}{Cputime}{Local}{}{}{10.933401000000002}%
\StoreBenchExecResult{Test}{}{Setup}{Total}{}{}{8.013}%
\StoreBenchExecResult{Test}{}{Setup}{Total}{}{Min}{1.493}%
\StoreBenchExecResult{Test}{}{Setup}{Total}{}{Max}{1.665}%
\StoreBenchExecResult{Test}{}{Setup}{Total}{}{Avg}{1.6026}%
\StoreBenchExecResult{Test}{}{Setup}{Total}{}{Median}{1.624}%
\StoreBenchExecResult{Test}{}{Setup}{Total}{}{Stdev}{0.06053296622502485628544794958}%
\StoreBenchExecResult{Test}{}{Setup}{Correct}{}{}{4.745}%
\StoreBenchExecResult{Test}{}{Setup}{Correct}{}{Min}{1.493}%
\StoreBenchExecResult{Test}{}{Setup}{Correct}{}{Max}{1.665}%
\StoreBenchExecResult{Test}{}{Setup}{Correct}{}{Avg}{1.581666666666666666666666667}%
\StoreBenchExecResult{Test}{}{Setup}{Correct}{}{Median}{1.587}%
\StoreBenchExecResult{Test}{}{Setup}{Correct}{}{Stdev}{0.07031990393116936624480625533}%
\StoreBenchExecResult{Test}{}{Setup}{Correct}{True}{}{3.158}%
\StoreBenchExecResult{Test}{}{Setup}{Correct}{True}{Min}{1.493}%
\StoreBenchExecResult{Test}{}{Setup}{Correct}{True}{Max}{1.665}%
\StoreBenchExecResult{Test}{}{Setup}{Correct}{True}{Avg}{1.579}%
\StoreBenchExecResult{Test}{}{Setup}{Correct}{True}{Median}{1.579}%
\StoreBenchExecResult{Test}{}{Setup}{Correct}{True}{Stdev}{0.08600000000000}%
\StoreBenchExecResult{Test}{}{Setup}{Correct}{False}{}{1.587}%
\StoreBenchExecResult{Test}{}{Setup}{Correct}{False}{Min}{1.587}%
\StoreBenchExecResult{Test}{}{Setup}{Correct}{False}{Max}{1.587}%
\StoreBenchExecResult{Test}{}{Setup}{Correct}{False}{Avg}{1.587}%
\StoreBenchExecResult{Test}{}{Setup}{Correct}{False}{Median}{1.587}%
\StoreBenchExecResult{Test}{}{Setup}{Correct}{False}{Stdev}{0.00000000000000}%
\StoreBenchExecResult{Test}{}{Setup}{Wrong}{}{}{1.624}%
\StoreBenchExecResult{Test}{}{Setup}{Wrong}{}{Min}{1.624}%
\StoreBenchExecResult{Test}{}{Setup}{Wrong}{}{Max}{1.624}%
\StoreBenchExecResult{Test}{}{Setup}{Wrong}{}{Avg}{1.624}%
\StoreBenchExecResult{Test}{}{Setup}{Wrong}{}{Median}{1.624}%
\StoreBenchExecResult{Test}{}{Setup}{Wrong}{}{Stdev}{0.00000000000000}%
\StoreBenchExecResult{Test}{}{Setup}{Wrong}{True}{}{1.624}%
\StoreBenchExecResult{Test}{}{Setup}{Wrong}{True}{Min}{1.624}%
\StoreBenchExecResult{Test}{}{Setup}{Wrong}{True}{Max}{1.624}%
\StoreBenchExecResult{Test}{}{Setup}{Wrong}{True}{Avg}{1.624}%
\StoreBenchExecResult{Test}{}{Setup}{Wrong}{True}{Median}{1.624}%
\StoreBenchExecResult{Test}{}{Setup}{Wrong}{True}{Stdev}{0.00000000000000}%
\StoreBenchExecResult{Test}{}{SMTTime}{Total}{}{}{0.081}%
\StoreBenchExecResult{Test}{}{SMTTime}{Total}{}{Min}{0.000}%
\StoreBenchExecResult{Test}{}{SMTTime}{Total}{}{Max}{0.032}%
\StoreBenchExecResult{Test}{}{SMTTime}{Total}{}{Avg}{0.0162}%
\StoreBenchExecResult{Test}{}{SMTTime}{Total}{}{Median}{0.018}%
\StoreBenchExecResult{Test}{}{SMTTime}{Total}{}{Stdev}{0.01055272476661833533674944619}%
\StoreBenchExecResult{Test}{}{SMTTime}{Correct}{}{}{0.029}%
\StoreBenchExecResult{Test}{}{SMTTime}{Correct}{}{Min}{0.000}%
\StoreBenchExecResult{Test}{}{SMTTime}{Correct}{}{Max}{0.018}%
\StoreBenchExecResult{Test}{}{SMTTime}{Correct}{}{Avg}{0.009666666666666666666666666667}%
\StoreBenchExecResult{Test}{}{SMTTime}{Correct}{}{Median}{0.011}%
\StoreBenchExecResult{Test}{}{SMTTime}{Correct}{}{Stdev}{0.007408703590297622973792119916}%
\StoreBenchExecResult{Test}{}{SMTTime}{Correct}{True}{}{0.029}%
\StoreBenchExecResult{Test}{}{SMTTime}{Correct}{True}{Min}{0.011}%
\StoreBenchExecResult{Test}{}{SMTTime}{Correct}{True}{Max}{0.018}%
\StoreBenchExecResult{Test}{}{SMTTime}{Correct}{True}{Avg}{0.0145}%
\StoreBenchExecResult{Test}{}{SMTTime}{Correct}{True}{Median}{0.0145}%
\StoreBenchExecResult{Test}{}{SMTTime}{Correct}{True}{Stdev}{0.00350000000000}%
\StoreBenchExecResult{Test}{}{SMTTime}{Correct}{False}{}{0.000}%
\StoreBenchExecResult{Test}{}{SMTTime}{Correct}{False}{Min}{0.000}%
\StoreBenchExecResult{Test}{}{SMTTime}{Correct}{False}{Max}{0.000}%
\StoreBenchExecResult{Test}{}{SMTTime}{Correct}{False}{Avg}{0.000}%
\StoreBenchExecResult{Test}{}{SMTTime}{Correct}{False}{Median}{0.000}%
\StoreBenchExecResult{Test}{}{SMTTime}{Correct}{False}{Stdev}{0.00000000000000}%
\StoreBenchExecResult{Test}{}{SMTTime}{Wrong}{}{}{0.020}%
\StoreBenchExecResult{Test}{}{SMTTime}{Wrong}{}{Min}{0.020}%
\StoreBenchExecResult{Test}{}{SMTTime}{Wrong}{}{Max}{0.020}%
\StoreBenchExecResult{Test}{}{SMTTime}{Wrong}{}{Avg}{0.020}%
\StoreBenchExecResult{Test}{}{SMTTime}{Wrong}{}{Median}{0.020}%
\StoreBenchExecResult{Test}{}{SMTTime}{Wrong}{}{Stdev}{0.00000000000000}%
\StoreBenchExecResult{Test}{}{SMTTime}{Wrong}{True}{}{0.020}%
\StoreBenchExecResult{Test}{}{SMTTime}{Wrong}{True}{Min}{0.020}%
\StoreBenchExecResult{Test}{}{SMTTime}{Wrong}{True}{Max}{0.020}%
\StoreBenchExecResult{Test}{}{SMTTime}{Wrong}{True}{Avg}{0.020}%
\StoreBenchExecResult{Test}{}{SMTTime}{Wrong}{True}{Median}{0.020}%
\StoreBenchExecResult{Test}{}{SMTTime}{Wrong}{True}{Stdev}{0.00000000000000}%
\StoreBenchExecResult{TestI}{}{Status}{Score}{}{}{0}%
\StoreBenchExecResult{TestI}{}{Status}{Total}{}{}{4}%
\StoreBenchExecResult{TestI}{}{Status}{Correct}{}{}{2}%
\StoreBenchExecResult{TestI}{}{Status}{Correct}{True}{}{0}%
\StoreBenchExecResult{TestI}{}{Status}{Correct}{False}{}{2}%
\StoreBenchExecResult{TestI}{}{Status}{Correct}{Unconfirmed}{}{0}%
\StoreBenchExecResult{TestI}{}{Status}{CorrectUnconfirmed}{True}{}{0}%
\StoreBenchExecResult{TestI}{}{Status}{CorrectUnconfirmed}{False}{}{0}%
\StoreBenchExecResult{TestI}{}{Status}{Wrong}{}{}{0}%
\StoreBenchExecResult{TestI}{}{Status}{Wrong}{True}{}{0}%
\StoreBenchExecResult{TestI}{}{Status}{Wrong}{False}{}{0}%
\StoreBenchExecResult{TestI}{}{Cputime}{Total}{}{}{8.499181053}%
\StoreBenchExecResult{TestI}{}{Cputime}{Total}{}{Min}{2.018490461}%
\StoreBenchExecResult{TestI}{}{Cputime}{Total}{}{Max}{2.203966561}%
\StoreBenchExecResult{TestI}{}{Cputime}{Total}{}{Avg}{2.12479526325}%
\StoreBenchExecResult{TestI}{}{Cputime}{Total}{}{Median}{2.1383620155}%
\StoreBenchExecResult{TestI}{}{Cputime}{Total}{}{Stdev}{0.06860249608801089525776206682}%
\StoreBenchExecResult{TestI}{}{Cputime}{Correct}{}{}{4.276724031}%
\StoreBenchExecResult{TestI}{}{Cputime}{Correct}{}{Min}{2.117287256}%
\StoreBenchExecResult{TestI}{}{Cputime}{Correct}{}{Max}{2.159436775}%
\StoreBenchExecResult{TestI}{}{Cputime}{Correct}{}{Avg}{2.1383620155}%
\StoreBenchExecResult{TestI}{}{Cputime}{Correct}{}{Median}{2.1383620155}%
\StoreBenchExecResult{TestI}{}{Cputime}{Correct}{}{Stdev}{0.02107475950000}%
\StoreBenchExecResult{TestI}{}{Cputime}{Correct}{False}{}{4.276724031}%
\StoreBenchExecResult{TestI}{}{Cputime}{Correct}{False}{Min}{2.117287256}%
\StoreBenchExecResult{TestI}{}{Cputime}{Correct}{False}{Max}{2.159436775}%
\StoreBenchExecResult{TestI}{}{Cputime}{Correct}{False}{Avg}{2.1383620155}%
\StoreBenchExecResult{TestI}{}{Cputime}{Correct}{False}{Median}{2.1383620155}%
\StoreBenchExecResult{TestI}{}{Cputime}{Correct}{False}{Stdev}{0.02107475950000}%
\StoreBenchExecResult{TestI}{}{Cputime}{Local}{}{}{8.508844999999997}%
\StoreBenchExecResult{TestI}{}{Setup}{Total}{}{}{5.715}%
\StoreBenchExecResult{TestI}{}{Setup}{Total}{}{Min}{1.377}%
\StoreBenchExecResult{TestI}{}{Setup}{Total}{}{Max}{1.491}%
\StoreBenchExecResult{TestI}{}{Setup}{Total}{}{Avg}{1.42875}%
\StoreBenchExecResult{TestI}{}{Setup}{Total}{}{Median}{1.4235}%
\StoreBenchExecResult{TestI}{}{Setup}{Total}{}{Stdev}{0.04191882035553958667719657072}%
\StoreBenchExecResult{TestI}{}{Setup}{Correct}{}{}{2.847}%
\StoreBenchExecResult{TestI}{}{Setup}{Correct}{}{Min}{1.409}%
\StoreBenchExecResult{TestI}{}{Setup}{Correct}{}{Max}{1.438}%
\StoreBenchExecResult{TestI}{}{Setup}{Correct}{}{Avg}{1.4235}%
\StoreBenchExecResult{TestI}{}{Setup}{Correct}{}{Median}{1.4235}%
\StoreBenchExecResult{TestI}{}{Setup}{Correct}{}{Stdev}{0.01450000000000}%
\StoreBenchExecResult{TestI}{}{Setup}{Correct}{False}{}{2.847}%
\StoreBenchExecResult{TestI}{}{Setup}{Correct}{False}{Min}{1.409}%
\StoreBenchExecResult{TestI}{}{Setup}{Correct}{False}{Max}{1.438}%
\StoreBenchExecResult{TestI}{}{Setup}{Correct}{False}{Avg}{1.4235}%
\StoreBenchExecResult{TestI}{}{Setup}{Correct}{False}{Median}{1.4235}%
\StoreBenchExecResult{TestI}{}{Setup}{Correct}{False}{Stdev}{0.01450000000000}%
\StoreBenchExecResult{TestI}{}{VariableCount}{Total}{}{}{212}%
\StoreBenchExecResult{TestI}{}{VariableCount}{Total}{}{Min}{0}%
\StoreBenchExecResult{TestI}{}{VariableCount}{Total}{}{Max}{212}%
\StoreBenchExecResult{TestI}{}{VariableCount}{Total}{}{Avg}{53}%
\StoreBenchExecResult{TestI}{}{VariableCount}{Total}{}{Median}{0}%
\StoreBenchExecResult{TestI}{}{VariableCount}{Total}{}{Stdev}{91.79869280115049655695465610}%
\StoreBenchExecResult{TestI}{}{VariableCount}{Correct}{}{}{0}%
\StoreBenchExecResult{TestI}{}{VariableCount}{Correct}{}{Min}{0}%
\StoreBenchExecResult{TestI}{}{VariableCount}{Correct}{}{Max}{0}%
\StoreBenchExecResult{TestI}{}{VariableCount}{Correct}{}{Avg}{0}%
\StoreBenchExecResult{TestI}{}{VariableCount}{Correct}{}{Median}{0}%
\StoreBenchExecResult{TestI}{}{VariableCount}{Correct}{}{Stdev}{0.00000000000000}%
\StoreBenchExecResult{TestI}{}{VariableCount}{Correct}{False}{}{0}%
\StoreBenchExecResult{TestI}{}{VariableCount}{Correct}{False}{Min}{0}%
\StoreBenchExecResult{TestI}{}{VariableCount}{Correct}{False}{Max}{0}%
\StoreBenchExecResult{TestI}{}{VariableCount}{Correct}{False}{Avg}{0}%
\StoreBenchExecResult{TestI}{}{VariableCount}{Correct}{False}{Median}{0}%
\StoreBenchExecResult{TestI}{}{VariableCount}{Correct}{False}{Stdev}{0.00000000000000}%
\StoreBenchExecResult{TestII}{}{Status}{Score}{}{}{0}%
\StoreBenchExecResult{TestII}{}{Status}{Total}{}{}{5}%
\StoreBenchExecResult{TestII}{}{Status}{Correct}{}{}{3}%
\StoreBenchExecResult{TestII}{}{Status}{Correct}{True}{}{2}%
\StoreBenchExecResult{TestII}{}{Status}{Correct}{False}{}{1}%
\StoreBenchExecResult{TestII}{}{Status}{Correct}{Unconfirmed}{}{0}%
\StoreBenchExecResult{TestII}{}{Status}{CorrectUnconfirmed}{True}{}{0}%
\StoreBenchExecResult{TestII}{}{Status}{CorrectUnconfirmed}{False}{}{0}%
\StoreBenchExecResult{TestII}{}{Status}{Wrong}{}{}{1}%
\StoreBenchExecResult{TestII}{}{Status}{Wrong}{True}{}{1}%
\StoreBenchExecResult{TestII}{}{Status}{Wrong}{False}{}{0}%
\StoreBenchExecResult{TestII}{}{Cputime}{Total}{}{}{9.389318338}%
\StoreBenchExecResult{TestII}{}{Cputime}{Total}{}{Min}{1.829559535}%
\StoreBenchExecResult{TestII}{}{Cputime}{Total}{}{Max}{1.949553467}%
\StoreBenchExecResult{TestII}{}{Cputime}{Total}{}{Avg}{1.8778636676}%
\StoreBenchExecResult{TestII}{}{Cputime}{Total}{}{Median}{1.858883109}%
\StoreBenchExecResult{TestII}{}{Cputime}{Total}{}{Stdev}{0.04257001950246352236218650379}%
\StoreBenchExecResult{TestII}{}{Cputime}{Correct}{}{}{5.630092623}%
\StoreBenchExecResult{TestII}{}{Cputime}{Correct}{}{Min}{1.829559535}%
\StoreBenchExecResult{TestII}{}{Cputime}{Correct}{}{Max}{1.949553467}%
\StoreBenchExecResult{TestII}{}{Cputime}{Correct}{}{Avg}{1.876697541}%
\StoreBenchExecResult{TestII}{}{Cputime}{Correct}{}{Median}{1.850979621}%
\StoreBenchExecResult{TestII}{}{Cputime}{Correct}{}{Stdev}{0.05225383230634831310378708422}%
\StoreBenchExecResult{TestII}{}{Cputime}{Correct}{True}{}{3.800533088}%
\StoreBenchExecResult{TestII}{}{Cputime}{Correct}{True}{Min}{1.850979621}%
\StoreBenchExecResult{TestII}{}{Cputime}{Correct}{True}{Max}{1.949553467}%
\StoreBenchExecResult{TestII}{}{Cputime}{Correct}{True}{Avg}{1.900266544}%
\StoreBenchExecResult{TestII}{}{Cputime}{Correct}{True}{Median}{1.900266544}%
\StoreBenchExecResult{TestII}{}{Cputime}{Correct}{True}{Stdev}{0.04928692300000}%
\StoreBenchExecResult{TestII}{}{Cputime}{Correct}{False}{}{1.829559535}%
\StoreBenchExecResult{TestII}{}{Cputime}{Correct}{False}{Min}{1.829559535}%
\StoreBenchExecResult{TestII}{}{Cputime}{Correct}{False}{Max}{1.829559535}%
\StoreBenchExecResult{TestII}{}{Cputime}{Correct}{False}{Avg}{1.829559535}%
\StoreBenchExecResult{TestII}{}{Cputime}{Correct}{False}{Median}{1.829559535}%
\StoreBenchExecResult{TestII}{}{Cputime}{Correct}{False}{Stdev}{0.00000000000000}%
\StoreBenchExecResult{TestII}{}{Cputime}{Wrong}{}{}{1.858883109}%
\StoreBenchExecResult{TestII}{}{Cputime}{Wrong}{}{Min}{1.858883109}%
\StoreBenchExecResult{TestII}{}{Cputime}{Wrong}{}{Max}{1.858883109}%
\StoreBenchExecResult{TestII}{}{Cputime}{Wrong}{}{Avg}{1.858883109}%
\StoreBenchExecResult{TestII}{}{Cputime}{Wrong}{}{Median}{1.858883109}%
\StoreBenchExecResult{TestII}{}{Cputime}{Wrong}{}{Stdev}{0.00000000000000}%
\StoreBenchExecResult{TestII}{}{Cputime}{Wrong}{True}{}{1.858883109}%
\StoreBenchExecResult{TestII}{}{Cputime}{Wrong}{True}{Min}{1.858883109}%
\StoreBenchExecResult{TestII}{}{Cputime}{Wrong}{True}{Max}{1.858883109}%
\StoreBenchExecResult{TestII}{}{Cputime}{Wrong}{True}{Avg}{1.858883109}%
\StoreBenchExecResult{TestII}{}{Cputime}{Wrong}{True}{Median}{1.858883109}%
\StoreBenchExecResult{TestII}{}{Cputime}{Wrong}{True}{Stdev}{0.00000000000000}%
\StoreBenchExecResult{TestII}{}{Cputime}{Local}{}{}{9.40492}%
\StoreBenchExecResult{TestII}{}{Setup}{Total}{}{}{6.880}%
\StoreBenchExecResult{TestII}{}{Setup}{Total}{}{Min}{1.310}%
\StoreBenchExecResult{TestII}{}{Setup}{Total}{}{Max}{1.465}%
\StoreBenchExecResult{TestII}{}{Setup}{Total}{}{Avg}{1.376}%
\StoreBenchExecResult{TestII}{}{Setup}{Total}{}{Median}{1.373}%
\StoreBenchExecResult{TestII}{}{Setup}{Total}{}{Stdev}{0.05075036945678326783544220364}%
\StoreBenchExecResult{TestII}{}{Setup}{Correct}{}{}{4.148}%
\StoreBenchExecResult{TestII}{}{Setup}{Correct}{}{Min}{1.310}%
\StoreBenchExecResult{TestII}{}{Setup}{Correct}{}{Max}{1.465}%
\StoreBenchExecResult{TestII}{}{Setup}{Correct}{}{Avg}{1.382666666666666666666666667}%
\StoreBenchExecResult{TestII}{}{Setup}{Correct}{}{Median}{1.373}%
\StoreBenchExecResult{TestII}{}{Setup}{Correct}{}{Stdev}{0.06364659369431241517373254391}%
\StoreBenchExecResult{TestII}{}{Setup}{Correct}{True}{}{2.838}%
\StoreBenchExecResult{TestII}{}{Setup}{Correct}{True}{Min}{1.373}%
\StoreBenchExecResult{TestII}{}{Setup}{Correct}{True}{Max}{1.465}%
\StoreBenchExecResult{TestII}{}{Setup}{Correct}{True}{Avg}{1.419}%
\StoreBenchExecResult{TestII}{}{Setup}{Correct}{True}{Median}{1.419}%
\StoreBenchExecResult{TestII}{}{Setup}{Correct}{True}{Stdev}{0.04600000000000}%
\StoreBenchExecResult{TestII}{}{Setup}{Correct}{False}{}{1.310}%
\StoreBenchExecResult{TestII}{}{Setup}{Correct}{False}{Min}{1.310}%
\StoreBenchExecResult{TestII}{}{Setup}{Correct}{False}{Max}{1.310}%
\StoreBenchExecResult{TestII}{}{Setup}{Correct}{False}{Avg}{1.310}%
\StoreBenchExecResult{TestII}{}{Setup}{Correct}{False}{Median}{1.310}%
\StoreBenchExecResult{TestII}{}{Setup}{Correct}{False}{Stdev}{0.00000000000000}%
\StoreBenchExecResult{TestII}{}{Setup}{Wrong}{}{}{1.380}%
\StoreBenchExecResult{TestII}{}{Setup}{Wrong}{}{Min}{1.380}%
\StoreBenchExecResult{TestII}{}{Setup}{Wrong}{}{Max}{1.380}%
\StoreBenchExecResult{TestII}{}{Setup}{Wrong}{}{Avg}{1.380}%
\StoreBenchExecResult{TestII}{}{Setup}{Wrong}{}{Median}{1.380}%
\StoreBenchExecResult{TestII}{}{Setup}{Wrong}{}{Stdev}{0.00000000000000}%
\StoreBenchExecResult{TestII}{}{Setup}{Wrong}{True}{}{1.380}%
\StoreBenchExecResult{TestII}{}{Setup}{Wrong}{True}{Min}{1.380}%
\StoreBenchExecResult{TestII}{}{Setup}{Wrong}{True}{Max}{1.380}%
\StoreBenchExecResult{TestII}{}{Setup}{Wrong}{True}{Avg}{1.380}%
\StoreBenchExecResult{TestII}{}{Setup}{Wrong}{True}{Median}{1.380}%
\StoreBenchExecResult{TestII}{}{Setup}{Wrong}{True}{Stdev}{0.00000000000000}%
\StoreBenchExecResult{TestII}{}{SMTTime}{Total}{}{}{0.061}%
\StoreBenchExecResult{TestII}{}{SMTTime}{Total}{}{Min}{0.000}%
\StoreBenchExecResult{TestII}{}{SMTTime}{Total}{}{Max}{0.025}%
\StoreBenchExecResult{TestII}{}{SMTTime}{Total}{}{Avg}{0.0122}%
\StoreBenchExecResult{TestII}{}{SMTTime}{Total}{}{Median}{0.015}%
\StoreBenchExecResult{TestII}{}{SMTTime}{Total}{}{Stdev}{0.008565045242145542805994370093}%
\StoreBenchExecResult{TestII}{}{SMTTime}{Correct}{}{}{0.021}%
\StoreBenchExecResult{TestII}{}{SMTTime}{Correct}{}{Min}{0.000}%
\StoreBenchExecResult{TestII}{}{SMTTime}{Correct}{}{Max}{0.015}%
\StoreBenchExecResult{TestII}{}{SMTTime}{Correct}{}{Avg}{0.007}%
\StoreBenchExecResult{TestII}{}{SMTTime}{Correct}{}{Median}{0.006}%
\StoreBenchExecResult{TestII}{}{SMTTime}{Correct}{}{Stdev}{0.006164414002968976450250192381}%
\StoreBenchExecResult{TestII}{}{SMTTime}{Correct}{True}{}{0.021}%
\StoreBenchExecResult{TestII}{}{SMTTime}{Correct}{True}{Min}{0.006}%
\StoreBenchExecResult{TestII}{}{SMTTime}{Correct}{True}{Max}{0.015}%
\StoreBenchExecResult{TestII}{}{SMTTime}{Correct}{True}{Avg}{0.0105}%
\StoreBenchExecResult{TestII}{}{SMTTime}{Correct}{True}{Median}{0.0105}%
\StoreBenchExecResult{TestII}{}{SMTTime}{Correct}{True}{Stdev}{0.00450000000000}%
\StoreBenchExecResult{TestII}{}{SMTTime}{Correct}{False}{}{0.000}%
\StoreBenchExecResult{TestII}{}{SMTTime}{Correct}{False}{Min}{0.000}%
\StoreBenchExecResult{TestII}{}{SMTTime}{Correct}{False}{Max}{0.000}%
\StoreBenchExecResult{TestII}{}{SMTTime}{Correct}{False}{Avg}{0.000}%
\StoreBenchExecResult{TestII}{}{SMTTime}{Correct}{False}{Median}{0.000}%
\StoreBenchExecResult{TestII}{}{SMTTime}{Correct}{False}{Stdev}{0.00000000000000}%
\StoreBenchExecResult{TestII}{}{SMTTime}{Wrong}{}{}{0.015}%
\StoreBenchExecResult{TestII}{}{SMTTime}{Wrong}{}{Min}{0.015}%
\StoreBenchExecResult{TestII}{}{SMTTime}{Wrong}{}{Max}{0.015}%
\StoreBenchExecResult{TestII}{}{SMTTime}{Wrong}{}{Avg}{0.015}%
\StoreBenchExecResult{TestII}{}{SMTTime}{Wrong}{}{Median}{0.015}%
\StoreBenchExecResult{TestII}{}{SMTTime}{Wrong}{}{Stdev}{0.00000000000000}%
\StoreBenchExecResult{TestII}{}{SMTTime}{Wrong}{True}{}{0.015}%
\StoreBenchExecResult{TestII}{}{SMTTime}{Wrong}{True}{Min}{0.015}%
\StoreBenchExecResult{TestII}{}{SMTTime}{Wrong}{True}{Max}{0.015}%
\StoreBenchExecResult{TestII}{}{SMTTime}{Wrong}{True}{Avg}{0.015}%
\StoreBenchExecResult{TestII}{}{SMTTime}{Wrong}{True}{Median}{0.015}%
\StoreBenchExecResult{TestII}{}{SMTTime}{Wrong}{True}{Stdev}{0.00000000000000}%
\StoreBenchExecResult{TestIII}{}{Status}{Score}{}{}{0}%
\StoreBenchExecResult{TestIII}{}{Status}{Total}{}{}{4}%
\StoreBenchExecResult{TestIII}{}{Status}{Correct}{}{}{2}%
\StoreBenchExecResult{TestIII}{}{Status}{Correct}{True}{}{0}%
\StoreBenchExecResult{TestIII}{}{Status}{Correct}{False}{}{2}%
\StoreBenchExecResult{TestIII}{}{Status}{Correct}{Unconfirmed}{}{0}%
\StoreBenchExecResult{TestIII}{}{Status}{CorrectUnconfirmed}{True}{}{0}%
\StoreBenchExecResult{TestIII}{}{Status}{CorrectUnconfirmed}{False}{}{0}%
\StoreBenchExecResult{TestIII}{}{Status}{Wrong}{}{}{0}%
\StoreBenchExecResult{TestIII}{}{Status}{Wrong}{True}{}{0}%
\StoreBenchExecResult{TestIII}{}{Status}{Wrong}{False}{}{0}%
\StoreBenchExecResult{TestIII}{}{Cputime}{Total}{}{}{7.199455195}%
\StoreBenchExecResult{TestIII}{}{Cputime}{Total}{}{Min}{1.748258151}%
\StoreBenchExecResult{TestIII}{}{Cputime}{Total}{}{Max}{1.822032775}%
\StoreBenchExecResult{TestIII}{}{Cputime}{Total}{}{Avg}{1.79986379875}%
\StoreBenchExecResult{TestIII}{}{Cputime}{Total}{}{Median}{1.8145821345}%
\StoreBenchExecResult{TestIII}{}{Cputime}{Total}{}{Stdev}{0.02999756678964589266941464835}%
\StoreBenchExecResult{TestIII}{}{Cputime}{Correct}{}{}{3.639018121}%
\StoreBenchExecResult{TestIII}{}{Cputime}{Correct}{}{Min}{1.816985346}%
\StoreBenchExecResult{TestIII}{}{Cputime}{Correct}{}{Max}{1.822032775}%
\StoreBenchExecResult{TestIII}{}{Cputime}{Correct}{}{Avg}{1.8195090605}%
\StoreBenchExecResult{TestIII}{}{Cputime}{Correct}{}{Median}{1.8195090605}%
\StoreBenchExecResult{TestIII}{}{Cputime}{Correct}{}{Stdev}{0.00252371450000}%
\StoreBenchExecResult{TestIII}{}{Cputime}{Correct}{False}{}{3.639018121}%
\StoreBenchExecResult{TestIII}{}{Cputime}{Correct}{False}{Min}{1.816985346}%
\StoreBenchExecResult{TestIII}{}{Cputime}{Correct}{False}{Max}{1.822032775}%
\StoreBenchExecResult{TestIII}{}{Cputime}{Correct}{False}{Avg}{1.8195090605}%
\StoreBenchExecResult{TestIII}{}{Cputime}{Correct}{False}{Median}{1.8195090605}%
\StoreBenchExecResult{TestIII}{}{Cputime}{Correct}{False}{Stdev}{0.00252371450000}%
\StoreBenchExecResult{TestIII}{}{Cputime}{Local}{}{}{7.212485000000001}%
\StoreBenchExecResult{TestIII}{}{Setup}{Total}{}{}{4.819}%
\StoreBenchExecResult{TestIII}{}{Setup}{Total}{}{Min}{1.195}%
\StoreBenchExecResult{TestIII}{}{Setup}{Total}{}{Max}{1.217}%
\StoreBenchExecResult{TestIII}{}{Setup}{Total}{}{Avg}{1.20475}%
\StoreBenchExecResult{TestIII}{}{Setup}{Total}{}{Median}{1.2035}%
\StoreBenchExecResult{TestIII}{}{Setup}{Total}{}{Stdev}{0.008073877630977571361769843559}%
\StoreBenchExecResult{TestIII}{}{Setup}{Correct}{}{}{2.423}%
\StoreBenchExecResult{TestIII}{}{Setup}{Correct}{}{Min}{1.206}%
\StoreBenchExecResult{TestIII}{}{Setup}{Correct}{}{Max}{1.217}%
\StoreBenchExecResult{TestIII}{}{Setup}{Correct}{}{Avg}{1.2115}%
\StoreBenchExecResult{TestIII}{}{Setup}{Correct}{}{Median}{1.2115}%
\StoreBenchExecResult{TestIII}{}{Setup}{Correct}{}{Stdev}{0.00550000000000}%
\StoreBenchExecResult{TestIII}{}{Setup}{Correct}{False}{}{2.423}%
\StoreBenchExecResult{TestIII}{}{Setup}{Correct}{False}{Min}{1.206}%
\StoreBenchExecResult{TestIII}{}{Setup}{Correct}{False}{Max}{1.217}%
\StoreBenchExecResult{TestIII}{}{Setup}{Correct}{False}{Avg}{1.2115}%
\StoreBenchExecResult{TestIII}{}{Setup}{Correct}{False}{Median}{1.2115}%
\StoreBenchExecResult{TestIII}{}{Setup}{Correct}{False}{Stdev}{0.00550000000000}%
\StoreBenchExecResult{TestIII}{}{VariableCount}{Total}{}{}{212}%
\StoreBenchExecResult{TestIII}{}{VariableCount}{Total}{}{Min}{0}%
\StoreBenchExecResult{TestIII}{}{VariableCount}{Total}{}{Max}{212}%
\StoreBenchExecResult{TestIII}{}{VariableCount}{Total}{}{Avg}{53}%
\StoreBenchExecResult{TestIII}{}{VariableCount}{Total}{}{Median}{0}%
\StoreBenchExecResult{TestIII}{}{VariableCount}{Total}{}{Stdev}{91.79869280115049655695465610}%
\StoreBenchExecResult{TestIII}{}{VariableCount}{Correct}{}{}{0}%
\StoreBenchExecResult{TestIII}{}{VariableCount}{Correct}{}{Min}{0}%
\StoreBenchExecResult{TestIII}{}{VariableCount}{Correct}{}{Max}{0}%
\StoreBenchExecResult{TestIII}{}{VariableCount}{Correct}{}{Avg}{0}%
\StoreBenchExecResult{TestIII}{}{VariableCount}{Correct}{}{Median}{0}%
\StoreBenchExecResult{TestIII}{}{VariableCount}{Correct}{}{Stdev}{0.00000000000000}%
\StoreBenchExecResult{TestIII}{}{VariableCount}{Correct}{False}{}{0}%
\StoreBenchExecResult{TestIII}{}{VariableCount}{Correct}{False}{Min}{0}%
\StoreBenchExecResult{TestIII}{}{VariableCount}{Correct}{False}{Max}{0}%
\StoreBenchExecResult{TestIII}{}{VariableCount}{Correct}{False}{Avg}{0}%
\StoreBenchExecResult{TestIII}{}{VariableCount}{Correct}{False}{Median}{0}%
\StoreBenchExecResult{TestIII}{}{VariableCount}{Correct}{False}{Stdev}{0.00000000000000}%