% The following definition defines a command for each value.
% The command name is the concatenation of the first six arguments.
% To override this definition, define \StoreBenchExecResult with \newcommand before including this file.
% Arguments: benchmark name, run-set name, category, status, column name, statistic, value
\providecommand\StoreBenchExecResult[7]{\expandafter\newcommand\csname#1#2#3#4#5#6\endcsname{#7}}%
\StoreBenchExecResult{Test}{}{Status}{Score}{}{}{0}%
\StoreBenchExecResult{Test}{}{Status}{Total}{}{}{3}%
\StoreBenchExecResult{Test}{}{Status}{Correct}{}{}{2}%
\StoreBenchExecResult{Test}{}{Status}{Correct}{True}{}{2}%
\StoreBenchExecResult{Test}{}{Status}{Correct}{False}{}{0}%
\StoreBenchExecResult{Test}{}{Status}{Correct}{Unconfirmed}{}{0}%
\StoreBenchExecResult{Test}{}{Status}{CorrectUnconfirmed}{True}{}{0}%
\StoreBenchExecResult{Test}{}{Status}{CorrectUnconfirmed}{False}{}{0}%
\StoreBenchExecResult{Test}{}{Status}{Wrong}{}{}{1}%
\StoreBenchExecResult{Test}{}{Status}{Wrong}{True}{}{1}%
\StoreBenchExecResult{Test}{}{Status}{Wrong}{False}{}{0}%
\StoreBenchExecResult{Test}{}{Cputime}{Total}{}{}{6.457379935}%
\StoreBenchExecResult{Test}{}{Cputime}{Total}{}{Min}{2.058647067}%
\StoreBenchExecResult{Test}{}{Cputime}{Total}{}{Max}{2.22954344}%
\StoreBenchExecResult{Test}{}{Cputime}{Total}{}{Avg}{2.152459978333333333333333333}%
\StoreBenchExecResult{Test}{}{Cputime}{Total}{}{Median}{2.169189428}%
\StoreBenchExecResult{Test}{}{Cputime}{Total}{}{Stdev}{0.07076391943521751317556765839}%
\StoreBenchExecResult{Test}{}{Cputime}{Correct}{}{}{4.288190507}%
\StoreBenchExecResult{Test}{}{Cputime}{Correct}{}{Min}{2.058647067}%
\StoreBenchExecResult{Test}{}{Cputime}{Correct}{}{Max}{2.22954344}%
\StoreBenchExecResult{Test}{}{Cputime}{Correct}{}{Avg}{2.1440952535}%
\StoreBenchExecResult{Test}{}{Cputime}{Correct}{}{Median}{2.1440952535}%
\StoreBenchExecResult{Test}{}{Cputime}{Correct}{}{Stdev}{0.08544818650000}%
\StoreBenchExecResult{Test}{}{Cputime}{Correct}{True}{}{4.288190507}%
\StoreBenchExecResult{Test}{}{Cputime}{Correct}{True}{Min}{2.058647067}%
\StoreBenchExecResult{Test}{}{Cputime}{Correct}{True}{Max}{2.22954344}%
\StoreBenchExecResult{Test}{}{Cputime}{Correct}{True}{Avg}{2.1440952535}%
\StoreBenchExecResult{Test}{}{Cputime}{Correct}{True}{Median}{2.1440952535}%
\StoreBenchExecResult{Test}{}{Cputime}{Correct}{True}{Stdev}{0.08544818650000}%
\StoreBenchExecResult{Test}{}{Cputime}{Wrong}{}{}{2.169189428}%
\StoreBenchExecResult{Test}{}{Cputime}{Wrong}{}{Min}{2.169189428}%
\StoreBenchExecResult{Test}{}{Cputime}{Wrong}{}{Max}{2.169189428}%
\StoreBenchExecResult{Test}{}{Cputime}{Wrong}{}{Avg}{2.169189428}%
\StoreBenchExecResult{Test}{}{Cputime}{Wrong}{}{Median}{2.169189428}%
\StoreBenchExecResult{Test}{}{Cputime}{Wrong}{}{Stdev}{0.00000000000000}%
\StoreBenchExecResult{Test}{}{Cputime}{Wrong}{True}{}{2.169189428}%
\StoreBenchExecResult{Test}{}{Cputime}{Wrong}{True}{Min}{2.169189428}%
\StoreBenchExecResult{Test}{}{Cputime}{Wrong}{True}{Max}{2.169189428}%
\StoreBenchExecResult{Test}{}{Cputime}{Wrong}{True}{Avg}{2.169189428}%
\StoreBenchExecResult{Test}{}{Cputime}{Wrong}{True}{Median}{2.169189428}%
\StoreBenchExecResult{Test}{}{Cputime}{Wrong}{True}{Stdev}{0.00000000000000}%
\StoreBenchExecResult{Test}{}{Walltime}{Total}{}{}{6.4819035530090333}%
\StoreBenchExecResult{Test}{}{Walltime}{Total}{}{Min}{2.0664572715759277}%
\StoreBenchExecResult{Test}{}{Walltime}{Total}{}{Max}{2.237081289291382}%
\StoreBenchExecResult{Test}{}{Walltime}{Total}{}{Avg}{2.160634517669677766666666667}%
\StoreBenchExecResult{Test}{}{Walltime}{Total}{}{Median}{2.1783649921417236}%
\StoreBenchExecResult{Test}{}{Walltime}{Total}{}{Stdev}{0.07077624907219378505690659741}%
\StoreBenchExecResult{Test}{}{Walltime}{Correct}{}{}{4.3035385608673097}%
\StoreBenchExecResult{Test}{}{Walltime}{Correct}{}{Min}{2.0664572715759277}%
\StoreBenchExecResult{Test}{}{Walltime}{Correct}{}{Max}{2.237081289291382}%
\StoreBenchExecResult{Test}{}{Walltime}{Correct}{}{Avg}{2.15176928043365485}%
\StoreBenchExecResult{Test}{}{Walltime}{Correct}{}{Median}{2.15176928043365485}%
\StoreBenchExecResult{Test}{}{Walltime}{Correct}{}{Stdev}{0.08531200885772714999999999999}%
\StoreBenchExecResult{Test}{}{Walltime}{Correct}{True}{}{4.3035385608673097}%
\StoreBenchExecResult{Test}{}{Walltime}{Correct}{True}{Min}{2.0664572715759277}%
\StoreBenchExecResult{Test}{}{Walltime}{Correct}{True}{Max}{2.237081289291382}%
\StoreBenchExecResult{Test}{}{Walltime}{Correct}{True}{Avg}{2.15176928043365485}%
\StoreBenchExecResult{Test}{}{Walltime}{Correct}{True}{Median}{2.15176928043365485}%
\StoreBenchExecResult{Test}{}{Walltime}{Correct}{True}{Stdev}{0.08531200885772714999999999999}%
\StoreBenchExecResult{Test}{}{Walltime}{Wrong}{}{}{2.1783649921417236}%
\StoreBenchExecResult{Test}{}{Walltime}{Wrong}{}{Min}{2.1783649921417236}%
\StoreBenchExecResult{Test}{}{Walltime}{Wrong}{}{Max}{2.1783649921417236}%
\StoreBenchExecResult{Test}{}{Walltime}{Wrong}{}{Avg}{2.1783649921417236}%
\StoreBenchExecResult{Test}{}{Walltime}{Wrong}{}{Median}{2.1783649921417236}%
\StoreBenchExecResult{Test}{}{Walltime}{Wrong}{}{Stdev}{0.0000000000000000}%
\StoreBenchExecResult{Test}{}{Walltime}{Wrong}{True}{}{2.1783649921417236}%
\StoreBenchExecResult{Test}{}{Walltime}{Wrong}{True}{Min}{2.1783649921417236}%
\StoreBenchExecResult{Test}{}{Walltime}{Wrong}{True}{Max}{2.1783649921417236}%
\StoreBenchExecResult{Test}{}{Walltime}{Wrong}{True}{Avg}{2.1783649921417236}%
\StoreBenchExecResult{Test}{}{Walltime}{Wrong}{True}{Median}{2.1783649921417236}%
\StoreBenchExecResult{Test}{}{Walltime}{Wrong}{True}{Stdev}{0.0000000000000000}%
\StoreBenchExecResult{Test}{}{MemUsage}{Total}{}{}{386682880}%
\StoreBenchExecResult{Test}{}{MemUsage}{Total}{}{Min}{126312448}%
\StoreBenchExecResult{Test}{}{MemUsage}{Total}{}{Max}{132337664}%
\StoreBenchExecResult{Test}{}{MemUsage}{Total}{}{Avg}{128894293.3333333333333333333}%
\StoreBenchExecResult{Test}{}{MemUsage}{Total}{}{Median}{128032768}%
\StoreBenchExecResult{Test}{}{MemUsage}{Total}{}{Stdev}{2534097.654872483840250024194}%
\StoreBenchExecResult{Test}{}{MemUsage}{Correct}{}{}{258650112}%
\StoreBenchExecResult{Test}{}{MemUsage}{Correct}{}{Min}{126312448}%
\StoreBenchExecResult{Test}{}{MemUsage}{Correct}{}{Max}{132337664}%
\StoreBenchExecResult{Test}{}{MemUsage}{Correct}{}{Avg}{129325056}%
\StoreBenchExecResult{Test}{}{MemUsage}{Correct}{}{Median}{129325056}%
\StoreBenchExecResult{Test}{}{MemUsage}{Correct}{}{Stdev}{3012608.0000000}%
\StoreBenchExecResult{Test}{}{MemUsage}{Correct}{True}{}{258650112}%
\StoreBenchExecResult{Test}{}{MemUsage}{Correct}{True}{Min}{126312448}%
\StoreBenchExecResult{Test}{}{MemUsage}{Correct}{True}{Max}{132337664}%
\StoreBenchExecResult{Test}{}{MemUsage}{Correct}{True}{Avg}{129325056}%
\StoreBenchExecResult{Test}{}{MemUsage}{Correct}{True}{Median}{129325056}%
\StoreBenchExecResult{Test}{}{MemUsage}{Correct}{True}{Stdev}{3012608.0000000}%
\StoreBenchExecResult{Test}{}{MemUsage}{Wrong}{}{}{128032768}%
\StoreBenchExecResult{Test}{}{MemUsage}{Wrong}{}{Min}{128032768}%
\StoreBenchExecResult{Test}{}{MemUsage}{Wrong}{}{Max}{128032768}%
\StoreBenchExecResult{Test}{}{MemUsage}{Wrong}{}{Avg}{128032768}%
\StoreBenchExecResult{Test}{}{MemUsage}{Wrong}{}{Median}{128032768}%
\StoreBenchExecResult{Test}{}{MemUsage}{Wrong}{}{Stdev}{0.00000000000000}%
\StoreBenchExecResult{Test}{}{MemUsage}{Wrong}{True}{}{128032768}%
\StoreBenchExecResult{Test}{}{MemUsage}{Wrong}{True}{Min}{128032768}%
\StoreBenchExecResult{Test}{}{MemUsage}{Wrong}{True}{Max}{128032768}%
\StoreBenchExecResult{Test}{}{MemUsage}{Wrong}{True}{Avg}{128032768}%
\StoreBenchExecResult{Test}{}{MemUsage}{Wrong}{True}{Median}{128032768}%
\StoreBenchExecResult{Test}{}{MemUsage}{Wrong}{True}{Stdev}{0.00000000000000}%
\StoreBenchExecResult{Test}{}{Status}{Score}{}{}{0}%
\StoreBenchExecResult{Test}{}{Status}{Total}{}{}{2}%
\StoreBenchExecResult{Test}{}{Status}{Correct}{}{}{1}%
\StoreBenchExecResult{Test}{}{Status}{Correct}{True}{}{0}%
\StoreBenchExecResult{Test}{}{Status}{Correct}{False}{}{1}%
\StoreBenchExecResult{Test}{}{Status}{Correct}{Unconfirmed}{}{0}%
\StoreBenchExecResult{Test}{}{Status}{CorrectUnconfirmed}{True}{}{0}%
\StoreBenchExecResult{Test}{}{Status}{CorrectUnconfirmed}{False}{}{0}%
\StoreBenchExecResult{Test}{}{Status}{Wrong}{}{}{0}%
\StoreBenchExecResult{Test}{}{Status}{Wrong}{True}{}{0}%
\StoreBenchExecResult{Test}{}{Status}{Wrong}{False}{}{0}%
\StoreBenchExecResult{Test}{}{Cputime}{Total}{}{}{4.321253817}%
\StoreBenchExecResult{Test}{}{Cputime}{Total}{}{Min}{2.117287256}%
\StoreBenchExecResult{Test}{}{Cputime}{Total}{}{Max}{2.203966561}%
\StoreBenchExecResult{Test}{}{Cputime}{Total}{}{Avg}{2.1606269085}%
\StoreBenchExecResult{Test}{}{Cputime}{Total}{}{Median}{2.1606269085}%
\StoreBenchExecResult{Test}{}{Cputime}{Total}{}{Stdev}{0.04333965250000}%
\StoreBenchExecResult{Test}{}{Cputime}{Correct}{}{}{2.117287256}%
\StoreBenchExecResult{Test}{}{Cputime}{Correct}{}{Min}{2.117287256}%
\StoreBenchExecResult{Test}{}{Cputime}{Correct}{}{Max}{2.117287256}%
\StoreBenchExecResult{Test}{}{Cputime}{Correct}{}{Avg}{2.117287256}%
\StoreBenchExecResult{Test}{}{Cputime}{Correct}{}{Median}{2.117287256}%
\StoreBenchExecResult{Test}{}{Cputime}{Correct}{}{Stdev}{0.00000000000000}%
\StoreBenchExecResult{Test}{}{Cputime}{Correct}{False}{}{2.117287256}%
\StoreBenchExecResult{Test}{}{Cputime}{Correct}{False}{Min}{2.117287256}%
\StoreBenchExecResult{Test}{}{Cputime}{Correct}{False}{Max}{2.117287256}%
\StoreBenchExecResult{Test}{}{Cputime}{Correct}{False}{Avg}{2.117287256}%
\StoreBenchExecResult{Test}{}{Cputime}{Correct}{False}{Median}{2.117287256}%
\StoreBenchExecResult{Test}{}{Cputime}{Correct}{False}{Stdev}{0.00000000000000}%
\StoreBenchExecResult{Test}{}{Walltime}{Total}{}{}{4.3399436473846435}%
\StoreBenchExecResult{Test}{}{Walltime}{Total}{}{Min}{2.1272354125976562}%
\StoreBenchExecResult{Test}{}{Walltime}{Total}{}{Max}{2.2127082347869873}%
\StoreBenchExecResult{Test}{}{Walltime}{Total}{}{Avg}{2.16997182369232175}%
\StoreBenchExecResult{Test}{}{Walltime}{Total}{}{Median}{2.16997182369232175}%
\StoreBenchExecResult{Test}{}{Walltime}{Total}{}{Stdev}{0.04273641109466555000000000000}%
\StoreBenchExecResult{Test}{}{Walltime}{Correct}{}{}{2.1272354125976562}%
\StoreBenchExecResult{Test}{}{Walltime}{Correct}{}{Min}{2.1272354125976562}%
\StoreBenchExecResult{Test}{}{Walltime}{Correct}{}{Max}{2.1272354125976562}%
\StoreBenchExecResult{Test}{}{Walltime}{Correct}{}{Avg}{2.1272354125976562}%
\StoreBenchExecResult{Test}{}{Walltime}{Correct}{}{Median}{2.1272354125976562}%
\StoreBenchExecResult{Test}{}{Walltime}{Correct}{}{Stdev}{0.0000000000000000}%
\StoreBenchExecResult{Test}{}{Walltime}{Correct}{False}{}{2.1272354125976562}%
\StoreBenchExecResult{Test}{}{Walltime}{Correct}{False}{Min}{2.1272354125976562}%
\StoreBenchExecResult{Test}{}{Walltime}{Correct}{False}{Max}{2.1272354125976562}%
\StoreBenchExecResult{Test}{}{Walltime}{Correct}{False}{Avg}{2.1272354125976562}%
\StoreBenchExecResult{Test}{}{Walltime}{Correct}{False}{Median}{2.1272354125976562}%
\StoreBenchExecResult{Test}{}{Walltime}{Correct}{False}{Stdev}{0.0000000000000000}%
\StoreBenchExecResult{Test}{}{MemUsage}{Total}{}{}{263868416}%
\StoreBenchExecResult{Test}{}{MemUsage}{Total}{}{Min}{130293760}%
\StoreBenchExecResult{Test}{}{MemUsage}{Total}{}{Max}{133574656}%
\StoreBenchExecResult{Test}{}{MemUsage}{Total}{}{Avg}{131934208}%
\StoreBenchExecResult{Test}{}{MemUsage}{Total}{}{Median}{131934208}%
\StoreBenchExecResult{Test}{}{MemUsage}{Total}{}{Stdev}{1640448.00000000}%
\StoreBenchExecResult{Test}{}{MemUsage}{Correct}{}{}{133574656}%
\StoreBenchExecResult{Test}{}{MemUsage}{Correct}{}{Min}{133574656}%
\StoreBenchExecResult{Test}{}{MemUsage}{Correct}{}{Max}{133574656}%
\StoreBenchExecResult{Test}{}{MemUsage}{Correct}{}{Avg}{133574656}%
\StoreBenchExecResult{Test}{}{MemUsage}{Correct}{}{Median}{133574656}%
\StoreBenchExecResult{Test}{}{MemUsage}{Correct}{}{Stdev}{0.00000000000000}%
\StoreBenchExecResult{Test}{}{MemUsage}{Correct}{False}{}{133574656}%
\StoreBenchExecResult{Test}{}{MemUsage}{Correct}{False}{Min}{133574656}%
\StoreBenchExecResult{Test}{}{MemUsage}{Correct}{False}{Max}{133574656}%
\StoreBenchExecResult{Test}{}{MemUsage}{Correct}{False}{Avg}{133574656}%
\StoreBenchExecResult{Test}{}{MemUsage}{Correct}{False}{Median}{133574656}%
\StoreBenchExecResult{Test}{}{MemUsage}{Correct}{False}{Stdev}{0.00000000000000}%
\StoreBenchExecResult{Test}{}{Status}{Score}{}{}{0}%
\StoreBenchExecResult{Test}{}{Status}{Total}{}{}{3}%
\StoreBenchExecResult{Test}{}{Status}{Correct}{}{}{2}%
\StoreBenchExecResult{Test}{}{Status}{Correct}{True}{}{2}%
\StoreBenchExecResult{Test}{}{Status}{Correct}{False}{}{0}%
\StoreBenchExecResult{Test}{}{Status}{Correct}{Unconfirmed}{}{0}%
\StoreBenchExecResult{Test}{}{Status}{CorrectUnconfirmed}{True}{}{0}%
\StoreBenchExecResult{Test}{}{Status}{CorrectUnconfirmed}{False}{}{0}%
\StoreBenchExecResult{Test}{}{Status}{Wrong}{}{}{1}%
\StoreBenchExecResult{Test}{}{Status}{Wrong}{True}{}{1}%
\StoreBenchExecResult{Test}{}{Status}{Wrong}{False}{}{0}%
\StoreBenchExecResult{Test}{}{Cputime}{Total}{}{}{5.659416197}%
\StoreBenchExecResult{Test}{}{Cputime}{Total}{}{Min}{1.850979621}%
\StoreBenchExecResult{Test}{}{Cputime}{Total}{}{Max}{1.949553467}%
\StoreBenchExecResult{Test}{}{Cputime}{Total}{}{Avg}{1.886472065666666666666666667}%
\StoreBenchExecResult{Test}{}{Cputime}{Total}{}{Median}{1.858883109}%
\StoreBenchExecResult{Test}{}{Cputime}{Total}{}{Stdev}{0.04472183416240391880895570358}%
\StoreBenchExecResult{Test}{}{Cputime}{Correct}{}{}{3.800533088}%
\StoreBenchExecResult{Test}{}{Cputime}{Correct}{}{Min}{1.850979621}%
\StoreBenchExecResult{Test}{}{Cputime}{Correct}{}{Max}{1.949553467}%
\StoreBenchExecResult{Test}{}{Cputime}{Correct}{}{Avg}{1.900266544}%
\StoreBenchExecResult{Test}{}{Cputime}{Correct}{}{Median}{1.900266544}%
\StoreBenchExecResult{Test}{}{Cputime}{Correct}{}{Stdev}{0.04928692300000}%
\StoreBenchExecResult{Test}{}{Cputime}{Correct}{True}{}{3.800533088}%
\StoreBenchExecResult{Test}{}{Cputime}{Correct}{True}{Min}{1.850979621}%
\StoreBenchExecResult{Test}{}{Cputime}{Correct}{True}{Max}{1.949553467}%
\StoreBenchExecResult{Test}{}{Cputime}{Correct}{True}{Avg}{1.900266544}%
\StoreBenchExecResult{Test}{}{Cputime}{Correct}{True}{Median}{1.900266544}%
\StoreBenchExecResult{Test}{}{Cputime}{Correct}{True}{Stdev}{0.04928692300000}%
\StoreBenchExecResult{Test}{}{Cputime}{Wrong}{}{}{1.858883109}%
\StoreBenchExecResult{Test}{}{Cputime}{Wrong}{}{Min}{1.858883109}%
\StoreBenchExecResult{Test}{}{Cputime}{Wrong}{}{Max}{1.858883109}%
\StoreBenchExecResult{Test}{}{Cputime}{Wrong}{}{Avg}{1.858883109}%
\StoreBenchExecResult{Test}{}{Cputime}{Wrong}{}{Median}{1.858883109}%
\StoreBenchExecResult{Test}{}{Cputime}{Wrong}{}{Stdev}{0.00000000000000}%
\StoreBenchExecResult{Test}{}{Cputime}{Wrong}{True}{}{1.858883109}%
\StoreBenchExecResult{Test}{}{Cputime}{Wrong}{True}{Min}{1.858883109}%
\StoreBenchExecResult{Test}{}{Cputime}{Wrong}{True}{Max}{1.858883109}%
\StoreBenchExecResult{Test}{}{Cputime}{Wrong}{True}{Avg}{1.858883109}%
\StoreBenchExecResult{Test}{}{Cputime}{Wrong}{True}{Median}{1.858883109}%
\StoreBenchExecResult{Test}{}{Cputime}{Wrong}{True}{Stdev}{0.00000000000000}%
\StoreBenchExecResult{Test}{}{Walltime}{Total}{}{}{5.6831195354461671}%
\StoreBenchExecResult{Test}{}{Walltime}{Total}{}{Min}{1.8589563369750977}%
\StoreBenchExecResult{Test}{}{Walltime}{Total}{}{Max}{1.957531213760376}%
\StoreBenchExecResult{Test}{}{Walltime}{Total}{}{Avg}{1.8943731784820557}%
\StoreBenchExecResult{Test}{}{Walltime}{Total}{}{Median}{1.8666319847106934}%
\StoreBenchExecResult{Test}{}{Walltime}{Total}{}{Stdev}{0.04476927485976219182126310395}%
\StoreBenchExecResult{Test}{}{Walltime}{Correct}{}{}{3.8164875507354737}%
\StoreBenchExecResult{Test}{}{Walltime}{Correct}{}{Min}{1.8589563369750977}%
\StoreBenchExecResult{Test}{}{Walltime}{Correct}{}{Max}{1.957531213760376}%
\StoreBenchExecResult{Test}{}{Walltime}{Correct}{}{Avg}{1.90824377536773685}%
\StoreBenchExecResult{Test}{}{Walltime}{Correct}{}{Median}{1.90824377536773685}%
\StoreBenchExecResult{Test}{}{Walltime}{Correct}{}{Stdev}{0.04928743839263915000000000000}%
\StoreBenchExecResult{Test}{}{Walltime}{Correct}{True}{}{3.8164875507354737}%
\StoreBenchExecResult{Test}{}{Walltime}{Correct}{True}{Min}{1.8589563369750977}%
\StoreBenchExecResult{Test}{}{Walltime}{Correct}{True}{Max}{1.957531213760376}%
\StoreBenchExecResult{Test}{}{Walltime}{Correct}{True}{Avg}{1.90824377536773685}%
\StoreBenchExecResult{Test}{}{Walltime}{Correct}{True}{Median}{1.90824377536773685}%
\StoreBenchExecResult{Test}{}{Walltime}{Correct}{True}{Stdev}{0.04928743839263915000000000000}%
\StoreBenchExecResult{Test}{}{Walltime}{Wrong}{}{}{1.8666319847106934}%
\StoreBenchExecResult{Test}{}{Walltime}{Wrong}{}{Min}{1.8666319847106934}%
\StoreBenchExecResult{Test}{}{Walltime}{Wrong}{}{Max}{1.8666319847106934}%
\StoreBenchExecResult{Test}{}{Walltime}{Wrong}{}{Avg}{1.8666319847106934}%
\StoreBenchExecResult{Test}{}{Walltime}{Wrong}{}{Median}{1.8666319847106934}%
\StoreBenchExecResult{Test}{}{Walltime}{Wrong}{}{Stdev}{0.0000000000000000}%
\StoreBenchExecResult{Test}{}{Walltime}{Wrong}{True}{}{1.8666319847106934}%
\StoreBenchExecResult{Test}{}{Walltime}{Wrong}{True}{Min}{1.8666319847106934}%
\StoreBenchExecResult{Test}{}{Walltime}{Wrong}{True}{Max}{1.8666319847106934}%
\StoreBenchExecResult{Test}{}{Walltime}{Wrong}{True}{Avg}{1.8666319847106934}%
\StoreBenchExecResult{Test}{}{Walltime}{Wrong}{True}{Median}{1.8666319847106934}%
\StoreBenchExecResult{Test}{}{Walltime}{Wrong}{True}{Stdev}{0.0000000000000000}%
\StoreBenchExecResult{Test}{}{MemUsage}{Total}{}{}{388911104}%
\StoreBenchExecResult{Test}{}{MemUsage}{Total}{}{Min}{128536576}%
\StoreBenchExecResult{Test}{}{MemUsage}{Total}{}{Max}{130568192}%
\StoreBenchExecResult{Test}{}{MemUsage}{Total}{}{Avg}{129637034.6666666666666666667}%
\StoreBenchExecResult{Test}{}{MemUsage}{Total}{}{Median}{129806336}%
\StoreBenchExecResult{Test}{}{MemUsage}{Total}{}{Stdev}{837998.8460474685456110017280}%
\StoreBenchExecResult{Test}{}{MemUsage}{Correct}{}{}{258342912}%
\StoreBenchExecResult{Test}{}{MemUsage}{Correct}{}{Min}{128536576}%
\StoreBenchExecResult{Test}{}{MemUsage}{Correct}{}{Max}{129806336}%
\StoreBenchExecResult{Test}{}{MemUsage}{Correct}{}{Avg}{129171456}%
\StoreBenchExecResult{Test}{}{MemUsage}{Correct}{}{Median}{129171456}%
\StoreBenchExecResult{Test}{}{MemUsage}{Correct}{}{Stdev}{634880.00000000}%
\StoreBenchExecResult{Test}{}{MemUsage}{Correct}{True}{}{258342912}%
\StoreBenchExecResult{Test}{}{MemUsage}{Correct}{True}{Min}{128536576}%
\StoreBenchExecResult{Test}{}{MemUsage}{Correct}{True}{Max}{129806336}%
\StoreBenchExecResult{Test}{}{MemUsage}{Correct}{True}{Avg}{129171456}%
\StoreBenchExecResult{Test}{}{MemUsage}{Correct}{True}{Median}{129171456}%
\StoreBenchExecResult{Test}{}{MemUsage}{Correct}{True}{Stdev}{634880.00000000}%
\StoreBenchExecResult{Test}{}{MemUsage}{Wrong}{}{}{130568192}%
\StoreBenchExecResult{Test}{}{MemUsage}{Wrong}{}{Min}{130568192}%
\StoreBenchExecResult{Test}{}{MemUsage}{Wrong}{}{Max}{130568192}%
\StoreBenchExecResult{Test}{}{MemUsage}{Wrong}{}{Avg}{130568192}%
\StoreBenchExecResult{Test}{}{MemUsage}{Wrong}{}{Median}{130568192}%
\StoreBenchExecResult{Test}{}{MemUsage}{Wrong}{}{Stdev}{0.00000000000000}%
\StoreBenchExecResult{Test}{}{MemUsage}{Wrong}{True}{}{130568192}%
\StoreBenchExecResult{Test}{}{MemUsage}{Wrong}{True}{Min}{130568192}%
\StoreBenchExecResult{Test}{}{MemUsage}{Wrong}{True}{Max}{130568192}%
\StoreBenchExecResult{Test}{}{MemUsage}{Wrong}{True}{Avg}{130568192}%
\StoreBenchExecResult{Test}{}{MemUsage}{Wrong}{True}{Median}{130568192}%
\StoreBenchExecResult{Test}{}{MemUsage}{Wrong}{True}{Stdev}{0.00000000000000}%
\StoreBenchExecResult{Test}{}{Status}{Score}{}{}{0}%
\StoreBenchExecResult{Test}{}{Status}{Total}{}{}{2}%
\StoreBenchExecResult{Test}{}{Status}{Correct}{}{}{1}%
\StoreBenchExecResult{Test}{}{Status}{Correct}{True}{}{0}%
\StoreBenchExecResult{Test}{}{Status}{Correct}{False}{}{1}%
\StoreBenchExecResult{Test}{}{Status}{Correct}{Unconfirmed}{}{0}%
\StoreBenchExecResult{Test}{}{Status}{CorrectUnconfirmed}{True}{}{0}%
\StoreBenchExecResult{Test}{}{Status}{CorrectUnconfirmed}{False}{}{0}%
\StoreBenchExecResult{Test}{}{Status}{Wrong}{}{}{0}%
\StoreBenchExecResult{Test}{}{Status}{Wrong}{True}{}{0}%
\StoreBenchExecResult{Test}{}{Status}{Wrong}{False}{}{0}%
\StoreBenchExecResult{Test}{}{Cputime}{Total}{}{}{3.629164269}%
\StoreBenchExecResult{Test}{}{Cputime}{Total}{}{Min}{1.812178923}%
\StoreBenchExecResult{Test}{}{Cputime}{Total}{}{Max}{1.816985346}%
\StoreBenchExecResult{Test}{}{Cputime}{Total}{}{Avg}{1.8145821345}%
\StoreBenchExecResult{Test}{}{Cputime}{Total}{}{Median}{1.8145821345}%
\StoreBenchExecResult{Test}{}{Cputime}{Total}{}{Stdev}{0.00240321150000}%
\StoreBenchExecResult{Test}{}{Cputime}{Correct}{}{}{1.816985346}%
\StoreBenchExecResult{Test}{}{Cputime}{Correct}{}{Min}{1.816985346}%
\StoreBenchExecResult{Test}{}{Cputime}{Correct}{}{Max}{1.816985346}%
\StoreBenchExecResult{Test}{}{Cputime}{Correct}{}{Avg}{1.816985346}%
\StoreBenchExecResult{Test}{}{Cputime}{Correct}{}{Median}{1.816985346}%
\StoreBenchExecResult{Test}{}{Cputime}{Correct}{}{Stdev}{0.00000000000000}%
\StoreBenchExecResult{Test}{}{Cputime}{Correct}{False}{}{1.816985346}%
\StoreBenchExecResult{Test}{}{Cputime}{Correct}{False}{Min}{1.816985346}%
\StoreBenchExecResult{Test}{}{Cputime}{Correct}{False}{Max}{1.816985346}%
\StoreBenchExecResult{Test}{}{Cputime}{Correct}{False}{Avg}{1.816985346}%
\StoreBenchExecResult{Test}{}{Cputime}{Correct}{False}{Median}{1.816985346}%
\StoreBenchExecResult{Test}{}{Cputime}{Correct}{False}{Stdev}{0.00000000000000}%
\StoreBenchExecResult{Test}{}{Walltime}{Total}{}{}{3.6442215442657470}%
\StoreBenchExecResult{Test}{}{Walltime}{Total}{}{Min}{1.8193717002868652}%
\StoreBenchExecResult{Test}{}{Walltime}{Total}{}{Max}{1.8248498439788818}%
\StoreBenchExecResult{Test}{}{Walltime}{Total}{}{Avg}{1.8221107721328735}%
\StoreBenchExecResult{Test}{}{Walltime}{Total}{}{Median}{1.8221107721328735}%
\StoreBenchExecResult{Test}{}{Walltime}{Total}{}{Stdev}{0.0027390718460083}%
\StoreBenchExecResult{Test}{}{Walltime}{Correct}{}{}{1.8248498439788818}%
\StoreBenchExecResult{Test}{}{Walltime}{Correct}{}{Min}{1.8248498439788818}%
\StoreBenchExecResult{Test}{}{Walltime}{Correct}{}{Max}{1.8248498439788818}%
\StoreBenchExecResult{Test}{}{Walltime}{Correct}{}{Avg}{1.8248498439788818}%
\StoreBenchExecResult{Test}{}{Walltime}{Correct}{}{Median}{1.8248498439788818}%
\StoreBenchExecResult{Test}{}{Walltime}{Correct}{}{Stdev}{0.0000000000000000}%
\StoreBenchExecResult{Test}{}{Walltime}{Correct}{False}{}{1.8248498439788818}%
\StoreBenchExecResult{Test}{}{Walltime}{Correct}{False}{Min}{1.8248498439788818}%
\StoreBenchExecResult{Test}{}{Walltime}{Correct}{False}{Max}{1.8248498439788818}%
\StoreBenchExecResult{Test}{}{Walltime}{Correct}{False}{Avg}{1.8248498439788818}%
\StoreBenchExecResult{Test}{}{Walltime}{Correct}{False}{Median}{1.8248498439788818}%
\StoreBenchExecResult{Test}{}{Walltime}{Correct}{False}{Stdev}{0.0000000000000000}%
\StoreBenchExecResult{Test}{}{MemUsage}{Total}{}{}{261783552}%
\StoreBenchExecResult{Test}{}{MemUsage}{Total}{}{Min}{130777088}%
\StoreBenchExecResult{Test}{}{MemUsage}{Total}{}{Max}{131006464}%
\StoreBenchExecResult{Test}{}{MemUsage}{Total}{}{Avg}{130891776}%
\StoreBenchExecResult{Test}{}{MemUsage}{Total}{}{Median}{130891776}%
\StoreBenchExecResult{Test}{}{MemUsage}{Total}{}{Stdev}{114688.000000000}%
\StoreBenchExecResult{Test}{}{MemUsage}{Correct}{}{}{131006464}%
\StoreBenchExecResult{Test}{}{MemUsage}{Correct}{}{Min}{131006464}%
\StoreBenchExecResult{Test}{}{MemUsage}{Correct}{}{Max}{131006464}%
\StoreBenchExecResult{Test}{}{MemUsage}{Correct}{}{Avg}{131006464}%
\StoreBenchExecResult{Test}{}{MemUsage}{Correct}{}{Median}{131006464}%
\StoreBenchExecResult{Test}{}{MemUsage}{Correct}{}{Stdev}{0.00000000000000}%
\StoreBenchExecResult{Test}{}{MemUsage}{Correct}{False}{}{131006464}%
\StoreBenchExecResult{Test}{}{MemUsage}{Correct}{False}{Min}{131006464}%
\StoreBenchExecResult{Test}{}{MemUsage}{Correct}{False}{Max}{131006464}%
\StoreBenchExecResult{Test}{}{MemUsage}{Correct}{False}{Avg}{131006464}%
\StoreBenchExecResult{Test}{}{MemUsage}{Correct}{False}{Median}{131006464}%
\StoreBenchExecResult{Test}{}{MemUsage}{Correct}{False}{Stdev}{0.00000000000000}%