% The following definition defines a command for each value.
% The command name is the concatenation of the first six arguments.
% To override this definition, define \StoreBenchExecResult with \newcommand before including this file.
% Arguments: benchmark name, runset name, column title, column category, column subcategory, statistic, value
\providecommand\StoreBenchExecResult[7]{\expandafter\newcommand\csname#1#2#3#4#5#6\endcsname{#7}}%
\StoreBenchExecResult{TestI}{PredicateAnalysis}{Status}{Score}{}{Sum}{0}%
\StoreBenchExecResult{TestI}{PredicateAnalysis}{Status}{Total}{}{Sum}{4}%
\StoreBenchExecResult{TestI}{PredicateAnalysis}{Status}{Correct}{}{Sum}{2}%
\StoreBenchExecResult{TestI}{PredicateAnalysis}{Status}{Correct}{True}{Sum}{1}%
\StoreBenchExecResult{TestI}{PredicateAnalysis}{Status}{Correct}{False}{Sum}{1}%
\StoreBenchExecResult{TestI}{PredicateAnalysis}{Status}{Correct}{Unconfirmed}{Sum}{0}%
\StoreBenchExecResult{TestI}{PredicateAnalysis}{Status}{CorrectUnconfirmed}{True}{Sum}{0}%
\StoreBenchExecResult{TestI}{PredicateAnalysis}{Status}{CorrectUnconfirmed}{False}{Sum}{0}%
\StoreBenchExecResult{TestI}{PredicateAnalysis}{Status}{Wrong}{}{Sum}{1}%
\StoreBenchExecResult{TestI}{PredicateAnalysis}{Status}{Wrong}{True}{Sum}{1}%
\StoreBenchExecResult{TestI}{PredicateAnalysis}{Status}{Wrong}{False}{Sum}{0}%
\StoreBenchExecResult{TestI}{PredicateAnalysis}{Cputime}{Total}{}{Sum}{8.860858840}%
\StoreBenchExecResult{TestI}{PredicateAnalysis}{Cputime}{Total}{}{Min}{2.169189428}%
\StoreBenchExecResult{TestI}{PredicateAnalysis}{Cputime}{Total}{}{Max}{2.272238619}%
\StoreBenchExecResult{TestI}{PredicateAnalysis}{Cputime}{Total}{}{Avg}{2.215214710}%
\StoreBenchExecResult{TestI}{PredicateAnalysis}{Cputime}{Total}{}{Median}{2.2097153965}%
\StoreBenchExecResult{TestI}{PredicateAnalysis}{Cputime}{Total}{}{Stdev}{0.03942347110807898533742669346}%
\StoreBenchExecResult{TestI}{PredicateAnalysis}{Cputime}{Total}{}{Unit}{s}%
\StoreBenchExecResult{TestI}{PredicateAnalysis}{Cputime}{Correct}{}{Sum}{4.419430793}%
\StoreBenchExecResult{TestI}{PredicateAnalysis}{Cputime}{Correct}{}{Min}{2.189887353}%
\StoreBenchExecResult{TestI}{PredicateAnalysis}{Cputime}{Correct}{}{Max}{2.22954344}%
\StoreBenchExecResult{TestI}{PredicateAnalysis}{Cputime}{Correct}{}{Avg}{2.2097153965}%
\StoreBenchExecResult{TestI}{PredicateAnalysis}{Cputime}{Correct}{}{Median}{2.2097153965}%
\StoreBenchExecResult{TestI}{PredicateAnalysis}{Cputime}{Correct}{}{Stdev}{0.01982804350000}%
\StoreBenchExecResult{TestI}{PredicateAnalysis}{Cputime}{Correct}{}{Unit}{s}%
\StoreBenchExecResult{TestI}{PredicateAnalysis}{Cputime}{Correct}{True}{Sum}{2.22954344}%
\StoreBenchExecResult{TestI}{PredicateAnalysis}{Cputime}{Correct}{True}{Min}{2.22954344}%
\StoreBenchExecResult{TestI}{PredicateAnalysis}{Cputime}{Correct}{True}{Max}{2.22954344}%
\StoreBenchExecResult{TestI}{PredicateAnalysis}{Cputime}{Correct}{True}{Avg}{2.22954344}%
\StoreBenchExecResult{TestI}{PredicateAnalysis}{Cputime}{Correct}{True}{Median}{2.22954344}%
\StoreBenchExecResult{TestI}{PredicateAnalysis}{Cputime}{Correct}{True}{Stdev}{0.00000000000000}%
\StoreBenchExecResult{TestI}{PredicateAnalysis}{Cputime}{Correct}{True}{Unit}{s}%
\StoreBenchExecResult{TestI}{PredicateAnalysis}{Cputime}{Correct}{False}{Sum}{2.189887353}%
\StoreBenchExecResult{TestI}{PredicateAnalysis}{Cputime}{Correct}{False}{Min}{2.189887353}%
\StoreBenchExecResult{TestI}{PredicateAnalysis}{Cputime}{Correct}{False}{Max}{2.189887353}%
\StoreBenchExecResult{TestI}{PredicateAnalysis}{Cputime}{Correct}{False}{Avg}{2.189887353}%
\StoreBenchExecResult{TestI}{PredicateAnalysis}{Cputime}{Correct}{False}{Median}{2.189887353}%
\StoreBenchExecResult{TestI}{PredicateAnalysis}{Cputime}{Correct}{False}{Stdev}{0.00000000000000}%
\StoreBenchExecResult{TestI}{PredicateAnalysis}{Cputime}{Correct}{False}{Unit}{s}%
\StoreBenchExecResult{TestI}{PredicateAnalysis}{Cputime}{Wrong}{}{Sum}{2.169189428}%
\StoreBenchExecResult{TestI}{PredicateAnalysis}{Cputime}{Wrong}{}{Min}{2.169189428}%
\StoreBenchExecResult{TestI}{PredicateAnalysis}{Cputime}{Wrong}{}{Max}{2.169189428}%
\StoreBenchExecResult{TestI}{PredicateAnalysis}{Cputime}{Wrong}{}{Avg}{2.169189428}%
\StoreBenchExecResult{TestI}{PredicateAnalysis}{Cputime}{Wrong}{}{Median}{2.169189428}%
\StoreBenchExecResult{TestI}{PredicateAnalysis}{Cputime}{Wrong}{}{Stdev}{0.00000000000000}%
\StoreBenchExecResult{TestI}{PredicateAnalysis}{Cputime}{Wrong}{}{Unit}{s}%
\StoreBenchExecResult{TestI}{PredicateAnalysis}{Cputime}{Wrong}{True}{Sum}{2.169189428}%
\StoreBenchExecResult{TestI}{PredicateAnalysis}{Cputime}{Wrong}{True}{Min}{2.169189428}%
\StoreBenchExecResult{TestI}{PredicateAnalysis}{Cputime}{Wrong}{True}{Max}{2.169189428}%
\StoreBenchExecResult{TestI}{PredicateAnalysis}{Cputime}{Wrong}{True}{Avg}{2.169189428}%
\StoreBenchExecResult{TestI}{PredicateAnalysis}{Cputime}{Wrong}{True}{Median}{2.169189428}%
\StoreBenchExecResult{TestI}{PredicateAnalysis}{Cputime}{Wrong}{True}{Stdev}{0.00000000000000}%
\StoreBenchExecResult{TestI}{PredicateAnalysis}{Cputime}{Wrong}{True}{Unit}{s}%
\StoreBenchExecResult{TestI}{PredicateAnalysis}{Setup}{Total}{}{Sum}{6.520}%
\StoreBenchExecResult{TestI}{PredicateAnalysis}{Setup}{Total}{}{Min}{1.587}%
\StoreBenchExecResult{TestI}{PredicateAnalysis}{Setup}{Total}{}{Max}{1.665}%
\StoreBenchExecResult{TestI}{PredicateAnalysis}{Setup}{Total}{}{Avg}{1.630}%
\StoreBenchExecResult{TestI}{PredicateAnalysis}{Setup}{Total}{}{Median}{1.634}%
\StoreBenchExecResult{TestI}{PredicateAnalysis}{Setup}{Total}{}{Stdev}{0.02874891302293010173070213880}%
\StoreBenchExecResult{TestI}{PredicateAnalysis}{Setup}{Total}{}{Unit}{s}%
\StoreBenchExecResult{TestI}{PredicateAnalysis}{Setup}{Correct}{}{Sum}{3.252}%
\StoreBenchExecResult{TestI}{PredicateAnalysis}{Setup}{Correct}{}{Min}{1.587}%
\StoreBenchExecResult{TestI}{PredicateAnalysis}{Setup}{Correct}{}{Max}{1.665}%
\StoreBenchExecResult{TestI}{PredicateAnalysis}{Setup}{Correct}{}{Avg}{1.626}%
\StoreBenchExecResult{TestI}{PredicateAnalysis}{Setup}{Correct}{}{Median}{1.626}%
\StoreBenchExecResult{TestI}{PredicateAnalysis}{Setup}{Correct}{}{Stdev}{0.03900000000000}%
\StoreBenchExecResult{TestI}{PredicateAnalysis}{Setup}{Correct}{}{Unit}{s}%
\StoreBenchExecResult{TestI}{PredicateAnalysis}{Setup}{Correct}{True}{Sum}{1.665}%
\StoreBenchExecResult{TestI}{PredicateAnalysis}{Setup}{Correct}{True}{Min}{1.665}%
\StoreBenchExecResult{TestI}{PredicateAnalysis}{Setup}{Correct}{True}{Max}{1.665}%
\StoreBenchExecResult{TestI}{PredicateAnalysis}{Setup}{Correct}{True}{Avg}{1.665}%
\StoreBenchExecResult{TestI}{PredicateAnalysis}{Setup}{Correct}{True}{Median}{1.665}%
\StoreBenchExecResult{TestI}{PredicateAnalysis}{Setup}{Correct}{True}{Stdev}{0.00000000000000}%
\StoreBenchExecResult{TestI}{PredicateAnalysis}{Setup}{Correct}{True}{Unit}{s}%
\StoreBenchExecResult{TestI}{PredicateAnalysis}{Setup}{Correct}{False}{Sum}{1.587}%
\StoreBenchExecResult{TestI}{PredicateAnalysis}{Setup}{Correct}{False}{Min}{1.587}%
\StoreBenchExecResult{TestI}{PredicateAnalysis}{Setup}{Correct}{False}{Max}{1.587}%
\StoreBenchExecResult{TestI}{PredicateAnalysis}{Setup}{Correct}{False}{Avg}{1.587}%
\StoreBenchExecResult{TestI}{PredicateAnalysis}{Setup}{Correct}{False}{Median}{1.587}%
\StoreBenchExecResult{TestI}{PredicateAnalysis}{Setup}{Correct}{False}{Stdev}{0.00000000000000}%
\StoreBenchExecResult{TestI}{PredicateAnalysis}{Setup}{Correct}{False}{Unit}{s}%
\StoreBenchExecResult{TestI}{PredicateAnalysis}{Setup}{Wrong}{}{Sum}{1.624}%
\StoreBenchExecResult{TestI}{PredicateAnalysis}{Setup}{Wrong}{}{Min}{1.624}%
\StoreBenchExecResult{TestI}{PredicateAnalysis}{Setup}{Wrong}{}{Max}{1.624}%
\StoreBenchExecResult{TestI}{PredicateAnalysis}{Setup}{Wrong}{}{Avg}{1.624}%
\StoreBenchExecResult{TestI}{PredicateAnalysis}{Setup}{Wrong}{}{Median}{1.624}%
\StoreBenchExecResult{TestI}{PredicateAnalysis}{Setup}{Wrong}{}{Stdev}{0.00000000000000}%
\StoreBenchExecResult{TestI}{PredicateAnalysis}{Setup}{Wrong}{}{Unit}{s}%
\StoreBenchExecResult{TestI}{PredicateAnalysis}{Setup}{Wrong}{True}{Sum}{1.624}%
\StoreBenchExecResult{TestI}{PredicateAnalysis}{Setup}{Wrong}{True}{Min}{1.624}%
\StoreBenchExecResult{TestI}{PredicateAnalysis}{Setup}{Wrong}{True}{Max}{1.624}%
\StoreBenchExecResult{TestI}{PredicateAnalysis}{Setup}{Wrong}{True}{Avg}{1.624}%
\StoreBenchExecResult{TestI}{PredicateAnalysis}{Setup}{Wrong}{True}{Median}{1.624}%
\StoreBenchExecResult{TestI}{PredicateAnalysis}{Setup}{Wrong}{True}{Stdev}{0.00000000000000}%
\StoreBenchExecResult{TestI}{PredicateAnalysis}{Setup}{Wrong}{True}{Unit}{s}%
\StoreBenchExecResult{TestI}{PredicateAnalysis}{SMTTime}{Total}{}{Sum}{0.070}%
\StoreBenchExecResult{TestI}{PredicateAnalysis}{SMTTime}{Total}{}{Min}{0.000}%
\StoreBenchExecResult{TestI}{PredicateAnalysis}{SMTTime}{Total}{}{Max}{0.032}%
\StoreBenchExecResult{TestI}{PredicateAnalysis}{SMTTime}{Total}{}{Avg}{0.0175}%
\StoreBenchExecResult{TestI}{PredicateAnalysis}{SMTTime}{Total}{}{Median}{0.019}%
\StoreBenchExecResult{TestI}{PredicateAnalysis}{SMTTime}{Total}{}{Stdev}{0.01143459662602927152333808715}%
\StoreBenchExecResult{TestI}{PredicateAnalysis}{SMTTime}{Total}{}{Unit}{s}%
\StoreBenchExecResult{TestI}{PredicateAnalysis}{SMTTime}{Correct}{}{Sum}{0.018}%
\StoreBenchExecResult{TestI}{PredicateAnalysis}{SMTTime}{Correct}{}{Min}{0.000}%
\StoreBenchExecResult{TestI}{PredicateAnalysis}{SMTTime}{Correct}{}{Max}{0.018}%
\StoreBenchExecResult{TestI}{PredicateAnalysis}{SMTTime}{Correct}{}{Avg}{0.009}%
\StoreBenchExecResult{TestI}{PredicateAnalysis}{SMTTime}{Correct}{}{Median}{0.009}%
\StoreBenchExecResult{TestI}{PredicateAnalysis}{SMTTime}{Correct}{}{Stdev}{0.00900000000000}%
\StoreBenchExecResult{TestI}{PredicateAnalysis}{SMTTime}{Correct}{}{Unit}{s}%
\StoreBenchExecResult{TestI}{PredicateAnalysis}{SMTTime}{Correct}{True}{Sum}{0.018}%
\StoreBenchExecResult{TestI}{PredicateAnalysis}{SMTTime}{Correct}{True}{Min}{0.018}%
\StoreBenchExecResult{TestI}{PredicateAnalysis}{SMTTime}{Correct}{True}{Max}{0.018}%
\StoreBenchExecResult{TestI}{PredicateAnalysis}{SMTTime}{Correct}{True}{Avg}{0.018}%
\StoreBenchExecResult{TestI}{PredicateAnalysis}{SMTTime}{Correct}{True}{Median}{0.018}%
\StoreBenchExecResult{TestI}{PredicateAnalysis}{SMTTime}{Correct}{True}{Stdev}{0.00000000000000}%
\StoreBenchExecResult{TestI}{PredicateAnalysis}{SMTTime}{Correct}{True}{Unit}{s}%
\StoreBenchExecResult{TestI}{PredicateAnalysis}{SMTTime}{Correct}{False}{Sum}{0.000}%
\StoreBenchExecResult{TestI}{PredicateAnalysis}{SMTTime}{Correct}{False}{Min}{0.000}%
\StoreBenchExecResult{TestI}{PredicateAnalysis}{SMTTime}{Correct}{False}{Max}{0.000}%
\StoreBenchExecResult{TestI}{PredicateAnalysis}{SMTTime}{Correct}{False}{Avg}{0.000}%
\StoreBenchExecResult{TestI}{PredicateAnalysis}{SMTTime}{Correct}{False}{Median}{0.000}%
\StoreBenchExecResult{TestI}{PredicateAnalysis}{SMTTime}{Correct}{False}{Stdev}{0.00000000000000}%
\StoreBenchExecResult{TestI}{PredicateAnalysis}{SMTTime}{Correct}{False}{Unit}{s}%
\StoreBenchExecResult{TestI}{PredicateAnalysis}{SMTTime}{Wrong}{}{Sum}{0.020}%
\StoreBenchExecResult{TestI}{PredicateAnalysis}{SMTTime}{Wrong}{}{Min}{0.020}%
\StoreBenchExecResult{TestI}{PredicateAnalysis}{SMTTime}{Wrong}{}{Max}{0.020}%
\StoreBenchExecResult{TestI}{PredicateAnalysis}{SMTTime}{Wrong}{}{Avg}{0.020}%
\StoreBenchExecResult{TestI}{PredicateAnalysis}{SMTTime}{Wrong}{}{Median}{0.020}%
\StoreBenchExecResult{TestI}{PredicateAnalysis}{SMTTime}{Wrong}{}{Stdev}{0.00000000000000}%
\StoreBenchExecResult{TestI}{PredicateAnalysis}{SMTTime}{Wrong}{}{Unit}{s}%
\StoreBenchExecResult{TestI}{PredicateAnalysis}{SMTTime}{Wrong}{True}{Sum}{0.020}%
\StoreBenchExecResult{TestI}{PredicateAnalysis}{SMTTime}{Wrong}{True}{Min}{0.020}%
\StoreBenchExecResult{TestI}{PredicateAnalysis}{SMTTime}{Wrong}{True}{Max}{0.020}%
\StoreBenchExecResult{TestI}{PredicateAnalysis}{SMTTime}{Wrong}{True}{Avg}{0.020}%
\StoreBenchExecResult{TestI}{PredicateAnalysis}{SMTTime}{Wrong}{True}{Median}{0.020}%
\StoreBenchExecResult{TestI}{PredicateAnalysis}{SMTTime}{Wrong}{True}{Stdev}{0.00000000000000}%
\StoreBenchExecResult{TestI}{PredicateAnalysis}{SMTTime}{Wrong}{True}{Unit}{s}%
\StoreBenchExecResult{TestI}{ValueAnalysis}{Status}{Score}{}{Sum}{0}%
\StoreBenchExecResult{TestI}{ValueAnalysis}{Status}{Total}{}{Sum}{4}%
\StoreBenchExecResult{TestI}{ValueAnalysis}{Status}{Correct}{}{Sum}{2}%
\StoreBenchExecResult{TestI}{ValueAnalysis}{Status}{Correct}{True}{Sum}{0}%
\StoreBenchExecResult{TestI}{ValueAnalysis}{Status}{Correct}{False}{Sum}{2}%
\StoreBenchExecResult{TestI}{ValueAnalysis}{Status}{Correct}{Unconfirmed}{Sum}{0}%
\StoreBenchExecResult{TestI}{ValueAnalysis}{Status}{CorrectUnconfirmed}{True}{Sum}{0}%
\StoreBenchExecResult{TestI}{ValueAnalysis}{Status}{CorrectUnconfirmed}{False}{Sum}{0}%
\StoreBenchExecResult{TestI}{ValueAnalysis}{Status}{Wrong}{}{Sum}{0}%
\StoreBenchExecResult{TestI}{ValueAnalysis}{Status}{Wrong}{True}{Sum}{0}%
\StoreBenchExecResult{TestI}{ValueAnalysis}{Status}{Wrong}{False}{Sum}{0}%
\StoreBenchExecResult{TestI}{ValueAnalysis}{Cputime}{Total}{}{Sum}{8.499181053}%
\StoreBenchExecResult{TestI}{ValueAnalysis}{Cputime}{Total}{}{Min}{2.018490461}%
\StoreBenchExecResult{TestI}{ValueAnalysis}{Cputime}{Total}{}{Max}{2.203966561}%
\StoreBenchExecResult{TestI}{ValueAnalysis}{Cputime}{Total}{}{Avg}{2.12479526325}%
\StoreBenchExecResult{TestI}{ValueAnalysis}{Cputime}{Total}{}{Median}{2.1383620155}%
\StoreBenchExecResult{TestI}{ValueAnalysis}{Cputime}{Total}{}{Stdev}{0.06860249608801089525776206682}%
\StoreBenchExecResult{TestI}{ValueAnalysis}{Cputime}{Total}{}{Unit}{s}%
\StoreBenchExecResult{TestI}{ValueAnalysis}{Cputime}{Correct}{}{Sum}{4.276724031}%
\StoreBenchExecResult{TestI}{ValueAnalysis}{Cputime}{Correct}{}{Min}{2.117287256}%
\StoreBenchExecResult{TestI}{ValueAnalysis}{Cputime}{Correct}{}{Max}{2.159436775}%
\StoreBenchExecResult{TestI}{ValueAnalysis}{Cputime}{Correct}{}{Avg}{2.1383620155}%
\StoreBenchExecResult{TestI}{ValueAnalysis}{Cputime}{Correct}{}{Median}{2.1383620155}%
\StoreBenchExecResult{TestI}{ValueAnalysis}{Cputime}{Correct}{}{Stdev}{0.02107475950000}%
\StoreBenchExecResult{TestI}{ValueAnalysis}{Cputime}{Correct}{}{Unit}{s}%
\StoreBenchExecResult{TestI}{ValueAnalysis}{Cputime}{Correct}{False}{Sum}{4.276724031}%
\StoreBenchExecResult{TestI}{ValueAnalysis}{Cputime}{Correct}{False}{Min}{2.117287256}%
\StoreBenchExecResult{TestI}{ValueAnalysis}{Cputime}{Correct}{False}{Max}{2.159436775}%
\StoreBenchExecResult{TestI}{ValueAnalysis}{Cputime}{Correct}{False}{Avg}{2.1383620155}%
\StoreBenchExecResult{TestI}{ValueAnalysis}{Cputime}{Correct}{False}{Median}{2.1383620155}%
\StoreBenchExecResult{TestI}{ValueAnalysis}{Cputime}{Correct}{False}{Stdev}{0.02107475950000}%
\StoreBenchExecResult{TestI}{ValueAnalysis}{Cputime}{Correct}{False}{Unit}{s}%
\StoreBenchExecResult{TestI}{ValueAnalysis}{Setup}{Total}{}{Sum}{5.715}%
\StoreBenchExecResult{TestI}{ValueAnalysis}{Setup}{Total}{}{Min}{1.377}%
\StoreBenchExecResult{TestI}{ValueAnalysis}{Setup}{Total}{}{Max}{1.491}%
\StoreBenchExecResult{TestI}{ValueAnalysis}{Setup}{Total}{}{Avg}{1.42875}%
\StoreBenchExecResult{TestI}{ValueAnalysis}{Setup}{Total}{}{Median}{1.4235}%
\StoreBenchExecResult{TestI}{ValueAnalysis}{Setup}{Total}{}{Stdev}{0.04191882035553958667719657072}%
\StoreBenchExecResult{TestI}{ValueAnalysis}{Setup}{Total}{}{Unit}{s}%
\StoreBenchExecResult{TestI}{ValueAnalysis}{Setup}{Correct}{}{Sum}{2.847}%
\StoreBenchExecResult{TestI}{ValueAnalysis}{Setup}{Correct}{}{Min}{1.409}%
\StoreBenchExecResult{TestI}{ValueAnalysis}{Setup}{Correct}{}{Max}{1.438}%
\StoreBenchExecResult{TestI}{ValueAnalysis}{Setup}{Correct}{}{Avg}{1.4235}%
\StoreBenchExecResult{TestI}{ValueAnalysis}{Setup}{Correct}{}{Median}{1.4235}%
\StoreBenchExecResult{TestI}{ValueAnalysis}{Setup}{Correct}{}{Stdev}{0.01450000000000}%
\StoreBenchExecResult{TestI}{ValueAnalysis}{Setup}{Correct}{}{Unit}{s}%
\StoreBenchExecResult{TestI}{ValueAnalysis}{Setup}{Correct}{False}{Sum}{2.847}%
\StoreBenchExecResult{TestI}{ValueAnalysis}{Setup}{Correct}{False}{Min}{1.409}%
\StoreBenchExecResult{TestI}{ValueAnalysis}{Setup}{Correct}{False}{Max}{1.438}%
\StoreBenchExecResult{TestI}{ValueAnalysis}{Setup}{Correct}{False}{Avg}{1.4235}%
\StoreBenchExecResult{TestI}{ValueAnalysis}{Setup}{Correct}{False}{Median}{1.4235}%
\StoreBenchExecResult{TestI}{ValueAnalysis}{Setup}{Correct}{False}{Stdev}{0.01450000000000}%
\StoreBenchExecResult{TestI}{ValueAnalysis}{Setup}{Correct}{False}{Unit}{s}%
\StoreBenchExecResult{TestI}{ValueAnalysis}{VariableCount}{Total}{}{Sum}{212}%
\StoreBenchExecResult{TestI}{ValueAnalysis}{VariableCount}{Total}{}{Min}{0}%
\StoreBenchExecResult{TestI}{ValueAnalysis}{VariableCount}{Total}{}{Max}{212}%
\StoreBenchExecResult{TestI}{ValueAnalysis}{VariableCount}{Total}{}{Avg}{53}%
\StoreBenchExecResult{TestI}{ValueAnalysis}{VariableCount}{Total}{}{Median}{0}%
\StoreBenchExecResult{TestI}{ValueAnalysis}{VariableCount}{Total}{}{Stdev}{91.79869280115049655695465610}%
\StoreBenchExecResult{TestI}{ValueAnalysis}{VariableCount}{Correct}{}{Sum}{0}%
\StoreBenchExecResult{TestI}{ValueAnalysis}{VariableCount}{Correct}{}{Min}{0}%
\StoreBenchExecResult{TestI}{ValueAnalysis}{VariableCount}{Correct}{}{Max}{0}%
\StoreBenchExecResult{TestI}{ValueAnalysis}{VariableCount}{Correct}{}{Avg}{0}%
\StoreBenchExecResult{TestI}{ValueAnalysis}{VariableCount}{Correct}{}{Median}{0}%
\StoreBenchExecResult{TestI}{ValueAnalysis}{VariableCount}{Correct}{}{Stdev}{0.00000000000000}%
\StoreBenchExecResult{TestI}{ValueAnalysis}{VariableCount}{Correct}{False}{Sum}{0}%
\StoreBenchExecResult{TestI}{ValueAnalysis}{VariableCount}{Correct}{False}{Min}{0}%
\StoreBenchExecResult{TestI}{ValueAnalysis}{VariableCount}{Correct}{False}{Max}{0}%
\StoreBenchExecResult{TestI}{ValueAnalysis}{VariableCount}{Correct}{False}{Avg}{0}%
\StoreBenchExecResult{TestI}{ValueAnalysis}{VariableCount}{Correct}{False}{Median}{0}%
\StoreBenchExecResult{TestI}{ValueAnalysis}{VariableCount}{Correct}{False}{Stdev}{0.00000000000000}%
\StoreBenchExecResult{TestII}{PredicateAnalysis}{Status}{Score}{}{Sum}{0}%
\StoreBenchExecResult{TestII}{PredicateAnalysis}{Status}{Total}{}{Sum}{4}%
\StoreBenchExecResult{TestII}{PredicateAnalysis}{Status}{Correct}{}{Sum}{2}%
\StoreBenchExecResult{TestII}{PredicateAnalysis}{Status}{Correct}{True}{Sum}{1}%
\StoreBenchExecResult{TestII}{PredicateAnalysis}{Status}{Correct}{False}{Sum}{1}%
\StoreBenchExecResult{TestII}{PredicateAnalysis}{Status}{Correct}{Unconfirmed}{Sum}{0}%
\StoreBenchExecResult{TestII}{PredicateAnalysis}{Status}{CorrectUnconfirmed}{True}{Sum}{0}%
\StoreBenchExecResult{TestII}{PredicateAnalysis}{Status}{CorrectUnconfirmed}{False}{Sum}{0}%
\StoreBenchExecResult{TestII}{PredicateAnalysis}{Status}{Wrong}{}{Sum}{1}%
\StoreBenchExecResult{TestII}{PredicateAnalysis}{Status}{Wrong}{True}{Sum}{1}%
\StoreBenchExecResult{TestII}{PredicateAnalysis}{Status}{Wrong}{False}{Sum}{0}%
\StoreBenchExecResult{TestII}{PredicateAnalysis}{Cputime}{Total}{}{Sum}{7.538338717}%
\StoreBenchExecResult{TestII}{PredicateAnalysis}{Cputime}{Total}{}{Min}{1.829559535}%
\StoreBenchExecResult{TestII}{PredicateAnalysis}{Cputime}{Total}{}{Max}{1.949553467}%
\StoreBenchExecResult{TestII}{PredicateAnalysis}{Cputime}{Total}{}{Avg}{1.88458467925}%
\StoreBenchExecResult{TestII}{PredicateAnalysis}{Cputime}{Total}{}{Median}{1.8796128575}%
\StoreBenchExecResult{TestII}{PredicateAnalysis}{Cputime}{Total}{}{Stdev}{0.04515969677215489439163650556}%
\StoreBenchExecResult{TestII}{PredicateAnalysis}{Cputime}{Total}{}{Unit}{s}%
\StoreBenchExecResult{TestII}{PredicateAnalysis}{Cputime}{Correct}{}{Sum}{3.779113002}%
\StoreBenchExecResult{TestII}{PredicateAnalysis}{Cputime}{Correct}{}{Min}{1.829559535}%
\StoreBenchExecResult{TestII}{PredicateAnalysis}{Cputime}{Correct}{}{Max}{1.949553467}%
\StoreBenchExecResult{TestII}{PredicateAnalysis}{Cputime}{Correct}{}{Avg}{1.889556501}%
\StoreBenchExecResult{TestII}{PredicateAnalysis}{Cputime}{Correct}{}{Median}{1.889556501}%
\StoreBenchExecResult{TestII}{PredicateAnalysis}{Cputime}{Correct}{}{Stdev}{0.05999696600000}%
\StoreBenchExecResult{TestII}{PredicateAnalysis}{Cputime}{Correct}{}{Unit}{s}%
\StoreBenchExecResult{TestII}{PredicateAnalysis}{Cputime}{Correct}{True}{Sum}{1.949553467}%
\StoreBenchExecResult{TestII}{PredicateAnalysis}{Cputime}{Correct}{True}{Min}{1.949553467}%
\StoreBenchExecResult{TestII}{PredicateAnalysis}{Cputime}{Correct}{True}{Max}{1.949553467}%
\StoreBenchExecResult{TestII}{PredicateAnalysis}{Cputime}{Correct}{True}{Avg}{1.949553467}%
\StoreBenchExecResult{TestII}{PredicateAnalysis}{Cputime}{Correct}{True}{Median}{1.949553467}%
\StoreBenchExecResult{TestII}{PredicateAnalysis}{Cputime}{Correct}{True}{Stdev}{0.00000000000000}%
\StoreBenchExecResult{TestII}{PredicateAnalysis}{Cputime}{Correct}{True}{Unit}{s}%
\StoreBenchExecResult{TestII}{PredicateAnalysis}{Cputime}{Correct}{False}{Sum}{1.829559535}%
\StoreBenchExecResult{TestII}{PredicateAnalysis}{Cputime}{Correct}{False}{Min}{1.829559535}%
\StoreBenchExecResult{TestII}{PredicateAnalysis}{Cputime}{Correct}{False}{Max}{1.829559535}%
\StoreBenchExecResult{TestII}{PredicateAnalysis}{Cputime}{Correct}{False}{Avg}{1.829559535}%
\StoreBenchExecResult{TestII}{PredicateAnalysis}{Cputime}{Correct}{False}{Median}{1.829559535}%
\StoreBenchExecResult{TestII}{PredicateAnalysis}{Cputime}{Correct}{False}{Stdev}{0.00000000000000}%
\StoreBenchExecResult{TestII}{PredicateAnalysis}{Cputime}{Correct}{False}{Unit}{s}%
\StoreBenchExecResult{TestII}{PredicateAnalysis}{Cputime}{Wrong}{}{Sum}{1.858883109}%
\StoreBenchExecResult{TestII}{PredicateAnalysis}{Cputime}{Wrong}{}{Min}{1.858883109}%
\StoreBenchExecResult{TestII}{PredicateAnalysis}{Cputime}{Wrong}{}{Max}{1.858883109}%
\StoreBenchExecResult{TestII}{PredicateAnalysis}{Cputime}{Wrong}{}{Avg}{1.858883109}%
\StoreBenchExecResult{TestII}{PredicateAnalysis}{Cputime}{Wrong}{}{Median}{1.858883109}%
\StoreBenchExecResult{TestII}{PredicateAnalysis}{Cputime}{Wrong}{}{Stdev}{0.00000000000000}%
\StoreBenchExecResult{TestII}{PredicateAnalysis}{Cputime}{Wrong}{}{Unit}{s}%
\StoreBenchExecResult{TestII}{PredicateAnalysis}{Cputime}{Wrong}{True}{Sum}{1.858883109}%
\StoreBenchExecResult{TestII}{PredicateAnalysis}{Cputime}{Wrong}{True}{Min}{1.858883109}%
\StoreBenchExecResult{TestII}{PredicateAnalysis}{Cputime}{Wrong}{True}{Max}{1.858883109}%
\StoreBenchExecResult{TestII}{PredicateAnalysis}{Cputime}{Wrong}{True}{Avg}{1.858883109}%
\StoreBenchExecResult{TestII}{PredicateAnalysis}{Cputime}{Wrong}{True}{Median}{1.858883109}%
\StoreBenchExecResult{TestII}{PredicateAnalysis}{Cputime}{Wrong}{True}{Stdev}{0.00000000000000}%
\StoreBenchExecResult{TestII}{PredicateAnalysis}{Cputime}{Wrong}{True}{Unit}{s}%
\StoreBenchExecResult{TestII}{PredicateAnalysis}{Setup}{Total}{}{Sum}{5.507}%
\StoreBenchExecResult{TestII}{PredicateAnalysis}{Setup}{Total}{}{Min}{1.310}%
\StoreBenchExecResult{TestII}{PredicateAnalysis}{Setup}{Total}{}{Max}{1.465}%
\StoreBenchExecResult{TestII}{PredicateAnalysis}{Setup}{Total}{}{Avg}{1.37675}%
\StoreBenchExecResult{TestII}{PredicateAnalysis}{Setup}{Total}{}{Median}{1.366}%
\StoreBenchExecResult{TestII}{PredicateAnalysis}{Setup}{Total}{}{Stdev}{0.05671584875499969100325773658}%
\StoreBenchExecResult{TestII}{PredicateAnalysis}{Setup}{Total}{}{Unit}{s}%
\StoreBenchExecResult{TestII}{PredicateAnalysis}{Setup}{Correct}{}{Sum}{2.775}%
\StoreBenchExecResult{TestII}{PredicateAnalysis}{Setup}{Correct}{}{Min}{1.310}%
\StoreBenchExecResult{TestII}{PredicateAnalysis}{Setup}{Correct}{}{Max}{1.465}%
\StoreBenchExecResult{TestII}{PredicateAnalysis}{Setup}{Correct}{}{Avg}{1.3875}%
\StoreBenchExecResult{TestII}{PredicateAnalysis}{Setup}{Correct}{}{Median}{1.3875}%
\StoreBenchExecResult{TestII}{PredicateAnalysis}{Setup}{Correct}{}{Stdev}{0.07750000000000}%
\StoreBenchExecResult{TestII}{PredicateAnalysis}{Setup}{Correct}{}{Unit}{s}%
\StoreBenchExecResult{TestII}{PredicateAnalysis}{Setup}{Correct}{True}{Sum}{1.465}%
\StoreBenchExecResult{TestII}{PredicateAnalysis}{Setup}{Correct}{True}{Min}{1.465}%
\StoreBenchExecResult{TestII}{PredicateAnalysis}{Setup}{Correct}{True}{Max}{1.465}%
\StoreBenchExecResult{TestII}{PredicateAnalysis}{Setup}{Correct}{True}{Avg}{1.465}%
\StoreBenchExecResult{TestII}{PredicateAnalysis}{Setup}{Correct}{True}{Median}{1.465}%
\StoreBenchExecResult{TestII}{PredicateAnalysis}{Setup}{Correct}{True}{Stdev}{0.00000000000000}%
\StoreBenchExecResult{TestII}{PredicateAnalysis}{Setup}{Correct}{True}{Unit}{s}%
\StoreBenchExecResult{TestII}{PredicateAnalysis}{Setup}{Correct}{False}{Sum}{1.310}%
\StoreBenchExecResult{TestII}{PredicateAnalysis}{Setup}{Correct}{False}{Min}{1.310}%
\StoreBenchExecResult{TestII}{PredicateAnalysis}{Setup}{Correct}{False}{Max}{1.310}%
\StoreBenchExecResult{TestII}{PredicateAnalysis}{Setup}{Correct}{False}{Avg}{1.310}%
\StoreBenchExecResult{TestII}{PredicateAnalysis}{Setup}{Correct}{False}{Median}{1.310}%
\StoreBenchExecResult{TestII}{PredicateAnalysis}{Setup}{Correct}{False}{Stdev}{0.00000000000000}%
\StoreBenchExecResult{TestII}{PredicateAnalysis}{Setup}{Correct}{False}{Unit}{s}%
\StoreBenchExecResult{TestII}{PredicateAnalysis}{Setup}{Wrong}{}{Sum}{1.380}%
\StoreBenchExecResult{TestII}{PredicateAnalysis}{Setup}{Wrong}{}{Min}{1.380}%
\StoreBenchExecResult{TestII}{PredicateAnalysis}{Setup}{Wrong}{}{Max}{1.380}%
\StoreBenchExecResult{TestII}{PredicateAnalysis}{Setup}{Wrong}{}{Avg}{1.380}%
\StoreBenchExecResult{TestII}{PredicateAnalysis}{Setup}{Wrong}{}{Median}{1.380}%
\StoreBenchExecResult{TestII}{PredicateAnalysis}{Setup}{Wrong}{}{Stdev}{0.00000000000000}%
\StoreBenchExecResult{TestII}{PredicateAnalysis}{Setup}{Wrong}{}{Unit}{s}%
\StoreBenchExecResult{TestII}{PredicateAnalysis}{Setup}{Wrong}{True}{Sum}{1.380}%
\StoreBenchExecResult{TestII}{PredicateAnalysis}{Setup}{Wrong}{True}{Min}{1.380}%
\StoreBenchExecResult{TestII}{PredicateAnalysis}{Setup}{Wrong}{True}{Max}{1.380}%
\StoreBenchExecResult{TestII}{PredicateAnalysis}{Setup}{Wrong}{True}{Avg}{1.380}%
\StoreBenchExecResult{TestII}{PredicateAnalysis}{Setup}{Wrong}{True}{Median}{1.380}%
\StoreBenchExecResult{TestII}{PredicateAnalysis}{Setup}{Wrong}{True}{Stdev}{0.00000000000000}%
\StoreBenchExecResult{TestII}{PredicateAnalysis}{Setup}{Wrong}{True}{Unit}{s}%
\StoreBenchExecResult{TestII}{PredicateAnalysis}{SMTTime}{Total}{}{Sum}{0.055}%
\StoreBenchExecResult{TestII}{PredicateAnalysis}{SMTTime}{Total}{}{Min}{0.000}%
\StoreBenchExecResult{TestII}{PredicateAnalysis}{SMTTime}{Total}{}{Max}{0.025}%
\StoreBenchExecResult{TestII}{PredicateAnalysis}{SMTTime}{Total}{}{Avg}{0.01375}%
\StoreBenchExecResult{TestII}{PredicateAnalysis}{SMTTime}{Total}{}{Median}{0.015}%
\StoreBenchExecResult{TestII}{PredicateAnalysis}{SMTTime}{Total}{}{Stdev}{0.008926785535678562497499249764}%
\StoreBenchExecResult{TestII}{PredicateAnalysis}{SMTTime}{Total}{}{Unit}{s}%
\StoreBenchExecResult{TestII}{PredicateAnalysis}{SMTTime}{Correct}{}{Sum}{0.015}%
\StoreBenchExecResult{TestII}{PredicateAnalysis}{SMTTime}{Correct}{}{Min}{0.000}%
\StoreBenchExecResult{TestII}{PredicateAnalysis}{SMTTime}{Correct}{}{Max}{0.015}%
\StoreBenchExecResult{TestII}{PredicateAnalysis}{SMTTime}{Correct}{}{Avg}{0.0075}%
\StoreBenchExecResult{TestII}{PredicateAnalysis}{SMTTime}{Correct}{}{Median}{0.0075}%
\StoreBenchExecResult{TestII}{PredicateAnalysis}{SMTTime}{Correct}{}{Stdev}{0.00750000000000}%
\StoreBenchExecResult{TestII}{PredicateAnalysis}{SMTTime}{Correct}{}{Unit}{s}%
\StoreBenchExecResult{TestII}{PredicateAnalysis}{SMTTime}{Correct}{True}{Sum}{0.015}%
\StoreBenchExecResult{TestII}{PredicateAnalysis}{SMTTime}{Correct}{True}{Min}{0.015}%
\StoreBenchExecResult{TestII}{PredicateAnalysis}{SMTTime}{Correct}{True}{Max}{0.015}%
\StoreBenchExecResult{TestII}{PredicateAnalysis}{SMTTime}{Correct}{True}{Avg}{0.015}%
\StoreBenchExecResult{TestII}{PredicateAnalysis}{SMTTime}{Correct}{True}{Median}{0.015}%
\StoreBenchExecResult{TestII}{PredicateAnalysis}{SMTTime}{Correct}{True}{Stdev}{0.00000000000000}%
\StoreBenchExecResult{TestII}{PredicateAnalysis}{SMTTime}{Correct}{True}{Unit}{s}%
\StoreBenchExecResult{TestII}{PredicateAnalysis}{SMTTime}{Correct}{False}{Sum}{0.000}%
\StoreBenchExecResult{TestII}{PredicateAnalysis}{SMTTime}{Correct}{False}{Min}{0.000}%
\StoreBenchExecResult{TestII}{PredicateAnalysis}{SMTTime}{Correct}{False}{Max}{0.000}%
\StoreBenchExecResult{TestII}{PredicateAnalysis}{SMTTime}{Correct}{False}{Avg}{0.000}%
\StoreBenchExecResult{TestII}{PredicateAnalysis}{SMTTime}{Correct}{False}{Median}{0.000}%
\StoreBenchExecResult{TestII}{PredicateAnalysis}{SMTTime}{Correct}{False}{Stdev}{0.00000000000000}%
\StoreBenchExecResult{TestII}{PredicateAnalysis}{SMTTime}{Correct}{False}{Unit}{s}%
\StoreBenchExecResult{TestII}{PredicateAnalysis}{SMTTime}{Wrong}{}{Sum}{0.015}%
\StoreBenchExecResult{TestII}{PredicateAnalysis}{SMTTime}{Wrong}{}{Min}{0.015}%
\StoreBenchExecResult{TestII}{PredicateAnalysis}{SMTTime}{Wrong}{}{Max}{0.015}%
\StoreBenchExecResult{TestII}{PredicateAnalysis}{SMTTime}{Wrong}{}{Avg}{0.015}%
\StoreBenchExecResult{TestII}{PredicateAnalysis}{SMTTime}{Wrong}{}{Median}{0.015}%
\StoreBenchExecResult{TestII}{PredicateAnalysis}{SMTTime}{Wrong}{}{Stdev}{0.00000000000000}%
\StoreBenchExecResult{TestII}{PredicateAnalysis}{SMTTime}{Wrong}{}{Unit}{s}%
\StoreBenchExecResult{TestII}{PredicateAnalysis}{SMTTime}{Wrong}{True}{Sum}{0.015}%
\StoreBenchExecResult{TestII}{PredicateAnalysis}{SMTTime}{Wrong}{True}{Min}{0.015}%
\StoreBenchExecResult{TestII}{PredicateAnalysis}{SMTTime}{Wrong}{True}{Max}{0.015}%
\StoreBenchExecResult{TestII}{PredicateAnalysis}{SMTTime}{Wrong}{True}{Avg}{0.015}%
\StoreBenchExecResult{TestII}{PredicateAnalysis}{SMTTime}{Wrong}{True}{Median}{0.015}%
\StoreBenchExecResult{TestII}{PredicateAnalysis}{SMTTime}{Wrong}{True}{Stdev}{0.00000000000000}%
\StoreBenchExecResult{TestII}{PredicateAnalysis}{SMTTime}{Wrong}{True}{Unit}{s}%
\StoreBenchExecResult{TestII}{ValueAnalysis}{Status}{Score}{}{Sum}{0}%
\StoreBenchExecResult{TestII}{ValueAnalysis}{Status}{Total}{}{Sum}{4}%
\StoreBenchExecResult{TestII}{ValueAnalysis}{Status}{Correct}{}{Sum}{2}%
\StoreBenchExecResult{TestII}{ValueAnalysis}{Status}{Correct}{True}{Sum}{0}%
\StoreBenchExecResult{TestII}{ValueAnalysis}{Status}{Correct}{False}{Sum}{2}%
\StoreBenchExecResult{TestII}{ValueAnalysis}{Status}{Correct}{Unconfirmed}{Sum}{0}%
\StoreBenchExecResult{TestII}{ValueAnalysis}{Status}{CorrectUnconfirmed}{True}{Sum}{0}%
\StoreBenchExecResult{TestII}{ValueAnalysis}{Status}{CorrectUnconfirmed}{False}{Sum}{0}%
\StoreBenchExecResult{TestII}{ValueAnalysis}{Status}{Wrong}{}{Sum}{0}%
\StoreBenchExecResult{TestII}{ValueAnalysis}{Status}{Wrong}{True}{Sum}{0}%
\StoreBenchExecResult{TestII}{ValueAnalysis}{Status}{Wrong}{False}{Sum}{0}%
\StoreBenchExecResult{TestII}{ValueAnalysis}{Cputime}{Total}{}{Sum}{7.199455195}%
\StoreBenchExecResult{TestII}{ValueAnalysis}{Cputime}{Total}{}{Min}{1.748258151}%
\StoreBenchExecResult{TestII}{ValueAnalysis}{Cputime}{Total}{}{Max}{1.822032775}%
\StoreBenchExecResult{TestII}{ValueAnalysis}{Cputime}{Total}{}{Avg}{1.79986379875}%
\StoreBenchExecResult{TestII}{ValueAnalysis}{Cputime}{Total}{}{Median}{1.8145821345}%
\StoreBenchExecResult{TestII}{ValueAnalysis}{Cputime}{Total}{}{Stdev}{0.02999756678964589266941464835}%
\StoreBenchExecResult{TestII}{ValueAnalysis}{Cputime}{Total}{}{Unit}{s}%
\StoreBenchExecResult{TestII}{ValueAnalysis}{Cputime}{Correct}{}{Sum}{3.639018121}%
\StoreBenchExecResult{TestII}{ValueAnalysis}{Cputime}{Correct}{}{Min}{1.816985346}%
\StoreBenchExecResult{TestII}{ValueAnalysis}{Cputime}{Correct}{}{Max}{1.822032775}%
\StoreBenchExecResult{TestII}{ValueAnalysis}{Cputime}{Correct}{}{Avg}{1.8195090605}%
\StoreBenchExecResult{TestII}{ValueAnalysis}{Cputime}{Correct}{}{Median}{1.8195090605}%
\StoreBenchExecResult{TestII}{ValueAnalysis}{Cputime}{Correct}{}{Stdev}{0.00252371450000}%
\StoreBenchExecResult{TestII}{ValueAnalysis}{Cputime}{Correct}{}{Unit}{s}%
\StoreBenchExecResult{TestII}{ValueAnalysis}{Cputime}{Correct}{False}{Sum}{3.639018121}%
\StoreBenchExecResult{TestII}{ValueAnalysis}{Cputime}{Correct}{False}{Min}{1.816985346}%
\StoreBenchExecResult{TestII}{ValueAnalysis}{Cputime}{Correct}{False}{Max}{1.822032775}%
\StoreBenchExecResult{TestII}{ValueAnalysis}{Cputime}{Correct}{False}{Avg}{1.8195090605}%
\StoreBenchExecResult{TestII}{ValueAnalysis}{Cputime}{Correct}{False}{Median}{1.8195090605}%
\StoreBenchExecResult{TestII}{ValueAnalysis}{Cputime}{Correct}{False}{Stdev}{0.00252371450000}%
\StoreBenchExecResult{TestII}{ValueAnalysis}{Cputime}{Correct}{False}{Unit}{s}%
\StoreBenchExecResult{TestII}{ValueAnalysis}{Setup}{Total}{}{Sum}{4.819}%
\StoreBenchExecResult{TestII}{ValueAnalysis}{Setup}{Total}{}{Min}{1.195}%
\StoreBenchExecResult{TestII}{ValueAnalysis}{Setup}{Total}{}{Max}{1.217}%
\StoreBenchExecResult{TestII}{ValueAnalysis}{Setup}{Total}{}{Avg}{1.20475}%
\StoreBenchExecResult{TestII}{ValueAnalysis}{Setup}{Total}{}{Median}{1.2035}%
\StoreBenchExecResult{TestII}{ValueAnalysis}{Setup}{Total}{}{Stdev}{0.008073877630977571361769843559}%
\StoreBenchExecResult{TestII}{ValueAnalysis}{Setup}{Total}{}{Unit}{s}%
\StoreBenchExecResult{TestII}{ValueAnalysis}{Setup}{Correct}{}{Sum}{2.423}%
\StoreBenchExecResult{TestII}{ValueAnalysis}{Setup}{Correct}{}{Min}{1.206}%
\StoreBenchExecResult{TestII}{ValueAnalysis}{Setup}{Correct}{}{Max}{1.217}%
\StoreBenchExecResult{TestII}{ValueAnalysis}{Setup}{Correct}{}{Avg}{1.2115}%
\StoreBenchExecResult{TestII}{ValueAnalysis}{Setup}{Correct}{}{Median}{1.2115}%
\StoreBenchExecResult{TestII}{ValueAnalysis}{Setup}{Correct}{}{Stdev}{0.00550000000000}%
\StoreBenchExecResult{TestII}{ValueAnalysis}{Setup}{Correct}{}{Unit}{s}%
\StoreBenchExecResult{TestII}{ValueAnalysis}{Setup}{Correct}{False}{Sum}{2.423}%
\StoreBenchExecResult{TestII}{ValueAnalysis}{Setup}{Correct}{False}{Min}{1.206}%
\StoreBenchExecResult{TestII}{ValueAnalysis}{Setup}{Correct}{False}{Max}{1.217}%
\StoreBenchExecResult{TestII}{ValueAnalysis}{Setup}{Correct}{False}{Avg}{1.2115}%
\StoreBenchExecResult{TestII}{ValueAnalysis}{Setup}{Correct}{False}{Median}{1.2115}%
\StoreBenchExecResult{TestII}{ValueAnalysis}{Setup}{Correct}{False}{Stdev}{0.00550000000000}%
\StoreBenchExecResult{TestII}{ValueAnalysis}{Setup}{Correct}{False}{Unit}{s}%
\StoreBenchExecResult{TestII}{ValueAnalysis}{VariableCount}{Total}{}{Sum}{212}%
\StoreBenchExecResult{TestII}{ValueAnalysis}{VariableCount}{Total}{}{Min}{0}%
\StoreBenchExecResult{TestII}{ValueAnalysis}{VariableCount}{Total}{}{Max}{212}%
\StoreBenchExecResult{TestII}{ValueAnalysis}{VariableCount}{Total}{}{Avg}{53}%
\StoreBenchExecResult{TestII}{ValueAnalysis}{VariableCount}{Total}{}{Median}{0}%
\StoreBenchExecResult{TestII}{ValueAnalysis}{VariableCount}{Total}{}{Stdev}{91.79869280115049655695465610}%
\StoreBenchExecResult{TestII}{ValueAnalysis}{VariableCount}{Correct}{}{Sum}{0}%
\StoreBenchExecResult{TestII}{ValueAnalysis}{VariableCount}{Correct}{}{Min}{0}%
\StoreBenchExecResult{TestII}{ValueAnalysis}{VariableCount}{Correct}{}{Max}{0}%
\StoreBenchExecResult{TestII}{ValueAnalysis}{VariableCount}{Correct}{}{Avg}{0}%
\StoreBenchExecResult{TestII}{ValueAnalysis}{VariableCount}{Correct}{}{Median}{0}%
\StoreBenchExecResult{TestII}{ValueAnalysis}{VariableCount}{Correct}{}{Stdev}{0.00000000000000}%
\StoreBenchExecResult{TestII}{ValueAnalysis}{VariableCount}{Correct}{False}{Sum}{0}%
\StoreBenchExecResult{TestII}{ValueAnalysis}{VariableCount}{Correct}{False}{Min}{0}%
\StoreBenchExecResult{TestII}{ValueAnalysis}{VariableCount}{Correct}{False}{Max}{0}%
\StoreBenchExecResult{TestII}{ValueAnalysis}{VariableCount}{Correct}{False}{Avg}{0}%
\StoreBenchExecResult{TestII}{ValueAnalysis}{VariableCount}{Correct}{False}{Median}{0}%
\StoreBenchExecResult{TestII}{ValueAnalysis}{VariableCount}{Correct}{False}{Stdev}{0.00000000000000}%