% The following definition defines a command for each value.
% The command name is the concatenation of the first six arguments.
% To override this definition, define \StoreBenchExecResult with \newcommand before including this file.
% Arguments: benchmark name, run-set name, category, status, column name, statistic, value
\providecommand\StoreBenchExecResult[7]{\expandafter\newcommand\csname#1#2#3#4#5#6\endcsname{#7}}%
\StoreBenchExecResult{TestI}{}{Status}{Score}{}{Sum}{}%
\StoreBenchExecResult{TestI}{}{Status}{Total}{}{Sum}{5}%
\StoreBenchExecResult{TestI}{}{Status}{Correct}{}{Sum}{3}%
\StoreBenchExecResult{TestI}{}{Status}{Correct}{True}{Sum}{2}%
\StoreBenchExecResult{TestI}{}{Status}{Correct}{False}{Sum}{1}%
\StoreBenchExecResult{TestI}{}{Status}{Correct}{Unconfirmed}{Sum}{}%
\StoreBenchExecResult{TestI}{}{Status}{CorrectUnconfirmed}{True}{Sum}{}%
\StoreBenchExecResult{TestI}{}{Status}{CorrectUnconfirmed}{False}{Sum}{}%
\StoreBenchExecResult{TestI}{}{Status}{Wrong}{}{Sum}{1}%
\StoreBenchExecResult{TestI}{}{Status}{Wrong}{True}{Sum}{1}%
\StoreBenchExecResult{TestI}{}{Status}{Wrong}{False}{Sum}{}%
\StoreBenchExecResult{TestI}{}{Cputime}{Total}{}{Sum}{10.919505907}%
\StoreBenchExecResult{TestI}{}{Cputime}{Total}{}{Min}{2.058647067}%
\StoreBenchExecResult{TestI}{}{Cputime}{Total}{}{Max}{2.272238619}%
\StoreBenchExecResult{TestI}{}{Cputime}{Total}{}{Avg}{2.1839011814}%
\StoreBenchExecResult{TestI}{}{Cputime}{Total}{}{Median}{2.189887353}%
\StoreBenchExecResult{TestI}{}{Cputime}{Total}{}{Stdev}{0.07187152671885927483466361201}%
\StoreBenchExecResult{TestI}{}{Cputime}{Correct}{}{Sum}{6.478077860}%
\StoreBenchExecResult{TestI}{}{Cputime}{Correct}{}{Min}{2.058647067}%
\StoreBenchExecResult{TestI}{}{Cputime}{Correct}{}{Max}{2.22954344}%
\StoreBenchExecResult{TestI}{}{Cputime}{Correct}{}{Avg}{2.159359286666666666666666667}%
\StoreBenchExecResult{TestI}{}{Cputime}{Correct}{}{Median}{2.189887353}%
\StoreBenchExecResult{TestI}{}{Cputime}{Correct}{}{Stdev}{0.07303133894284965266045621882}%
\StoreBenchExecResult{TestI}{}{Cputime}{Correct}{True}{Sum}{4.288190507}%
\StoreBenchExecResult{TestI}{}{Cputime}{Correct}{True}{Min}{2.058647067}%
\StoreBenchExecResult{TestI}{}{Cputime}{Correct}{True}{Max}{2.22954344}%
\StoreBenchExecResult{TestI}{}{Cputime}{Correct}{True}{Avg}{2.1440952535}%
\StoreBenchExecResult{TestI}{}{Cputime}{Correct}{True}{Median}{2.1440952535}%
\StoreBenchExecResult{TestI}{}{Cputime}{Correct}{True}{Stdev}{0.08544818650000}%
\StoreBenchExecResult{TestI}{}{Cputime}{Correct}{False}{Sum}{2.189887353}%
\StoreBenchExecResult{TestI}{}{Cputime}{Correct}{False}{Min}{2.189887353}%
\StoreBenchExecResult{TestI}{}{Cputime}{Correct}{False}{Max}{2.189887353}%
\StoreBenchExecResult{TestI}{}{Cputime}{Correct}{False}{Avg}{2.189887353}%
\StoreBenchExecResult{TestI}{}{Cputime}{Correct}{False}{Median}{2.189887353}%
\StoreBenchExecResult{TestI}{}{Cputime}{Correct}{False}{Stdev}{0.00000000000000}%
\StoreBenchExecResult{TestI}{}{Cputime}{Wrong}{}{Sum}{2.169189428}%
\StoreBenchExecResult{TestI}{}{Cputime}{Wrong}{}{Min}{2.169189428}%
\StoreBenchExecResult{TestI}{}{Cputime}{Wrong}{}{Max}{2.169189428}%
\StoreBenchExecResult{TestI}{}{Cputime}{Wrong}{}{Avg}{2.169189428}%
\StoreBenchExecResult{TestI}{}{Cputime}{Wrong}{}{Median}{2.169189428}%
\StoreBenchExecResult{TestI}{}{Cputime}{Wrong}{}{Stdev}{0.00000000000000}%
\StoreBenchExecResult{TestI}{}{Cputime}{Wrong}{True}{Sum}{2.169189428}%
\StoreBenchExecResult{TestI}{}{Cputime}{Wrong}{True}{Min}{2.169189428}%
\StoreBenchExecResult{TestI}{}{Cputime}{Wrong}{True}{Max}{2.169189428}%
\StoreBenchExecResult{TestI}{}{Cputime}{Wrong}{True}{Avg}{2.169189428}%
\StoreBenchExecResult{TestI}{}{Cputime}{Wrong}{True}{Median}{2.169189428}%
\StoreBenchExecResult{TestI}{}{Cputime}{Wrong}{True}{Stdev}{0.00000000000000}%
\StoreBenchExecResult{TestI}{}{Cputime}{Local}{}{Sum}{10.933401000000002}%
\StoreBenchExecResult{TestI}{}{Walltime}{Total}{}{Sum}{10.9609942436218263}%
\StoreBenchExecResult{TestI}{}{Walltime}{Total}{}{Min}{2.0664572715759277}%
\StoreBenchExecResult{TestI}{}{Walltime}{Total}{}{Max}{2.2822041511535645}%
\StoreBenchExecResult{TestI}{}{Walltime}{Total}{}{Avg}{2.19219884872436526}%
\StoreBenchExecResult{TestI}{}{Walltime}{Total}{}{Median}{2.1968865394592285}%
\StoreBenchExecResult{TestI}{}{Walltime}{Total}{}{Stdev}{0.07230447039122090684958965327}%
\StoreBenchExecResult{TestI}{}{Walltime}{Correct}{}{Sum}{6.5004251003265382}%
\StoreBenchExecResult{TestI}{}{Walltime}{Correct}{}{Min}{2.0664572715759277}%
\StoreBenchExecResult{TestI}{}{Walltime}{Correct}{}{Max}{2.237081289291382}%
\StoreBenchExecResult{TestI}{}{Walltime}{Correct}{}{Avg}{2.166808366775512733333333333}%
\StoreBenchExecResult{TestI}{}{Walltime}{Correct}{}{Median}{2.1968865394592285}%
\StoreBenchExecResult{TestI}{}{Walltime}{Correct}{}{Stdev}{0.07283159208903090975048642215}%
\StoreBenchExecResult{TestI}{}{Walltime}{Correct}{True}{Sum}{4.3035385608673097}%
\StoreBenchExecResult{TestI}{}{Walltime}{Correct}{True}{Min}{2.0664572715759277}%
\StoreBenchExecResult{TestI}{}{Walltime}{Correct}{True}{Max}{2.237081289291382}%
\StoreBenchExecResult{TestI}{}{Walltime}{Correct}{True}{Avg}{2.15176928043365485}%
\StoreBenchExecResult{TestI}{}{Walltime}{Correct}{True}{Median}{2.15176928043365485}%
\StoreBenchExecResult{TestI}{}{Walltime}{Correct}{True}{Stdev}{0.08531200885772714999999999999}%
\StoreBenchExecResult{TestI}{}{Walltime}{Correct}{False}{Sum}{2.1968865394592285}%
\StoreBenchExecResult{TestI}{}{Walltime}{Correct}{False}{Min}{2.1968865394592285}%
\StoreBenchExecResult{TestI}{}{Walltime}{Correct}{False}{Max}{2.1968865394592285}%
\StoreBenchExecResult{TestI}{}{Walltime}{Correct}{False}{Avg}{2.1968865394592285}%
\StoreBenchExecResult{TestI}{}{Walltime}{Correct}{False}{Median}{2.1968865394592285}%
\StoreBenchExecResult{TestI}{}{Walltime}{Correct}{False}{Stdev}{0.0000000000000000}%
\StoreBenchExecResult{TestI}{}{Walltime}{Wrong}{}{Sum}{2.1783649921417236}%
\StoreBenchExecResult{TestI}{}{Walltime}{Wrong}{}{Min}{2.1783649921417236}%
\StoreBenchExecResult{TestI}{}{Walltime}{Wrong}{}{Max}{2.1783649921417236}%
\StoreBenchExecResult{TestI}{}{Walltime}{Wrong}{}{Avg}{2.1783649921417236}%
\StoreBenchExecResult{TestI}{}{Walltime}{Wrong}{}{Median}{2.1783649921417236}%
\StoreBenchExecResult{TestI}{}{Walltime}{Wrong}{}{Stdev}{0.0000000000000000}%
\StoreBenchExecResult{TestI}{}{Walltime}{Wrong}{True}{Sum}{2.1783649921417236}%
\StoreBenchExecResult{TestI}{}{Walltime}{Wrong}{True}{Min}{2.1783649921417236}%
\StoreBenchExecResult{TestI}{}{Walltime}{Wrong}{True}{Max}{2.1783649921417236}%
\StoreBenchExecResult{TestI}{}{Walltime}{Wrong}{True}{Avg}{2.1783649921417236}%
\StoreBenchExecResult{TestI}{}{Walltime}{Wrong}{True}{Median}{2.1783649921417236}%
\StoreBenchExecResult{TestI}{}{Walltime}{Wrong}{True}{Stdev}{0.0000000000000000}%
\StoreBenchExecResult{TestI}{}{Walltime}{Local}{}{Sum}{11.626914262771606}%
\StoreBenchExecResult{TestI}{}{Memory}{Total}{}{Sum}{645.271552}%
\StoreBenchExecResult{TestI}{}{Memory}{Total}{}{Min}{126.312448}%
\StoreBenchExecResult{TestI}{}{Memory}{Total}{}{Max}{132.337664}%
\StoreBenchExecResult{TestI}{}{Memory}{Total}{}{Avg}{129.0543104}%
\StoreBenchExecResult{TestI}{}{Memory}{Total}{}{Median}{129.118208}%
\StoreBenchExecResult{TestI}{}{Memory}{Total}{}{Stdev}{1.975805449949118851756738273}%
\StoreBenchExecResult{TestI}{}{Memory}{Correct}{}{Sum}{387.768320}%
\StoreBenchExecResult{TestI}{}{Memory}{Correct}{}{Min}{126.312448}%
\StoreBenchExecResult{TestI}{}{Memory}{Correct}{}{Max}{132.337664}%
\StoreBenchExecResult{TestI}{}{Memory}{Correct}{}{Avg}{129.2561066666666666666666667}%
\StoreBenchExecResult{TestI}{}{Memory}{Correct}{}{Median}{129.118208}%
\StoreBenchExecResult{TestI}{}{Memory}{Correct}{}{Stdev}{2.461716067213456867331590003}%
\StoreBenchExecResult{TestI}{}{Memory}{Correct}{True}{Sum}{258.650112}%
\StoreBenchExecResult{TestI}{}{Memory}{Correct}{True}{Min}{126.312448}%
\StoreBenchExecResult{TestI}{}{Memory}{Correct}{True}{Max}{132.337664}%
\StoreBenchExecResult{TestI}{}{Memory}{Correct}{True}{Avg}{129.325056}%
\StoreBenchExecResult{TestI}{}{Memory}{Correct}{True}{Median}{129.325056}%
\StoreBenchExecResult{TestI}{}{Memory}{Correct}{True}{Stdev}{3.0126080000000}%
\StoreBenchExecResult{TestI}{}{Memory}{Correct}{False}{Sum}{129.118208}%
\StoreBenchExecResult{TestI}{}{Memory}{Correct}{False}{Min}{129.118208}%
\StoreBenchExecResult{TestI}{}{Memory}{Correct}{False}{Max}{129.118208}%
\StoreBenchExecResult{TestI}{}{Memory}{Correct}{False}{Avg}{129.118208}%
\StoreBenchExecResult{TestI}{}{Memory}{Correct}{False}{Median}{129.118208}%
\StoreBenchExecResult{TestI}{}{Memory}{Correct}{False}{Stdev}{0.00000000000000000000}%
\StoreBenchExecResult{TestI}{}{Memory}{Wrong}{}{Sum}{128.032768}%
\StoreBenchExecResult{TestI}{}{Memory}{Wrong}{}{Min}{128.032768}%
\StoreBenchExecResult{TestI}{}{Memory}{Wrong}{}{Max}{128.032768}%
\StoreBenchExecResult{TestI}{}{Memory}{Wrong}{}{Avg}{128.032768}%
\StoreBenchExecResult{TestI}{}{Memory}{Wrong}{}{Median}{128.032768}%
\StoreBenchExecResult{TestI}{}{Memory}{Wrong}{}{Stdev}{0.00000000000000000000}%
\StoreBenchExecResult{TestI}{}{Memory}{Wrong}{True}{Sum}{128.032768}%
\StoreBenchExecResult{TestI}{}{Memory}{Wrong}{True}{Min}{128.032768}%
\StoreBenchExecResult{TestI}{}{Memory}{Wrong}{True}{Max}{128.032768}%
\StoreBenchExecResult{TestI}{}{Memory}{Wrong}{True}{Avg}{128.032768}%
\StoreBenchExecResult{TestI}{}{Memory}{Wrong}{True}{Median}{128.032768}%
\StoreBenchExecResult{TestI}{}{Memory}{Wrong}{True}{Stdev}{0.00000000000000000000}%
\StoreBenchExecResult{TestII}{}{Status}{Score}{}{Sum}{}%
\StoreBenchExecResult{TestII}{}{Status}{Total}{}{Sum}{5}%
\StoreBenchExecResult{TestII}{}{Status}{Correct}{}{Sum}{3}%
\StoreBenchExecResult{TestII}{}{Status}{Correct}{True}{Sum}{2}%
\StoreBenchExecResult{TestII}{}{Status}{Correct}{False}{Sum}{1}%
\StoreBenchExecResult{TestII}{}{Status}{Correct}{Unconfirmed}{Sum}{}%
\StoreBenchExecResult{TestII}{}{Status}{CorrectUnconfirmed}{True}{Sum}{}%
\StoreBenchExecResult{TestII}{}{Status}{CorrectUnconfirmed}{False}{Sum}{}%
\StoreBenchExecResult{TestII}{}{Status}{Wrong}{}{Sum}{1}%
\StoreBenchExecResult{TestII}{}{Status}{Wrong}{True}{Sum}{1}%
\StoreBenchExecResult{TestII}{}{Status}{Wrong}{False}{Sum}{}%
\StoreBenchExecResult{TestII}{}{Cputime}{Total}{}{Sum}{9.389318338}%
\StoreBenchExecResult{TestII}{}{Cputime}{Total}{}{Min}{1.829559535}%
\StoreBenchExecResult{TestII}{}{Cputime}{Total}{}{Max}{1.949553467}%
\StoreBenchExecResult{TestII}{}{Cputime}{Total}{}{Avg}{1.8778636676}%
\StoreBenchExecResult{TestII}{}{Cputime}{Total}{}{Median}{1.858883109}%
\StoreBenchExecResult{TestII}{}{Cputime}{Total}{}{Stdev}{0.04257001950246352236218650379}%
\StoreBenchExecResult{TestII}{}{Cputime}{Correct}{}{Sum}{5.630092623}%
\StoreBenchExecResult{TestII}{}{Cputime}{Correct}{}{Min}{1.829559535}%
\StoreBenchExecResult{TestII}{}{Cputime}{Correct}{}{Max}{1.949553467}%
\StoreBenchExecResult{TestII}{}{Cputime}{Correct}{}{Avg}{1.876697541}%
\StoreBenchExecResult{TestII}{}{Cputime}{Correct}{}{Median}{1.850979621}%
\StoreBenchExecResult{TestII}{}{Cputime}{Correct}{}{Stdev}{0.05225383230634831310378708422}%
\StoreBenchExecResult{TestII}{}{Cputime}{Correct}{True}{Sum}{3.800533088}%
\StoreBenchExecResult{TestII}{}{Cputime}{Correct}{True}{Min}{1.850979621}%
\StoreBenchExecResult{TestII}{}{Cputime}{Correct}{True}{Max}{1.949553467}%
\StoreBenchExecResult{TestII}{}{Cputime}{Correct}{True}{Avg}{1.900266544}%
\StoreBenchExecResult{TestII}{}{Cputime}{Correct}{True}{Median}{1.900266544}%
\StoreBenchExecResult{TestII}{}{Cputime}{Correct}{True}{Stdev}{0.04928692300000}%
\StoreBenchExecResult{TestII}{}{Cputime}{Correct}{False}{Sum}{1.829559535}%
\StoreBenchExecResult{TestII}{}{Cputime}{Correct}{False}{Min}{1.829559535}%
\StoreBenchExecResult{TestII}{}{Cputime}{Correct}{False}{Max}{1.829559535}%
\StoreBenchExecResult{TestII}{}{Cputime}{Correct}{False}{Avg}{1.829559535}%
\StoreBenchExecResult{TestII}{}{Cputime}{Correct}{False}{Median}{1.829559535}%
\StoreBenchExecResult{TestII}{}{Cputime}{Correct}{False}{Stdev}{0.00000000000000}%
\StoreBenchExecResult{TestII}{}{Cputime}{Wrong}{}{Sum}{1.858883109}%
\StoreBenchExecResult{TestII}{}{Cputime}{Wrong}{}{Min}{1.858883109}%
\StoreBenchExecResult{TestII}{}{Cputime}{Wrong}{}{Max}{1.858883109}%
\StoreBenchExecResult{TestII}{}{Cputime}{Wrong}{}{Avg}{1.858883109}%
\StoreBenchExecResult{TestII}{}{Cputime}{Wrong}{}{Median}{1.858883109}%
\StoreBenchExecResult{TestII}{}{Cputime}{Wrong}{}{Stdev}{0.00000000000000}%
\StoreBenchExecResult{TestII}{}{Cputime}{Wrong}{True}{Sum}{1.858883109}%
\StoreBenchExecResult{TestII}{}{Cputime}{Wrong}{True}{Min}{1.858883109}%
\StoreBenchExecResult{TestII}{}{Cputime}{Wrong}{True}{Max}{1.858883109}%
\StoreBenchExecResult{TestII}{}{Cputime}{Wrong}{True}{Avg}{1.858883109}%
\StoreBenchExecResult{TestII}{}{Cputime}{Wrong}{True}{Median}{1.858883109}%
\StoreBenchExecResult{TestII}{}{Cputime}{Wrong}{True}{Stdev}{0.00000000000000}%
\StoreBenchExecResult{TestII}{}{Cputime}{Local}{}{Sum}{9.40492}%
\StoreBenchExecResult{TestII}{}{Walltime}{Total}{}{Sum}{9.4261422157287599}%
\StoreBenchExecResult{TestII}{}{Walltime}{Total}{}{Min}{1.8350000381469727}%
\StoreBenchExecResult{TestII}{}{Walltime}{Total}{}{Max}{1.957531213760376}%
\StoreBenchExecResult{TestII}{}{Walltime}{Total}{}{Avg}{1.88522844314575198}%
\StoreBenchExecResult{TestII}{}{Walltime}{Total}{}{Median}{1.8666319847106934}%
\StoreBenchExecResult{TestII}{}{Walltime}{Total}{}{Stdev}{0.04314211548784095260143761438}%
\StoreBenchExecResult{TestII}{}{Walltime}{Correct}{}{Sum}{5.6514875888824464}%
\StoreBenchExecResult{TestII}{}{Walltime}{Correct}{}{Min}{1.8350000381469727}%
\StoreBenchExecResult{TestII}{}{Walltime}{Correct}{}{Max}{1.957531213760376}%
\StoreBenchExecResult{TestII}{}{Walltime}{Correct}{}{Avg}{1.8838291962941488}%
\StoreBenchExecResult{TestII}{}{Walltime}{Correct}{}{Median}{1.8589563369750977}%
\StoreBenchExecResult{TestII}{}{Walltime}{Correct}{}{Stdev}{0.05302494128445374183519480361}%
\StoreBenchExecResult{TestII}{}{Walltime}{Correct}{True}{Sum}{3.8164875507354737}%
\StoreBenchExecResult{TestII}{}{Walltime}{Correct}{True}{Min}{1.8589563369750977}%
\StoreBenchExecResult{TestII}{}{Walltime}{Correct}{True}{Max}{1.957531213760376}%
\StoreBenchExecResult{TestII}{}{Walltime}{Correct}{True}{Avg}{1.90824377536773685}%
\StoreBenchExecResult{TestII}{}{Walltime}{Correct}{True}{Median}{1.90824377536773685}%
\StoreBenchExecResult{TestII}{}{Walltime}{Correct}{True}{Stdev}{0.04928743839263915000000000000}%
\StoreBenchExecResult{TestII}{}{Walltime}{Correct}{False}{Sum}{1.8350000381469727}%
\StoreBenchExecResult{TestII}{}{Walltime}{Correct}{False}{Min}{1.8350000381469727}%
\StoreBenchExecResult{TestII}{}{Walltime}{Correct}{False}{Max}{1.8350000381469727}%
\StoreBenchExecResult{TestII}{}{Walltime}{Correct}{False}{Avg}{1.8350000381469727}%
\StoreBenchExecResult{TestII}{}{Walltime}{Correct}{False}{Median}{1.8350000381469727}%
\StoreBenchExecResult{TestII}{}{Walltime}{Correct}{False}{Stdev}{0.0000000000000000}%
\StoreBenchExecResult{TestII}{}{Walltime}{Wrong}{}{Sum}{1.8666319847106934}%
\StoreBenchExecResult{TestII}{}{Walltime}{Wrong}{}{Min}{1.8666319847106934}%
\StoreBenchExecResult{TestII}{}{Walltime}{Wrong}{}{Max}{1.8666319847106934}%
\StoreBenchExecResult{TestII}{}{Walltime}{Wrong}{}{Avg}{1.8666319847106934}%
\StoreBenchExecResult{TestII}{}{Walltime}{Wrong}{}{Median}{1.8666319847106934}%
\StoreBenchExecResult{TestII}{}{Walltime}{Wrong}{}{Stdev}{0.0000000000000000}%
\StoreBenchExecResult{TestII}{}{Walltime}{Wrong}{True}{Sum}{1.8666319847106934}%
\StoreBenchExecResult{TestII}{}{Walltime}{Wrong}{True}{Min}{1.8666319847106934}%
\StoreBenchExecResult{TestII}{}{Walltime}{Wrong}{True}{Max}{1.8666319847106934}%
\StoreBenchExecResult{TestII}{}{Walltime}{Wrong}{True}{Avg}{1.8666319847106934}%
\StoreBenchExecResult{TestII}{}{Walltime}{Wrong}{True}{Median}{1.8666319847106934}%
\StoreBenchExecResult{TestII}{}{Walltime}{Wrong}{True}{Stdev}{0.0000000000000000}%
\StoreBenchExecResult{TestII}{}{Walltime}{Local}{}{Sum}{10.121181964874268}%
\StoreBenchExecResult{TestII}{}{Memory}{Total}{}{Sum}{648.318976}%
\StoreBenchExecResult{TestII}{}{Memory}{Total}{}{Min}{128.536576}%
\StoreBenchExecResult{TestII}{}{Memory}{Total}{}{Max}{130.568192}%
\StoreBenchExecResult{TestII}{}{Memory}{Total}{}{Avg}{129.6637952}%
\StoreBenchExecResult{TestII}{}{Memory}{Total}{}{Median}{129.806336}%
\StoreBenchExecResult{TestII}{}{Memory}{Total}{}{Stdev}{0.6707512351810915599486043786}%
\StoreBenchExecResult{TestII}{}{Memory}{Correct}{}{Sum}{388.308992}%
\StoreBenchExecResult{TestII}{}{Memory}{Correct}{}{Min}{128.536576}%
\StoreBenchExecResult{TestII}{}{Memory}{Correct}{}{Max}{129.966080}%
\StoreBenchExecResult{TestII}{}{Memory}{Correct}{}{Avg}{129.4363306666666666666666667}%
\StoreBenchExecResult{TestII}{}{Memory}{Correct}{}{Median}{129.806336}%
\StoreBenchExecResult{TestII}{}{Memory}{Correct}{}{Stdev}{0.6395562949031322154469911477}%
\StoreBenchExecResult{TestII}{}{Memory}{Correct}{True}{Sum}{258.342912}%
\StoreBenchExecResult{TestII}{}{Memory}{Correct}{True}{Min}{128.536576}%
\StoreBenchExecResult{TestII}{}{Memory}{Correct}{True}{Max}{129.806336}%
\StoreBenchExecResult{TestII}{}{Memory}{Correct}{True}{Avg}{129.171456}%
\StoreBenchExecResult{TestII}{}{Memory}{Correct}{True}{Median}{129.171456}%
\StoreBenchExecResult{TestII}{}{Memory}{Correct}{True}{Stdev}{0.63488000000000}%
\StoreBenchExecResult{TestII}{}{Memory}{Correct}{False}{Sum}{129.966080}%
\StoreBenchExecResult{TestII}{}{Memory}{Correct}{False}{Min}{129.966080}%
\StoreBenchExecResult{TestII}{}{Memory}{Correct}{False}{Max}{129.966080}%
\StoreBenchExecResult{TestII}{}{Memory}{Correct}{False}{Avg}{129.966080}%
\StoreBenchExecResult{TestII}{}{Memory}{Correct}{False}{Median}{129.966080}%
\StoreBenchExecResult{TestII}{}{Memory}{Correct}{False}{Stdev}{0.00000000000000000000}%
\StoreBenchExecResult{TestII}{}{Memory}{Wrong}{}{Sum}{130.568192}%
\StoreBenchExecResult{TestII}{}{Memory}{Wrong}{}{Min}{130.568192}%
\StoreBenchExecResult{TestII}{}{Memory}{Wrong}{}{Max}{130.568192}%
\StoreBenchExecResult{TestII}{}{Memory}{Wrong}{}{Avg}{130.568192}%
\StoreBenchExecResult{TestII}{}{Memory}{Wrong}{}{Median}{130.568192}%
\StoreBenchExecResult{TestII}{}{Memory}{Wrong}{}{Stdev}{0.00000000000000000000}%
\StoreBenchExecResult{TestII}{}{Memory}{Wrong}{True}{Sum}{130.568192}%
\StoreBenchExecResult{TestII}{}{Memory}{Wrong}{True}{Min}{130.568192}%
\StoreBenchExecResult{TestII}{}{Memory}{Wrong}{True}{Max}{130.568192}%
\StoreBenchExecResult{TestII}{}{Memory}{Wrong}{True}{Avg}{130.568192}%
\StoreBenchExecResult{TestII}{}{Memory}{Wrong}{True}{Median}{130.568192}%
\StoreBenchExecResult{TestII}{}{Memory}{Wrong}{True}{Stdev}{0.00000000000000000000}%
\StoreBenchExecResult{TestIII}{}{Status}{Score}{}{Sum}{}%
\StoreBenchExecResult{TestIII}{}{Status}{Total}{}{Sum}{4}%
\StoreBenchExecResult{TestIII}{}{Status}{Correct}{}{Sum}{2}%
\StoreBenchExecResult{TestIII}{}{Status}{Correct}{True}{Sum}{}%
\StoreBenchExecResult{TestIII}{}{Status}{Correct}{False}{Sum}{2}%
\StoreBenchExecResult{TestIII}{}{Status}{Correct}{Unconfirmed}{Sum}{}%
\StoreBenchExecResult{TestIII}{}{Status}{CorrectUnconfirmed}{True}{Sum}{}%
\StoreBenchExecResult{TestIII}{}{Status}{CorrectUnconfirmed}{False}{Sum}{}%
\StoreBenchExecResult{TestIII}{}{Status}{Wrong}{}{Sum}{}%
\StoreBenchExecResult{TestIII}{}{Status}{Wrong}{True}{Sum}{}%
\StoreBenchExecResult{TestIII}{}{Status}{Wrong}{False}{Sum}{}%
\StoreBenchExecResult{TestIII}{}{Cputime}{Total}{}{Sum}{8.499181053}%
\StoreBenchExecResult{TestIII}{}{Cputime}{Total}{}{Min}{2.018490461}%
\StoreBenchExecResult{TestIII}{}{Cputime}{Total}{}{Max}{2.203966561}%
\StoreBenchExecResult{TestIII}{}{Cputime}{Total}{}{Avg}{2.12479526325}%
\StoreBenchExecResult{TestIII}{}{Cputime}{Total}{}{Median}{2.1383620155}%
\StoreBenchExecResult{TestIII}{}{Cputime}{Total}{}{Stdev}{0.06860249608801089525776206682}%
\StoreBenchExecResult{TestIII}{}{Cputime}{Correct}{}{Sum}{4.276724031}%
\StoreBenchExecResult{TestIII}{}{Cputime}{Correct}{}{Min}{2.117287256}%
\StoreBenchExecResult{TestIII}{}{Cputime}{Correct}{}{Max}{2.159436775}%
\StoreBenchExecResult{TestIII}{}{Cputime}{Correct}{}{Avg}{2.1383620155}%
\StoreBenchExecResult{TestIII}{}{Cputime}{Correct}{}{Median}{2.1383620155}%
\StoreBenchExecResult{TestIII}{}{Cputime}{Correct}{}{Stdev}{0.02107475950000}%
\StoreBenchExecResult{TestIII}{}{Cputime}{Correct}{False}{Sum}{4.276724031}%
\StoreBenchExecResult{TestIII}{}{Cputime}{Correct}{False}{Min}{2.117287256}%
\StoreBenchExecResult{TestIII}{}{Cputime}{Correct}{False}{Max}{2.159436775}%
\StoreBenchExecResult{TestIII}{}{Cputime}{Correct}{False}{Avg}{2.1383620155}%
\StoreBenchExecResult{TestIII}{}{Cputime}{Correct}{False}{Median}{2.1383620155}%
\StoreBenchExecResult{TestIII}{}{Cputime}{Correct}{False}{Stdev}{0.02107475950000}%
\StoreBenchExecResult{TestIII}{}{Cputime}{Local}{}{Sum}{8.508844999999997}%
\StoreBenchExecResult{TestIII}{}{Walltime}{Total}{}{Sum}{8.5353999137878418}%
\StoreBenchExecResult{TestIII}{}{Walltime}{Total}{}{Min}{2.0274627208709717}%
\StoreBenchExecResult{TestIII}{}{Walltime}{Total}{}{Max}{2.2127082347869873}%
\StoreBenchExecResult{TestIII}{}{Walltime}{Total}{}{Avg}{2.13384997844696045}%
\StoreBenchExecResult{TestIII}{}{Walltime}{Total}{}{Median}{2.1476144790649414}%
\StoreBenchExecResult{TestIII}{}{Walltime}{Total}{}{Stdev}{0.06845876281055992878333278884}%
\StoreBenchExecResult{TestIII}{}{Walltime}{Correct}{}{Sum}{4.2952289581298828}%
\StoreBenchExecResult{TestIII}{}{Walltime}{Correct}{}{Min}{2.1272354125976562}%
\StoreBenchExecResult{TestIII}{}{Walltime}{Correct}{}{Max}{2.1679935455322266}%
\StoreBenchExecResult{TestIII}{}{Walltime}{Correct}{}{Avg}{2.1476144790649414}%
\StoreBenchExecResult{TestIII}{}{Walltime}{Correct}{}{Median}{2.1476144790649414}%
\StoreBenchExecResult{TestIII}{}{Walltime}{Correct}{}{Stdev}{0.02037906646728520000000000000}%
\StoreBenchExecResult{TestIII}{}{Walltime}{Correct}{False}{Sum}{4.2952289581298828}%
\StoreBenchExecResult{TestIII}{}{Walltime}{Correct}{False}{Min}{2.1272354125976562}%
\StoreBenchExecResult{TestIII}{}{Walltime}{Correct}{False}{Max}{2.1679935455322266}%
\StoreBenchExecResult{TestIII}{}{Walltime}{Correct}{False}{Avg}{2.1476144790649414}%
\StoreBenchExecResult{TestIII}{}{Walltime}{Correct}{False}{Median}{2.1476144790649414}%
\StoreBenchExecResult{TestIII}{}{Walltime}{Correct}{False}{Stdev}{0.02037906646728520000000000000}%
\StoreBenchExecResult{TestIII}{}{Walltime}{Local}{}{Sum}{9.115868091583252}%
\StoreBenchExecResult{TestIII}{}{Memory}{Total}{}{Sum}{521.195520}%
\StoreBenchExecResult{TestIII}{}{Memory}{Total}{}{Min}{126.210048}%
\StoreBenchExecResult{TestIII}{}{Memory}{Total}{}{Max}{133.574656}%
\StoreBenchExecResult{TestIII}{}{Memory}{Total}{}{Avg}{130.298880}%
\StoreBenchExecResult{TestIII}{}{Memory}{Total}{}{Median}{130.705408}%
\StoreBenchExecResult{TestIII}{}{Memory}{Total}{}{Stdev}{2.651353131316913054555230070}%
\StoreBenchExecResult{TestIII}{}{Memory}{Correct}{}{Sum}{264.691712}%
\StoreBenchExecResult{TestIII}{}{Memory}{Correct}{}{Min}{131.117056}%
\StoreBenchExecResult{TestIII}{}{Memory}{Correct}{}{Max}{133.574656}%
\StoreBenchExecResult{TestIII}{}{Memory}{Correct}{}{Avg}{132.345856}%
\StoreBenchExecResult{TestIII}{}{Memory}{Correct}{}{Median}{132.345856}%
\StoreBenchExecResult{TestIII}{}{Memory}{Correct}{}{Stdev}{1.22880000000000}%
\StoreBenchExecResult{TestIII}{}{Memory}{Correct}{False}{Sum}{264.691712}%
\StoreBenchExecResult{TestIII}{}{Memory}{Correct}{False}{Min}{131.117056}%
\StoreBenchExecResult{TestIII}{}{Memory}{Correct}{False}{Max}{133.574656}%
\StoreBenchExecResult{TestIII}{}{Memory}{Correct}{False}{Avg}{132.345856}%
\StoreBenchExecResult{TestIII}{}{Memory}{Correct}{False}{Median}{132.345856}%
\StoreBenchExecResult{TestIII}{}{Memory}{Correct}{False}{Stdev}{1.22880000000000}%
\StoreBenchExecResult{TestIV}{}{Status}{Score}{}{Sum}{}%
\StoreBenchExecResult{TestIV}{}{Status}{Total}{}{Sum}{4}%
\StoreBenchExecResult{TestIV}{}{Status}{Correct}{}{Sum}{2}%
\StoreBenchExecResult{TestIV}{}{Status}{Correct}{True}{Sum}{}%
\StoreBenchExecResult{TestIV}{}{Status}{Correct}{False}{Sum}{2}%
\StoreBenchExecResult{TestIV}{}{Status}{Correct}{Unconfirmed}{Sum}{}%
\StoreBenchExecResult{TestIV}{}{Status}{CorrectUnconfirmed}{True}{Sum}{}%
\StoreBenchExecResult{TestIV}{}{Status}{CorrectUnconfirmed}{False}{Sum}{}%
\StoreBenchExecResult{TestIV}{}{Status}{Wrong}{}{Sum}{}%
\StoreBenchExecResult{TestIV}{}{Status}{Wrong}{True}{Sum}{}%
\StoreBenchExecResult{TestIV}{}{Status}{Wrong}{False}{Sum}{}%
\StoreBenchExecResult{TestIV}{}{Cputime}{Total}{}{Sum}{7.199455195}%
\StoreBenchExecResult{TestIV}{}{Cputime}{Total}{}{Min}{1.748258151}%
\StoreBenchExecResult{TestIV}{}{Cputime}{Total}{}{Max}{1.822032775}%
\StoreBenchExecResult{TestIV}{}{Cputime}{Total}{}{Avg}{1.79986379875}%
\StoreBenchExecResult{TestIV}{}{Cputime}{Total}{}{Median}{1.8145821345}%
\StoreBenchExecResult{TestIV}{}{Cputime}{Total}{}{Stdev}{0.02999756678964589266941464835}%
\StoreBenchExecResult{TestIV}{}{Cputime}{Correct}{}{Sum}{3.639018121}%
\StoreBenchExecResult{TestIV}{}{Cputime}{Correct}{}{Min}{1.816985346}%
\StoreBenchExecResult{TestIV}{}{Cputime}{Correct}{}{Max}{1.822032775}%
\StoreBenchExecResult{TestIV}{}{Cputime}{Correct}{}{Avg}{1.8195090605}%
\StoreBenchExecResult{TestIV}{}{Cputime}{Correct}{}{Median}{1.8195090605}%
\StoreBenchExecResult{TestIV}{}{Cputime}{Correct}{}{Stdev}{0.00252371450000}%
\StoreBenchExecResult{TestIV}{}{Cputime}{Correct}{False}{Sum}{3.639018121}%
\StoreBenchExecResult{TestIV}{}{Cputime}{Correct}{False}{Min}{1.816985346}%
\StoreBenchExecResult{TestIV}{}{Cputime}{Correct}{False}{Max}{1.822032775}%
\StoreBenchExecResult{TestIV}{}{Cputime}{Correct}{False}{Avg}{1.8195090605}%
\StoreBenchExecResult{TestIV}{}{Cputime}{Correct}{False}{Median}{1.8195090605}%
\StoreBenchExecResult{TestIV}{}{Cputime}{Correct}{False}{Stdev}{0.00252371450000}%
\StoreBenchExecResult{TestIV}{}{Cputime}{Local}{}{Sum}{7.212485000000001}%
\StoreBenchExecResult{TestIV}{}{Walltime}{Total}{}{Sum}{7.2300131320953368}%
\StoreBenchExecResult{TestIV}{}{Walltime}{Total}{}{Min}{1.7559239864349365}%
\StoreBenchExecResult{TestIV}{}{Walltime}{Total}{}{Max}{1.8298676013946533}%
\StoreBenchExecResult{TestIV}{}{Walltime}{Total}{}{Avg}{1.8075032830238342}%
\StoreBenchExecResult{TestIV}{}{Walltime}{Total}{}{Median}{1.8221107721328735}%
\StoreBenchExecResult{TestIV}{}{Walltime}{Total}{}{Stdev}{0.03000978622921789804497919479}%
\StoreBenchExecResult{TestIV}{}{Walltime}{Correct}{}{Sum}{3.6547174453735351}%
\StoreBenchExecResult{TestIV}{}{Walltime}{Correct}{}{Min}{1.8248498439788818}%
\StoreBenchExecResult{TestIV}{}{Walltime}{Correct}{}{Max}{1.8298676013946533}%
\StoreBenchExecResult{TestIV}{}{Walltime}{Correct}{}{Avg}{1.82735872268676755}%
\StoreBenchExecResult{TestIV}{}{Walltime}{Correct}{}{Median}{1.82735872268676755}%
\StoreBenchExecResult{TestIV}{}{Walltime}{Correct}{}{Stdev}{0.002508878707885750000000000000}%
\StoreBenchExecResult{TestIV}{}{Walltime}{Correct}{False}{Sum}{3.6547174453735351}%
\StoreBenchExecResult{TestIV}{}{Walltime}{Correct}{False}{Min}{1.8248498439788818}%
\StoreBenchExecResult{TestIV}{}{Walltime}{Correct}{False}{Max}{1.8298676013946533}%
\StoreBenchExecResult{TestIV}{}{Walltime}{Correct}{False}{Avg}{1.82735872268676755}%
\StoreBenchExecResult{TestIV}{}{Walltime}{Correct}{False}{Median}{1.82735872268676755}%
\StoreBenchExecResult{TestIV}{}{Walltime}{Correct}{False}{Stdev}{0.002508878707885750000000000000}%
\StoreBenchExecResult{TestIV}{}{Walltime}{Local}{}{Sum}{7.8130042552948}%
\StoreBenchExecResult{TestIV}{}{Memory}{Total}{}{Sum}{515.702784}%
\StoreBenchExecResult{TestIV}{}{Memory}{Total}{}{Min}{122.847232}%
\StoreBenchExecResult{TestIV}{}{Memory}{Total}{}{Max}{131.072000}%
\StoreBenchExecResult{TestIV}{}{Memory}{Total}{}{Avg}{128.925696}%
\StoreBenchExecResult{TestIV}{}{Memory}{Total}{}{Median}{130.891776}%
\StoreBenchExecResult{TestIV}{}{Memory}{Total}{}{Stdev}{3.511110695606163881516781024}%
\StoreBenchExecResult{TestIV}{}{Memory}{Correct}{}{Sum}{262.078464}%
\StoreBenchExecResult{TestIV}{}{Memory}{Correct}{}{Min}{131.006464}%
\StoreBenchExecResult{TestIV}{}{Memory}{Correct}{}{Max}{131.072000}%
\StoreBenchExecResult{TestIV}{}{Memory}{Correct}{}{Avg}{131.039232}%
\StoreBenchExecResult{TestIV}{}{Memory}{Correct}{}{Median}{131.039232}%
\StoreBenchExecResult{TestIV}{}{Memory}{Correct}{}{Stdev}{0.032768000000000}%
\StoreBenchExecResult{TestIV}{}{Memory}{Correct}{False}{Sum}{262.078464}%
\StoreBenchExecResult{TestIV}{}{Memory}{Correct}{False}{Min}{131.006464}%
\StoreBenchExecResult{TestIV}{}{Memory}{Correct}{False}{Max}{131.072000}%
\StoreBenchExecResult{TestIV}{}{Memory}{Correct}{False}{Avg}{131.039232}%
\StoreBenchExecResult{TestIV}{}{Memory}{Correct}{False}{Median}{131.039232}%
\StoreBenchExecResult{TestIV}{}{Memory}{Correct}{False}{Stdev}{0.032768000000000}%