% The following definition defines a command for each value.
% The command name is the concatenation of the first six arguments.
% To override this definition, define \StoreBenchExecResult with \newcommand before including this file.
% Arguments: benchmark name, run-set name, category, status, column name, statistic, value
\providecommand\StoreBenchExecResult[7]{\expandafter\newcommand\csname#1#2#3#4#5#6\endcsname{#7}}%
\StoreBenchExecResult{Configselection}{}{Status}{Score}{}{Sum}{}%
\StoreBenchExecResult{Configselection}{}{Status}{Total}{}{Sum}{3}%
\StoreBenchExecResult{Configselection}{}{Status}{Correct}{}{Sum}{3}%
\StoreBenchExecResult{Configselection}{}{Status}{Correct}{True}{Sum}{3}%
\StoreBenchExecResult{Configselection}{}{Status}{Correct}{False}{Sum}{}%
\StoreBenchExecResult{Configselection}{}{Status}{Correct}{Unconfirmed}{Sum}{}%
\StoreBenchExecResult{Configselection}{}{Status}{CorrectUnconfirmed}{True}{Sum}{}%
\StoreBenchExecResult{Configselection}{}{Status}{CorrectUnconfirmed}{False}{Sum}{}%
\StoreBenchExecResult{Configselection}{}{Status}{Wrong}{}{Sum}{}%
\StoreBenchExecResult{Configselection}{}{Status}{Wrong}{True}{Sum}{}%
\StoreBenchExecResult{Configselection}{}{Status}{Wrong}{False}{Sum}{}%
\StoreBenchExecResult{Configselection}{}{Cputime}{Total}{}{Sum}{48.22089819}%
\StoreBenchExecResult{Configselection}{}{Cputime}{Total}{}{Min}{16.07363273}%
\StoreBenchExecResult{Configselection}{}{Cputime}{Total}{}{Max}{16.07363273}%
\StoreBenchExecResult{Configselection}{}{Cputime}{Total}{}{Avg}{16.07363273}%
\StoreBenchExecResult{Configselection}{}{Cputime}{Total}{}{Median}{16.07363273}%
\StoreBenchExecResult{Configselection}{}{Cputime}{Total}{}{Stdev}{0.00000000000000}%
\StoreBenchExecResult{Configselection}{}{Cputime}{Total}{}{SourceUnit}{s}%
\StoreBenchExecResult{Configselection}{}{Cputime}{Correct}{}{Sum}{48.22089819}%
\StoreBenchExecResult{Configselection}{}{Cputime}{Correct}{}{Min}{16.07363273}%
\StoreBenchExecResult{Configselection}{}{Cputime}{Correct}{}{Max}{16.07363273}%
\StoreBenchExecResult{Configselection}{}{Cputime}{Correct}{}{Avg}{16.07363273}%
\StoreBenchExecResult{Configselection}{}{Cputime}{Correct}{}{Median}{16.07363273}%
\StoreBenchExecResult{Configselection}{}{Cputime}{Correct}{}{Stdev}{0.00000000000000}%
\StoreBenchExecResult{Configselection}{}{Cputime}{Correct}{}{SourceUnit}{s}%
\StoreBenchExecResult{Configselection}{}{Cputime}{Correct}{True}{Sum}{48.22089819}%
\StoreBenchExecResult{Configselection}{}{Cputime}{Correct}{True}{Min}{16.07363273}%
\StoreBenchExecResult{Configselection}{}{Cputime}{Correct}{True}{Max}{16.07363273}%
\StoreBenchExecResult{Configselection}{}{Cputime}{Correct}{True}{Avg}{16.07363273}%
\StoreBenchExecResult{Configselection}{}{Cputime}{Correct}{True}{Median}{16.07363273}%
\StoreBenchExecResult{Configselection}{}{Cputime}{Correct}{True}{Stdev}{0.00000000000000}%
\StoreBenchExecResult{Configselection}{}{Cputime}{Correct}{True}{SourceUnit}{s}%
\StoreBenchExecResult{Configselection}{}{Walltime}{Total}{}{Sum}{24.89193034173}%
\StoreBenchExecResult{Configselection}{}{Walltime}{Total}{}{Min}{8.29731011391}%
\StoreBenchExecResult{Configselection}{}{Walltime}{Total}{}{Max}{8.29731011391}%
\StoreBenchExecResult{Configselection}{}{Walltime}{Total}{}{Avg}{8.29731011391}%
\StoreBenchExecResult{Configselection}{}{Walltime}{Total}{}{Median}{8.29731011391}%
\StoreBenchExecResult{Configselection}{}{Walltime}{Total}{}{Stdev}{0.00000000000000}%
\StoreBenchExecResult{Configselection}{}{Walltime}{Total}{}{SourceUnit}{s}%
\StoreBenchExecResult{Configselection}{}{Walltime}{Correct}{}{Sum}{24.89193034173}%
\StoreBenchExecResult{Configselection}{}{Walltime}{Correct}{}{Min}{8.29731011391}%
\StoreBenchExecResult{Configselection}{}{Walltime}{Correct}{}{Max}{8.29731011391}%
\StoreBenchExecResult{Configselection}{}{Walltime}{Correct}{}{Avg}{8.29731011391}%
\StoreBenchExecResult{Configselection}{}{Walltime}{Correct}{}{Median}{8.29731011391}%
\StoreBenchExecResult{Configselection}{}{Walltime}{Correct}{}{Stdev}{0.00000000000000}%
\StoreBenchExecResult{Configselection}{}{Walltime}{Correct}{}{SourceUnit}{s}%
\StoreBenchExecResult{Configselection}{}{Walltime}{Correct}{True}{Sum}{24.89193034173}%
\StoreBenchExecResult{Configselection}{}{Walltime}{Correct}{True}{Min}{8.29731011391}%
\StoreBenchExecResult{Configselection}{}{Walltime}{Correct}{True}{Max}{8.29731011391}%
\StoreBenchExecResult{Configselection}{}{Walltime}{Correct}{True}{Avg}{8.29731011391}%
\StoreBenchExecResult{Configselection}{}{Walltime}{Correct}{True}{Median}{8.29731011391}%
\StoreBenchExecResult{Configselection}{}{Walltime}{Correct}{True}{Stdev}{0.00000000000000}%
\StoreBenchExecResult{Configselection}{}{Walltime}{Correct}{True}{SourceUnit}{s}%
\StoreBenchExecResult{Configselection}{}{Walltime}{Local}{}{Sum}{65227.32222509384}%
\StoreBenchExecResult{Configselection}{}{Walltime}{Local}{}{SourceUnit}{s}%
\StoreBenchExecResult{Configselection}{}{Memory}{Total}{}{Sum}{1667.641344}%
\StoreBenchExecResult{Configselection}{}{Memory}{Total}{}{Min}{555.880448}%
\StoreBenchExecResult{Configselection}{}{Memory}{Total}{}{Max}{555.880448}%
\StoreBenchExecResult{Configselection}{}{Memory}{Total}{}{Avg}{555.880448}%
\StoreBenchExecResult{Configselection}{}{Memory}{Total}{}{Median}{555.880448}%
\StoreBenchExecResult{Configselection}{}{Memory}{Total}{}{Stdev}{0.00000000000000000000}%
\StoreBenchExecResult{Configselection}{}{Memory}{Total}{}{SourceUnit}{B}%
\StoreBenchExecResult{Configselection}{}{Memory}{Correct}{}{Sum}{1667.641344}%
\StoreBenchExecResult{Configselection}{}{Memory}{Correct}{}{Min}{555.880448}%
\StoreBenchExecResult{Configselection}{}{Memory}{Correct}{}{Max}{555.880448}%
\StoreBenchExecResult{Configselection}{}{Memory}{Correct}{}{Avg}{555.880448}%
\StoreBenchExecResult{Configselection}{}{Memory}{Correct}{}{Median}{555.880448}%
\StoreBenchExecResult{Configselection}{}{Memory}{Correct}{}{Stdev}{0.00000000000000000000}%
\StoreBenchExecResult{Configselection}{}{Memory}{Correct}{}{SourceUnit}{B}%
\StoreBenchExecResult{Configselection}{}{Memory}{Correct}{True}{Sum}{1667.641344}%
\StoreBenchExecResult{Configselection}{}{Memory}{Correct}{True}{Min}{555.880448}%
\StoreBenchExecResult{Configselection}{}{Memory}{Correct}{True}{Max}{555.880448}%
\StoreBenchExecResult{Configselection}{}{Memory}{Correct}{True}{Avg}{555.880448}%
\StoreBenchExecResult{Configselection}{}{Memory}{Correct}{True}{Median}{555.880448}%
\StoreBenchExecResult{Configselection}{}{Memory}{Correct}{True}{Stdev}{0.00000000000000000000}%
\StoreBenchExecResult{Configselection}{}{Memory}{Correct}{True}{SourceUnit}{B}%
\StoreBenchExecResult{Configselection}{}{Aliasing}{Total}{}{Sum}{NaN}%
\StoreBenchExecResult{Configselection}{}{Aliasing}{Total}{}{Min}{-Inf}%
\StoreBenchExecResult{Configselection}{}{Aliasing}{Total}{}{Max}{Inf}%
\StoreBenchExecResult{Configselection}{}{Aliasing}{Total}{}{Avg}{NaN}%
\StoreBenchExecResult{Configselection}{}{Aliasing}{Total}{}{Median}{1}%
\StoreBenchExecResult{Configselection}{}{Aliasing}{Total}{}{Stdev}{NaN}%
\StoreBenchExecResult{Configselection}{}{Aliasing}{Correct}{}{Sum}{NaN}%
\StoreBenchExecResult{Configselection}{}{Aliasing}{Correct}{}{Min}{-Inf}%
\StoreBenchExecResult{Configselection}{}{Aliasing}{Correct}{}{Max}{Inf}%
\StoreBenchExecResult{Configselection}{}{Aliasing}{Correct}{}{Avg}{NaN}%
\StoreBenchExecResult{Configselection}{}{Aliasing}{Correct}{}{Median}{1}%
\StoreBenchExecResult{Configselection}{}{Aliasing}{Correct}{}{Stdev}{NaN}%
\StoreBenchExecResult{Configselection}{}{Aliasing}{Correct}{True}{Sum}{NaN}%
\StoreBenchExecResult{Configselection}{}{Aliasing}{Correct}{True}{Min}{-Inf}%
\StoreBenchExecResult{Configselection}{}{Aliasing}{Correct}{True}{Max}{Inf}%
\StoreBenchExecResult{Configselection}{}{Aliasing}{Correct}{True}{Avg}{NaN}%
\StoreBenchExecResult{Configselection}{}{Aliasing}{Correct}{True}{Median}{1}%
\StoreBenchExecResult{Configselection}{}{Aliasing}{Correct}{True}{Stdev}{NaN}%
\StoreBenchExecResult{Configselection}{}{Arrays}{Total}{}{Sum}{3}%
\StoreBenchExecResult{Configselection}{}{Arrays}{Total}{}{Min}{1}%
\StoreBenchExecResult{Configselection}{}{Arrays}{Total}{}{Max}{1}%
\StoreBenchExecResult{Configselection}{}{Arrays}{Total}{}{Avg}{1}%
\StoreBenchExecResult{Configselection}{}{Arrays}{Total}{}{Median}{1}%
\StoreBenchExecResult{Configselection}{}{Arrays}{Total}{}{Stdev}{0.00000000000000}%
\StoreBenchExecResult{Configselection}{}{Arrays}{Correct}{}{Sum}{3}%
\StoreBenchExecResult{Configselection}{}{Arrays}{Correct}{}{Min}{1}%
\StoreBenchExecResult{Configselection}{}{Arrays}{Correct}{}{Max}{1}%
\StoreBenchExecResult{Configselection}{}{Arrays}{Correct}{}{Avg}{1}%
\StoreBenchExecResult{Configselection}{}{Arrays}{Correct}{}{Median}{1}%
\StoreBenchExecResult{Configselection}{}{Arrays}{Correct}{}{Stdev}{0.00000000000000}%
\StoreBenchExecResult{Configselection}{}{Arrays}{Correct}{True}{Sum}{3}%
\StoreBenchExecResult{Configselection}{}{Arrays}{Correct}{True}{Min}{1}%
\StoreBenchExecResult{Configselection}{}{Arrays}{Correct}{True}{Max}{1}%
\StoreBenchExecResult{Configselection}{}{Arrays}{Correct}{True}{Avg}{1}%
\StoreBenchExecResult{Configselection}{}{Arrays}{Correct}{True}{Median}{1}%
\StoreBenchExecResult{Configselection}{}{Arrays}{Correct}{True}{Stdev}{0.00000000000000}%
\StoreBenchExecResult{Configselection}{}{Boolean}{Total}{}{Sum}{-Inf}%
\StoreBenchExecResult{Configselection}{}{Boolean}{Total}{}{Min}{-Inf}%
\StoreBenchExecResult{Configselection}{}{Boolean}{Total}{}{Max}{0}%
\StoreBenchExecResult{Configselection}{}{Boolean}{Total}{}{Avg}{-Inf}%
\StoreBenchExecResult{Configselection}{}{Boolean}{Total}{}{Median}{0}%
\StoreBenchExecResult{Configselection}{}{Boolean}{Total}{}{Stdev}{Inf}%
\StoreBenchExecResult{Configselection}{}{Boolean}{Correct}{}{Sum}{-Inf}%
\StoreBenchExecResult{Configselection}{}{Boolean}{Correct}{}{Min}{-Inf}%
\StoreBenchExecResult{Configselection}{}{Boolean}{Correct}{}{Max}{0}%
\StoreBenchExecResult{Configselection}{}{Boolean}{Correct}{}{Avg}{-Inf}%
\StoreBenchExecResult{Configselection}{}{Boolean}{Correct}{}{Median}{0}%
\StoreBenchExecResult{Configselection}{}{Boolean}{Correct}{}{Stdev}{Inf}%
\StoreBenchExecResult{Configselection}{}{Boolean}{Correct}{True}{Sum}{-Inf}%
\StoreBenchExecResult{Configselection}{}{Boolean}{Correct}{True}{Min}{-Inf}%
\StoreBenchExecResult{Configselection}{}{Boolean}{Correct}{True}{Max}{0}%
\StoreBenchExecResult{Configselection}{}{Boolean}{Correct}{True}{Avg}{-Inf}%
\StoreBenchExecResult{Configselection}{}{Boolean}{Correct}{True}{Median}{0}%
\StoreBenchExecResult{Configselection}{}{Boolean}{Correct}{True}{Stdev}{Inf}%
\StoreBenchExecResult{Configselection}{}{CompositeTypes}{Total}{}{Sum}{3}%
\StoreBenchExecResult{Configselection}{}{CompositeTypes}{Total}{}{Min}{1}%
\StoreBenchExecResult{Configselection}{}{CompositeTypes}{Total}{}{Max}{1}%
\StoreBenchExecResult{Configselection}{}{CompositeTypes}{Total}{}{Avg}{1}%
\StoreBenchExecResult{Configselection}{}{CompositeTypes}{Total}{}{Median}{1}%
\StoreBenchExecResult{Configselection}{}{CompositeTypes}{Total}{}{Stdev}{0.00000000000000}%
\StoreBenchExecResult{Configselection}{}{CompositeTypes}{Correct}{}{Sum}{3}%
\StoreBenchExecResult{Configselection}{}{CompositeTypes}{Correct}{}{Min}{1}%
\StoreBenchExecResult{Configselection}{}{CompositeTypes}{Correct}{}{Max}{1}%
\StoreBenchExecResult{Configselection}{}{CompositeTypes}{Correct}{}{Avg}{1}%
\StoreBenchExecResult{Configselection}{}{CompositeTypes}{Correct}{}{Median}{1}%
\StoreBenchExecResult{Configselection}{}{CompositeTypes}{Correct}{}{Stdev}{0.00000000000000}%
\StoreBenchExecResult{Configselection}{}{CompositeTypes}{Correct}{True}{Sum}{3}%
\StoreBenchExecResult{Configselection}{}{CompositeTypes}{Correct}{True}{Min}{1}%
\StoreBenchExecResult{Configselection}{}{CompositeTypes}{Correct}{True}{Max}{1}%
\StoreBenchExecResult{Configselection}{}{CompositeTypes}{Correct}{True}{Avg}{1}%
\StoreBenchExecResult{Configselection}{}{CompositeTypes}{Correct}{True}{Median}{1}%
\StoreBenchExecResult{Configselection}{}{CompositeTypes}{Correct}{True}{Stdev}{0.00000000000000}%
\StoreBenchExecResult{Configselection}{}{Floats}{Total}{}{Sum}{NaN}%
\StoreBenchExecResult{Configselection}{}{Floats}{Total}{}{Min}{NaN}%
\StoreBenchExecResult{Configselection}{}{Floats}{Total}{}{Max}{NaN}%
\StoreBenchExecResult{Configselection}{}{Floats}{Total}{}{Avg}{NaN}%
\StoreBenchExecResult{Configselection}{}{Floats}{Total}{}{Median}{NaN}%
\StoreBenchExecResult{Configselection}{}{Floats}{Total}{}{Stdev}{NaN}%
\StoreBenchExecResult{Configselection}{}{Floats}{Correct}{}{Sum}{NaN}%
\StoreBenchExecResult{Configselection}{}{Floats}{Correct}{}{Min}{NaN}%
\StoreBenchExecResult{Configselection}{}{Floats}{Correct}{}{Max}{NaN}%
\StoreBenchExecResult{Configselection}{}{Floats}{Correct}{}{Avg}{NaN}%
\StoreBenchExecResult{Configselection}{}{Floats}{Correct}{}{Median}{NaN}%
\StoreBenchExecResult{Configselection}{}{Floats}{Correct}{}{Stdev}{NaN}%
\StoreBenchExecResult{Configselection}{}{Floats}{Correct}{True}{Sum}{NaN}%
\StoreBenchExecResult{Configselection}{}{Floats}{Correct}{True}{Min}{NaN}%
\StoreBenchExecResult{Configselection}{}{Floats}{Correct}{True}{Max}{NaN}%
\StoreBenchExecResult{Configselection}{}{Floats}{Correct}{True}{Avg}{NaN}%
\StoreBenchExecResult{Configselection}{}{Floats}{Correct}{True}{Median}{NaN}%
\StoreBenchExecResult{Configselection}{}{Floats}{Correct}{True}{Stdev}{NaN}%
\StoreBenchExecResult{Configselection}{}{Loops}{Total}{}{Sum}{Inf}%
\StoreBenchExecResult{Configselection}{}{Loops}{Total}{}{Min}{1}%
\StoreBenchExecResult{Configselection}{}{Loops}{Total}{}{Max}{Inf}%
\StoreBenchExecResult{Configselection}{}{Loops}{Total}{}{Avg}{Inf}%
\StoreBenchExecResult{Configselection}{}{Loops}{Total}{}{Median}{1}%
\StoreBenchExecResult{Configselection}{}{Loops}{Total}{}{Stdev}{Inf}%
\StoreBenchExecResult{Configselection}{}{Loops}{Correct}{}{Sum}{Inf}%
\StoreBenchExecResult{Configselection}{}{Loops}{Correct}{}{Min}{1}%
\StoreBenchExecResult{Configselection}{}{Loops}{Correct}{}{Max}{Inf}%
\StoreBenchExecResult{Configselection}{}{Loops}{Correct}{}{Avg}{Inf}%
\StoreBenchExecResult{Configselection}{}{Loops}{Correct}{}{Median}{1}%
\StoreBenchExecResult{Configselection}{}{Loops}{Correct}{}{Stdev}{Inf}%
\StoreBenchExecResult{Configselection}{}{Loops}{Correct}{True}{Sum}{Inf}%
\StoreBenchExecResult{Configselection}{}{Loops}{Correct}{True}{Min}{1}%
\StoreBenchExecResult{Configselection}{}{Loops}{Correct}{True}{Max}{Inf}%
\StoreBenchExecResult{Configselection}{}{Loops}{Correct}{True}{Avg}{Inf}%
\StoreBenchExecResult{Configselection}{}{Loops}{Correct}{True}{Median}{1}%
\StoreBenchExecResult{Configselection}{}{Loops}{Correct}{True}{Stdev}{Inf}%