tool	CPAchecker 1.7-svn 28500M	CPAchecker 1.7-svn 28500M	CPAchecker 1.7-svn 28500M	CPAchecker 1.7-svn 28500M	CPAchecker 1.7-svn 28500M	CPAchecker 1.7-svn 28500M	CPAchecker 1.7-svn 28500M	CPAchecker 1.7-svn 28500M	CPAchecker 1.7-svn 28500M	CPAchecker 1.7-svn 28500M	CPAchecker 1.7-svn 28500M	CPAchecker 1.7-svn 28500M
run set	Model-Based-Selection	Model-Based-Selection	Model-Based-Selection	Model-Based-Selection	Model-Based-Selection	Model-Based-Selection	Model-Based-Selection	Model-Based-Selection	Model-Based-Selection	Model-Based-Selection	Model-Based-Selection	Model-Based-Selection
	status	cputime (s)	walltime (s)	memUsage	Aliasing	Arrays	Boolean	Composite types	Config	Floats	Loops	host
benchexec\tablegenerator\test_integration\programs\benchmarks\ldv-linux-4.0-rc1-mav\linux-4_true-termination.0-rc1---drivers--media--rc--lirc_dev.ko_true-unreach-call.cil.c	true	16.07363273	8.29731011391	555880448	1	1	0	1	configselection-restart-valueAnalysis-fallbacks.properties	Nan	1	apollon104
benchexec\tablegenerator\test_integration\results\dummyRun1	true	16.07363273	8.29731011391	555880448	Inf	1	0	1	configselection-restart-valueAnalysis-fallbacks.properties	0	Inf	apollon104
benchexec\tablegenerator\test_integration\results\dummyRun2	true	16.07363273	8.29731011391	555880448	-Inf	1	-inf	1	configselection-restart-valueAnalysis-fallbacks.properties	2	1	apollon104
