% The following definition defines a command for each value.
% The command name is the concatenation of the first six arguments.
% To override this definition, define \StoreBenchExecResult with \newcommand before including this file.
% Arguments: benchmark name, run-set name, category, status, column name, statistic, value
\providecommand\StoreBenchExecResult[7]{\expandafter\newcommand\csname#1#2#3#4#5#6\endcsname{#7}}%
\StoreBenchExecResult{Test}{}{Status}{Score}{}{}{0}%
\StoreBenchExecResult{Test}{}{Status}{Total}{}{}{5}%
\StoreBenchExecResult{Test}{}{Status}{Correct}{}{}{3}%
\StoreBenchExecResult{Test}{}{Status}{Correct}{True}{}{2}%
\StoreBenchExecResult{Test}{}{Status}{Correct}{False}{}{1}%
\StoreBenchExecResult{Test}{}{Status}{Correct}{Unconfirmed}{}{0}%
\StoreBenchExecResult{Test}{}{Status}{CorrectUnconfirmed}{True}{}{0}%
\StoreBenchExecResult{Test}{}{Status}{CorrectUnconfirmed}{False}{}{0}%
\StoreBenchExecResult{Test}{}{Status}{Wrong}{}{}{1}%
\StoreBenchExecResult{Test}{}{Status}{Wrong}{True}{}{1}%
\StoreBenchExecResult{Test}{}{Status}{Wrong}{False}{}{0}%
\StoreBenchExecResult{Test}{}{Cputime}{Total}{}{}{10.919505907}%
\StoreBenchExecResult{Test}{}{Cputime}{Total}{}{Min}{2.058647067}%
\StoreBenchExecResult{Test}{}{Cputime}{Total}{}{Max}{2.272238619}%
\StoreBenchExecResult{Test}{}{Cputime}{Total}{}{Avg}{2.1839011814}%
\StoreBenchExecResult{Test}{}{Cputime}{Total}{}{Median}{2.189887353}%
\StoreBenchExecResult{Test}{}{Cputime}{Total}{}{Stdev}{0.07187152671885927483466361201}%
\StoreBenchExecResult{Test}{}{Cputime}{Correct}{}{}{6.478077860}%
\StoreBenchExecResult{Test}{}{Cputime}{Correct}{}{Min}{2.058647067}%
\StoreBenchExecResult{Test}{}{Cputime}{Correct}{}{Max}{2.22954344}%
\StoreBenchExecResult{Test}{}{Cputime}{Correct}{}{Avg}{2.159359286666666666666666667}%
\StoreBenchExecResult{Test}{}{Cputime}{Correct}{}{Median}{2.189887353}%
\StoreBenchExecResult{Test}{}{Cputime}{Correct}{}{Stdev}{0.07303133894284965266045621882}%
\StoreBenchExecResult{Test}{}{Cputime}{Correct}{True}{}{4.288190507}%
\StoreBenchExecResult{Test}{}{Cputime}{Correct}{True}{Min}{2.058647067}%
\StoreBenchExecResult{Test}{}{Cputime}{Correct}{True}{Max}{2.22954344}%
\StoreBenchExecResult{Test}{}{Cputime}{Correct}{True}{Avg}{2.1440952535}%
\StoreBenchExecResult{Test}{}{Cputime}{Correct}{True}{Median}{2.1440952535}%
\StoreBenchExecResult{Test}{}{Cputime}{Correct}{True}{Stdev}{0.08544818650000}%
\StoreBenchExecResult{Test}{}{Cputime}{Correct}{False}{}{2.189887353}%
\StoreBenchExecResult{Test}{}{Cputime}{Correct}{False}{Min}{2.189887353}%
\StoreBenchExecResult{Test}{}{Cputime}{Correct}{False}{Max}{2.189887353}%
\StoreBenchExecResult{Test}{}{Cputime}{Correct}{False}{Avg}{2.189887353}%
\StoreBenchExecResult{Test}{}{Cputime}{Correct}{False}{Median}{2.189887353}%
\StoreBenchExecResult{Test}{}{Cputime}{Correct}{False}{Stdev}{0.00000000000000}%
\StoreBenchExecResult{Test}{}{Cputime}{Wrong}{}{}{2.169189428}%
\StoreBenchExecResult{Test}{}{Cputime}{Wrong}{}{Min}{2.169189428}%
\StoreBenchExecResult{Test}{}{Cputime}{Wrong}{}{Max}{2.169189428}%
\StoreBenchExecResult{Test}{}{Cputime}{Wrong}{}{Avg}{2.169189428}%
\StoreBenchExecResult{Test}{}{Cputime}{Wrong}{}{Median}{2.169189428}%
\StoreBenchExecResult{Test}{}{Cputime}{Wrong}{}{Stdev}{0.00000000000000}%
\StoreBenchExecResult{Test}{}{Cputime}{Wrong}{True}{}{2.169189428}%
\StoreBenchExecResult{Test}{}{Cputime}{Wrong}{True}{Min}{2.169189428}%
\StoreBenchExecResult{Test}{}{Cputime}{Wrong}{True}{Max}{2.169189428}%
\StoreBenchExecResult{Test}{}{Cputime}{Wrong}{True}{Avg}{2.169189428}%
\StoreBenchExecResult{Test}{}{Cputime}{Wrong}{True}{Median}{2.169189428}%
\StoreBenchExecResult{Test}{}{Cputime}{Wrong}{True}{Stdev}{0.00000000000000}%
\StoreBenchExecResult{Test}{}{Cputime}{Local}{}{}{10.933401000000002}%
\StoreBenchExecResult{Test}{}{Walltime}{Total}{}{}{10.9609942436218263}%
\StoreBenchExecResult{Test}{}{Walltime}{Total}{}{Min}{2.0664572715759277}%
\StoreBenchExecResult{Test}{}{Walltime}{Total}{}{Max}{2.2822041511535645}%
\StoreBenchExecResult{Test}{}{Walltime}{Total}{}{Avg}{2.19219884872436526}%
\StoreBenchExecResult{Test}{}{Walltime}{Total}{}{Median}{2.1968865394592285}%
\StoreBenchExecResult{Test}{}{Walltime}{Total}{}{Stdev}{0.07230447039122090684958965327}%
\StoreBenchExecResult{Test}{}{Walltime}{Correct}{}{}{6.5004251003265382}%
\StoreBenchExecResult{Test}{}{Walltime}{Correct}{}{Min}{2.0664572715759277}%
\StoreBenchExecResult{Test}{}{Walltime}{Correct}{}{Max}{2.237081289291382}%
\StoreBenchExecResult{Test}{}{Walltime}{Correct}{}{Avg}{2.166808366775512733333333333}%
\StoreBenchExecResult{Test}{}{Walltime}{Correct}{}{Median}{2.1968865394592285}%
\StoreBenchExecResult{Test}{}{Walltime}{Correct}{}{Stdev}{0.07283159208903090975048642215}%
\StoreBenchExecResult{Test}{}{Walltime}{Correct}{True}{}{4.3035385608673097}%
\StoreBenchExecResult{Test}{}{Walltime}{Correct}{True}{Min}{2.0664572715759277}%
\StoreBenchExecResult{Test}{}{Walltime}{Correct}{True}{Max}{2.237081289291382}%
\StoreBenchExecResult{Test}{}{Walltime}{Correct}{True}{Avg}{2.15176928043365485}%
\StoreBenchExecResult{Test}{}{Walltime}{Correct}{True}{Median}{2.15176928043365485}%
\StoreBenchExecResult{Test}{}{Walltime}{Correct}{True}{Stdev}{0.08531200885772714999999999999}%
\StoreBenchExecResult{Test}{}{Walltime}{Correct}{False}{}{2.1968865394592285}%
\StoreBenchExecResult{Test}{}{Walltime}{Correct}{False}{Min}{2.1968865394592285}%
\StoreBenchExecResult{Test}{}{Walltime}{Correct}{False}{Max}{2.1968865394592285}%
\StoreBenchExecResult{Test}{}{Walltime}{Correct}{False}{Avg}{2.1968865394592285}%
\StoreBenchExecResult{Test}{}{Walltime}{Correct}{False}{Median}{2.1968865394592285}%
\StoreBenchExecResult{Test}{}{Walltime}{Correct}{False}{Stdev}{0.0000000000000000}%
\StoreBenchExecResult{Test}{}{Walltime}{Wrong}{}{}{2.1783649921417236}%
\StoreBenchExecResult{Test}{}{Walltime}{Wrong}{}{Min}{2.1783649921417236}%
\StoreBenchExecResult{Test}{}{Walltime}{Wrong}{}{Max}{2.1783649921417236}%
\StoreBenchExecResult{Test}{}{Walltime}{Wrong}{}{Avg}{2.1783649921417236}%
\StoreBenchExecResult{Test}{}{Walltime}{Wrong}{}{Median}{2.1783649921417236}%
\StoreBenchExecResult{Test}{}{Walltime}{Wrong}{}{Stdev}{0.0000000000000000}%
\StoreBenchExecResult{Test}{}{Walltime}{Wrong}{True}{}{2.1783649921417236}%
\StoreBenchExecResult{Test}{}{Walltime}{Wrong}{True}{Min}{2.1783649921417236}%
\StoreBenchExecResult{Test}{}{Walltime}{Wrong}{True}{Max}{2.1783649921417236}%
\StoreBenchExecResult{Test}{}{Walltime}{Wrong}{True}{Avg}{2.1783649921417236}%
\StoreBenchExecResult{Test}{}{Walltime}{Wrong}{True}{Median}{2.1783649921417236}%
\StoreBenchExecResult{Test}{}{Walltime}{Wrong}{True}{Stdev}{0.0000000000000000}%
\StoreBenchExecResult{Test}{}{Walltime}{Local}{}{}{11.626914262771606}%
\StoreBenchExecResult{Test}{}{Memory}{Total}{}{}{645.271552}%
\StoreBenchExecResult{Test}{}{Memory}{Total}{}{Min}{126.312448}%
\StoreBenchExecResult{Test}{}{Memory}{Total}{}{Max}{132.337664}%
\StoreBenchExecResult{Test}{}{Memory}{Total}{}{Avg}{129.0543104}%
\StoreBenchExecResult{Test}{}{Memory}{Total}{}{Median}{129.118208}%
\StoreBenchExecResult{Test}{}{Memory}{Total}{}{Stdev}{1.975805449949118851756738273}%
\StoreBenchExecResult{Test}{}{Memory}{Correct}{}{}{387.768320}%
\StoreBenchExecResult{Test}{}{Memory}{Correct}{}{Min}{126.312448}%
\StoreBenchExecResult{Test}{}{Memory}{Correct}{}{Max}{132.337664}%
\StoreBenchExecResult{Test}{}{Memory}{Correct}{}{Avg}{129.2561066666666666666666667}%
\StoreBenchExecResult{Test}{}{Memory}{Correct}{}{Median}{129.118208}%
\StoreBenchExecResult{Test}{}{Memory}{Correct}{}{Stdev}{2.461716067213456867331590003}%
\StoreBenchExecResult{Test}{}{Memory}{Correct}{True}{}{258.650112}%
\StoreBenchExecResult{Test}{}{Memory}{Correct}{True}{Min}{126.312448}%
\StoreBenchExecResult{Test}{}{Memory}{Correct}{True}{Max}{132.337664}%
\StoreBenchExecResult{Test}{}{Memory}{Correct}{True}{Avg}{129.325056}%
\StoreBenchExecResult{Test}{}{Memory}{Correct}{True}{Median}{129.325056}%
\StoreBenchExecResult{Test}{}{Memory}{Correct}{True}{Stdev}{3.0126080000000}%
\StoreBenchExecResult{Test}{}{Memory}{Correct}{False}{}{129.118208}%
\StoreBenchExecResult{Test}{}{Memory}{Correct}{False}{Min}{129.118208}%
\StoreBenchExecResult{Test}{}{Memory}{Correct}{False}{Max}{129.118208}%
\StoreBenchExecResult{Test}{}{Memory}{Correct}{False}{Avg}{129.118208}%
\StoreBenchExecResult{Test}{}{Memory}{Correct}{False}{Median}{129.118208}%
\StoreBenchExecResult{Test}{}{Memory}{Correct}{False}{Stdev}{0.00000000000000000000}%
\StoreBenchExecResult{Test}{}{Memory}{Wrong}{}{}{128.032768}%
\StoreBenchExecResult{Test}{}{Memory}{Wrong}{}{Min}{128.032768}%
\StoreBenchExecResult{Test}{}{Memory}{Wrong}{}{Max}{128.032768}%
\StoreBenchExecResult{Test}{}{Memory}{Wrong}{}{Avg}{128.032768}%
\StoreBenchExecResult{Test}{}{Memory}{Wrong}{}{Median}{128.032768}%
\StoreBenchExecResult{Test}{}{Memory}{Wrong}{}{Stdev}{0.00000000000000000000}%
\StoreBenchExecResult{Test}{}{Memory}{Wrong}{True}{}{128.032768}%
\StoreBenchExecResult{Test}{}{Memory}{Wrong}{True}{Min}{128.032768}%
\StoreBenchExecResult{Test}{}{Memory}{Wrong}{True}{Max}{128.032768}%
\StoreBenchExecResult{Test}{}{Memory}{Wrong}{True}{Avg}{128.032768}%
\StoreBenchExecResult{Test}{}{Memory}{Wrong}{True}{Median}{128.032768}%
\StoreBenchExecResult{Test}{}{Memory}{Wrong}{True}{Stdev}{0.00000000000000000000}%
\StoreBenchExecResult{TestI}{}{Status}{Score}{}{}{0}%
\StoreBenchExecResult{TestI}{}{Status}{Total}{}{}{5}%
\StoreBenchExecResult{TestI}{}{Status}{Correct}{}{}{3}%
\StoreBenchExecResult{TestI}{}{Status}{Correct}{True}{}{2}%
\StoreBenchExecResult{TestI}{}{Status}{Correct}{False}{}{1}%
\StoreBenchExecResult{TestI}{}{Status}{Correct}{Unconfirmed}{}{0}%
\StoreBenchExecResult{TestI}{}{Status}{CorrectUnconfirmed}{True}{}{0}%
\StoreBenchExecResult{TestI}{}{Status}{CorrectUnconfirmed}{False}{}{0}%
\StoreBenchExecResult{TestI}{}{Status}{Wrong}{}{}{1}%
\StoreBenchExecResult{TestI}{}{Status}{Wrong}{True}{}{1}%
\StoreBenchExecResult{TestI}{}{Status}{Wrong}{False}{}{0}%
\StoreBenchExecResult{TestI}{}{Cputime}{Total}{}{}{9.389318338}%
\StoreBenchExecResult{TestI}{}{Cputime}{Total}{}{Min}{1.829559535}%
\StoreBenchExecResult{TestI}{}{Cputime}{Total}{}{Max}{1.949553467}%
\StoreBenchExecResult{TestI}{}{Cputime}{Total}{}{Avg}{1.8778636676}%
\StoreBenchExecResult{TestI}{}{Cputime}{Total}{}{Median}{1.858883109}%
\StoreBenchExecResult{TestI}{}{Cputime}{Total}{}{Stdev}{0.04257001950246352236218650379}%
\StoreBenchExecResult{TestI}{}{Cputime}{Correct}{}{}{5.630092623}%
\StoreBenchExecResult{TestI}{}{Cputime}{Correct}{}{Min}{1.829559535}%
\StoreBenchExecResult{TestI}{}{Cputime}{Correct}{}{Max}{1.949553467}%
\StoreBenchExecResult{TestI}{}{Cputime}{Correct}{}{Avg}{1.876697541}%
\StoreBenchExecResult{TestI}{}{Cputime}{Correct}{}{Median}{1.850979621}%
\StoreBenchExecResult{TestI}{}{Cputime}{Correct}{}{Stdev}{0.05225383230634831310378708422}%
\StoreBenchExecResult{TestI}{}{Cputime}{Correct}{True}{}{3.800533088}%
\StoreBenchExecResult{TestI}{}{Cputime}{Correct}{True}{Min}{1.850979621}%
\StoreBenchExecResult{TestI}{}{Cputime}{Correct}{True}{Max}{1.949553467}%
\StoreBenchExecResult{TestI}{}{Cputime}{Correct}{True}{Avg}{1.900266544}%
\StoreBenchExecResult{TestI}{}{Cputime}{Correct}{True}{Median}{1.900266544}%
\StoreBenchExecResult{TestI}{}{Cputime}{Correct}{True}{Stdev}{0.04928692300000}%
\StoreBenchExecResult{TestI}{}{Cputime}{Correct}{False}{}{1.829559535}%
\StoreBenchExecResult{TestI}{}{Cputime}{Correct}{False}{Min}{1.829559535}%
\StoreBenchExecResult{TestI}{}{Cputime}{Correct}{False}{Max}{1.829559535}%
\StoreBenchExecResult{TestI}{}{Cputime}{Correct}{False}{Avg}{1.829559535}%
\StoreBenchExecResult{TestI}{}{Cputime}{Correct}{False}{Median}{1.829559535}%
\StoreBenchExecResult{TestI}{}{Cputime}{Correct}{False}{Stdev}{0.00000000000000}%
\StoreBenchExecResult{TestI}{}{Cputime}{Wrong}{}{}{1.858883109}%
\StoreBenchExecResult{TestI}{}{Cputime}{Wrong}{}{Min}{1.858883109}%
\StoreBenchExecResult{TestI}{}{Cputime}{Wrong}{}{Max}{1.858883109}%
\StoreBenchExecResult{TestI}{}{Cputime}{Wrong}{}{Avg}{1.858883109}%
\StoreBenchExecResult{TestI}{}{Cputime}{Wrong}{}{Median}{1.858883109}%
\StoreBenchExecResult{TestI}{}{Cputime}{Wrong}{}{Stdev}{0.00000000000000}%
\StoreBenchExecResult{TestI}{}{Cputime}{Wrong}{True}{}{1.858883109}%
\StoreBenchExecResult{TestI}{}{Cputime}{Wrong}{True}{Min}{1.858883109}%
\StoreBenchExecResult{TestI}{}{Cputime}{Wrong}{True}{Max}{1.858883109}%
\StoreBenchExecResult{TestI}{}{Cputime}{Wrong}{True}{Avg}{1.858883109}%
\StoreBenchExecResult{TestI}{}{Cputime}{Wrong}{True}{Median}{1.858883109}%
\StoreBenchExecResult{TestI}{}{Cputime}{Wrong}{True}{Stdev}{0.00000000000000}%
\StoreBenchExecResult{TestI}{}{Cputime}{Local}{}{}{9.40492}%
\StoreBenchExecResult{TestI}{}{Walltime}{Total}{}{}{9.4261422157287599}%
\StoreBenchExecResult{TestI}{}{Walltime}{Total}{}{Min}{1.8350000381469727}%
\StoreBenchExecResult{TestI}{}{Walltime}{Total}{}{Max}{1.957531213760376}%
\StoreBenchExecResult{TestI}{}{Walltime}{Total}{}{Avg}{1.88522844314575198}%
\StoreBenchExecResult{TestI}{}{Walltime}{Total}{}{Median}{1.8666319847106934}%
\StoreBenchExecResult{TestI}{}{Walltime}{Total}{}{Stdev}{0.04314211548784095260143761438}%
\StoreBenchExecResult{TestI}{}{Walltime}{Correct}{}{}{5.6514875888824464}%
\StoreBenchExecResult{TestI}{}{Walltime}{Correct}{}{Min}{1.8350000381469727}%
\StoreBenchExecResult{TestI}{}{Walltime}{Correct}{}{Max}{1.957531213760376}%
\StoreBenchExecResult{TestI}{}{Walltime}{Correct}{}{Avg}{1.8838291962941488}%
\StoreBenchExecResult{TestI}{}{Walltime}{Correct}{}{Median}{1.8589563369750977}%
\StoreBenchExecResult{TestI}{}{Walltime}{Correct}{}{Stdev}{0.05302494128445374183519480361}%
\StoreBenchExecResult{TestI}{}{Walltime}{Correct}{True}{}{3.8164875507354737}%
\StoreBenchExecResult{TestI}{}{Walltime}{Correct}{True}{Min}{1.8589563369750977}%
\StoreBenchExecResult{TestI}{}{Walltime}{Correct}{True}{Max}{1.957531213760376}%
\StoreBenchExecResult{TestI}{}{Walltime}{Correct}{True}{Avg}{1.90824377536773685}%
\StoreBenchExecResult{TestI}{}{Walltime}{Correct}{True}{Median}{1.90824377536773685}%
\StoreBenchExecResult{TestI}{}{Walltime}{Correct}{True}{Stdev}{0.04928743839263915000000000000}%
\StoreBenchExecResult{TestI}{}{Walltime}{Correct}{False}{}{1.8350000381469727}%
\StoreBenchExecResult{TestI}{}{Walltime}{Correct}{False}{Min}{1.8350000381469727}%
\StoreBenchExecResult{TestI}{}{Walltime}{Correct}{False}{Max}{1.8350000381469727}%
\StoreBenchExecResult{TestI}{}{Walltime}{Correct}{False}{Avg}{1.8350000381469727}%
\StoreBenchExecResult{TestI}{}{Walltime}{Correct}{False}{Median}{1.8350000381469727}%
\StoreBenchExecResult{TestI}{}{Walltime}{Correct}{False}{Stdev}{0.0000000000000000}%
\StoreBenchExecResult{TestI}{}{Walltime}{Wrong}{}{}{1.8666319847106934}%
\StoreBenchExecResult{TestI}{}{Walltime}{Wrong}{}{Min}{1.8666319847106934}%
\StoreBenchExecResult{TestI}{}{Walltime}{Wrong}{}{Max}{1.8666319847106934}%
\StoreBenchExecResult{TestI}{}{Walltime}{Wrong}{}{Avg}{1.8666319847106934}%
\StoreBenchExecResult{TestI}{}{Walltime}{Wrong}{}{Median}{1.8666319847106934}%
\StoreBenchExecResult{TestI}{}{Walltime}{Wrong}{}{Stdev}{0.0000000000000000}%
\StoreBenchExecResult{TestI}{}{Walltime}{Wrong}{True}{}{1.8666319847106934}%
\StoreBenchExecResult{TestI}{}{Walltime}{Wrong}{True}{Min}{1.8666319847106934}%
\StoreBenchExecResult{TestI}{}{Walltime}{Wrong}{True}{Max}{1.8666319847106934}%
\StoreBenchExecResult{TestI}{}{Walltime}{Wrong}{True}{Avg}{1.8666319847106934}%
\StoreBenchExecResult{TestI}{}{Walltime}{Wrong}{True}{Median}{1.8666319847106934}%
\StoreBenchExecResult{TestI}{}{Walltime}{Wrong}{True}{Stdev}{0.0000000000000000}%
\StoreBenchExecResult{TestI}{}{Walltime}{Local}{}{}{10.121181964874268}%
\StoreBenchExecResult{TestI}{}{Memory}{Total}{}{}{648.318976}%
\StoreBenchExecResult{TestI}{}{Memory}{Total}{}{Min}{128.536576}%
\StoreBenchExecResult{TestI}{}{Memory}{Total}{}{Max}{130.568192}%
\StoreBenchExecResult{TestI}{}{Memory}{Total}{}{Avg}{129.6637952}%
\StoreBenchExecResult{TestI}{}{Memory}{Total}{}{Median}{129.806336}%
\StoreBenchExecResult{TestI}{}{Memory}{Total}{}{Stdev}{0.6707512351810915599486043786}%
\StoreBenchExecResult{TestI}{}{Memory}{Correct}{}{}{388.308992}%
\StoreBenchExecResult{TestI}{}{Memory}{Correct}{}{Min}{128.536576}%
\StoreBenchExecResult{TestI}{}{Memory}{Correct}{}{Max}{129.966080}%
\StoreBenchExecResult{TestI}{}{Memory}{Correct}{}{Avg}{129.4363306666666666666666667}%
\StoreBenchExecResult{TestI}{}{Memory}{Correct}{}{Median}{129.806336}%
\StoreBenchExecResult{TestI}{}{Memory}{Correct}{}{Stdev}{0.6395562949031322154469911477}%
\StoreBenchExecResult{TestI}{}{Memory}{Correct}{True}{}{258.342912}%
\StoreBenchExecResult{TestI}{}{Memory}{Correct}{True}{Min}{128.536576}%
\StoreBenchExecResult{TestI}{}{Memory}{Correct}{True}{Max}{129.806336}%
\StoreBenchExecResult{TestI}{}{Memory}{Correct}{True}{Avg}{129.171456}%
\StoreBenchExecResult{TestI}{}{Memory}{Correct}{True}{Median}{129.171456}%
\StoreBenchExecResult{TestI}{}{Memory}{Correct}{True}{Stdev}{0.63488000000000}%
\StoreBenchExecResult{TestI}{}{Memory}{Correct}{False}{}{129.966080}%
\StoreBenchExecResult{TestI}{}{Memory}{Correct}{False}{Min}{129.966080}%
\StoreBenchExecResult{TestI}{}{Memory}{Correct}{False}{Max}{129.966080}%
\StoreBenchExecResult{TestI}{}{Memory}{Correct}{False}{Avg}{129.966080}%
\StoreBenchExecResult{TestI}{}{Memory}{Correct}{False}{Median}{129.966080}%
\StoreBenchExecResult{TestI}{}{Memory}{Correct}{False}{Stdev}{0.00000000000000000000}%
\StoreBenchExecResult{TestI}{}{Memory}{Wrong}{}{}{130.568192}%
\StoreBenchExecResult{TestI}{}{Memory}{Wrong}{}{Min}{130.568192}%
\StoreBenchExecResult{TestI}{}{Memory}{Wrong}{}{Max}{130.568192}%
\StoreBenchExecResult{TestI}{}{Memory}{Wrong}{}{Avg}{130.568192}%
\StoreBenchExecResult{TestI}{}{Memory}{Wrong}{}{Median}{130.568192}%
\StoreBenchExecResult{TestI}{}{Memory}{Wrong}{}{Stdev}{0.00000000000000000000}%
\StoreBenchExecResult{TestI}{}{Memory}{Wrong}{True}{}{130.568192}%
\StoreBenchExecResult{TestI}{}{Memory}{Wrong}{True}{Min}{130.568192}%
\StoreBenchExecResult{TestI}{}{Memory}{Wrong}{True}{Max}{130.568192}%
\StoreBenchExecResult{TestI}{}{Memory}{Wrong}{True}{Avg}{130.568192}%
\StoreBenchExecResult{TestI}{}{Memory}{Wrong}{True}{Median}{130.568192}%
\StoreBenchExecResult{TestI}{}{Memory}{Wrong}{True}{Stdev}{0.00000000000000000000}%