% The following definition defines a command for each value.
% The command name is the concatenation of the first six arguments.
% To override this definition, define \StoreBenchExecResult with \newcommand before including this file.
% Arguments: benchmark name, run-set name, category, status, column name, statistic, value
\providecommand\StoreBenchExecResult[7]{\expandafter\newcommand\csname#1#2#3#4#5#6\endcsname{#7}}%
\StoreBenchExecResult{Test}{}{Status}{Score}{}{Sum}{}%
\StoreBenchExecResult{Test}{}{Status}{Total}{}{Sum}{5}%
\StoreBenchExecResult{Test}{}{Status}{Correct}{}{Sum}{3}%
\StoreBenchExecResult{Test}{}{Status}{Correct}{True}{Sum}{2}%
\StoreBenchExecResult{Test}{}{Status}{Correct}{False}{Sum}{1}%
\StoreBenchExecResult{Test}{}{Status}{Correct}{Unconfirmed}{Sum}{}%
\StoreBenchExecResult{Test}{}{Status}{CorrectUnconfirmed}{True}{Sum}{}%
\StoreBenchExecResult{Test}{}{Status}{CorrectUnconfirmed}{False}{Sum}{}%
\StoreBenchExecResult{Test}{}{Status}{Wrong}{}{Sum}{1}%
\StoreBenchExecResult{Test}{}{Status}{Wrong}{True}{Sum}{1}%
\StoreBenchExecResult{Test}{}{Status}{Wrong}{False}{Sum}{}%
\StoreBenchExecResult{Test}{}{Cputime}{Total}{}{Sum}{10.9}%
\StoreBenchExecResult{Test}{}{Cputime}{Total}{}{Min}{2.06}%
\StoreBenchExecResult{Test}{}{Cputime}{Total}{}{Max}{2.27}%
\StoreBenchExecResult{Test}{}{Cputime}{Total}{}{Avg}{2.18}%
\StoreBenchExecResult{Test}{}{Cputime}{Total}{}{Median}{2.19}%
\StoreBenchExecResult{Test}{}{Cputime}{Total}{}{Stdev}{0.0719}%
\StoreBenchExecResult{Test}{}{Cputime}{Total}{}{Unit}{s}%
\StoreBenchExecResult{Test}{}{Cputime}{Correct}{}{Sum}{6.48}%
\StoreBenchExecResult{Test}{}{Cputime}{Correct}{}{Min}{2.06}%
\StoreBenchExecResult{Test}{}{Cputime}{Correct}{}{Max}{2.23}%
\StoreBenchExecResult{Test}{}{Cputime}{Correct}{}{Avg}{2.16}%
\StoreBenchExecResult{Test}{}{Cputime}{Correct}{}{Median}{2.19}%
\StoreBenchExecResult{Test}{}{Cputime}{Correct}{}{Stdev}{0.0730}%
\StoreBenchExecResult{Test}{}{Cputime}{Correct}{}{Unit}{s}%
\StoreBenchExecResult{Test}{}{Cputime}{Correct}{True}{Sum}{4.29}%
\StoreBenchExecResult{Test}{}{Cputime}{Correct}{True}{Min}{2.06}%
\StoreBenchExecResult{Test}{}{Cputime}{Correct}{True}{Max}{2.23}%
\StoreBenchExecResult{Test}{}{Cputime}{Correct}{True}{Avg}{2.14}%
\StoreBenchExecResult{Test}{}{Cputime}{Correct}{True}{Median}{2.14}%
\StoreBenchExecResult{Test}{}{Cputime}{Correct}{True}{Stdev}{0.0854}%
\StoreBenchExecResult{Test}{}{Cputime}{Correct}{True}{Unit}{s}%
\StoreBenchExecResult{Test}{}{Cputime}{Correct}{False}{Sum}{2.19}%
\StoreBenchExecResult{Test}{}{Cputime}{Correct}{False}{Min}{2.19}%
\StoreBenchExecResult{Test}{}{Cputime}{Correct}{False}{Max}{2.19}%
\StoreBenchExecResult{Test}{}{Cputime}{Correct}{False}{Avg}{2.19}%
\StoreBenchExecResult{Test}{}{Cputime}{Correct}{False}{Median}{2.19}%
\StoreBenchExecResult{Test}{}{Cputime}{Correct}{False}{Stdev}{0.000}%
\StoreBenchExecResult{Test}{}{Cputime}{Correct}{False}{Unit}{s}%
\StoreBenchExecResult{Test}{}{Cputime}{Wrong}{}{Sum}{2.17}%
\StoreBenchExecResult{Test}{}{Cputime}{Wrong}{}{Min}{2.17}%
\StoreBenchExecResult{Test}{}{Cputime}{Wrong}{}{Max}{2.17}%
\StoreBenchExecResult{Test}{}{Cputime}{Wrong}{}{Avg}{2.17}%
\StoreBenchExecResult{Test}{}{Cputime}{Wrong}{}{Median}{2.17}%
\StoreBenchExecResult{Test}{}{Cputime}{Wrong}{}{Stdev}{0.000}%
\StoreBenchExecResult{Test}{}{Cputime}{Wrong}{}{Unit}{s}%
\StoreBenchExecResult{Test}{}{Cputime}{Wrong}{True}{Sum}{2.17}%
\StoreBenchExecResult{Test}{}{Cputime}{Wrong}{True}{Min}{2.17}%
\StoreBenchExecResult{Test}{}{Cputime}{Wrong}{True}{Max}{2.17}%
\StoreBenchExecResult{Test}{}{Cputime}{Wrong}{True}{Avg}{2.17}%
\StoreBenchExecResult{Test}{}{Cputime}{Wrong}{True}{Median}{2.17}%
\StoreBenchExecResult{Test}{}{Cputime}{Wrong}{True}{Stdev}{0.000}%
\StoreBenchExecResult{Test}{}{Cputime}{Wrong}{True}{Unit}{s}%
\StoreBenchExecResult{Test}{}{Cputime}{Local}{}{Sum}{10.9}%
\StoreBenchExecResult{Test}{}{Cputime}{Local}{}{Unit}{s}%
\StoreBenchExecResult{Test}{}{Walltime}{Total}{}{Sum}{11}%
\StoreBenchExecResult{Test}{}{Walltime}{Total}{}{Min}{2.1}%
\StoreBenchExecResult{Test}{}{Walltime}{Total}{}{Max}{2.3}%
\StoreBenchExecResult{Test}{}{Walltime}{Total}{}{Avg}{2.2}%
\StoreBenchExecResult{Test}{}{Walltime}{Total}{}{Median}{2.2}%
\StoreBenchExecResult{Test}{}{Walltime}{Total}{}{Stdev}{0.072}%
\StoreBenchExecResult{Test}{}{Walltime}{Total}{}{Unit}{s}%
\StoreBenchExecResult{Test}{}{Walltime}{Correct}{}{Sum}{6.5}%
\StoreBenchExecResult{Test}{}{Walltime}{Correct}{}{Min}{2.1}%
\StoreBenchExecResult{Test}{}{Walltime}{Correct}{}{Max}{2.2}%
\StoreBenchExecResult{Test}{}{Walltime}{Correct}{}{Avg}{2.2}%
\StoreBenchExecResult{Test}{}{Walltime}{Correct}{}{Median}{2.2}%
\StoreBenchExecResult{Test}{}{Walltime}{Correct}{}{Stdev}{0.073}%
\StoreBenchExecResult{Test}{}{Walltime}{Correct}{}{Unit}{s}%
\StoreBenchExecResult{Test}{}{Walltime}{Correct}{True}{Sum}{4.3}%
\StoreBenchExecResult{Test}{}{Walltime}{Correct}{True}{Min}{2.1}%
\StoreBenchExecResult{Test}{}{Walltime}{Correct}{True}{Max}{2.2}%
\StoreBenchExecResult{Test}{}{Walltime}{Correct}{True}{Avg}{2.2}%
\StoreBenchExecResult{Test}{}{Walltime}{Correct}{True}{Median}{2.2}%
\StoreBenchExecResult{Test}{}{Walltime}{Correct}{True}{Stdev}{0.085}%
\StoreBenchExecResult{Test}{}{Walltime}{Correct}{True}{Unit}{s}%
\StoreBenchExecResult{Test}{}{Walltime}{Correct}{False}{Sum}{2.2}%
\StoreBenchExecResult{Test}{}{Walltime}{Correct}{False}{Min}{2.2}%
\StoreBenchExecResult{Test}{}{Walltime}{Correct}{False}{Max}{2.2}%
\StoreBenchExecResult{Test}{}{Walltime}{Correct}{False}{Avg}{2.2}%
\StoreBenchExecResult{Test}{}{Walltime}{Correct}{False}{Median}{2.2}%
\StoreBenchExecResult{Test}{}{Walltime}{Correct}{False}{Stdev}{0.00}%
\StoreBenchExecResult{Test}{}{Walltime}{Correct}{False}{Unit}{s}%
\StoreBenchExecResult{Test}{}{Walltime}{Wrong}{}{Sum}{2.2}%
\StoreBenchExecResult{Test}{}{Walltime}{Wrong}{}{Min}{2.2}%
\StoreBenchExecResult{Test}{}{Walltime}{Wrong}{}{Max}{2.2}%
\StoreBenchExecResult{Test}{}{Walltime}{Wrong}{}{Avg}{2.2}%
\StoreBenchExecResult{Test}{}{Walltime}{Wrong}{}{Median}{2.2}%
\StoreBenchExecResult{Test}{}{Walltime}{Wrong}{}{Stdev}{0.00}%
\StoreBenchExecResult{Test}{}{Walltime}{Wrong}{}{Unit}{s}%
\StoreBenchExecResult{Test}{}{Walltime}{Wrong}{True}{Sum}{2.2}%
\StoreBenchExecResult{Test}{}{Walltime}{Wrong}{True}{Min}{2.2}%
\StoreBenchExecResult{Test}{}{Walltime}{Wrong}{True}{Max}{2.2}%
\StoreBenchExecResult{Test}{}{Walltime}{Wrong}{True}{Avg}{2.2}%
\StoreBenchExecResult{Test}{}{Walltime}{Wrong}{True}{Median}{2.2}%
\StoreBenchExecResult{Test}{}{Walltime}{Wrong}{True}{Stdev}{0.00}%
\StoreBenchExecResult{Test}{}{Walltime}{Wrong}{True}{Unit}{s}%
\StoreBenchExecResult{Test}{}{Walltime}{Local}{}{Sum}{12}%
\StoreBenchExecResult{Test}{}{Walltime}{Local}{}{Unit}{s}%
\StoreBenchExecResult{Test}{}{Memory}{Total}{}{Sum}{645270000}%
\StoreBenchExecResult{Test}{}{Memory}{Total}{}{Min}{126310000}%
\StoreBenchExecResult{Test}{}{Memory}{Total}{}{Max}{132340000}%
\StoreBenchExecResult{Test}{}{Memory}{Total}{}{Avg}{129050000}%
\StoreBenchExecResult{Test}{}{Memory}{Total}{}{Median}{129120000}%
\StoreBenchExecResult{Test}{}{Memory}{Total}{}{Stdev}{1975800}%
\StoreBenchExecResult{Test}{}{Memory}{Correct}{}{Sum}{387770000}%
\StoreBenchExecResult{Test}{}{Memory}{Correct}{}{Min}{126310000}%
\StoreBenchExecResult{Test}{}{Memory}{Correct}{}{Max}{132340000}%
\StoreBenchExecResult{Test}{}{Memory}{Correct}{}{Avg}{129260000}%
\StoreBenchExecResult{Test}{}{Memory}{Correct}{}{Median}{129120000}%
\StoreBenchExecResult{Test}{}{Memory}{Correct}{}{Stdev}{2461700}%
\StoreBenchExecResult{Test}{}{Memory}{Correct}{True}{Sum}{258650000}%
\StoreBenchExecResult{Test}{}{Memory}{Correct}{True}{Min}{126310000}%
\StoreBenchExecResult{Test}{}{Memory}{Correct}{True}{Max}{132340000}%
\StoreBenchExecResult{Test}{}{Memory}{Correct}{True}{Avg}{129330000}%
\StoreBenchExecResult{Test}{}{Memory}{Correct}{True}{Median}{129330000}%
\StoreBenchExecResult{Test}{}{Memory}{Correct}{True}{Stdev}{3012600}%
\StoreBenchExecResult{Test}{}{Memory}{Correct}{False}{Sum}{129120000}%
\StoreBenchExecResult{Test}{}{Memory}{Correct}{False}{Min}{129120000}%
\StoreBenchExecResult{Test}{}{Memory}{Correct}{False}{Max}{129120000}%
\StoreBenchExecResult{Test}{}{Memory}{Correct}{False}{Avg}{129120000}%
\StoreBenchExecResult{Test}{}{Memory}{Correct}{False}{Median}{129120000}%
\StoreBenchExecResult{Test}{}{Memory}{Correct}{False}{Stdev}{0.00000}%
\StoreBenchExecResult{Test}{}{Memory}{Wrong}{}{Sum}{128030000}%
\StoreBenchExecResult{Test}{}{Memory}{Wrong}{}{Min}{128030000}%
\StoreBenchExecResult{Test}{}{Memory}{Wrong}{}{Max}{128030000}%
\StoreBenchExecResult{Test}{}{Memory}{Wrong}{}{Avg}{128030000}%
\StoreBenchExecResult{Test}{}{Memory}{Wrong}{}{Median}{128030000}%
\StoreBenchExecResult{Test}{}{Memory}{Wrong}{}{Stdev}{0.00000}%
\StoreBenchExecResult{Test}{}{Memory}{Wrong}{True}{Sum}{128030000}%
\StoreBenchExecResult{Test}{}{Memory}{Wrong}{True}{Min}{128030000}%
\StoreBenchExecResult{Test}{}{Memory}{Wrong}{True}{Max}{128030000}%
\StoreBenchExecResult{Test}{}{Memory}{Wrong}{True}{Avg}{128030000}%
\StoreBenchExecResult{Test}{}{Memory}{Wrong}{True}{Median}{128030000}%
\StoreBenchExecResult{Test}{}{Memory}{Wrong}{True}{Stdev}{0.00000}%