% The following definition defines a command for each value.
% The command name is the concatenation of the first six arguments.
% To override this definition, define \StoreBenchExecResult with \newcommand before including this file.
% Arguments: benchmark name, run-set name, category, status, column name, statistic, value
\providecommand\StoreBenchExecResult[7]{\expandafter\newcommand\csname#1#2#3#4#5#6\endcsname{#7}}%
\StoreBenchExecResult{Test}{}{Status}{Score}{}{Sum}{}%
\StoreBenchExecResult{Test}{}{Status}{Total}{}{Sum}{5}%
\StoreBenchExecResult{Test}{}{Status}{Correct}{}{Sum}{3}%
\StoreBenchExecResult{Test}{}{Status}{Correct}{True}{Sum}{2}%
\StoreBenchExecResult{Test}{}{Status}{Correct}{False}{Sum}{1}%
\StoreBenchExecResult{Test}{}{Status}{Correct}{Unconfirmed}{Sum}{}%
\StoreBenchExecResult{Test}{}{Status}{CorrectUnconfirmed}{True}{Sum}{}%
\StoreBenchExecResult{Test}{}{Status}{CorrectUnconfirmed}{False}{Sum}{}%
\StoreBenchExecResult{Test}{}{Status}{Wrong}{}{Sum}{1}%
\StoreBenchExecResult{Test}{}{Status}{Wrong}{True}{Sum}{1}%
\StoreBenchExecResult{Test}{}{Status}{Wrong}{False}{Sum}{}%
\StoreBenchExecResult{Test}{}{Cputime}{Total}{}{Sum}{10.919505907}%
\StoreBenchExecResult{Test}{}{Cputime}{Total}{}{Min}{2.058647067}%
\StoreBenchExecResult{Test}{}{Cputime}{Total}{}{Max}{2.272238619}%
\StoreBenchExecResult{Test}{}{Cputime}{Total}{}{Avg}{2.1839011814}%
\StoreBenchExecResult{Test}{}{Cputime}{Total}{}{Median}{2.189887353}%
\StoreBenchExecResult{Test}{}{Cputime}{Total}{}{Stdev}{0.07187152671885927483466361201}%
\StoreBenchExecResult{Test}{}{Cputime}{Total}{}{Unit}{s}%
\StoreBenchExecResult{Test}{}{Cputime}{Correct}{}{Sum}{6.478077860}%
\StoreBenchExecResult{Test}{}{Cputime}{Correct}{}{Min}{2.058647067}%
\StoreBenchExecResult{Test}{}{Cputime}{Correct}{}{Max}{2.22954344}%
\StoreBenchExecResult{Test}{}{Cputime}{Correct}{}{Avg}{2.159359286666666666666666667}%
\StoreBenchExecResult{Test}{}{Cputime}{Correct}{}{Median}{2.189887353}%
\StoreBenchExecResult{Test}{}{Cputime}{Correct}{}{Stdev}{0.07303133894284965266045621882}%
\StoreBenchExecResult{Test}{}{Cputime}{Correct}{}{Unit}{s}%
\StoreBenchExecResult{Test}{}{Cputime}{Correct}{True}{Sum}{4.288190507}%
\StoreBenchExecResult{Test}{}{Cputime}{Correct}{True}{Min}{2.058647067}%
\StoreBenchExecResult{Test}{}{Cputime}{Correct}{True}{Max}{2.22954344}%
\StoreBenchExecResult{Test}{}{Cputime}{Correct}{True}{Avg}{2.1440952535}%
\StoreBenchExecResult{Test}{}{Cputime}{Correct}{True}{Median}{2.1440952535}%
\StoreBenchExecResult{Test}{}{Cputime}{Correct}{True}{Stdev}{0.08544818650000}%
\StoreBenchExecResult{Test}{}{Cputime}{Correct}{True}{Unit}{s}%
\StoreBenchExecResult{Test}{}{Cputime}{Correct}{False}{Sum}{2.189887353}%
\StoreBenchExecResult{Test}{}{Cputime}{Correct}{False}{Min}{2.189887353}%
\StoreBenchExecResult{Test}{}{Cputime}{Correct}{False}{Max}{2.189887353}%
\StoreBenchExecResult{Test}{}{Cputime}{Correct}{False}{Avg}{2.189887353}%
\StoreBenchExecResult{Test}{}{Cputime}{Correct}{False}{Median}{2.189887353}%
\StoreBenchExecResult{Test}{}{Cputime}{Correct}{False}{Stdev}{0.00000000000000}%
\StoreBenchExecResult{Test}{}{Cputime}{Correct}{False}{Unit}{s}%
\StoreBenchExecResult{Test}{}{Cputime}{Wrong}{}{Sum}{2.169189428}%
\StoreBenchExecResult{Test}{}{Cputime}{Wrong}{}{Min}{2.169189428}%
\StoreBenchExecResult{Test}{}{Cputime}{Wrong}{}{Max}{2.169189428}%
\StoreBenchExecResult{Test}{}{Cputime}{Wrong}{}{Avg}{2.169189428}%
\StoreBenchExecResult{Test}{}{Cputime}{Wrong}{}{Median}{2.169189428}%
\StoreBenchExecResult{Test}{}{Cputime}{Wrong}{}{Stdev}{0.00000000000000}%
\StoreBenchExecResult{Test}{}{Cputime}{Wrong}{}{Unit}{s}%
\StoreBenchExecResult{Test}{}{Cputime}{Wrong}{True}{Sum}{2.169189428}%
\StoreBenchExecResult{Test}{}{Cputime}{Wrong}{True}{Min}{2.169189428}%
\StoreBenchExecResult{Test}{}{Cputime}{Wrong}{True}{Max}{2.169189428}%
\StoreBenchExecResult{Test}{}{Cputime}{Wrong}{True}{Avg}{2.169189428}%
\StoreBenchExecResult{Test}{}{Cputime}{Wrong}{True}{Median}{2.169189428}%
\StoreBenchExecResult{Test}{}{Cputime}{Wrong}{True}{Stdev}{0.00000000000000}%
\StoreBenchExecResult{Test}{}{Cputime}{Wrong}{True}{Unit}{s}%
\StoreBenchExecResult{Test}{}{Cputime}{Local}{}{Sum}{10.933401000000002}%
\StoreBenchExecResult{Test}{}{Cputime}{Local}{}{Unit}{s}%