% The following definition defines a command for each value.
% The command name is the concatenation of the first six arguments.
% To override this definition, define \StoreBenchExecResult with \newcommand before including this file.
% Arguments: benchmark name, run-set name, category, status, column name, statistic, value
\providecommand\StoreBenchExecResult[7]{\expandafter\newcommand\csname#1#2#3#4#5#6\endcsname{#7}}%
\StoreBenchExecResult{Test}{}{Status}{Score}{}{}{0}%
\StoreBenchExecResult{Test}{}{Status}{Total}{}{}{5}%
\StoreBenchExecResult{Test}{}{Status}{Correct}{}{}{3}%
\StoreBenchExecResult{Test}{}{Status}{Correct}{True}{}{2}%
\StoreBenchExecResult{Test}{}{Status}{Correct}{False}{}{1}%
\StoreBenchExecResult{Test}{}{Status}{Correct}{Unconfirmed}{}{0}%
\StoreBenchExecResult{Test}{}{Status}{CorrectUnconfirmed}{True}{}{0}%
\StoreBenchExecResult{Test}{}{Status}{CorrectUnconfirmed}{False}{}{0}%
\StoreBenchExecResult{Test}{}{Status}{Wrong}{}{}{1}%
\StoreBenchExecResult{Test}{}{Status}{Wrong}{True}{}{1}%
\StoreBenchExecResult{Test}{}{Status}{Wrong}{False}{}{0}%
\StoreBenchExecResult{Test}{}{Cputime}{Total}{}{}{10919.505907000}%
\StoreBenchExecResult{Test}{}{Cputime}{Total}{}{Min}{2058.647067000}%
\StoreBenchExecResult{Test}{}{Cputime}{Total}{}{Max}{2272.238619000}%
\StoreBenchExecResult{Test}{}{Cputime}{Total}{}{Avg}{2183.9011814000}%
\StoreBenchExecResult{Test}{}{Cputime}{Total}{}{Median}{2189.887353000}%
\StoreBenchExecResult{Test}{}{Cputime}{Total}{}{Stdev}{71.87152671885927483466361201}%
\StoreBenchExecResult{Test}{}{Cputime}{Correct}{}{}{6478.077860000}%
\StoreBenchExecResult{Test}{}{Cputime}{Correct}{}{Min}{2058.647067000}%
\StoreBenchExecResult{Test}{}{Cputime}{Correct}{}{Max}{2229.54344000}%
\StoreBenchExecResult{Test}{}{Cputime}{Correct}{}{Avg}{2159.359286666666666666666667}%
\StoreBenchExecResult{Test}{}{Cputime}{Correct}{}{Median}{2189.887353000}%
\StoreBenchExecResult{Test}{}{Cputime}{Correct}{}{Stdev}{73.03133894284965266045621882}%
\StoreBenchExecResult{Test}{}{Cputime}{Correct}{True}{}{4288.190507000}%
\StoreBenchExecResult{Test}{}{Cputime}{Correct}{True}{Min}{2058.647067000}%
\StoreBenchExecResult{Test}{}{Cputime}{Correct}{True}{Max}{2229.54344000}%
\StoreBenchExecResult{Test}{}{Cputime}{Correct}{True}{Avg}{2144.0952535000}%
\StoreBenchExecResult{Test}{}{Cputime}{Correct}{True}{Median}{2144.0952535000}%
\StoreBenchExecResult{Test}{}{Cputime}{Correct}{True}{Stdev}{85.44818650000000}%
\StoreBenchExecResult{Test}{}{Cputime}{Correct}{False}{}{2189.887353000}%
\StoreBenchExecResult{Test}{}{Cputime}{Correct}{False}{Min}{2189.887353000}%
\StoreBenchExecResult{Test}{}{Cputime}{Correct}{False}{Max}{2189.887353000}%
\StoreBenchExecResult{Test}{}{Cputime}{Correct}{False}{Avg}{2189.887353000}%
\StoreBenchExecResult{Test}{}{Cputime}{Correct}{False}{Median}{2189.887353000}%
\StoreBenchExecResult{Test}{}{Cputime}{Correct}{False}{Stdev}{0.00000000000000}%
\StoreBenchExecResult{Test}{}{Cputime}{Wrong}{}{}{2169.189428000}%
\StoreBenchExecResult{Test}{}{Cputime}{Wrong}{}{Min}{2169.189428000}%
\StoreBenchExecResult{Test}{}{Cputime}{Wrong}{}{Max}{2169.189428000}%
\StoreBenchExecResult{Test}{}{Cputime}{Wrong}{}{Avg}{2169.189428000}%
\StoreBenchExecResult{Test}{}{Cputime}{Wrong}{}{Median}{2169.189428000}%
\StoreBenchExecResult{Test}{}{Cputime}{Wrong}{}{Stdev}{0.00000000000000}%
\StoreBenchExecResult{Test}{}{Cputime}{Wrong}{True}{}{2169.189428000}%
\StoreBenchExecResult{Test}{}{Cputime}{Wrong}{True}{Min}{2169.189428000}%
\StoreBenchExecResult{Test}{}{Cputime}{Wrong}{True}{Max}{2169.189428000}%
\StoreBenchExecResult{Test}{}{Cputime}{Wrong}{True}{Avg}{2169.189428000}%
\StoreBenchExecResult{Test}{}{Cputime}{Wrong}{True}{Median}{2169.189428000}%
\StoreBenchExecResult{Test}{}{Cputime}{Wrong}{True}{Stdev}{0.00000000000000}%
\StoreBenchExecResult{Test}{}{Cputime}{Local}{}{}{10933.401000000002000}%
\StoreBenchExecResult{Test}{}{CputimeH}{Total}{}{}{0.003033196085277777777777777778}%
\StoreBenchExecResult{Test}{}{CputimeH}{Total}{}{Min}{0.0005718464075000000000000000000}%
\StoreBenchExecResult{Test}{}{CputimeH}{Total}{}{Max}{0.0006311773941666666666666666667}%
\StoreBenchExecResult{Test}{}{CputimeH}{Total}{}{Avg}{0.0006066392170555555555555555556}%
\StoreBenchExecResult{Test}{}{CputimeH}{Total}{}{Median}{0.0006083020425000000000000000000}%
\StoreBenchExecResult{Test}{}{CputimeH}{Total}{}{Stdev}{0.00001996431297746090967629544778}%
\StoreBenchExecResult{Test}{}{CputimeH}{Correct}{}{}{0.001799466072222222222222222222}%
\StoreBenchExecResult{Test}{}{CputimeH}{Correct}{}{Min}{0.0005718464075000000000000000000}%
\StoreBenchExecResult{Test}{}{CputimeH}{Correct}{}{Max}{0.0006193176222222222222222222223}%
\StoreBenchExecResult{Test}{}{CputimeH}{Correct}{}{Avg}{0.0005998220240740740740740740742}%
\StoreBenchExecResult{Test}{}{CputimeH}{Correct}{}{Median}{0.0006083020425000000000000000000}%
\StoreBenchExecResult{Test}{}{CputimeH}{Correct}{}{Stdev}{0.00002028648303968045907234894967}%
\StoreBenchExecResult{Test}{}{CputimeH}{Correct}{True}{}{0.001191164029722222222222222222}%
\StoreBenchExecResult{Test}{}{CputimeH}{Correct}{True}{Min}{0.0005718464075000000000000000000}%
\StoreBenchExecResult{Test}{}{CputimeH}{Correct}{True}{Max}{0.0006193176222222222222222222223}%
\StoreBenchExecResult{Test}{}{CputimeH}{Correct}{True}{Avg}{0.0005955820148611111111111111112}%
\StoreBenchExecResult{Test}{}{CputimeH}{Correct}{True}{Median}{0.0005955820148611111111111111112}%
\StoreBenchExecResult{Test}{}{CputimeH}{Correct}{True}{Stdev}{0.00002373560736111111111111111111}%
\StoreBenchExecResult{Test}{}{CputimeH}{Correct}{False}{}{0.0006083020425000000000000000000}%
\StoreBenchExecResult{Test}{}{CputimeH}{Correct}{False}{Min}{0.0006083020425000000000000000000}%
\StoreBenchExecResult{Test}{}{CputimeH}{Correct}{False}{Max}{0.0006083020425000000000000000000}%
\StoreBenchExecResult{Test}{}{CputimeH}{Correct}{False}{Avg}{0.0006083020425000000000000000000}%
\StoreBenchExecResult{Test}{}{CputimeH}{Correct}{False}{Median}{0.0006083020425000000000000000000}%
\StoreBenchExecResult{Test}{}{CputimeH}{Correct}{False}{Stdev}{0.000000000000000000000000000000000000000000000}%
\StoreBenchExecResult{Test}{}{CputimeH}{Wrong}{}{}{0.0006025526188888888888888888889}%
\StoreBenchExecResult{Test}{}{CputimeH}{Wrong}{}{Min}{0.0006025526188888888888888888889}%
\StoreBenchExecResult{Test}{}{CputimeH}{Wrong}{}{Max}{0.0006025526188888888888888888889}%
\StoreBenchExecResult{Test}{}{CputimeH}{Wrong}{}{Avg}{0.0006025526188888888888888888889}%
\StoreBenchExecResult{Test}{}{CputimeH}{Wrong}{}{Median}{0.0006025526188888888888888888889}%
\StoreBenchExecResult{Test}{}{CputimeH}{Wrong}{}{Stdev}{0.000000000000000000000000000000000000000000000}%
\StoreBenchExecResult{Test}{}{CputimeH}{Wrong}{True}{}{0.0006025526188888888888888888889}%
\StoreBenchExecResult{Test}{}{CputimeH}{Wrong}{True}{Min}{0.0006025526188888888888888888889}%
\StoreBenchExecResult{Test}{}{CputimeH}{Wrong}{True}{Max}{0.0006025526188888888888888888889}%
\StoreBenchExecResult{Test}{}{CputimeH}{Wrong}{True}{Avg}{0.0006025526188888888888888888889}%
\StoreBenchExecResult{Test}{}{CputimeH}{Wrong}{True}{Median}{0.0006025526188888888888888888889}%
\StoreBenchExecResult{Test}{}{CputimeH}{Wrong}{True}{Stdev}{0.000000000000000000000000000000000000000000000}%
\StoreBenchExecResult{Test}{}{CputimeH}{Local}{}{}{0.003037055833333333888888888889}%
\StoreBenchExecResult{Test}{}{Walltime}{Total}{}{}{10.9609942436218263}%
\StoreBenchExecResult{Test}{}{Walltime}{Total}{}{Min}{2.0664572715759277}%
\StoreBenchExecResult{Test}{}{Walltime}{Total}{}{Max}{2.2822041511535645}%
\StoreBenchExecResult{Test}{}{Walltime}{Total}{}{Avg}{2.19219884872436526}%
\StoreBenchExecResult{Test}{}{Walltime}{Total}{}{Median}{2.1968865394592285}%
\StoreBenchExecResult{Test}{}{Walltime}{Total}{}{Stdev}{0.07230447039122090684958965327}%
\StoreBenchExecResult{Test}{}{Walltime}{Correct}{}{}{6.5004251003265382}%
\StoreBenchExecResult{Test}{}{Walltime}{Correct}{}{Min}{2.0664572715759277}%
\StoreBenchExecResult{Test}{}{Walltime}{Correct}{}{Max}{2.237081289291382}%
\StoreBenchExecResult{Test}{}{Walltime}{Correct}{}{Avg}{2.166808366775512733333333333}%
\StoreBenchExecResult{Test}{}{Walltime}{Correct}{}{Median}{2.1968865394592285}%
\StoreBenchExecResult{Test}{}{Walltime}{Correct}{}{Stdev}{0.07283159208903090975048642215}%
\StoreBenchExecResult{Test}{}{Walltime}{Correct}{True}{}{4.3035385608673097}%
\StoreBenchExecResult{Test}{}{Walltime}{Correct}{True}{Min}{2.0664572715759277}%
\StoreBenchExecResult{Test}{}{Walltime}{Correct}{True}{Max}{2.237081289291382}%
\StoreBenchExecResult{Test}{}{Walltime}{Correct}{True}{Avg}{2.15176928043365485}%
\StoreBenchExecResult{Test}{}{Walltime}{Correct}{True}{Median}{2.15176928043365485}%
\StoreBenchExecResult{Test}{}{Walltime}{Correct}{True}{Stdev}{0.08531200885772714999999999999}%
\StoreBenchExecResult{Test}{}{Walltime}{Correct}{False}{}{2.1968865394592285}%
\StoreBenchExecResult{Test}{}{Walltime}{Correct}{False}{Min}{2.1968865394592285}%
\StoreBenchExecResult{Test}{}{Walltime}{Correct}{False}{Max}{2.1968865394592285}%
\StoreBenchExecResult{Test}{}{Walltime}{Correct}{False}{Avg}{2.1968865394592285}%
\StoreBenchExecResult{Test}{}{Walltime}{Correct}{False}{Median}{2.1968865394592285}%
\StoreBenchExecResult{Test}{}{Walltime}{Correct}{False}{Stdev}{0.0000000000000000}%
\StoreBenchExecResult{Test}{}{Walltime}{Wrong}{}{}{2.1783649921417236}%
\StoreBenchExecResult{Test}{}{Walltime}{Wrong}{}{Min}{2.1783649921417236}%
\StoreBenchExecResult{Test}{}{Walltime}{Wrong}{}{Max}{2.1783649921417236}%
\StoreBenchExecResult{Test}{}{Walltime}{Wrong}{}{Avg}{2.1783649921417236}%
\StoreBenchExecResult{Test}{}{Walltime}{Wrong}{}{Median}{2.1783649921417236}%
\StoreBenchExecResult{Test}{}{Walltime}{Wrong}{}{Stdev}{0.0000000000000000}%
\StoreBenchExecResult{Test}{}{Walltime}{Wrong}{True}{}{2.1783649921417236}%
\StoreBenchExecResult{Test}{}{Walltime}{Wrong}{True}{Min}{2.1783649921417236}%
\StoreBenchExecResult{Test}{}{Walltime}{Wrong}{True}{Max}{2.1783649921417236}%
\StoreBenchExecResult{Test}{}{Walltime}{Wrong}{True}{Avg}{2.1783649921417236}%
\StoreBenchExecResult{Test}{}{Walltime}{Wrong}{True}{Median}{2.1783649921417236}%
\StoreBenchExecResult{Test}{}{Walltime}{Wrong}{True}{Stdev}{0.0000000000000000}%
\StoreBenchExecResult{Test}{}{Walltime}{Local}{}{}{11.626914262771606}%
\StoreBenchExecResult{Test}{}{WalltimeII}{Total}{}{}{10960994243.6218263000000000}%
\StoreBenchExecResult{Test}{}{WalltimeII}{Total}{}{Min}{2066457271.5759277000000000}%
\StoreBenchExecResult{Test}{}{WalltimeII}{Total}{}{Max}{2282204151.1535645000000000}%
\StoreBenchExecResult{Test}{}{WalltimeII}{Total}{}{Avg}{2192198848.72436526000000000}%
\StoreBenchExecResult{Test}{}{WalltimeII}{Total}{}{Median}{2196886539.4592285000000000}%
\StoreBenchExecResult{Test}{}{WalltimeII}{Total}{}{Stdev}{72304470.39122090684958965327}%
\StoreBenchExecResult{Test}{}{WalltimeII}{Correct}{}{}{6500425100.3265382000000000}%
\StoreBenchExecResult{Test}{}{WalltimeII}{Correct}{}{Min}{2066457271.5759277000000000}%
\StoreBenchExecResult{Test}{}{WalltimeII}{Correct}{}{Max}{2237081289.291382000000000}%
\StoreBenchExecResult{Test}{}{WalltimeII}{Correct}{}{Avg}{2166808366.775512733333333333}%
\StoreBenchExecResult{Test}{}{WalltimeII}{Correct}{}{Median}{2196886539.4592285000000000}%
\StoreBenchExecResult{Test}{}{WalltimeII}{Correct}{}{Stdev}{72831592.08903090975048642215}%
\StoreBenchExecResult{Test}{}{WalltimeII}{Correct}{True}{}{4303538560.8673097000000000}%
\StoreBenchExecResult{Test}{}{WalltimeII}{Correct}{True}{Min}{2066457271.5759277000000000}%
\StoreBenchExecResult{Test}{}{WalltimeII}{Correct}{True}{Max}{2237081289.291382000000000}%
\StoreBenchExecResult{Test}{}{WalltimeII}{Correct}{True}{Avg}{2151769280.43365485000000000}%
\StoreBenchExecResult{Test}{}{WalltimeII}{Correct}{True}{Median}{2151769280.43365485000000000}%
\StoreBenchExecResult{Test}{}{WalltimeII}{Correct}{True}{Stdev}{85312008.85772714999999999999}%
\StoreBenchExecResult{Test}{}{WalltimeII}{Correct}{False}{}{2196886539.4592285000000000}%
\StoreBenchExecResult{Test}{}{WalltimeII}{Correct}{False}{Min}{2196886539.4592285000000000}%
\StoreBenchExecResult{Test}{}{WalltimeII}{Correct}{False}{Max}{2196886539.4592285000000000}%
\StoreBenchExecResult{Test}{}{WalltimeII}{Correct}{False}{Avg}{2196886539.4592285000000000}%
\StoreBenchExecResult{Test}{}{WalltimeII}{Correct}{False}{Median}{2196886539.4592285000000000}%
\StoreBenchExecResult{Test}{}{WalltimeII}{Correct}{False}{Stdev}{0.0000000000000000}%
\StoreBenchExecResult{Test}{}{WalltimeII}{Wrong}{}{}{2178364992.1417236000000000}%
\StoreBenchExecResult{Test}{}{WalltimeII}{Wrong}{}{Min}{2178364992.1417236000000000}%
\StoreBenchExecResult{Test}{}{WalltimeII}{Wrong}{}{Max}{2178364992.1417236000000000}%
\StoreBenchExecResult{Test}{}{WalltimeII}{Wrong}{}{Avg}{2178364992.1417236000000000}%
\StoreBenchExecResult{Test}{}{WalltimeII}{Wrong}{}{Median}{2178364992.1417236000000000}%
\StoreBenchExecResult{Test}{}{WalltimeII}{Wrong}{}{Stdev}{0.0000000000000000}%
\StoreBenchExecResult{Test}{}{WalltimeII}{Wrong}{True}{}{2178364992.1417236000000000}%
\StoreBenchExecResult{Test}{}{WalltimeII}{Wrong}{True}{Min}{2178364992.1417236000000000}%
\StoreBenchExecResult{Test}{}{WalltimeII}{Wrong}{True}{Max}{2178364992.1417236000000000}%
\StoreBenchExecResult{Test}{}{WalltimeII}{Wrong}{True}{Avg}{2178364992.1417236000000000}%
\StoreBenchExecResult{Test}{}{WalltimeII}{Wrong}{True}{Median}{2178364992.1417236000000000}%
\StoreBenchExecResult{Test}{}{WalltimeII}{Wrong}{True}{Stdev}{0.0000000000000000}%
\StoreBenchExecResult{Test}{}{WalltimeII}{Local}{}{}{11626914262.771606000000000}%
\StoreBenchExecResult{Test}{}{WalltimeIII}{Total}{}{}{0.0000000109609942436218263}%
\StoreBenchExecResult{Test}{}{WalltimeIII}{Total}{}{Min}{0.0000000020664572715759277}%
\StoreBenchExecResult{Test}{}{WalltimeIII}{Total}{}{Max}{0.0000000022822041511535645}%
\StoreBenchExecResult{Test}{}{WalltimeIII}{Total}{}{Avg}{0.00000000219219884872436526}%
\StoreBenchExecResult{Test}{}{WalltimeIII}{Total}{}{Median}{0.0000000021968865394592285}%
\StoreBenchExecResult{Test}{}{WalltimeIII}{Total}{}{Stdev}{0.00000000007230447039122090684958965327}%
\StoreBenchExecResult{Test}{}{WalltimeIII}{Correct}{}{}{0.0000000065004251003265382}%
\StoreBenchExecResult{Test}{}{WalltimeIII}{Correct}{}{Min}{0.0000000020664572715759277}%
\StoreBenchExecResult{Test}{}{WalltimeIII}{Correct}{}{Max}{0.000000002237081289291382}%
\StoreBenchExecResult{Test}{}{WalltimeIII}{Correct}{}{Avg}{0.000000002166808366775512733333333333}%
\StoreBenchExecResult{Test}{}{WalltimeIII}{Correct}{}{Median}{0.0000000021968865394592285}%
\StoreBenchExecResult{Test}{}{WalltimeIII}{Correct}{}{Stdev}{0.00000000007283159208903090975048642215}%
\StoreBenchExecResult{Test}{}{WalltimeIII}{Correct}{True}{}{0.0000000043035385608673097}%
\StoreBenchExecResult{Test}{}{WalltimeIII}{Correct}{True}{Min}{0.0000000020664572715759277}%
\StoreBenchExecResult{Test}{}{WalltimeIII}{Correct}{True}{Max}{0.000000002237081289291382}%
\StoreBenchExecResult{Test}{}{WalltimeIII}{Correct}{True}{Avg}{0.00000000215176928043365485}%
\StoreBenchExecResult{Test}{}{WalltimeIII}{Correct}{True}{Median}{0.00000000215176928043365485}%
\StoreBenchExecResult{Test}{}{WalltimeIII}{Correct}{True}{Stdev}{0.00000000008531200885772714999999999999}%
\StoreBenchExecResult{Test}{}{WalltimeIII}{Correct}{False}{}{0.0000000021968865394592285}%
\StoreBenchExecResult{Test}{}{WalltimeIII}{Correct}{False}{Min}{0.0000000021968865394592285}%
\StoreBenchExecResult{Test}{}{WalltimeIII}{Correct}{False}{Max}{0.0000000021968865394592285}%
\StoreBenchExecResult{Test}{}{WalltimeIII}{Correct}{False}{Avg}{0.0000000021968865394592285}%
\StoreBenchExecResult{Test}{}{WalltimeIII}{Correct}{False}{Median}{0.0000000021968865394592285}%
\StoreBenchExecResult{Test}{}{WalltimeIII}{Correct}{False}{Stdev}{0.0000000000000000000000000}%
\StoreBenchExecResult{Test}{}{WalltimeIII}{Wrong}{}{}{0.0000000021783649921417236}%
\StoreBenchExecResult{Test}{}{WalltimeIII}{Wrong}{}{Min}{0.0000000021783649921417236}%
\StoreBenchExecResult{Test}{}{WalltimeIII}{Wrong}{}{Max}{0.0000000021783649921417236}%
\StoreBenchExecResult{Test}{}{WalltimeIII}{Wrong}{}{Avg}{0.0000000021783649921417236}%
\StoreBenchExecResult{Test}{}{WalltimeIII}{Wrong}{}{Median}{0.0000000021783649921417236}%
\StoreBenchExecResult{Test}{}{WalltimeIII}{Wrong}{}{Stdev}{0.0000000000000000000000000}%
\StoreBenchExecResult{Test}{}{WalltimeIII}{Wrong}{True}{}{0.0000000021783649921417236}%
\StoreBenchExecResult{Test}{}{WalltimeIII}{Wrong}{True}{Min}{0.0000000021783649921417236}%
\StoreBenchExecResult{Test}{}{WalltimeIII}{Wrong}{True}{Max}{0.0000000021783649921417236}%
\StoreBenchExecResult{Test}{}{WalltimeIII}{Wrong}{True}{Avg}{0.0000000021783649921417236}%
\StoreBenchExecResult{Test}{}{WalltimeIII}{Wrong}{True}{Median}{0.0000000021783649921417236}%
\StoreBenchExecResult{Test}{}{WalltimeIII}{Wrong}{True}{Stdev}{0.0000000000000000000000000}%
\StoreBenchExecResult{Test}{}{WalltimeIII}{Local}{}{}{0.000000011626914262771606}%
\StoreBenchExecResult{Test}{}{Memory}{Total}{}{}{645.271552}%
\StoreBenchExecResult{Test}{}{Memory}{Total}{}{Min}{126.312448}%
\StoreBenchExecResult{Test}{}{Memory}{Total}{}{Max}{132.337664}%
\StoreBenchExecResult{Test}{}{Memory}{Total}{}{Avg}{129.0543104}%
\StoreBenchExecResult{Test}{}{Memory}{Total}{}{Median}{129.118208}%
\StoreBenchExecResult{Test}{}{Memory}{Total}{}{Stdev}{1.975805449949118851756738273}%
\StoreBenchExecResult{Test}{}{Memory}{Correct}{}{}{387.768320}%
\StoreBenchExecResult{Test}{}{Memory}{Correct}{}{Min}{126.312448}%
\StoreBenchExecResult{Test}{}{Memory}{Correct}{}{Max}{132.337664}%
\StoreBenchExecResult{Test}{}{Memory}{Correct}{}{Avg}{129.2561066666666666666666667}%
\StoreBenchExecResult{Test}{}{Memory}{Correct}{}{Median}{129.118208}%
\StoreBenchExecResult{Test}{}{Memory}{Correct}{}{Stdev}{2.461716067213456867331590003}%
\StoreBenchExecResult{Test}{}{Memory}{Correct}{True}{}{258.650112}%
\StoreBenchExecResult{Test}{}{Memory}{Correct}{True}{Min}{126.312448}%
\StoreBenchExecResult{Test}{}{Memory}{Correct}{True}{Max}{132.337664}%
\StoreBenchExecResult{Test}{}{Memory}{Correct}{True}{Avg}{129.325056}%
\StoreBenchExecResult{Test}{}{Memory}{Correct}{True}{Median}{129.325056}%
\StoreBenchExecResult{Test}{}{Memory}{Correct}{True}{Stdev}{3.0126080000000}%
\StoreBenchExecResult{Test}{}{Memory}{Correct}{False}{}{129.118208}%
\StoreBenchExecResult{Test}{}{Memory}{Correct}{False}{Min}{129.118208}%
\StoreBenchExecResult{Test}{}{Memory}{Correct}{False}{Max}{129.118208}%
\StoreBenchExecResult{Test}{}{Memory}{Correct}{False}{Avg}{129.118208}%
\StoreBenchExecResult{Test}{}{Memory}{Correct}{False}{Median}{129.118208}%
\StoreBenchExecResult{Test}{}{Memory}{Correct}{False}{Stdev}{0.00000000000000000000}%
\StoreBenchExecResult{Test}{}{Memory}{Wrong}{}{}{128.032768}%
\StoreBenchExecResult{Test}{}{Memory}{Wrong}{}{Min}{128.032768}%
\StoreBenchExecResult{Test}{}{Memory}{Wrong}{}{Max}{128.032768}%
\StoreBenchExecResult{Test}{}{Memory}{Wrong}{}{Avg}{128.032768}%
\StoreBenchExecResult{Test}{}{Memory}{Wrong}{}{Median}{128.032768}%
\StoreBenchExecResult{Test}{}{Memory}{Wrong}{}{Stdev}{0.00000000000000000000}%
\StoreBenchExecResult{Test}{}{Memory}{Wrong}{True}{}{128.032768}%
\StoreBenchExecResult{Test}{}{Memory}{Wrong}{True}{Min}{128.032768}%
\StoreBenchExecResult{Test}{}{Memory}{Wrong}{True}{Max}{128.032768}%
\StoreBenchExecResult{Test}{}{Memory}{Wrong}{True}{Avg}{128.032768}%
\StoreBenchExecResult{Test}{}{Memory}{Wrong}{True}{Median}{128.032768}%
\StoreBenchExecResult{Test}{}{Memory}{Wrong}{True}{Stdev}{0.00000000000000000000}%
\StoreBenchExecResult{Test}{}{MemoryGB}{Total}{}{}{0.645271552}%
\StoreBenchExecResult{Test}{}{MemoryGB}{Total}{}{Min}{0.126312448}%
\StoreBenchExecResult{Test}{}{MemoryGB}{Total}{}{Max}{0.132337664}%
\StoreBenchExecResult{Test}{}{MemoryGB}{Total}{}{Avg}{0.1290543104}%
\StoreBenchExecResult{Test}{}{MemoryGB}{Total}{}{Median}{0.129118208}%
\StoreBenchExecResult{Test}{}{MemoryGB}{Total}{}{Stdev}{0.001975805449949118851756738273}%
\StoreBenchExecResult{Test}{}{MemoryGB}{Correct}{}{}{0.387768320}%
\StoreBenchExecResult{Test}{}{MemoryGB}{Correct}{}{Min}{0.126312448}%
\StoreBenchExecResult{Test}{}{MemoryGB}{Correct}{}{Max}{0.132337664}%
\StoreBenchExecResult{Test}{}{MemoryGB}{Correct}{}{Avg}{0.1292561066666666666666666667}%
\StoreBenchExecResult{Test}{}{MemoryGB}{Correct}{}{Median}{0.129118208}%
\StoreBenchExecResult{Test}{}{MemoryGB}{Correct}{}{Stdev}{0.002461716067213456867331590003}%
\StoreBenchExecResult{Test}{}{MemoryGB}{Correct}{True}{}{0.258650112}%
\StoreBenchExecResult{Test}{}{MemoryGB}{Correct}{True}{Min}{0.126312448}%
\StoreBenchExecResult{Test}{}{MemoryGB}{Correct}{True}{Max}{0.132337664}%
\StoreBenchExecResult{Test}{}{MemoryGB}{Correct}{True}{Avg}{0.129325056}%
\StoreBenchExecResult{Test}{}{MemoryGB}{Correct}{True}{Median}{0.129325056}%
\StoreBenchExecResult{Test}{}{MemoryGB}{Correct}{True}{Stdev}{0.0030126080000000}%
\StoreBenchExecResult{Test}{}{MemoryGB}{Correct}{False}{}{0.129118208}%
\StoreBenchExecResult{Test}{}{MemoryGB}{Correct}{False}{Min}{0.129118208}%
\StoreBenchExecResult{Test}{}{MemoryGB}{Correct}{False}{Max}{0.129118208}%
\StoreBenchExecResult{Test}{}{MemoryGB}{Correct}{False}{Avg}{0.129118208}%
\StoreBenchExecResult{Test}{}{MemoryGB}{Correct}{False}{Median}{0.129118208}%
\StoreBenchExecResult{Test}{}{MemoryGB}{Correct}{False}{Stdev}{0.00000000000000000000000}%
\StoreBenchExecResult{Test}{}{MemoryGB}{Wrong}{}{}{0.128032768}%
\StoreBenchExecResult{Test}{}{MemoryGB}{Wrong}{}{Min}{0.128032768}%
\StoreBenchExecResult{Test}{}{MemoryGB}{Wrong}{}{Max}{0.128032768}%
\StoreBenchExecResult{Test}{}{MemoryGB}{Wrong}{}{Avg}{0.128032768}%
\StoreBenchExecResult{Test}{}{MemoryGB}{Wrong}{}{Median}{0.128032768}%
\StoreBenchExecResult{Test}{}{MemoryGB}{Wrong}{}{Stdev}{0.00000000000000000000000}%
\StoreBenchExecResult{Test}{}{MemoryGB}{Wrong}{True}{}{0.128032768}%
\StoreBenchExecResult{Test}{}{MemoryGB}{Wrong}{True}{Min}{0.128032768}%
\StoreBenchExecResult{Test}{}{MemoryGB}{Wrong}{True}{Max}{0.128032768}%
\StoreBenchExecResult{Test}{}{MemoryGB}{Wrong}{True}{Avg}{0.128032768}%
\StoreBenchExecResult{Test}{}{MemoryGB}{Wrong}{True}{Median}{0.128032768}%
\StoreBenchExecResult{Test}{}{MemoryGB}{Wrong}{True}{Stdev}{0.00000000000000000000000}%