{
 "head": {
  "branch": null,
  "date": {
   "content": [
    [
     "2015-05-27 10:04:55 CEST",
     6
    ],
    [
     "2015-05-27 10:04:27 CEST",
     6
    ]
   ],
   "id": "date",
   "name": "Date of execution"
  },
  "displayName": null,
  "host": {
   "content": [
    [
     "tortuga",
     12
    ]
   ],
   "id": "host",
   "name": "Host"
  },
  "limit": {
   "content": [
    [
     "timelimit: 10 s, memlimit: 100 MB, CPU core limit: 1",
     12
    ]
   ],
   "id": "limits",
   "name": "Limits"
  },
  "options": null,
  "os": {
   "content": [
    [
     "Linux 3.13.0-53-generic x86_64",
     12
    ]
   ],
   "id": "os",
   "name": "OS"
  },
  "property": null,
  "runset": {
   "content": [
    [
     "mathsat",
     6
    ],
    [
     "smtinterpol",
     6
    ]
   ],
   "id": "run",
   "name": "Run set"
  },
  "system": {
   "content": [
    [
     "CPU: Intel Core i7-2600 CPU @ 3.40GHz, cores: 8, frequency: 3401 MHz; RAM: 16389436 kB",
     12
    ]
   ],
   "id": "system",
   "name": "System"
  },
  "title": {
   "content": [
    [
     "status",
     1
    ],
    [
     "category",
     1
    ],
    [
     "score",
     1
    ],
    [
     "cputime (s)",
     1
    ],
    [
     "walltime (s)",
     1
    ],
    [
     "memory",
     1
    ],
    [
     "status",
     1
    ],
    [
     "category",
     1
    ],
    [
     "score",
     1
    ],
    [
     "cputime (s)",
     1
    ],
    [
     "walltime (s)",
     1
    ],
    [
     "memory",
     1
    ]
   ],
   "id": "columnTitles",
   "name": "benchexec/tablegenerator/test_integration/results/"
  },
  "tool": {
   "content": [
    [
     "MathSAT 5.3.5",
     6
    ],
    [
     "SMTInterpol 2.1-183-g4d3bb9f",
     6
    ]
   ],
   "id": "tool",
   "name": "Tool"
  }
 },
 "props": [
  true,
  false,
  false
 ],
 "rows": [
  {
   "expected_results": {},
   "filename": "benchexec/tablegenerator/test_integration/results/ie-local-interpolant.smt2",
   "has_sourcefile": true,
   "href": "../results/ie-local-interpolant.smt2",
   "id": [
    "benchexec/tablegenerator/test_integration/results/ie-local-interpolant.smt2",
    "sat",
    null
   ],
   "results": [
    {
     "category": "missing",
     "columns_relevant_for_diff": [
      "status"
     ],
     "href": "../results/mathsat.2015-05-27_1004.logfiles/ie-local-interpolant.smt2.log",
     "log_file": "benchexec/tablegenerator/test_integration/results/mathsat.2015-05-27_1004.logfiles/ie-local-interpolant.smt2.log",
     "score": null,
     "values": [
      {
       "raw": "unsat"
      },
      {
       "raw": "missing"
      },
      {
       "raw": null
      },
      {
       "html": ".126&#x2007;&#x2007;",
       "raw": "0.125825"
      },
      {
       "html": ".128&#x2007;",
       "raw": "0.12830853462219238"
      },
      {
       "raw": "19525632"
      }
     ]
    },
    {
     "category": "missing",
     "columns_relevant_for_diff": [
      "status"
     ],
     "href": "../results/smtinterpol.2015-05-27_1004.logfiles/ie-local-interpolant.smt2.log",
     "log_file": "benchexec/tablegenerator/test_integration/results/smtinterpol.2015-05-27_1004.logfiles/ie-local-interpolant.smt2.log",
     "score": null,
     "values": [
      {
       "raw": "sat"
      },
      {
       "raw": "missing"
      },
      {
       "raw": null
      },
      {
       "html": ".479",
       "raw": "0.47938499999999995"
      },
      {
       "html": ".487",
       "raw": "0.4867055416107178"
      },
      {
       "raw": "45228032"
      }
     ]
    }
   ],
   "short_filename": "ie-local-interpolant.smt2"
  },
  {
   "expected_results": {
    "sat": [
     true,
     null
    ]
   },
   "filename": "benchexec/tablegenerator/test_integration/results/new-cast-encoding_sat.smt2",
   "has_sourcefile": true,
   "href": "../results/new-cast-encoding_sat.smt2",
   "id": [
    "benchexec/tablegenerator/test_integration/results/new-cast-encoding_sat.smt2",
    "sat",
    null
   ],
   "results": [
    {
     "category": "correct",
     "columns_relevant_for_diff": [
      "status"
     ],
     "href": "../results/mathsat.2015-05-27_1004.logfiles/new-cast-encoding_sat.smt2.log",
     "log_file": "benchexec/tablegenerator/test_integration/results/mathsat.2015-05-27_1004.logfiles/new-cast-encoding_sat.smt2.log",
     "score": null,
     "values": [
      {
       "raw": "sat"
      },
      {
       "raw": "correct"
      },
      {
       "raw": null
      },
      {
       "html": ".00897",
       "raw": "0.008967"
      },
      {
       "html": ".0116",
       "raw": "0.011604547500610352"
      },
      {
       "raw": "5513216"
      }
     ]
    },
    {
     "category": "correct",
     "columns_relevant_for_diff": [
      "status"
     ],
     "href": "../results/smtinterpol.2015-05-27_1004.logfiles/new-cast-encoding_sat.smt2.log",
     "log_file": "benchexec/tablegenerator/test_integration/results/smtinterpol.2015-05-27_1004.logfiles/new-cast-encoding_sat.smt2.log",
     "score": null,
     "values": [
      {
       "raw": "sat"
      },
      {
       "raw": "correct"
      },
      {
       "raw": null
      },
      {
       "html": ".214",
       "raw": "0.21415099999999998"
      },
      {
       "html": ".230",
       "raw": "0.22989201545715332"
      },
      {
       "raw": "23986176"
      }
     ]
    }
   ],
   "short_filename": "new-cast-encoding_sat.smt2"
  },
  {
   "expected_results": {},
   "filename": "benchexec/tablegenerator/test_integration/results/other-cast-encoding.smt2",
   "has_sourcefile": true,
   "href": "../results/other-cast-encoding.smt2",
   "id": [
    "benchexec/tablegenerator/test_integration/results/other-cast-encoding.smt2",
    "sat",
    null
   ],
   "results": [
    {
     "category": "unknown",
     "columns_relevant_for_diff": [
      "status"
     ],
     "href": "../results/mathsat.2015-05-27_1004.logfiles/other-cast-encoding.smt2.log",
     "log_file": "benchexec/tablegenerator/test_integration/results/mathsat.2015-05-27_1004.logfiles/other-cast-encoding.smt2.log",
     "score": null,
     "values": [
      {
       "raw": "unknown"
      },
      {
       "raw": "unknown"
      },
      {
       "raw": null
      },
      {
       "html": ".00909",
       "raw": "0.009091"
      },
      {
       "html": ".0100",
       "raw": "0.010009765625"
      },
      {
       "raw": "4583424"
      }
     ]
    },
    {
     "category": "error",
     "columns_relevant_for_diff": [
      "status"
     ],
     "href": "../results/smtinterpol.2015-05-27_1004.logfiles/other-cast-encoding.smt2.log",
     "log_file": "benchexec/tablegenerator/test_integration/results/smtinterpol.2015-05-27_1004.logfiles/other-cast-encoding.smt2.log",
     "score": null,
     "values": [
      {
       "raw": "ERROR"
      },
      {
       "raw": "error"
      },
      {
       "raw": null
      },
      {
       "html": ".193",
       "raw": "0.193386"
      },
      {
       "html": ".199",
       "raw": "0.19897174835205078"
      },
      {
       "raw": "23822336"
      }
     ]
    }
   ],
   "short_filename": "other-cast-encoding.smt2"
  },
  {
   "expected_results": {
    "sat": [
     false,
     null
    ]
   },
   "filename": "benchexec/tablegenerator/test_integration/results/smtinterpol-NPE-LAInterpolor-color_unsat.smt2",
   "has_sourcefile": true,
   "href": "../results/smtinterpol-NPE-LAInterpolor-color_unsat.smt2",
   "id": [
    "benchexec/tablegenerator/test_integration/results/smtinterpol-NPE-LAInterpolor-color_unsat.smt2",
    "sat",
    null
   ],
   "results": [
    {
     "category": "error",
     "columns_relevant_for_diff": [
      "status"
     ],
     "href": "../results/mathsat.2015-05-27_1004.logfiles/smtinterpol-NPE-LAInterpolor-color_unsat.smt2.log",
     "log_file": "benchexec/tablegenerator/test_integration/results/mathsat.2015-05-27_1004.logfiles/smtinterpol-NPE-LAInterpolor-color_unsat.smt2.log",
     "score": null,
     "values": [
      {
       "raw": "ERROR"
      },
      {
       "raw": "error"
      },
      {
       "raw": null
      },
      {
       "html": ".0209&#x2007;",
       "raw": "0.02087"
      },
      {
       "html": ".0351",
       "raw": "0.03510880470275879"
      },
      {
       "raw": "2883584"
      }
     ]
    },
    {
     "category": "correct",
     "columns_relevant_for_diff": [
      "status"
     ],
     "href": "../results/smtinterpol.2015-05-27_1004.logfiles/smtinterpol-NPE-LAInterpolor-color_unsat.smt2.log",
     "log_file": "benchexec/tablegenerator/test_integration/results/smtinterpol.2015-05-27_1004.logfiles/smtinterpol-NPE-LAInterpolor-color_unsat.smt2.log",
     "score": null,
     "values": [
      {
       "raw": "unsat"
      },
      {
       "raw": "correct"
      },
      {
       "raw": null
      },
      {
       "html": ".769",
       "raw": "0.769471576"
      },
      {
       "html": ".778",
       "raw": "0.7776222229003906"
      },
      {
       "raw": "46264320"
      }
     ]
    }
   ],
   "short_filename": "smtinterpol-NPE-LAInterpolor-color_unsat.smt2"
  }
 ],
 "stats": [
  {
   "content": [
    [
     {
      "avg": null,
      "max": null,
      "median": null,
      "min": null,
      "stdev": null,
      "sum": 3
     },
     null,
     null,
     {
      "avg": "0.0519",
      "max": "0.126",
      "median": "0.0209",
      "min": "0.00909",
      "stdev": "0.0525",
      "sum": ".156&#x2007;&#x2007;"
     },
     {
      "avg": "0.0578",
      "max": "0.128",
      "median": "0.0351",
      "min": "0.0100",
      "stdev": "0.0509",
      "sum": ".173&#x2007;"
     },
     {
      "avg": "8997546.666666666666666666667",
      "max": "19525632",
      "median": "4583424",
      "min": "2883584",
      "stdev": "7476755.071368921664235748621",
      "sum": "26992640"
     }
    ],
    [
     {
      "avg": null,
      "max": null,
      "median": null,
      "min": null,
      "stdev": null,
      "sum": 3
     },
     null,
     null,
     {
      "avg": "0.481",
      "max": "0.769",
      "median": "0.479",
      "min": "0.193",
      "stdev": "0.235",
      "sum": "1.44&#x2007;"
     },
     {
      "avg": "0.488",
      "max": "0.778",
      "median": "0.487",
      "min": "0.199",
      "stdev": "0.236",
      "sum": "1.46&#x2007;"
     },
     {
      "avg": "38438229.33333333333333333333",
      "max": "46264320",
      "median": "45228032",
      "min": "23822336",
      "stdev": "10343652.69632442539094751832",
      "sum": "115314688"
     }
    ]
   ],
   "description": "in total 0 true tasks, 1 false tasks",
   "id": null,
   "title": "total"
  },
  {
   "content": [
    [
     {
      "avg": null,
      "max": null,
      "median": null,
      "min": null,
      "stdev": null,
      "sum": 0
     },
     null,
     null,
     null,
     null,
     null
    ],
    [
     {
      "avg": null,
      "max": null,
      "median": null,
      "min": null,
      "stdev": null,
      "sum": 1
     },
     null,
     null,
     {
      "avg": "0.769",
      "max": "0.769",
      "median": "0.769",
      "min": "0.769",
      "stdev": "0",
      "sum": ".769"
     },
     {
      "avg": "0.778",
      "max": "0.778",
      "median": "0.778",
      "min": "0.778",
      "stdev": "0",
      "sum": ".778"
     },
     {
      "avg": "46264320",
      "max": "46264320",
      "median": "46264320",
      "min": "46264320",
      "stdev": "0",
      "sum": "46264320"
     }
    ]
   ],
   "description": "(property holds + result is true) OR (property does not hold + result is false)",
   "id": null,
   "title": "&nbsp;&nbsp;&nbsp;&nbsp;correct results"
  },
  {
   "content": [
    [
     {
      "avg": null,
      "max": null,
      "median": null,
      "min": null,
      "stdev": null,
      "sum": 0
     },
     null,
     null,
     null,
     null,
     null
    ],
    [
     {
      "avg": null,
      "max": null,
      "median": null,
      "min": null,
      "stdev": null,
      "sum": 0
     },
     null,
     null,
     null,
     null,
     null
    ]
   ],
   "description": "property holds + result is true",
   "id": null,
   "title": "&nbsp;&nbsp;&nbsp;&nbsp;&nbsp;&nbsp;&nbsp;&nbsp;correct true"
  },
  {
   "content": [
    [
     {
      "avg": null,
      "max": null,
      "median": null,
      "min": null,
      "stdev": null,
      "sum": 0
     },
     null,
     null,
     null,
     null,
     null
    ],
    [
     {
      "avg": null,
      "max": null,
      "median": null,
      "min": null,
      "stdev": null,
      "sum": 1
     },
     null,
     null,
     {
      "avg": "0.769",
      "max": "0.769",
      "median": "0.769",
      "min": "0.769",
      "stdev": "0",
      "sum": ".769"
     },
     {
      "avg": "0.778",
      "max": "0.778",
      "median": "0.778",
      "min": "0.778",
      "stdev": "0",
      "sum": ".778"
     },
     {
      "avg": "46264320",
      "max": "46264320",
      "median": "46264320",
      "min": "46264320",
      "stdev": "0",
      "sum": "46264320"
     }
    ]
   ],
   "description": "property does not hold + result is false",
   "id": null,
   "title": "&nbsp;&nbsp;&nbsp;&nbsp;&nbsp;&nbsp;&nbsp;&nbsp;correct false"
  },
  {
   "content": [
    [
     {
      "avg": null,
      "max": null,
      "median": null,
      "min": null,
      "stdev": null,
      "sum": 0
     },
     null,
     null,
     null,
     null,
     null
    ],
    [
     {
      "avg": null,
      "max": null,
      "median": null,
      "min": null,
      "stdev": null,
      "sum": 0
     },
     null,
     null,
     null,
     null,
     null
    ]
   ],
   "description": "(property holds + result is false) OR (property does not hold + result is true)",
   "id": null,
   "title": "&nbsp;&nbsp;&nbsp;&nbsp;incorrect results"
  },
  {
   "content": [
    [
     {
      "avg": null,
      "max": null,
      "median": null,
      "min": null,
      "stdev": null,
      "sum": 0
     },
     null,
     null,
     null,
     null,
     null
    ],
    [
     {
      "avg": null,
      "max": null,
      "median": null,
      "min": null,
      "stdev": null,
      "sum": 0
     },
     null,
     null,
     null,
     null,
     null
    ]
   ],
   "description": "property does not hold + result is true",
   "id": null,
   "title": "&nbsp;&nbsp;&nbsp;&nbsp;&nbsp;&nbsp;&nbsp;&nbsp;incorrect true"
  },
  {
   "content": [
    [
     {
      "avg": null,
      "max": null,
      "median": null,
      "min": null,
      "stdev": null,
      "sum": 0
     },
     null,
     null,
     null,
     null,
     null
    ],
    [
     {
      "avg": null,
      "max": null,
      "median": null,
      "min": null,
      "stdev": null,
      "sum": 0
     },
     null,
     null,
     null,
     null,
     null
    ]
   ],
   "description": "property holds + result is false",
   "id": null,
   "title": "&nbsp;&nbsp;&nbsp;&nbsp;&nbsp;&nbsp;&nbsp;&nbsp;incorrect false"
  }
 ],
 "tools": [
  {
   "benchmarkname": "mathsat",
   "branch": "",
   "columns": [
    {
     "display_title": "status",
     "href": null,
     "number_of_significant_digits": null,
     "pattern": null,
     "relevant_for_diff": false,
     "scale_factor": 1,
     "source_unit": null,
     "title": "status",
     "type": {
      "_type": 4,
      "name": "status"
     },
     "unit": null
    },
    {
     "display_title": "category",
     "href": null,
     "number_of_significant_digits": null,
     "pattern": null,
     "relevant_for_diff": false,
     "scale_factor": 1,
     "source_unit": null,
     "title": "category",
     "type": {
      "_type": 1,
      "name": "text"
     },
     "unit": null
    },
    {
     "display_title": "score",
     "href": null,
     "number_of_significant_digits": null,
     "pattern": null,
     "relevant_for_diff": false,
     "scale_factor": 1,
     "source_unit": null,
     "title": "score",
     "type": {
      "_type": 1,
      "name": "text"
     },
     "unit": null
    },
    {
     "display_title": "cputime",
     "href": null,
     "number_of_significant_digits": null,
     "pattern": null,
     "relevant_for_diff": false,
     "scale_factor": 1,
     "source_unit": "s",
     "title": "cputime",
     "type": {
      "_max_decimal_digits": 5,
      "_type": {
       "_type": 3,
       "name": "measure"
      }
     },
     "unit": "s"
    },
    {
     "display_title": "walltime",
     "href": null,
     "number_of_significant_digits": null,
     "pattern": null,
     "relevant_for_diff": false,
     "scale_factor": 1,
     "source_unit": "s",
     "title": "walltime",
     "type": {
      "_max_decimal_digits": 4,
      "_type": {
       "_type": 3,
       "name": "measure"
      }
     },
     "unit": "s"
    },
    {
     "display_title": "memory",
     "href": null,
     "number_of_significant_digits": null,
     "pattern": null,
     "relevant_for_diff": false,
     "scale_factor": 1,
     "source_unit": null,
     "title": "memUsage",
     "type": {
      "_type": 2,
      "name": "count"
     },
     "unit": null
    }
   ],
   "cores": "8",
   "cpu": "Intel Core i7-2600 CPU @ 3.40GHz",
   "cpuCores": "1",
   "date": "2015-05-27 10:04:55 CEST",
   "displayName": "",
   "freq": "3401 MHz",
   "host": "tortuga",
   "memlimit": "100 MB",
   "name": "",
   "niceName": "mathsat",
   "options": "",
   "os": "Linux 3.13.0-53-generic x86_64",
   "ram": "16389436 kB",
   "timelimit": "10 s",
   "tool": "MathSAT",
   "toolmodule": "benchexec.tools.mathsat",
   "turbo": "",
   "version": "5.3.5"
  },
  {
   "benchmarkname": "smtinterpol",
   "branch": "",
   "columns": [
    {
     "display_title": "status",
     "href": null,
     "number_of_significant_digits": null,
     "pattern": null,
     "relevant_for_diff": false,
     "scale_factor": 1,
     "source_unit": null,
     "title": "status",
     "type": {
      "_type": 4,
      "name": "status"
     },
     "unit": null
    },
    {
     "display_title": "category",
     "href": null,
     "number_of_significant_digits": null,
     "pattern": null,
     "relevant_for_diff": false,
     "scale_factor": 1,
     "source_unit": null,
     "title": "category",
     "type": {
      "_type": 1,
      "name": "text"
     },
     "unit": null
    },
    {
     "display_title": "score",
     "href": null,
     "number_of_significant_digits": null,
     "pattern": null,
     "relevant_for_diff": false,
     "scale_factor": 1,
     "source_unit": null,
     "title": "score",
     "type": {
      "_type": 1,
      "name": "text"
     },
     "unit": null
    },
    {
     "display_title": "cputime",
     "href": null,
     "number_of_significant_digits": null,
     "pattern": null,
     "relevant_for_diff": false,
     "scale_factor": 1,
     "source_unit": "s",
     "title": "cputime",
     "type": {
      "_max_decimal_digits": 3,
      "_type": {
       "_type": 3,
       "name": "measure"
      }
     },
     "unit": "s"
    },
    {
     "display_title": "walltime",
     "href": null,
     "number_of_significant_digits": null,
     "pattern": null,
     "relevant_for_diff": false,
     "scale_factor": 1,
     "source_unit": "s",
     "title": "walltime",
     "type": {
      "_max_decimal_digits": 3,
      "_type": {
       "_type": 3,
       "name": "measure"
      }
     },
     "unit": "s"
    },
    {
     "display_title": "memory",
     "href": null,
     "number_of_significant_digits": null,
     "pattern": null,
     "relevant_for_diff": false,
     "scale_factor": 1,
     "source_unit": null,
     "title": "memUsage",
     "type": {
      "_type": 2,
      "name": "count"
     },
     "unit": null
    }
   ],
   "cores": "8",
   "cpu": "Intel Core i7-2600 CPU @ 3.40GHz",
   "cpuCores": "1",
   "date": "2015-05-27 10:04:27 CEST",
   "displayName": "",
   "freq": "3401 MHz",
   "host": "tortuga",
   "memlimit": "100 MB",
   "name": "",
   "niceName": "smtinterpol",
   "options": "",
   "os": "Linux 3.13.0-53-generic x86_64",
   "ram": "16389436 kB",
   "timelimit": "10 s",
   "tool": "SMTInterpol",
   "toolmodule": "benchexec.tools.smtinterpol",
   "turbo": "",
   "version": "2.1-183-g4d3bb9f"
  }
 ],
 "version": "2.3-dev"
}