% The following definition defines a command for each value.
% The command name is the concatenation of the first six arguments.
% To override this definition, define \StoreBenchExecResult with \newcommand before including this file.
% Arguments: benchmark name, run-set name, category, status, column name, statistic, value
\providecommand\StoreBenchExecResult[7]{\expandafter\newcommand\csname#1#2#3#4#5#6\endcsname{#7}}%
\StoreBenchExecResult{Mathsat}{}{Status}{Score}{}{}{0}%
\StoreBenchExecResult{Mathsat}{}{Status}{Total}{}{}{3}%
\StoreBenchExecResult{Mathsat}{}{Status}{Correct}{}{}{0}%
\StoreBenchExecResult{Mathsat}{}{Status}{Correct}{True}{}{0}%
\StoreBenchExecResult{Mathsat}{}{Status}{Correct}{False}{}{0}%
\StoreBenchExecResult{Mathsat}{}{Status}{Correct}{Unconfirmed}{}{0}%
\StoreBenchExecResult{Mathsat}{}{Status}{CorrectUnconfirmed}{True}{}{0}%
\StoreBenchExecResult{Mathsat}{}{Status}{CorrectUnconfirmed}{False}{}{0}%
\StoreBenchExecResult{Mathsat}{}{Status}{Wrong}{}{}{0}%
\StoreBenchExecResult{Mathsat}{}{Status}{Wrong}{True}{}{0}%
\StoreBenchExecResult{Mathsat}{}{Status}{Wrong}{False}{}{0}%
\StoreBenchExecResult{Mathsat}{}{Cputime}{Total}{}{}{0.155786}%
\StoreBenchExecResult{Mathsat}{}{Cputime}{Total}{}{Min}{0.009091}%
\StoreBenchExecResult{Mathsat}{}{Cputime}{Total}{}{Max}{0.125825}%
\StoreBenchExecResult{Mathsat}{}{Cputime}{Total}{}{Avg}{0.05192866666666666666666666667}%
\StoreBenchExecResult{Mathsat}{}{Cputime}{Total}{}{Median}{0.02087}%
\StoreBenchExecResult{Mathsat}{}{Cputime}{Total}{}{Stdev}{0.05247340450382671923076363801}%
\StoreBenchExecResult{Mathsat}{}{Walltime}{Total}{}{}{0.17342710494995117}%
\StoreBenchExecResult{Mathsat}{}{Walltime}{Total}{}{Min}{0.010009765625}%
\StoreBenchExecResult{Mathsat}{}{Walltime}{Total}{}{Max}{0.12830853462219238}%
\StoreBenchExecResult{Mathsat}{}{Walltime}{Total}{}{Avg}{0.05780903498331705666666666667}%
\StoreBenchExecResult{Mathsat}{}{Walltime}{Total}{}{Median}{0.03510880470275879}%
\StoreBenchExecResult{Mathsat}{}{Walltime}{Total}{}{Stdev}{0.05089286150110217626314818396}%
\StoreBenchExecResult{Mathsat}{}{MemUsage}{Total}{}{}{26992640}%
\StoreBenchExecResult{Mathsat}{}{MemUsage}{Total}{}{Min}{2883584}%
\StoreBenchExecResult{Mathsat}{}{MemUsage}{Total}{}{Max}{19525632}%
\StoreBenchExecResult{Mathsat}{}{MemUsage}{Total}{}{Avg}{8997546.666666666666666666667}%
\StoreBenchExecResult{Mathsat}{}{MemUsage}{Total}{}{Median}{4583424}%
\StoreBenchExecResult{Mathsat}{}{MemUsage}{Total}{}{Stdev}{7476755.071368921664235748621}%
\StoreBenchExecResult{Smtinterpol}{}{Status}{Score}{}{}{0}%
\StoreBenchExecResult{Smtinterpol}{}{Status}{Total}{}{}{3}%
\StoreBenchExecResult{Smtinterpol}{}{Status}{Correct}{}{}{0}%
\StoreBenchExecResult{Smtinterpol}{}{Status}{Correct}{True}{}{0}%
\StoreBenchExecResult{Smtinterpol}{}{Status}{Correct}{False}{}{0}%
\StoreBenchExecResult{Smtinterpol}{}{Status}{Correct}{Unconfirmed}{}{0}%
\StoreBenchExecResult{Smtinterpol}{}{Status}{CorrectUnconfirmed}{True}{}{0}%
\StoreBenchExecResult{Smtinterpol}{}{Status}{CorrectUnconfirmed}{False}{}{0}%
\StoreBenchExecResult{Smtinterpol}{}{Status}{Wrong}{}{}{0}%
\StoreBenchExecResult{Smtinterpol}{}{Status}{Wrong}{True}{}{0}%
\StoreBenchExecResult{Smtinterpol}{}{Status}{Wrong}{False}{}{0}%
\StoreBenchExecResult{Smtinterpol}{}{Cputime}{Total}{}{}{1.44224257599999995}%
\StoreBenchExecResult{Smtinterpol}{}{Cputime}{Total}{}{Min}{0.193386}%
\StoreBenchExecResult{Smtinterpol}{}{Cputime}{Total}{}{Max}{0.769471576}%
\StoreBenchExecResult{Smtinterpol}{}{Cputime}{Total}{}{Avg}{0.4807475253333333166666666667}%
\StoreBenchExecResult{Smtinterpol}{}{Cputime}{Total}{}{Median}{0.47938499999999995}%
\StoreBenchExecResult{Smtinterpol}{}{Cputime}{Total}{}{Stdev}{0.2351879249667889524229119323}%
\StoreBenchExecResult{Smtinterpol}{}{Walltime}{Total}{}{}{1.46329951286315918}%
\StoreBenchExecResult{Smtinterpol}{}{Walltime}{Total}{}{Min}{0.19897174835205078}%
\StoreBenchExecResult{Smtinterpol}{}{Walltime}{Total}{}{Max}{0.7776222229003906}%
\StoreBenchExecResult{Smtinterpol}{}{Walltime}{Total}{}{Avg}{0.4877665042877197266666666667}%
\StoreBenchExecResult{Smtinterpol}{}{Walltime}{Total}{}{Median}{0.4867055416107178}%
\StoreBenchExecResult{Smtinterpol}{}{Walltime}{Total}{}{Stdev}{0.2362342582481863640648606508}%
\StoreBenchExecResult{Smtinterpol}{}{MemUsage}{Total}{}{}{115314688}%
\StoreBenchExecResult{Smtinterpol}{}{MemUsage}{Total}{}{Min}{23822336}%
\StoreBenchExecResult{Smtinterpol}{}{MemUsage}{Total}{}{Max}{46264320}%
\StoreBenchExecResult{Smtinterpol}{}{MemUsage}{Total}{}{Avg}{38438229.33333333333333333333}%
\StoreBenchExecResult{Smtinterpol}{}{MemUsage}{Total}{}{Median}{45228032}%
\StoreBenchExecResult{Smtinterpol}{}{MemUsage}{Total}{}{Stdev}{10343652.69632442539094751832}%