% The following definition defines a command for each value.
% The command name is the concatenation of the first six arguments.
% To override this definition, define \StoreBenchExecResult with \newcommand before including this file.
% Arguments: benchmark name, run-set name, category, status, column name, statistic, value
\providecommand\StoreBenchExecResult[7]{\expandafter\newcommand\csname#1#2#3#4#5#6\endcsname{#7}}%
\StoreBenchExecResult{Test}{}{Status}{Score}{}{}{0}%
\StoreBenchExecResult{Test}{}{Status}{Total}{}{}{4}%
\StoreBenchExecResult{Test}{}{Status}{Correct}{}{}{2}%
\StoreBenchExecResult{Test}{}{Status}{Correct}{True}{}{0}%
\StoreBenchExecResult{Test}{}{Status}{Correct}{False}{}{2}%
\StoreBenchExecResult{Test}{}{Status}{Correct}{Unconfirmed}{}{0}%
\StoreBenchExecResult{Test}{}{Status}{CorrectUnconfirmed}{True}{}{0}%
\StoreBenchExecResult{Test}{}{Status}{CorrectUnconfirmed}{False}{}{0}%
\StoreBenchExecResult{Test}{}{Status}{Wrong}{}{}{0}%
\StoreBenchExecResult{Test}{}{Status}{Wrong}{True}{}{0}%
\StoreBenchExecResult{Test}{}{Status}{Wrong}{False}{}{0}%
\StoreBenchExecResult{Test}{}{Cputime}{Total}{}{}{8.499181053}%
\StoreBenchExecResult{Test}{}{Cputime}{Total}{}{Min}{2.018490461}%
\StoreBenchExecResult{Test}{}{Cputime}{Total}{}{Max}{2.203966561}%
\StoreBenchExecResult{Test}{}{Cputime}{Total}{}{Avg}{2.12479526325}%
\StoreBenchExecResult{Test}{}{Cputime}{Total}{}{Median}{2.1383620155}%
\StoreBenchExecResult{Test}{}{Cputime}{Total}{}{Stdev}{0.06860249608801089525776206682}%
\StoreBenchExecResult{Test}{}{Cputime}{Correct}{}{}{4.276724031}%
\StoreBenchExecResult{Test}{}{Cputime}{Correct}{}{Min}{2.117287256}%
\StoreBenchExecResult{Test}{}{Cputime}{Correct}{}{Max}{2.159436775}%
\StoreBenchExecResult{Test}{}{Cputime}{Correct}{}{Avg}{2.1383620155}%
\StoreBenchExecResult{Test}{}{Cputime}{Correct}{}{Median}{2.1383620155}%
\StoreBenchExecResult{Test}{}{Cputime}{Correct}{}{Stdev}{0.02107475950000}%
\StoreBenchExecResult{Test}{}{Cputime}{Correct}{False}{}{4.276724031}%
\StoreBenchExecResult{Test}{}{Cputime}{Correct}{False}{Min}{2.117287256}%
\StoreBenchExecResult{Test}{}{Cputime}{Correct}{False}{Max}{2.159436775}%
\StoreBenchExecResult{Test}{}{Cputime}{Correct}{False}{Avg}{2.1383620155}%
\StoreBenchExecResult{Test}{}{Cputime}{Correct}{False}{Median}{2.1383620155}%
\StoreBenchExecResult{Test}{}{Cputime}{Correct}{False}{Stdev}{0.02107475950000}%
\StoreBenchExecResult{Test}{}{Cputime}{Local}{}{}{8.508844999999997}%
\StoreBenchExecResult{Test}{}{Walltime}{Total}{}{}{8.5353999137878418}%
\StoreBenchExecResult{Test}{}{Walltime}{Total}{}{Min}{2.0274627208709717}%
\StoreBenchExecResult{Test}{}{Walltime}{Total}{}{Max}{2.2127082347869873}%
\StoreBenchExecResult{Test}{}{Walltime}{Total}{}{Avg}{2.13384997844696045}%
\StoreBenchExecResult{Test}{}{Walltime}{Total}{}{Median}{2.1476144790649414}%
\StoreBenchExecResult{Test}{}{Walltime}{Total}{}{Stdev}{0.06845876281055992878333278884}%
\StoreBenchExecResult{Test}{}{Walltime}{Correct}{}{}{4.2952289581298828}%
\StoreBenchExecResult{Test}{}{Walltime}{Correct}{}{Min}{2.1272354125976562}%
\StoreBenchExecResult{Test}{}{Walltime}{Correct}{}{Max}{2.1679935455322266}%
\StoreBenchExecResult{Test}{}{Walltime}{Correct}{}{Avg}{2.1476144790649414}%
\StoreBenchExecResult{Test}{}{Walltime}{Correct}{}{Median}{2.1476144790649414}%
\StoreBenchExecResult{Test}{}{Walltime}{Correct}{}{Stdev}{0.02037906646728520000000000000}%
\StoreBenchExecResult{Test}{}{Walltime}{Correct}{False}{}{4.2952289581298828}%
\StoreBenchExecResult{Test}{}{Walltime}{Correct}{False}{Min}{2.1272354125976562}%
\StoreBenchExecResult{Test}{}{Walltime}{Correct}{False}{Max}{2.1679935455322266}%
\StoreBenchExecResult{Test}{}{Walltime}{Correct}{False}{Avg}{2.1476144790649414}%
\StoreBenchExecResult{Test}{}{Walltime}{Correct}{False}{Median}{2.1476144790649414}%
\StoreBenchExecResult{Test}{}{Walltime}{Correct}{False}{Stdev}{0.02037906646728520000000000000}%
\StoreBenchExecResult{Test}{}{Walltime}{Local}{}{}{9.115868091583252}%
\StoreBenchExecResult{Test}{}{MemUsage}{Total}{}{}{521195520}%
\StoreBenchExecResult{Test}{}{MemUsage}{Total}{}{Min}{126210048}%
\StoreBenchExecResult{Test}{}{MemUsage}{Total}{}{Max}{133574656}%
\StoreBenchExecResult{Test}{}{MemUsage}{Total}{}{Avg}{130298880}%
\StoreBenchExecResult{Test}{}{MemUsage}{Total}{}{Median}{130705408}%
\StoreBenchExecResult{Test}{}{MemUsage}{Total}{}{Stdev}{2651353.131316913054555230070}%
\StoreBenchExecResult{Test}{}{MemUsage}{Correct}{}{}{264691712}%
\StoreBenchExecResult{Test}{}{MemUsage}{Correct}{}{Min}{131117056}%
\StoreBenchExecResult{Test}{}{MemUsage}{Correct}{}{Max}{133574656}%
\StoreBenchExecResult{Test}{}{MemUsage}{Correct}{}{Avg}{132345856}%
\StoreBenchExecResult{Test}{}{MemUsage}{Correct}{}{Median}{132345856}%
\StoreBenchExecResult{Test}{}{MemUsage}{Correct}{}{Stdev}{1228800.00000000}%
\StoreBenchExecResult{Test}{}{MemUsage}{Correct}{False}{}{264691712}%
\StoreBenchExecResult{Test}{}{MemUsage}{Correct}{False}{Min}{131117056}%
\StoreBenchExecResult{Test}{}{MemUsage}{Correct}{False}{Max}{133574656}%
\StoreBenchExecResult{Test}{}{MemUsage}{Correct}{False}{Avg}{132345856}%
\StoreBenchExecResult{Test}{}{MemUsage}{Correct}{False}{Median}{132345856}%
\StoreBenchExecResult{Test}{}{MemUsage}{Correct}{False}{Stdev}{1228800.00000000}%
\StoreBenchExecResult{Test}{}{Status}{Score}{}{}{0}%
\StoreBenchExecResult{Test}{}{Status}{Total}{}{}{5}%
\StoreBenchExecResult{Test}{}{Status}{Correct}{}{}{3}%
\StoreBenchExecResult{Test}{}{Status}{Correct}{True}{}{2}%
\StoreBenchExecResult{Test}{}{Status}{Correct}{False}{}{1}%
\StoreBenchExecResult{Test}{}{Status}{Correct}{Unconfirmed}{}{0}%
\StoreBenchExecResult{Test}{}{Status}{CorrectUnconfirmed}{True}{}{0}%
\StoreBenchExecResult{Test}{}{Status}{CorrectUnconfirmed}{False}{}{0}%
\StoreBenchExecResult{Test}{}{Status}{Wrong}{}{}{1}%
\StoreBenchExecResult{Test}{}{Status}{Wrong}{True}{}{1}%
\StoreBenchExecResult{Test}{}{Status}{Wrong}{False}{}{0}%
\StoreBenchExecResult{Test}{}{Cputime}{Total}{}{}{10.919505907}%
\StoreBenchExecResult{Test}{}{Cputime}{Total}{}{Min}{2.058647067}%
\StoreBenchExecResult{Test}{}{Cputime}{Total}{}{Max}{2.272238619}%
\StoreBenchExecResult{Test}{}{Cputime}{Total}{}{Avg}{2.1839011814}%
\StoreBenchExecResult{Test}{}{Cputime}{Total}{}{Median}{2.189887353}%
\StoreBenchExecResult{Test}{}{Cputime}{Total}{}{Stdev}{0.07187152671885927483466361201}%
\StoreBenchExecResult{Test}{}{Cputime}{Correct}{}{}{6.478077860}%
\StoreBenchExecResult{Test}{}{Cputime}{Correct}{}{Min}{2.058647067}%
\StoreBenchExecResult{Test}{}{Cputime}{Correct}{}{Max}{2.22954344}%
\StoreBenchExecResult{Test}{}{Cputime}{Correct}{}{Avg}{2.159359286666666666666666667}%
\StoreBenchExecResult{Test}{}{Cputime}{Correct}{}{Median}{2.189887353}%
\StoreBenchExecResult{Test}{}{Cputime}{Correct}{}{Stdev}{0.07303133894284965266045621882}%
\StoreBenchExecResult{Test}{}{Cputime}{Correct}{True}{}{4.288190507}%
\StoreBenchExecResult{Test}{}{Cputime}{Correct}{True}{Min}{2.058647067}%
\StoreBenchExecResult{Test}{}{Cputime}{Correct}{True}{Max}{2.22954344}%
\StoreBenchExecResult{Test}{}{Cputime}{Correct}{True}{Avg}{2.1440952535}%
\StoreBenchExecResult{Test}{}{Cputime}{Correct}{True}{Median}{2.1440952535}%
\StoreBenchExecResult{Test}{}{Cputime}{Correct}{True}{Stdev}{0.08544818650000}%
\StoreBenchExecResult{Test}{}{Cputime}{Correct}{False}{}{2.189887353}%
\StoreBenchExecResult{Test}{}{Cputime}{Correct}{False}{Min}{2.189887353}%
\StoreBenchExecResult{Test}{}{Cputime}{Correct}{False}{Max}{2.189887353}%
\StoreBenchExecResult{Test}{}{Cputime}{Correct}{False}{Avg}{2.189887353}%
\StoreBenchExecResult{Test}{}{Cputime}{Correct}{False}{Median}{2.189887353}%
\StoreBenchExecResult{Test}{}{Cputime}{Correct}{False}{Stdev}{0.00000000000000}%
\StoreBenchExecResult{Test}{}{Cputime}{Wrong}{}{}{2.169189428}%
\StoreBenchExecResult{Test}{}{Cputime}{Wrong}{}{Min}{2.169189428}%
\StoreBenchExecResult{Test}{}{Cputime}{Wrong}{}{Max}{2.169189428}%
\StoreBenchExecResult{Test}{}{Cputime}{Wrong}{}{Avg}{2.169189428}%
\StoreBenchExecResult{Test}{}{Cputime}{Wrong}{}{Median}{2.169189428}%
\StoreBenchExecResult{Test}{}{Cputime}{Wrong}{}{Stdev}{0.00000000000000}%
\StoreBenchExecResult{Test}{}{Cputime}{Wrong}{True}{}{2.169189428}%
\StoreBenchExecResult{Test}{}{Cputime}{Wrong}{True}{Min}{2.169189428}%
\StoreBenchExecResult{Test}{}{Cputime}{Wrong}{True}{Max}{2.169189428}%
\StoreBenchExecResult{Test}{}{Cputime}{Wrong}{True}{Avg}{2.169189428}%
\StoreBenchExecResult{Test}{}{Cputime}{Wrong}{True}{Median}{2.169189428}%
\StoreBenchExecResult{Test}{}{Cputime}{Wrong}{True}{Stdev}{0.00000000000000}%
\StoreBenchExecResult{Test}{}{Cputime}{Local}{}{}{10.933401000000002}%
\StoreBenchExecResult{Test}{}{Walltime}{Total}{}{}{10.9609942436218263}%
\StoreBenchExecResult{Test}{}{Walltime}{Total}{}{Min}{2.0664572715759277}%
\StoreBenchExecResult{Test}{}{Walltime}{Total}{}{Max}{2.2822041511535645}%
\StoreBenchExecResult{Test}{}{Walltime}{Total}{}{Avg}{2.19219884872436526}%
\StoreBenchExecResult{Test}{}{Walltime}{Total}{}{Median}{2.1968865394592285}%
\StoreBenchExecResult{Test}{}{Walltime}{Total}{}{Stdev}{0.07230447039122090684958965327}%
\StoreBenchExecResult{Test}{}{Walltime}{Correct}{}{}{6.5004251003265382}%
\StoreBenchExecResult{Test}{}{Walltime}{Correct}{}{Min}{2.0664572715759277}%
\StoreBenchExecResult{Test}{}{Walltime}{Correct}{}{Max}{2.237081289291382}%
\StoreBenchExecResult{Test}{}{Walltime}{Correct}{}{Avg}{2.166808366775512733333333333}%
\StoreBenchExecResult{Test}{}{Walltime}{Correct}{}{Median}{2.1968865394592285}%
\StoreBenchExecResult{Test}{}{Walltime}{Correct}{}{Stdev}{0.07283159208903090975048642215}%
\StoreBenchExecResult{Test}{}{Walltime}{Correct}{True}{}{4.3035385608673097}%
\StoreBenchExecResult{Test}{}{Walltime}{Correct}{True}{Min}{2.0664572715759277}%
\StoreBenchExecResult{Test}{}{Walltime}{Correct}{True}{Max}{2.237081289291382}%
\StoreBenchExecResult{Test}{}{Walltime}{Correct}{True}{Avg}{2.15176928043365485}%
\StoreBenchExecResult{Test}{}{Walltime}{Correct}{True}{Median}{2.15176928043365485}%
\StoreBenchExecResult{Test}{}{Walltime}{Correct}{True}{Stdev}{0.08531200885772714999999999999}%
\StoreBenchExecResult{Test}{}{Walltime}{Correct}{False}{}{2.1968865394592285}%
\StoreBenchExecResult{Test}{}{Walltime}{Correct}{False}{Min}{2.1968865394592285}%
\StoreBenchExecResult{Test}{}{Walltime}{Correct}{False}{Max}{2.1968865394592285}%
\StoreBenchExecResult{Test}{}{Walltime}{Correct}{False}{Avg}{2.1968865394592285}%
\StoreBenchExecResult{Test}{}{Walltime}{Correct}{False}{Median}{2.1968865394592285}%
\StoreBenchExecResult{Test}{}{Walltime}{Correct}{False}{Stdev}{0.0000000000000000}%
\StoreBenchExecResult{Test}{}{Walltime}{Wrong}{}{}{2.1783649921417236}%
\StoreBenchExecResult{Test}{}{Walltime}{Wrong}{}{Min}{2.1783649921417236}%
\StoreBenchExecResult{Test}{}{Walltime}{Wrong}{}{Max}{2.1783649921417236}%
\StoreBenchExecResult{Test}{}{Walltime}{Wrong}{}{Avg}{2.1783649921417236}%
\StoreBenchExecResult{Test}{}{Walltime}{Wrong}{}{Median}{2.1783649921417236}%
\StoreBenchExecResult{Test}{}{Walltime}{Wrong}{}{Stdev}{0.0000000000000000}%
\StoreBenchExecResult{Test}{}{Walltime}{Wrong}{True}{}{2.1783649921417236}%
\StoreBenchExecResult{Test}{}{Walltime}{Wrong}{True}{Min}{2.1783649921417236}%
\StoreBenchExecResult{Test}{}{Walltime}{Wrong}{True}{Max}{2.1783649921417236}%
\StoreBenchExecResult{Test}{}{Walltime}{Wrong}{True}{Avg}{2.1783649921417236}%
\StoreBenchExecResult{Test}{}{Walltime}{Wrong}{True}{Median}{2.1783649921417236}%
\StoreBenchExecResult{Test}{}{Walltime}{Wrong}{True}{Stdev}{0.0000000000000000}%
\StoreBenchExecResult{Test}{}{Walltime}{Local}{}{}{11.626914262771606}%
\StoreBenchExecResult{Test}{}{MemUsage}{Total}{}{}{645271552}%
\StoreBenchExecResult{Test}{}{MemUsage}{Total}{}{Min}{126312448}%
\StoreBenchExecResult{Test}{}{MemUsage}{Total}{}{Max}{132337664}%
\StoreBenchExecResult{Test}{}{MemUsage}{Total}{}{Avg}{129054310.4}%
\StoreBenchExecResult{Test}{}{MemUsage}{Total}{}{Median}{129118208}%
\StoreBenchExecResult{Test}{}{MemUsage}{Total}{}{Stdev}{1975805.449949118851756738273}%
\StoreBenchExecResult{Test}{}{MemUsage}{Correct}{}{}{387768320}%
\StoreBenchExecResult{Test}{}{MemUsage}{Correct}{}{Min}{126312448}%
\StoreBenchExecResult{Test}{}{MemUsage}{Correct}{}{Max}{132337664}%
\StoreBenchExecResult{Test}{}{MemUsage}{Correct}{}{Avg}{129256106.6666666666666666667}%
\StoreBenchExecResult{Test}{}{MemUsage}{Correct}{}{Median}{129118208}%
\StoreBenchExecResult{Test}{}{MemUsage}{Correct}{}{Stdev}{2461716.067213456867331590003}%
\StoreBenchExecResult{Test}{}{MemUsage}{Correct}{True}{}{258650112}%
\StoreBenchExecResult{Test}{}{MemUsage}{Correct}{True}{Min}{126312448}%
\StoreBenchExecResult{Test}{}{MemUsage}{Correct}{True}{Max}{132337664}%
\StoreBenchExecResult{Test}{}{MemUsage}{Correct}{True}{Avg}{129325056}%
\StoreBenchExecResult{Test}{}{MemUsage}{Correct}{True}{Median}{129325056}%
\StoreBenchExecResult{Test}{}{MemUsage}{Correct}{True}{Stdev}{3012608.0000000}%
\StoreBenchExecResult{Test}{}{MemUsage}{Correct}{False}{}{129118208}%
\StoreBenchExecResult{Test}{}{MemUsage}{Correct}{False}{Min}{129118208}%
\StoreBenchExecResult{Test}{}{MemUsage}{Correct}{False}{Max}{129118208}%
\StoreBenchExecResult{Test}{}{MemUsage}{Correct}{False}{Avg}{129118208}%
\StoreBenchExecResult{Test}{}{MemUsage}{Correct}{False}{Median}{129118208}%
\StoreBenchExecResult{Test}{}{MemUsage}{Correct}{False}{Stdev}{0.00000000000000}%
\StoreBenchExecResult{Test}{}{MemUsage}{Wrong}{}{}{128032768}%
\StoreBenchExecResult{Test}{}{MemUsage}{Wrong}{}{Min}{128032768}%
\StoreBenchExecResult{Test}{}{MemUsage}{Wrong}{}{Max}{128032768}%
\StoreBenchExecResult{Test}{}{MemUsage}{Wrong}{}{Avg}{128032768}%
\StoreBenchExecResult{Test}{}{MemUsage}{Wrong}{}{Median}{128032768}%
\StoreBenchExecResult{Test}{}{MemUsage}{Wrong}{}{Stdev}{0.00000000000000}%
\StoreBenchExecResult{Test}{}{MemUsage}{Wrong}{True}{}{128032768}%
\StoreBenchExecResult{Test}{}{MemUsage}{Wrong}{True}{Min}{128032768}%
\StoreBenchExecResult{Test}{}{MemUsage}{Wrong}{True}{Max}{128032768}%
\StoreBenchExecResult{Test}{}{MemUsage}{Wrong}{True}{Avg}{128032768}%
\StoreBenchExecResult{Test}{}{MemUsage}{Wrong}{True}{Median}{128032768}%
\StoreBenchExecResult{Test}{}{MemUsage}{Wrong}{True}{Stdev}{0.00000000000000}%