% The following definition defines a command for each value.
% The command name is the concatenation of the first six arguments.
% To override this definition, define \StoreBenchExecResult with \newcommand before including this file.
% Arguments: benchmark name, run-set name, category, status, column name, statistic, value
\providecommand\StoreBenchExecResult[7]{\expandafter\newcommand\csname#1#2#3#4#5#6\endcsname{#7}}%
\StoreBenchExecResult{Test}{}{Status}{Score}{}{}{0}%
\StoreBenchExecResult{Test}{}{Status}{Total}{}{}{4}%
\StoreBenchExecResult{Test}{}{Status}{Correct}{}{}{2}%
\StoreBenchExecResult{Test}{}{Status}{Correct}{True}{}{0}%
\StoreBenchExecResult{Test}{}{Status}{Correct}{False}{}{2}%
\StoreBenchExecResult{Test}{}{Status}{Correct}{Unconfirmed}{}{0}%
\StoreBenchExecResult{Test}{}{Status}{CorrectUnconfirmed}{True}{}{0}%
\StoreBenchExecResult{Test}{}{Status}{CorrectUnconfirmed}{False}{}{0}%
\StoreBenchExecResult{Test}{}{Status}{Wrong}{}{}{0}%
\StoreBenchExecResult{Test}{}{Status}{Wrong}{True}{}{0}%
\StoreBenchExecResult{Test}{}{Status}{Wrong}{False}{}{0}%
\StoreBenchExecResult{Test}{}{Cputime}{Total}{}{}{8.499181053}%
\StoreBenchExecResult{Test}{}{Cputime}{Total}{}{Min}{2.018490461}%
\StoreBenchExecResult{Test}{}{Cputime}{Total}{}{Max}{2.203966561}%
\StoreBenchExecResult{Test}{}{Cputime}{Total}{}{Avg}{2.12479526325}%
\StoreBenchExecResult{Test}{}{Cputime}{Total}{}{Median}{2.1383620155}%
\StoreBenchExecResult{Test}{}{Cputime}{Total}{}{Stdev}{0.06860249608801089525776206682}%
\StoreBenchExecResult{Test}{}{Cputime}{Correct}{}{}{4.276724031}%
\StoreBenchExecResult{Test}{}{Cputime}{Correct}{}{Min}{2.117287256}%
\StoreBenchExecResult{Test}{}{Cputime}{Correct}{}{Max}{2.159436775}%
\StoreBenchExecResult{Test}{}{Cputime}{Correct}{}{Avg}{2.1383620155}%
\StoreBenchExecResult{Test}{}{Cputime}{Correct}{}{Median}{2.1383620155}%
\StoreBenchExecResult{Test}{}{Cputime}{Correct}{}{Stdev}{0.02107475950000}%
\StoreBenchExecResult{Test}{}{Cputime}{Correct}{False}{}{4.276724031}%
\StoreBenchExecResult{Test}{}{Cputime}{Correct}{False}{Min}{2.117287256}%
\StoreBenchExecResult{Test}{}{Cputime}{Correct}{False}{Max}{2.159436775}%
\StoreBenchExecResult{Test}{}{Cputime}{Correct}{False}{Avg}{2.1383620155}%
\StoreBenchExecResult{Test}{}{Cputime}{Correct}{False}{Median}{2.1383620155}%
\StoreBenchExecResult{Test}{}{Cputime}{Correct}{False}{Stdev}{0.02107475950000}%
\StoreBenchExecResult{Test}{}{Cputime}{Local}{}{}{8.508844999999997}%
\StoreBenchExecResult{Test}{}{Walltime}{Total}{}{}{8.5353999137878418}%
\StoreBenchExecResult{Test}{}{Walltime}{Total}{}{Min}{2.0274627208709717}%
\StoreBenchExecResult{Test}{}{Walltime}{Total}{}{Max}{2.2127082347869873}%
\StoreBenchExecResult{Test}{}{Walltime}{Total}{}{Avg}{2.13384997844696045}%
\StoreBenchExecResult{Test}{}{Walltime}{Total}{}{Median}{2.1476144790649414}%
\StoreBenchExecResult{Test}{}{Walltime}{Total}{}{Stdev}{0.06845876281055992878333278884}%
\StoreBenchExecResult{Test}{}{Walltime}{Correct}{}{}{4.2952289581298828}%
\StoreBenchExecResult{Test}{}{Walltime}{Correct}{}{Min}{2.1272354125976562}%
\StoreBenchExecResult{Test}{}{Walltime}{Correct}{}{Max}{2.1679935455322266}%
\StoreBenchExecResult{Test}{}{Walltime}{Correct}{}{Avg}{2.1476144790649414}%
\StoreBenchExecResult{Test}{}{Walltime}{Correct}{}{Median}{2.1476144790649414}%
\StoreBenchExecResult{Test}{}{Walltime}{Correct}{}{Stdev}{0.02037906646728520000000000000}%
\StoreBenchExecResult{Test}{}{Walltime}{Correct}{False}{}{4.2952289581298828}%
\StoreBenchExecResult{Test}{}{Walltime}{Correct}{False}{Min}{2.1272354125976562}%
\StoreBenchExecResult{Test}{}{Walltime}{Correct}{False}{Max}{2.1679935455322266}%
\StoreBenchExecResult{Test}{}{Walltime}{Correct}{False}{Avg}{2.1476144790649414}%
\StoreBenchExecResult{Test}{}{Walltime}{Correct}{False}{Median}{2.1476144790649414}%
\StoreBenchExecResult{Test}{}{Walltime}{Correct}{False}{Stdev}{0.02037906646728520000000000000}%
\StoreBenchExecResult{Test}{}{Walltime}{Local}{}{}{9.115868091583252}%
\StoreBenchExecResult{Test}{}{MemUsage}{Total}{}{}{521195520}%
\StoreBenchExecResult{Test}{}{MemUsage}{Total}{}{Min}{126210048}%
\StoreBenchExecResult{Test}{}{MemUsage}{Total}{}{Max}{133574656}%
\StoreBenchExecResult{Test}{}{MemUsage}{Total}{}{Avg}{130298880}%
\StoreBenchExecResult{Test}{}{MemUsage}{Total}{}{Median}{130705408}%
\StoreBenchExecResult{Test}{}{MemUsage}{Total}{}{Stdev}{2651353.131316913054555230070}%
\StoreBenchExecResult{Test}{}{MemUsage}{Correct}{}{}{264691712}%
\StoreBenchExecResult{Test}{}{MemUsage}{Correct}{}{Min}{131117056}%
\StoreBenchExecResult{Test}{}{MemUsage}{Correct}{}{Max}{133574656}%
\StoreBenchExecResult{Test}{}{MemUsage}{Correct}{}{Avg}{132345856}%
\StoreBenchExecResult{Test}{}{MemUsage}{Correct}{}{Median}{132345856}%
\StoreBenchExecResult{Test}{}{MemUsage}{Correct}{}{Stdev}{1228800.00000000}%
\StoreBenchExecResult{Test}{}{MemUsage}{Correct}{False}{}{264691712}%
\StoreBenchExecResult{Test}{}{MemUsage}{Correct}{False}{Min}{131117056}%
\StoreBenchExecResult{Test}{}{MemUsage}{Correct}{False}{Max}{133574656}%
\StoreBenchExecResult{Test}{}{MemUsage}{Correct}{False}{Avg}{132345856}%
\StoreBenchExecResult{Test}{}{MemUsage}{Correct}{False}{Median}{132345856}%
\StoreBenchExecResult{Test}{}{MemUsage}{Correct}{False}{Stdev}{1228800.00000000}%