% The following definition defines a command for each value.
% The command name is the concatenation of the first six arguments.
% To override this definition, define \StoreBenchExecResult with \newcommand before including this file.
% Arguments: benchmark name, run-set name, category, status, column name, statistic, value
\providecommand\StoreBenchExecResult[7]{\expandafter\newcommand\csname#1#2#3#4#5#6\endcsname{#7}}%
\StoreBenchExecResult{Test}{}{Status}{Score}{}{}{0}%
\StoreBenchExecResult{Test}{}{Status}{Total}{}{}{3}%
\StoreBenchExecResult{Test}{}{Status}{Correct}{}{}{2}%
\StoreBenchExecResult{Test}{}{Status}{Correct}{True}{}{1}%
\StoreBenchExecResult{Test}{}{Status}{Correct}{False}{}{1}%
\StoreBenchExecResult{Test}{}{Status}{Correct}{Unconfirmed}{}{0}%
\StoreBenchExecResult{Test}{}{Status}{CorrectUnconfirmed}{True}{}{0}%
\StoreBenchExecResult{Test}{}{Status}{CorrectUnconfirmed}{False}{}{0}%
\StoreBenchExecResult{Test}{}{Status}{Wrong}{}{}{1}%
\StoreBenchExecResult{Test}{}{Status}{Wrong}{True}{}{1}%
\StoreBenchExecResult{Test}{}{Status}{Wrong}{False}{}{0}%
\StoreBenchExecResult{Test}{}{Cputime}{Total}{}{}{6.588620221}%
\StoreBenchExecResult{Test}{}{Cputime}{Total}{}{Min}{2.169189428}%
\StoreBenchExecResult{Test}{}{Cputime}{Total}{}{Max}{2.22954344}%
\StoreBenchExecResult{Test}{}{Cputime}{Total}{}{Avg}{2.196206740333333333333333333}%
\StoreBenchExecResult{Test}{}{Cputime}{Total}{}{Median}{2.189887353}%
\StoreBenchExecResult{Test}{}{Cputime}{Total}{}{Stdev}{0.02504133493946300956446933995}%
\StoreBenchExecResult{Test}{}{Cputime}{Correct}{}{}{4.419430793}%
\StoreBenchExecResult{Test}{}{Cputime}{Correct}{}{Min}{2.189887353}%
\StoreBenchExecResult{Test}{}{Cputime}{Correct}{}{Max}{2.22954344}%
\StoreBenchExecResult{Test}{}{Cputime}{Correct}{}{Avg}{2.2097153965}%
\StoreBenchExecResult{Test}{}{Cputime}{Correct}{}{Median}{2.2097153965}%
\StoreBenchExecResult{Test}{}{Cputime}{Correct}{}{Stdev}{0.01982804350000}%
\StoreBenchExecResult{Test}{}{Cputime}{Correct}{True}{}{2.22954344}%
\StoreBenchExecResult{Test}{}{Cputime}{Correct}{True}{Min}{2.22954344}%
\StoreBenchExecResult{Test}{}{Cputime}{Correct}{True}{Max}{2.22954344}%
\StoreBenchExecResult{Test}{}{Cputime}{Correct}{True}{Avg}{2.22954344}%
\StoreBenchExecResult{Test}{}{Cputime}{Correct}{True}{Median}{2.22954344}%
\StoreBenchExecResult{Test}{}{Cputime}{Correct}{True}{Stdev}{0.00000000000000}%
\StoreBenchExecResult{Test}{}{Cputime}{Correct}{False}{}{2.189887353}%
\StoreBenchExecResult{Test}{}{Cputime}{Correct}{False}{Min}{2.189887353}%
\StoreBenchExecResult{Test}{}{Cputime}{Correct}{False}{Max}{2.189887353}%
\StoreBenchExecResult{Test}{}{Cputime}{Correct}{False}{Avg}{2.189887353}%
\StoreBenchExecResult{Test}{}{Cputime}{Correct}{False}{Median}{2.189887353}%
\StoreBenchExecResult{Test}{}{Cputime}{Correct}{False}{Stdev}{0.00000000000000}%
\StoreBenchExecResult{Test}{}{Cputime}{Wrong}{}{}{2.169189428}%
\StoreBenchExecResult{Test}{}{Cputime}{Wrong}{}{Min}{2.169189428}%
\StoreBenchExecResult{Test}{}{Cputime}{Wrong}{}{Max}{2.169189428}%
\StoreBenchExecResult{Test}{}{Cputime}{Wrong}{}{Avg}{2.169189428}%
\StoreBenchExecResult{Test}{}{Cputime}{Wrong}{}{Median}{2.169189428}%
\StoreBenchExecResult{Test}{}{Cputime}{Wrong}{}{Stdev}{0.00000000000000}%
\StoreBenchExecResult{Test}{}{Cputime}{Wrong}{True}{}{2.169189428}%
\StoreBenchExecResult{Test}{}{Cputime}{Wrong}{True}{Min}{2.169189428}%
\StoreBenchExecResult{Test}{}{Cputime}{Wrong}{True}{Max}{2.169189428}%
\StoreBenchExecResult{Test}{}{Cputime}{Wrong}{True}{Avg}{2.169189428}%
\StoreBenchExecResult{Test}{}{Cputime}{Wrong}{True}{Median}{2.169189428}%
\StoreBenchExecResult{Test}{}{Cputime}{Wrong}{True}{Stdev}{0.00000000000000}%
\StoreBenchExecResult{Test}{}{Walltime}{Total}{}{}{6.6123328208923341}%
\StoreBenchExecResult{Test}{}{Walltime}{Total}{}{Min}{2.1783649921417236}%
\StoreBenchExecResult{Test}{}{Walltime}{Total}{}{Max}{2.237081289291382}%
\StoreBenchExecResult{Test}{}{Walltime}{Total}{}{Avg}{2.2041109402974447}%
\StoreBenchExecResult{Test}{}{Walltime}{Total}{}{Median}{2.1968865394592285}%
\StoreBenchExecResult{Test}{}{Walltime}{Total}{}{Stdev}{0.02450911209251448976892364771}%
\StoreBenchExecResult{Test}{}{Walltime}{Correct}{}{}{4.4339678287506105}%
\StoreBenchExecResult{Test}{}{Walltime}{Correct}{}{Min}{2.1968865394592285}%
\StoreBenchExecResult{Test}{}{Walltime}{Correct}{}{Max}{2.237081289291382}%
\StoreBenchExecResult{Test}{}{Walltime}{Correct}{}{Avg}{2.21698391437530525}%
\StoreBenchExecResult{Test}{}{Walltime}{Correct}{}{Median}{2.21698391437530525}%
\StoreBenchExecResult{Test}{}{Walltime}{Correct}{}{Stdev}{0.02009737491607675000000000000}%
\StoreBenchExecResult{Test}{}{Walltime}{Correct}{True}{}{2.237081289291382}%
\StoreBenchExecResult{Test}{}{Walltime}{Correct}{True}{Min}{2.237081289291382}%
\StoreBenchExecResult{Test}{}{Walltime}{Correct}{True}{Max}{2.237081289291382}%
\StoreBenchExecResult{Test}{}{Walltime}{Correct}{True}{Avg}{2.237081289291382}%
\StoreBenchExecResult{Test}{}{Walltime}{Correct}{True}{Median}{2.237081289291382}%
\StoreBenchExecResult{Test}{}{Walltime}{Correct}{True}{Stdev}{0.000000000000000}%
\StoreBenchExecResult{Test}{}{Walltime}{Correct}{False}{}{2.1968865394592285}%
\StoreBenchExecResult{Test}{}{Walltime}{Correct}{False}{Min}{2.1968865394592285}%
\StoreBenchExecResult{Test}{}{Walltime}{Correct}{False}{Max}{2.1968865394592285}%
\StoreBenchExecResult{Test}{}{Walltime}{Correct}{False}{Avg}{2.1968865394592285}%
\StoreBenchExecResult{Test}{}{Walltime}{Correct}{False}{Median}{2.1968865394592285}%
\StoreBenchExecResult{Test}{}{Walltime}{Correct}{False}{Stdev}{0.0000000000000000}%
\StoreBenchExecResult{Test}{}{Walltime}{Wrong}{}{}{2.1783649921417236}%
\StoreBenchExecResult{Test}{}{Walltime}{Wrong}{}{Min}{2.1783649921417236}%
\StoreBenchExecResult{Test}{}{Walltime}{Wrong}{}{Max}{2.1783649921417236}%
\StoreBenchExecResult{Test}{}{Walltime}{Wrong}{}{Avg}{2.1783649921417236}%
\StoreBenchExecResult{Test}{}{Walltime}{Wrong}{}{Median}{2.1783649921417236}%
\StoreBenchExecResult{Test}{}{Walltime}{Wrong}{}{Stdev}{0.0000000000000000}%
\StoreBenchExecResult{Test}{}{Walltime}{Wrong}{True}{}{2.1783649921417236}%
\StoreBenchExecResult{Test}{}{Walltime}{Wrong}{True}{Min}{2.1783649921417236}%
\StoreBenchExecResult{Test}{}{Walltime}{Wrong}{True}{Max}{2.1783649921417236}%
\StoreBenchExecResult{Test}{}{Walltime}{Wrong}{True}{Avg}{2.1783649921417236}%
\StoreBenchExecResult{Test}{}{Walltime}{Wrong}{True}{Median}{2.1783649921417236}%
\StoreBenchExecResult{Test}{}{Walltime}{Wrong}{True}{Stdev}{0.0000000000000000}%
\StoreBenchExecResult{Test}{}{MemUsage}{Total}{}{}{389488640}%
\StoreBenchExecResult{Test}{}{MemUsage}{Total}{}{Min}{128032768}%
\StoreBenchExecResult{Test}{}{MemUsage}{Total}{}{Max}{132337664}%
\StoreBenchExecResult{Test}{}{MemUsage}{Total}{}{Avg}{129829546.6666666666666666667}%
\StoreBenchExecResult{Test}{}{MemUsage}{Total}{}{Median}{129118208}%
\StoreBenchExecResult{Test}{}{MemUsage}{Total}{}{Stdev}{1828028.886847858928609774020}%
\StoreBenchExecResult{Test}{}{MemUsage}{Correct}{}{}{261455872}%
\StoreBenchExecResult{Test}{}{MemUsage}{Correct}{}{Min}{129118208}%
\StoreBenchExecResult{Test}{}{MemUsage}{Correct}{}{Max}{132337664}%
\StoreBenchExecResult{Test}{}{MemUsage}{Correct}{}{Avg}{130727936}%
\StoreBenchExecResult{Test}{}{MemUsage}{Correct}{}{Median}{130727936}%
\StoreBenchExecResult{Test}{}{MemUsage}{Correct}{}{Stdev}{1609728.00000000}%
\StoreBenchExecResult{Test}{}{MemUsage}{Correct}{True}{}{132337664}%
\StoreBenchExecResult{Test}{}{MemUsage}{Correct}{True}{Min}{132337664}%
\StoreBenchExecResult{Test}{}{MemUsage}{Correct}{True}{Max}{132337664}%
\StoreBenchExecResult{Test}{}{MemUsage}{Correct}{True}{Avg}{132337664}%
\StoreBenchExecResult{Test}{}{MemUsage}{Correct}{True}{Median}{132337664}%
\StoreBenchExecResult{Test}{}{MemUsage}{Correct}{True}{Stdev}{0.00000000000000}%
\StoreBenchExecResult{Test}{}{MemUsage}{Correct}{False}{}{129118208}%
\StoreBenchExecResult{Test}{}{MemUsage}{Correct}{False}{Min}{129118208}%
\StoreBenchExecResult{Test}{}{MemUsage}{Correct}{False}{Max}{129118208}%
\StoreBenchExecResult{Test}{}{MemUsage}{Correct}{False}{Avg}{129118208}%
\StoreBenchExecResult{Test}{}{MemUsage}{Correct}{False}{Median}{129118208}%
\StoreBenchExecResult{Test}{}{MemUsage}{Correct}{False}{Stdev}{0.00000000000000}%
\StoreBenchExecResult{Test}{}{MemUsage}{Wrong}{}{}{128032768}%
\StoreBenchExecResult{Test}{}{MemUsage}{Wrong}{}{Min}{128032768}%
\StoreBenchExecResult{Test}{}{MemUsage}{Wrong}{}{Max}{128032768}%
\StoreBenchExecResult{Test}{}{MemUsage}{Wrong}{}{Avg}{128032768}%
\StoreBenchExecResult{Test}{}{MemUsage}{Wrong}{}{Median}{128032768}%
\StoreBenchExecResult{Test}{}{MemUsage}{Wrong}{}{Stdev}{0.00000000000000}%
\StoreBenchExecResult{Test}{}{MemUsage}{Wrong}{True}{}{128032768}%
\StoreBenchExecResult{Test}{}{MemUsage}{Wrong}{True}{Min}{128032768}%
\StoreBenchExecResult{Test}{}{MemUsage}{Wrong}{True}{Max}{128032768}%
\StoreBenchExecResult{Test}{}{MemUsage}{Wrong}{True}{Avg}{128032768}%
\StoreBenchExecResult{Test}{}{MemUsage}{Wrong}{True}{Median}{128032768}%
\StoreBenchExecResult{Test}{}{MemUsage}{Wrong}{True}{Stdev}{0.00000000000000}%
\StoreBenchExecResult{Test}{}{Score}{Total}{}{}{7.5}%
\StoreBenchExecResult{Test}{}{Score}{Total}{}{Min}{-2.5}%
\StoreBenchExecResult{Test}{}{Score}{Total}{}{Max}{10}%
\StoreBenchExecResult{Test}{}{Score}{Total}{}{Avg}{2.5}%
\StoreBenchExecResult{Test}{}{Score}{Total}{}{Median}{0}%
\StoreBenchExecResult{Test}{}{Score}{Total}{}{Stdev}{5.400617248673216859138306197}%
\StoreBenchExecResult{Test}{}{Score}{Correct}{}{}{7.5}%
\StoreBenchExecResult{Test}{}{Score}{Correct}{}{Min}{-2.5}%
\StoreBenchExecResult{Test}{}{Score}{Correct}{}{Max}{10}%
\StoreBenchExecResult{Test}{}{Score}{Correct}{}{Avg}{3.75}%
\StoreBenchExecResult{Test}{}{Score}{Correct}{}{Median}{3.75}%
\StoreBenchExecResult{Test}{}{Score}{Correct}{}{Stdev}{6.2500000000000}%
\StoreBenchExecResult{Test}{}{Score}{Correct}{True}{}{-2.5}%
\StoreBenchExecResult{Test}{}{Score}{Correct}{True}{Min}{-2.5}%
\StoreBenchExecResult{Test}{}{Score}{Correct}{True}{Max}{-2.5}%
\StoreBenchExecResult{Test}{}{Score}{Correct}{True}{Avg}{-2.5}%
\StoreBenchExecResult{Test}{}{Score}{Correct}{True}{Median}{-2.5}%
\StoreBenchExecResult{Test}{}{Score}{Correct}{True}{Stdev}{0.00000000000000}%
\StoreBenchExecResult{Test}{}{Score}{Correct}{False}{}{10}%
\StoreBenchExecResult{Test}{}{Score}{Correct}{False}{Min}{10}%
\StoreBenchExecResult{Test}{}{Score}{Correct}{False}{Max}{10}%
\StoreBenchExecResult{Test}{}{Score}{Correct}{False}{Avg}{10}%
\StoreBenchExecResult{Test}{}{Score}{Correct}{False}{Median}{10}%
\StoreBenchExecResult{Test}{}{Score}{Correct}{False}{Stdev}{0.00000000000000}%
\StoreBenchExecResult{Test}{}{Score}{Wrong}{}{}{0}%
\StoreBenchExecResult{Test}{}{Score}{Wrong}{}{Min}{0}%
\StoreBenchExecResult{Test}{}{Score}{Wrong}{}{Max}{0}%
\StoreBenchExecResult{Test}{}{Score}{Wrong}{}{Avg}{0}%
\StoreBenchExecResult{Test}{}{Score}{Wrong}{}{Median}{0}%
\StoreBenchExecResult{Test}{}{Score}{Wrong}{}{Stdev}{0.00000000000000}%
\StoreBenchExecResult{Test}{}{Score}{Wrong}{True}{}{0}%
\StoreBenchExecResult{Test}{}{Score}{Wrong}{True}{Min}{0}%
\StoreBenchExecResult{Test}{}{Score}{Wrong}{True}{Max}{0}%
\StoreBenchExecResult{Test}{}{Score}{Wrong}{True}{Avg}{0}%
\StoreBenchExecResult{Test}{}{Score}{Wrong}{True}{Median}{0}%
\StoreBenchExecResult{Test}{}{Score}{Wrong}{True}{Stdev}{0.00000000000000}%