% The following definition defines a command for each value.
% The command name is the concatenation of the first six arguments.
% To override this definition, define \StoreBenchExecResult with \newcommand before including this file.
% Arguments: benchmark name, run-set name, category, status, column name, statistic, value
\providecommand\StoreBenchExecResult[7]{\expandafter\newcommand\csname#1#2#3#4#5#6\endcsname{#7}}%
\StoreBenchExecResult{Test}{}{Status}{Score}{}{}{0}%
\StoreBenchExecResult{Test}{}{Status}{Total}{}{}{2}%
\StoreBenchExecResult{Test}{}{Status}{Correct}{}{}{1}%
\StoreBenchExecResult{Test}{}{Status}{Correct}{True}{}{0}%
\StoreBenchExecResult{Test}{}{Status}{Correct}{False}{}{1}%
\StoreBenchExecResult{Test}{}{Status}{Correct}{Unconfirmed}{}{0}%
\StoreBenchExecResult{Test}{}{Status}{CorrectUnconfirmed}{True}{}{0}%
\StoreBenchExecResult{Test}{}{Status}{CorrectUnconfirmed}{False}{}{0}%
\StoreBenchExecResult{Test}{}{Status}{Wrong}{}{}{0}%
\StoreBenchExecResult{Test}{}{Status}{Wrong}{True}{}{0}%
\StoreBenchExecResult{Test}{}{Status}{Wrong}{False}{}{0}%
\StoreBenchExecResult{Test}{}{Cputime}{Total}{}{}{4.321253817}%
\StoreBenchExecResult{Test}{}{Cputime}{Total}{}{Min}{2.117287256}%
\StoreBenchExecResult{Test}{}{Cputime}{Total}{}{Max}{2.203966561}%
\StoreBenchExecResult{Test}{}{Cputime}{Total}{}{Avg}{2.1606269085}%
\StoreBenchExecResult{Test}{}{Cputime}{Total}{}{Median}{2.1606269085}%
\StoreBenchExecResult{Test}{}{Cputime}{Total}{}{Stdev}{0.04333965250000}%
\StoreBenchExecResult{Test}{}{Cputime}{Correct}{}{}{2.117287256}%
\StoreBenchExecResult{Test}{}{Cputime}{Correct}{}{Min}{2.117287256}%
\StoreBenchExecResult{Test}{}{Cputime}{Correct}{}{Max}{2.117287256}%
\StoreBenchExecResult{Test}{}{Cputime}{Correct}{}{Avg}{2.117287256}%
\StoreBenchExecResult{Test}{}{Cputime}{Correct}{}{Median}{2.117287256}%
\StoreBenchExecResult{Test}{}{Cputime}{Correct}{}{Stdev}{0.00000000000000}%
\StoreBenchExecResult{Test}{}{Cputime}{Correct}{False}{}{2.117287256}%
\StoreBenchExecResult{Test}{}{Cputime}{Correct}{False}{Min}{2.117287256}%
\StoreBenchExecResult{Test}{}{Cputime}{Correct}{False}{Max}{2.117287256}%
\StoreBenchExecResult{Test}{}{Cputime}{Correct}{False}{Avg}{2.117287256}%
\StoreBenchExecResult{Test}{}{Cputime}{Correct}{False}{Median}{2.117287256}%
\StoreBenchExecResult{Test}{}{Cputime}{Correct}{False}{Stdev}{0.00000000000000}%
\StoreBenchExecResult{Test}{}{Walltime}{Total}{}{}{4.3399436473846435}%
\StoreBenchExecResult{Test}{}{Walltime}{Total}{}{Min}{2.1272354125976562}%
\StoreBenchExecResult{Test}{}{Walltime}{Total}{}{Max}{2.2127082347869873}%
\StoreBenchExecResult{Test}{}{Walltime}{Total}{}{Avg}{2.16997182369232175}%
\StoreBenchExecResult{Test}{}{Walltime}{Total}{}{Median}{2.16997182369232175}%
\StoreBenchExecResult{Test}{}{Walltime}{Total}{}{Stdev}{0.04273641109466555000000000000}%
\StoreBenchExecResult{Test}{}{Walltime}{Correct}{}{}{2.1272354125976562}%
\StoreBenchExecResult{Test}{}{Walltime}{Correct}{}{Min}{2.1272354125976562}%
\StoreBenchExecResult{Test}{}{Walltime}{Correct}{}{Max}{2.1272354125976562}%
\StoreBenchExecResult{Test}{}{Walltime}{Correct}{}{Avg}{2.1272354125976562}%
\StoreBenchExecResult{Test}{}{Walltime}{Correct}{}{Median}{2.1272354125976562}%
\StoreBenchExecResult{Test}{}{Walltime}{Correct}{}{Stdev}{0.0000000000000000}%
\StoreBenchExecResult{Test}{}{Walltime}{Correct}{False}{}{2.1272354125976562}%
\StoreBenchExecResult{Test}{}{Walltime}{Correct}{False}{Min}{2.1272354125976562}%
\StoreBenchExecResult{Test}{}{Walltime}{Correct}{False}{Max}{2.1272354125976562}%
\StoreBenchExecResult{Test}{}{Walltime}{Correct}{False}{Avg}{2.1272354125976562}%
\StoreBenchExecResult{Test}{}{Walltime}{Correct}{False}{Median}{2.1272354125976562}%
\StoreBenchExecResult{Test}{}{Walltime}{Correct}{False}{Stdev}{0.0000000000000000}%
\StoreBenchExecResult{Test}{}{MemUsage}{Total}{}{}{263868416}%
\StoreBenchExecResult{Test}{}{MemUsage}{Total}{}{Min}{130293760}%
\StoreBenchExecResult{Test}{}{MemUsage}{Total}{}{Max}{133574656}%
\StoreBenchExecResult{Test}{}{MemUsage}{Total}{}{Avg}{131934208}%
\StoreBenchExecResult{Test}{}{MemUsage}{Total}{}{Median}{131934208}%
\StoreBenchExecResult{Test}{}{MemUsage}{Total}{}{Stdev}{1640448.00000000}%
\StoreBenchExecResult{Test}{}{MemUsage}{Correct}{}{}{133574656}%
\StoreBenchExecResult{Test}{}{MemUsage}{Correct}{}{Min}{133574656}%
\StoreBenchExecResult{Test}{}{MemUsage}{Correct}{}{Max}{133574656}%
\StoreBenchExecResult{Test}{}{MemUsage}{Correct}{}{Avg}{133574656}%
\StoreBenchExecResult{Test}{}{MemUsage}{Correct}{}{Median}{133574656}%
\StoreBenchExecResult{Test}{}{MemUsage}{Correct}{}{Stdev}{0.00000000000000}%
\StoreBenchExecResult{Test}{}{MemUsage}{Correct}{False}{}{133574656}%
\StoreBenchExecResult{Test}{}{MemUsage}{Correct}{False}{Min}{133574656}%
\StoreBenchExecResult{Test}{}{MemUsage}{Correct}{False}{Max}{133574656}%
\StoreBenchExecResult{Test}{}{MemUsage}{Correct}{False}{Avg}{133574656}%
\StoreBenchExecResult{Test}{}{MemUsage}{Correct}{False}{Median}{133574656}%
\StoreBenchExecResult{Test}{}{MemUsage}{Correct}{False}{Stdev}{0.00000000000000}%
\StoreBenchExecResult{Test}{}{Status}{Score}{}{}{0}%
\StoreBenchExecResult{Test}{}{Status}{Total}{}{}{3}%
\StoreBenchExecResult{Test}{}{Status}{Correct}{}{}{2}%
\StoreBenchExecResult{Test}{}{Status}{Correct}{True}{}{2}%
\StoreBenchExecResult{Test}{}{Status}{Correct}{False}{}{0}%
\StoreBenchExecResult{Test}{}{Status}{Correct}{Unconfirmed}{}{0}%
\StoreBenchExecResult{Test}{}{Status}{CorrectUnconfirmed}{True}{}{0}%
\StoreBenchExecResult{Test}{}{Status}{CorrectUnconfirmed}{False}{}{0}%
\StoreBenchExecResult{Test}{}{Status}{Wrong}{}{}{1}%
\StoreBenchExecResult{Test}{}{Status}{Wrong}{True}{}{1}%
\StoreBenchExecResult{Test}{}{Status}{Wrong}{False}{}{0}%
\StoreBenchExecResult{Test}{}{Cputime}{Total}{}{}{6.457379935}%
\StoreBenchExecResult{Test}{}{Cputime}{Total}{}{Min}{2.058647067}%
\StoreBenchExecResult{Test}{}{Cputime}{Total}{}{Max}{2.22954344}%
\StoreBenchExecResult{Test}{}{Cputime}{Total}{}{Avg}{2.152459978333333333333333333}%
\StoreBenchExecResult{Test}{}{Cputime}{Total}{}{Median}{2.169189428}%
\StoreBenchExecResult{Test}{}{Cputime}{Total}{}{Stdev}{0.07076391943521751317556765839}%
\StoreBenchExecResult{Test}{}{Cputime}{Correct}{}{}{4.288190507}%
\StoreBenchExecResult{Test}{}{Cputime}{Correct}{}{Min}{2.058647067}%
\StoreBenchExecResult{Test}{}{Cputime}{Correct}{}{Max}{2.22954344}%
\StoreBenchExecResult{Test}{}{Cputime}{Correct}{}{Avg}{2.1440952535}%
\StoreBenchExecResult{Test}{}{Cputime}{Correct}{}{Median}{2.1440952535}%
\StoreBenchExecResult{Test}{}{Cputime}{Correct}{}{Stdev}{0.08544818650000}%
\StoreBenchExecResult{Test}{}{Cputime}{Correct}{True}{}{4.288190507}%
\StoreBenchExecResult{Test}{}{Cputime}{Correct}{True}{Min}{2.058647067}%
\StoreBenchExecResult{Test}{}{Cputime}{Correct}{True}{Max}{2.22954344}%
\StoreBenchExecResult{Test}{}{Cputime}{Correct}{True}{Avg}{2.1440952535}%
\StoreBenchExecResult{Test}{}{Cputime}{Correct}{True}{Median}{2.1440952535}%
\StoreBenchExecResult{Test}{}{Cputime}{Correct}{True}{Stdev}{0.08544818650000}%
\StoreBenchExecResult{Test}{}{Cputime}{Wrong}{}{}{2.169189428}%
\StoreBenchExecResult{Test}{}{Cputime}{Wrong}{}{Min}{2.169189428}%
\StoreBenchExecResult{Test}{}{Cputime}{Wrong}{}{Max}{2.169189428}%
\StoreBenchExecResult{Test}{}{Cputime}{Wrong}{}{Avg}{2.169189428}%
\StoreBenchExecResult{Test}{}{Cputime}{Wrong}{}{Median}{2.169189428}%
\StoreBenchExecResult{Test}{}{Cputime}{Wrong}{}{Stdev}{0.00000000000000}%
\StoreBenchExecResult{Test}{}{Cputime}{Wrong}{True}{}{2.169189428}%
\StoreBenchExecResult{Test}{}{Cputime}{Wrong}{True}{Min}{2.169189428}%
\StoreBenchExecResult{Test}{}{Cputime}{Wrong}{True}{Max}{2.169189428}%
\StoreBenchExecResult{Test}{}{Cputime}{Wrong}{True}{Avg}{2.169189428}%
\StoreBenchExecResult{Test}{}{Cputime}{Wrong}{True}{Median}{2.169189428}%
\StoreBenchExecResult{Test}{}{Cputime}{Wrong}{True}{Stdev}{0.00000000000000}%
\StoreBenchExecResult{Test}{}{Walltime}{Total}{}{}{6.4819035530090333}%
\StoreBenchExecResult{Test}{}{Walltime}{Total}{}{Min}{2.0664572715759277}%
\StoreBenchExecResult{Test}{}{Walltime}{Total}{}{Max}{2.237081289291382}%
\StoreBenchExecResult{Test}{}{Walltime}{Total}{}{Avg}{2.160634517669677766666666667}%
\StoreBenchExecResult{Test}{}{Walltime}{Total}{}{Median}{2.1783649921417236}%
\StoreBenchExecResult{Test}{}{Walltime}{Total}{}{Stdev}{0.07077624907219378505690659741}%
\StoreBenchExecResult{Test}{}{Walltime}{Correct}{}{}{4.3035385608673097}%
\StoreBenchExecResult{Test}{}{Walltime}{Correct}{}{Min}{2.0664572715759277}%
\StoreBenchExecResult{Test}{}{Walltime}{Correct}{}{Max}{2.237081289291382}%
\StoreBenchExecResult{Test}{}{Walltime}{Correct}{}{Avg}{2.15176928043365485}%
\StoreBenchExecResult{Test}{}{Walltime}{Correct}{}{Median}{2.15176928043365485}%
\StoreBenchExecResult{Test}{}{Walltime}{Correct}{}{Stdev}{0.08531200885772714999999999999}%
\StoreBenchExecResult{Test}{}{Walltime}{Correct}{True}{}{4.3035385608673097}%
\StoreBenchExecResult{Test}{}{Walltime}{Correct}{True}{Min}{2.0664572715759277}%
\StoreBenchExecResult{Test}{}{Walltime}{Correct}{True}{Max}{2.237081289291382}%
\StoreBenchExecResult{Test}{}{Walltime}{Correct}{True}{Avg}{2.15176928043365485}%
\StoreBenchExecResult{Test}{}{Walltime}{Correct}{True}{Median}{2.15176928043365485}%
\StoreBenchExecResult{Test}{}{Walltime}{Correct}{True}{Stdev}{0.08531200885772714999999999999}%
\StoreBenchExecResult{Test}{}{Walltime}{Wrong}{}{}{2.1783649921417236}%
\StoreBenchExecResult{Test}{}{Walltime}{Wrong}{}{Min}{2.1783649921417236}%
\StoreBenchExecResult{Test}{}{Walltime}{Wrong}{}{Max}{2.1783649921417236}%
\StoreBenchExecResult{Test}{}{Walltime}{Wrong}{}{Avg}{2.1783649921417236}%
\StoreBenchExecResult{Test}{}{Walltime}{Wrong}{}{Median}{2.1783649921417236}%
\StoreBenchExecResult{Test}{}{Walltime}{Wrong}{}{Stdev}{0.0000000000000000}%
\StoreBenchExecResult{Test}{}{Walltime}{Wrong}{True}{}{2.1783649921417236}%
\StoreBenchExecResult{Test}{}{Walltime}{Wrong}{True}{Min}{2.1783649921417236}%
\StoreBenchExecResult{Test}{}{Walltime}{Wrong}{True}{Max}{2.1783649921417236}%
\StoreBenchExecResult{Test}{}{Walltime}{Wrong}{True}{Avg}{2.1783649921417236}%
\StoreBenchExecResult{Test}{}{Walltime}{Wrong}{True}{Median}{2.1783649921417236}%
\StoreBenchExecResult{Test}{}{Walltime}{Wrong}{True}{Stdev}{0.0000000000000000}%
\StoreBenchExecResult{Test}{}{MemUsage}{Total}{}{}{386682880}%
\StoreBenchExecResult{Test}{}{MemUsage}{Total}{}{Min}{126312448}%
\StoreBenchExecResult{Test}{}{MemUsage}{Total}{}{Max}{132337664}%
\StoreBenchExecResult{Test}{}{MemUsage}{Total}{}{Avg}{128894293.3333333333333333333}%
\StoreBenchExecResult{Test}{}{MemUsage}{Total}{}{Median}{128032768}%
\StoreBenchExecResult{Test}{}{MemUsage}{Total}{}{Stdev}{2534097.654872483840250024194}%
\StoreBenchExecResult{Test}{}{MemUsage}{Correct}{}{}{258650112}%
\StoreBenchExecResult{Test}{}{MemUsage}{Correct}{}{Min}{126312448}%
\StoreBenchExecResult{Test}{}{MemUsage}{Correct}{}{Max}{132337664}%
\StoreBenchExecResult{Test}{}{MemUsage}{Correct}{}{Avg}{129325056}%
\StoreBenchExecResult{Test}{}{MemUsage}{Correct}{}{Median}{129325056}%
\StoreBenchExecResult{Test}{}{MemUsage}{Correct}{}{Stdev}{3012608.0000000}%
\StoreBenchExecResult{Test}{}{MemUsage}{Correct}{True}{}{258650112}%
\StoreBenchExecResult{Test}{}{MemUsage}{Correct}{True}{Min}{126312448}%
\StoreBenchExecResult{Test}{}{MemUsage}{Correct}{True}{Max}{132337664}%
\StoreBenchExecResult{Test}{}{MemUsage}{Correct}{True}{Avg}{129325056}%
\StoreBenchExecResult{Test}{}{MemUsage}{Correct}{True}{Median}{129325056}%
\StoreBenchExecResult{Test}{}{MemUsage}{Correct}{True}{Stdev}{3012608.0000000}%
\StoreBenchExecResult{Test}{}{MemUsage}{Wrong}{}{}{128032768}%
\StoreBenchExecResult{Test}{}{MemUsage}{Wrong}{}{Min}{128032768}%
\StoreBenchExecResult{Test}{}{MemUsage}{Wrong}{}{Max}{128032768}%
\StoreBenchExecResult{Test}{}{MemUsage}{Wrong}{}{Avg}{128032768}%
\StoreBenchExecResult{Test}{}{MemUsage}{Wrong}{}{Median}{128032768}%
\StoreBenchExecResult{Test}{}{MemUsage}{Wrong}{}{Stdev}{0.00000000000000}%
\StoreBenchExecResult{Test}{}{MemUsage}{Wrong}{True}{}{128032768}%
\StoreBenchExecResult{Test}{}{MemUsage}{Wrong}{True}{Min}{128032768}%
\StoreBenchExecResult{Test}{}{MemUsage}{Wrong}{True}{Max}{128032768}%
\StoreBenchExecResult{Test}{}{MemUsage}{Wrong}{True}{Avg}{128032768}%
\StoreBenchExecResult{Test}{}{MemUsage}{Wrong}{True}{Median}{128032768}%
\StoreBenchExecResult{Test}{}{MemUsage}{Wrong}{True}{Stdev}{0.00000000000000}%