% The following definition defines a command for each value.
% The command name is the concatenation of the first six arguments.
% To override this definition, define \StoreBenchExecResult with \newcommand before including this file.
% Arguments: benchmark name, run-set name, category, status, column name, statistic, value
\providecommand\StoreBenchExecResult[7]{\expandafter\newcommand\csname#1#2#3#4#5#6\endcsname{#7}}%
\StoreBenchExecResult{Test}{}{Status}{Score}{}{Sum}{0}%
\StoreBenchExecResult{Test}{}{Status}{Total}{}{Sum}{5}%
\StoreBenchExecResult{Test}{}{Status}{Correct}{}{Sum}{3}%
\StoreBenchExecResult{Test}{}{Status}{Correct}{True}{Sum}{2}%
\StoreBenchExecResult{Test}{}{Status}{Correct}{False}{Sum}{1}%
\StoreBenchExecResult{Test}{}{Status}{Correct}{Unconfirmed}{Sum}{0}%
\StoreBenchExecResult{Test}{}{Status}{CorrectUnconfirmed}{True}{Sum}{0}%
\StoreBenchExecResult{Test}{}{Status}{CorrectUnconfirmed}{False}{Sum}{0}%
\StoreBenchExecResult{Test}{}{Status}{Wrong}{}{Sum}{1}%
\StoreBenchExecResult{Test}{}{Status}{Wrong}{True}{Sum}{1}%
\StoreBenchExecResult{Test}{}{Status}{Wrong}{False}{Sum}{0}%
\StoreBenchExecResult{Test}{}{Cputime}{Total}{}{Sum}{6.478077860}%
\StoreBenchExecResult{Test}{}{Cputime}{Total}{}{Min}{2.058647067}%
\StoreBenchExecResult{Test}{}{Cputime}{Total}{}{Max}{2.22954344}%
\StoreBenchExecResult{Test}{}{Cputime}{Total}{}{Avg}{2.159359286666666666666666667}%
\StoreBenchExecResult{Test}{}{Cputime}{Total}{}{Median}{2.189887353}%
\StoreBenchExecResult{Test}{}{Cputime}{Total}{}{Stdev}{0.07303133894284965266045621882}%
\StoreBenchExecResult{Test}{}{Cputime}{Correct}{}{Sum}{6.478077860}%
\StoreBenchExecResult{Test}{}{Cputime}{Correct}{}{Min}{2.058647067}%
\StoreBenchExecResult{Test}{}{Cputime}{Correct}{}{Max}{2.22954344}%
\StoreBenchExecResult{Test}{}{Cputime}{Correct}{}{Avg}{2.159359286666666666666666667}%
\StoreBenchExecResult{Test}{}{Cputime}{Correct}{}{Median}{2.189887353}%
\StoreBenchExecResult{Test}{}{Cputime}{Correct}{}{Stdev}{0.07303133894284965266045621882}%
\StoreBenchExecResult{Test}{}{Cputime}{Correct}{True}{Sum}{4.288190507}%
\StoreBenchExecResult{Test}{}{Cputime}{Correct}{True}{Min}{2.058647067}%
\StoreBenchExecResult{Test}{}{Cputime}{Correct}{True}{Max}{2.22954344}%
\StoreBenchExecResult{Test}{}{Cputime}{Correct}{True}{Avg}{2.1440952535}%
\StoreBenchExecResult{Test}{}{Cputime}{Correct}{True}{Median}{2.1440952535}%
\StoreBenchExecResult{Test}{}{Cputime}{Correct}{True}{Stdev}{0.08544818650000}%
\StoreBenchExecResult{Test}{}{Cputime}{Correct}{False}{Sum}{2.189887353}%
\StoreBenchExecResult{Test}{}{Cputime}{Correct}{False}{Min}{2.189887353}%
\StoreBenchExecResult{Test}{}{Cputime}{Correct}{False}{Max}{2.189887353}%
\StoreBenchExecResult{Test}{}{Cputime}{Correct}{False}{Avg}{2.189887353}%
\StoreBenchExecResult{Test}{}{Cputime}{Correct}{False}{Median}{2.189887353}%
\StoreBenchExecResult{Test}{}{Cputime}{Correct}{False}{Stdev}{0.00000000000000}%
\StoreBenchExecResult{Test}{}{Walltime}{Total}{}{Sum}{6.5004251003265382}%
\StoreBenchExecResult{Test}{}{Walltime}{Total}{}{Min}{2.0664572715759277}%
\StoreBenchExecResult{Test}{}{Walltime}{Total}{}{Max}{2.237081289291382}%
\StoreBenchExecResult{Test}{}{Walltime}{Total}{}{Avg}{2.166808366775512733333333333}%
\StoreBenchExecResult{Test}{}{Walltime}{Total}{}{Median}{2.1968865394592285}%
\StoreBenchExecResult{Test}{}{Walltime}{Total}{}{Stdev}{0.07283159208903090975048642215}%
\StoreBenchExecResult{Test}{}{Walltime}{Correct}{}{Sum}{6.5004251003265382}%
\StoreBenchExecResult{Test}{}{Walltime}{Correct}{}{Min}{2.0664572715759277}%
\StoreBenchExecResult{Test}{}{Walltime}{Correct}{}{Max}{2.237081289291382}%
\StoreBenchExecResult{Test}{}{Walltime}{Correct}{}{Avg}{2.166808366775512733333333333}%
\StoreBenchExecResult{Test}{}{Walltime}{Correct}{}{Median}{2.1968865394592285}%
\StoreBenchExecResult{Test}{}{Walltime}{Correct}{}{Stdev}{0.07283159208903090975048642215}%
\StoreBenchExecResult{Test}{}{Walltime}{Correct}{True}{Sum}{4.3035385608673097}%
\StoreBenchExecResult{Test}{}{Walltime}{Correct}{True}{Min}{2.0664572715759277}%
\StoreBenchExecResult{Test}{}{Walltime}{Correct}{True}{Max}{2.237081289291382}%
\StoreBenchExecResult{Test}{}{Walltime}{Correct}{True}{Avg}{2.15176928043365485}%
\StoreBenchExecResult{Test}{}{Walltime}{Correct}{True}{Median}{2.15176928043365485}%
\StoreBenchExecResult{Test}{}{Walltime}{Correct}{True}{Stdev}{0.08531200885772714999999999999}%
\StoreBenchExecResult{Test}{}{Walltime}{Correct}{False}{Sum}{2.1968865394592285}%
\StoreBenchExecResult{Test}{}{Walltime}{Correct}{False}{Min}{2.1968865394592285}%
\StoreBenchExecResult{Test}{}{Walltime}{Correct}{False}{Max}{2.1968865394592285}%
\StoreBenchExecResult{Test}{}{Walltime}{Correct}{False}{Avg}{2.1968865394592285}%
\StoreBenchExecResult{Test}{}{Walltime}{Correct}{False}{Median}{2.1968865394592285}%
\StoreBenchExecResult{Test}{}{Walltime}{Correct}{False}{Stdev}{0.0000000000000000}%
\StoreBenchExecResult{Test}{}{Memory}{Total}{}{Sum}{387.768320}%
\StoreBenchExecResult{Test}{}{Memory}{Total}{}{Min}{126.312448}%
\StoreBenchExecResult{Test}{}{Memory}{Total}{}{Max}{132.337664}%
\StoreBenchExecResult{Test}{}{Memory}{Total}{}{Avg}{129.2561066666666666666666667}%
\StoreBenchExecResult{Test}{}{Memory}{Total}{}{Median}{129.118208}%
\StoreBenchExecResult{Test}{}{Memory}{Total}{}{Stdev}{2.461716067213456867331590003}%
\StoreBenchExecResult{Test}{}{Memory}{Correct}{}{Sum}{387.768320}%
\StoreBenchExecResult{Test}{}{Memory}{Correct}{}{Min}{126.312448}%
\StoreBenchExecResult{Test}{}{Memory}{Correct}{}{Max}{132.337664}%
\StoreBenchExecResult{Test}{}{Memory}{Correct}{}{Avg}{129.2561066666666666666666667}%
\StoreBenchExecResult{Test}{}{Memory}{Correct}{}{Median}{129.118208}%
\StoreBenchExecResult{Test}{}{Memory}{Correct}{}{Stdev}{2.461716067213456867331590003}%
\StoreBenchExecResult{Test}{}{Memory}{Correct}{True}{Sum}{258.650112}%
\StoreBenchExecResult{Test}{}{Memory}{Correct}{True}{Min}{126.312448}%
\StoreBenchExecResult{Test}{}{Memory}{Correct}{True}{Max}{132.337664}%
\StoreBenchExecResult{Test}{}{Memory}{Correct}{True}{Avg}{129.325056}%
\StoreBenchExecResult{Test}{}{Memory}{Correct}{True}{Median}{129.325056}%
\StoreBenchExecResult{Test}{}{Memory}{Correct}{True}{Stdev}{3.0126080000000}%
\StoreBenchExecResult{Test}{}{Memory}{Correct}{False}{Sum}{129.118208}%
\StoreBenchExecResult{Test}{}{Memory}{Correct}{False}{Min}{129.118208}%
\StoreBenchExecResult{Test}{}{Memory}{Correct}{False}{Max}{129.118208}%
\StoreBenchExecResult{Test}{}{Memory}{Correct}{False}{Avg}{129.118208}%
\StoreBenchExecResult{Test}{}{Memory}{Correct}{False}{Median}{129.118208}%
\StoreBenchExecResult{Test}{}{Memory}{Correct}{False}{Stdev}{0.00000000000000000000}%