% The following definition defines a command for each value.
% The command name is the concatenation of the first six arguments.
% To override this definition, define \StoreBenchExecResult with \newcommand before including this file.
% Arguments: benchmark name, run-set name, category, status, column name, statistic, value
\providecommand\StoreBenchExecResult[7]{\expandafter\newcommand\csname#1#2#3#4#5#6\endcsname{#7}}%
\StoreBenchExecResult{TestI}{}{Status}{Score}{}{Sum}{}%
\StoreBenchExecResult{TestI}{}{Status}{Total}{}{Sum}{2}%
\StoreBenchExecResult{TestI}{}{Status}{Correct}{}{Sum}{1}%
\StoreBenchExecResult{TestI}{}{Status}{Correct}{True}{Sum}{1}%
\StoreBenchExecResult{TestI}{}{Status}{Correct}{False}{Sum}{}%
\StoreBenchExecResult{TestI}{}{Status}{Correct}{Unconfirmed}{Sum}{}%
\StoreBenchExecResult{TestI}{}{Status}{CorrectUnconfirmed}{True}{Sum}{}%
\StoreBenchExecResult{TestI}{}{Status}{CorrectUnconfirmed}{False}{Sum}{}%
\StoreBenchExecResult{TestI}{}{Status}{Wrong}{}{Sum}{1}%
\StoreBenchExecResult{TestI}{}{Status}{Wrong}{True}{Sum}{1}%
\StoreBenchExecResult{TestI}{}{Status}{Wrong}{False}{Sum}{}%
\StoreBenchExecResult{TestI}{}{Cputime}{Total}{}{Sum}{4.398732868}%
\StoreBenchExecResult{TestI}{}{Cputime}{Total}{}{Min}{2.169189428}%
\StoreBenchExecResult{TestI}{}{Cputime}{Total}{}{Max}{2.22954344}%
\StoreBenchExecResult{TestI}{}{Cputime}{Total}{}{Avg}{2.199366434}%
\StoreBenchExecResult{TestI}{}{Cputime}{Total}{}{Median}{2.199366434}%
\StoreBenchExecResult{TestI}{}{Cputime}{Total}{}{Stdev}{0.03017700600000}%
\StoreBenchExecResult{TestI}{}{Cputime}{Correct}{}{Sum}{2.22954344}%
\StoreBenchExecResult{TestI}{}{Cputime}{Correct}{}{Min}{2.22954344}%
\StoreBenchExecResult{TestI}{}{Cputime}{Correct}{}{Max}{2.22954344}%
\StoreBenchExecResult{TestI}{}{Cputime}{Correct}{}{Avg}{2.22954344}%
\StoreBenchExecResult{TestI}{}{Cputime}{Correct}{}{Median}{2.22954344}%
\StoreBenchExecResult{TestI}{}{Cputime}{Correct}{}{Stdev}{0.00000000000000}%
\StoreBenchExecResult{TestI}{}{Cputime}{Correct}{True}{Sum}{2.22954344}%
\StoreBenchExecResult{TestI}{}{Cputime}{Correct}{True}{Min}{2.22954344}%
\StoreBenchExecResult{TestI}{}{Cputime}{Correct}{True}{Max}{2.22954344}%
\StoreBenchExecResult{TestI}{}{Cputime}{Correct}{True}{Avg}{2.22954344}%
\StoreBenchExecResult{TestI}{}{Cputime}{Correct}{True}{Median}{2.22954344}%
\StoreBenchExecResult{TestI}{}{Cputime}{Correct}{True}{Stdev}{0.00000000000000}%
\StoreBenchExecResult{TestI}{}{Cputime}{Wrong}{}{Sum}{2.169189428}%
\StoreBenchExecResult{TestI}{}{Cputime}{Wrong}{}{Min}{2.169189428}%
\StoreBenchExecResult{TestI}{}{Cputime}{Wrong}{}{Max}{2.169189428}%
\StoreBenchExecResult{TestI}{}{Cputime}{Wrong}{}{Avg}{2.169189428}%
\StoreBenchExecResult{TestI}{}{Cputime}{Wrong}{}{Median}{2.169189428}%
\StoreBenchExecResult{TestI}{}{Cputime}{Wrong}{}{Stdev}{0.00000000000000}%
\StoreBenchExecResult{TestI}{}{Cputime}{Wrong}{True}{Sum}{2.169189428}%
\StoreBenchExecResult{TestI}{}{Cputime}{Wrong}{True}{Min}{2.169189428}%
\StoreBenchExecResult{TestI}{}{Cputime}{Wrong}{True}{Max}{2.169189428}%
\StoreBenchExecResult{TestI}{}{Cputime}{Wrong}{True}{Avg}{2.169189428}%
\StoreBenchExecResult{TestI}{}{Cputime}{Wrong}{True}{Median}{2.169189428}%
\StoreBenchExecResult{TestI}{}{Cputime}{Wrong}{True}{Stdev}{0.00000000000000}%
\StoreBenchExecResult{TestI}{}{Walltime}{Total}{}{Sum}{4.4154462814331056}%
\StoreBenchExecResult{TestI}{}{Walltime}{Total}{}{Min}{2.1783649921417236}%
\StoreBenchExecResult{TestI}{}{Walltime}{Total}{}{Max}{2.237081289291382}%
\StoreBenchExecResult{TestI}{}{Walltime}{Total}{}{Avg}{2.2077231407165528}%
\StoreBenchExecResult{TestI}{}{Walltime}{Total}{}{Median}{2.2077231407165528}%
\StoreBenchExecResult{TestI}{}{Walltime}{Total}{}{Stdev}{0.02935814857482920000000000000}%
\StoreBenchExecResult{TestI}{}{Walltime}{Correct}{}{Sum}{2.237081289291382}%
\StoreBenchExecResult{TestI}{}{Walltime}{Correct}{}{Min}{2.237081289291382}%
\StoreBenchExecResult{TestI}{}{Walltime}{Correct}{}{Max}{2.237081289291382}%
\StoreBenchExecResult{TestI}{}{Walltime}{Correct}{}{Avg}{2.237081289291382}%
\StoreBenchExecResult{TestI}{}{Walltime}{Correct}{}{Median}{2.237081289291382}%
\StoreBenchExecResult{TestI}{}{Walltime}{Correct}{}{Stdev}{0.000000000000000}%
\StoreBenchExecResult{TestI}{}{Walltime}{Correct}{True}{Sum}{2.237081289291382}%
\StoreBenchExecResult{TestI}{}{Walltime}{Correct}{True}{Min}{2.237081289291382}%
\StoreBenchExecResult{TestI}{}{Walltime}{Correct}{True}{Max}{2.237081289291382}%
\StoreBenchExecResult{TestI}{}{Walltime}{Correct}{True}{Avg}{2.237081289291382}%
\StoreBenchExecResult{TestI}{}{Walltime}{Correct}{True}{Median}{2.237081289291382}%
\StoreBenchExecResult{TestI}{}{Walltime}{Correct}{True}{Stdev}{0.000000000000000}%
\StoreBenchExecResult{TestI}{}{Walltime}{Wrong}{}{Sum}{2.1783649921417236}%
\StoreBenchExecResult{TestI}{}{Walltime}{Wrong}{}{Min}{2.1783649921417236}%
\StoreBenchExecResult{TestI}{}{Walltime}{Wrong}{}{Max}{2.1783649921417236}%
\StoreBenchExecResult{TestI}{}{Walltime}{Wrong}{}{Avg}{2.1783649921417236}%
\StoreBenchExecResult{TestI}{}{Walltime}{Wrong}{}{Median}{2.1783649921417236}%
\StoreBenchExecResult{TestI}{}{Walltime}{Wrong}{}{Stdev}{0.0000000000000000}%
\StoreBenchExecResult{TestI}{}{Walltime}{Wrong}{True}{Sum}{2.1783649921417236}%
\StoreBenchExecResult{TestI}{}{Walltime}{Wrong}{True}{Min}{2.1783649921417236}%
\StoreBenchExecResult{TestI}{}{Walltime}{Wrong}{True}{Max}{2.1783649921417236}%
\StoreBenchExecResult{TestI}{}{Walltime}{Wrong}{True}{Avg}{2.1783649921417236}%
\StoreBenchExecResult{TestI}{}{Walltime}{Wrong}{True}{Median}{2.1783649921417236}%
\StoreBenchExecResult{TestI}{}{Walltime}{Wrong}{True}{Stdev}{0.0000000000000000}%
\StoreBenchExecResult{TestI}{}{Memory}{Total}{}{Sum}{260.370432}%
\StoreBenchExecResult{TestI}{}{Memory}{Total}{}{Min}{128.032768}%
\StoreBenchExecResult{TestI}{}{Memory}{Total}{}{Max}{132.337664}%
\StoreBenchExecResult{TestI}{}{Memory}{Total}{}{Avg}{130.185216}%
\StoreBenchExecResult{TestI}{}{Memory}{Total}{}{Median}{130.185216}%
\StoreBenchExecResult{TestI}{}{Memory}{Total}{}{Stdev}{2.15244800000000}%
\StoreBenchExecResult{TestI}{}{Memory}{Correct}{}{Sum}{132.337664}%
\StoreBenchExecResult{TestI}{}{Memory}{Correct}{}{Min}{132.337664}%
\StoreBenchExecResult{TestI}{}{Memory}{Correct}{}{Max}{132.337664}%
\StoreBenchExecResult{TestI}{}{Memory}{Correct}{}{Avg}{132.337664}%
\StoreBenchExecResult{TestI}{}{Memory}{Correct}{}{Median}{132.337664}%
\StoreBenchExecResult{TestI}{}{Memory}{Correct}{}{Stdev}{0.00000000000000000000}%
\StoreBenchExecResult{TestI}{}{Memory}{Correct}{True}{Sum}{132.337664}%
\StoreBenchExecResult{TestI}{}{Memory}{Correct}{True}{Min}{132.337664}%
\StoreBenchExecResult{TestI}{}{Memory}{Correct}{True}{Max}{132.337664}%
\StoreBenchExecResult{TestI}{}{Memory}{Correct}{True}{Avg}{132.337664}%
\StoreBenchExecResult{TestI}{}{Memory}{Correct}{True}{Median}{132.337664}%
\StoreBenchExecResult{TestI}{}{Memory}{Correct}{True}{Stdev}{0.00000000000000000000}%
\StoreBenchExecResult{TestI}{}{Memory}{Wrong}{}{Sum}{128.032768}%
\StoreBenchExecResult{TestI}{}{Memory}{Wrong}{}{Min}{128.032768}%
\StoreBenchExecResult{TestI}{}{Memory}{Wrong}{}{Max}{128.032768}%
\StoreBenchExecResult{TestI}{}{Memory}{Wrong}{}{Avg}{128.032768}%
\StoreBenchExecResult{TestI}{}{Memory}{Wrong}{}{Median}{128.032768}%
\StoreBenchExecResult{TestI}{}{Memory}{Wrong}{}{Stdev}{0.00000000000000000000}%
\StoreBenchExecResult{TestI}{}{Memory}{Wrong}{True}{Sum}{128.032768}%
\StoreBenchExecResult{TestI}{}{Memory}{Wrong}{True}{Min}{128.032768}%
\StoreBenchExecResult{TestI}{}{Memory}{Wrong}{True}{Max}{128.032768}%
\StoreBenchExecResult{TestI}{}{Memory}{Wrong}{True}{Avg}{128.032768}%
\StoreBenchExecResult{TestI}{}{Memory}{Wrong}{True}{Median}{128.032768}%
\StoreBenchExecResult{TestI}{}{Memory}{Wrong}{True}{Stdev}{0.00000000000000000000}%
\StoreBenchExecResult{TestII}{}{Status}{Score}{}{Sum}{}%
\StoreBenchExecResult{TestII}{}{Status}{Total}{}{Sum}{2}%
\StoreBenchExecResult{TestII}{}{Status}{Correct}{}{Sum}{1}%
\StoreBenchExecResult{TestII}{}{Status}{Correct}{True}{Sum}{}%
\StoreBenchExecResult{TestII}{}{Status}{Correct}{False}{Sum}{1}%
\StoreBenchExecResult{TestII}{}{Status}{Correct}{Unconfirmed}{Sum}{}%
\StoreBenchExecResult{TestII}{}{Status}{CorrectUnconfirmed}{True}{Sum}{}%
\StoreBenchExecResult{TestII}{}{Status}{CorrectUnconfirmed}{False}{Sum}{}%
\StoreBenchExecResult{TestII}{}{Status}{Wrong}{}{Sum}{}%
\StoreBenchExecResult{TestII}{}{Status}{Wrong}{True}{Sum}{}%
\StoreBenchExecResult{TestII}{}{Status}{Wrong}{False}{Sum}{}%
\StoreBenchExecResult{TestII}{}{Cputime}{Total}{}{Sum}{4.321253817}%
\StoreBenchExecResult{TestII}{}{Cputime}{Total}{}{Min}{2.117287256}%
\StoreBenchExecResult{TestII}{}{Cputime}{Total}{}{Max}{2.203966561}%
\StoreBenchExecResult{TestII}{}{Cputime}{Total}{}{Avg}{2.1606269085}%
\StoreBenchExecResult{TestII}{}{Cputime}{Total}{}{Median}{2.1606269085}%
\StoreBenchExecResult{TestII}{}{Cputime}{Total}{}{Stdev}{0.04333965250000}%
\StoreBenchExecResult{TestII}{}{Cputime}{Correct}{}{Sum}{2.117287256}%
\StoreBenchExecResult{TestII}{}{Cputime}{Correct}{}{Min}{2.117287256}%
\StoreBenchExecResult{TestII}{}{Cputime}{Correct}{}{Max}{2.117287256}%
\StoreBenchExecResult{TestII}{}{Cputime}{Correct}{}{Avg}{2.117287256}%
\StoreBenchExecResult{TestII}{}{Cputime}{Correct}{}{Median}{2.117287256}%
\StoreBenchExecResult{TestII}{}{Cputime}{Correct}{}{Stdev}{0.00000000000000}%
\StoreBenchExecResult{TestII}{}{Cputime}{Correct}{False}{Sum}{2.117287256}%
\StoreBenchExecResult{TestII}{}{Cputime}{Correct}{False}{Min}{2.117287256}%
\StoreBenchExecResult{TestII}{}{Cputime}{Correct}{False}{Max}{2.117287256}%
\StoreBenchExecResult{TestII}{}{Cputime}{Correct}{False}{Avg}{2.117287256}%
\StoreBenchExecResult{TestII}{}{Cputime}{Correct}{False}{Median}{2.117287256}%
\StoreBenchExecResult{TestII}{}{Cputime}{Correct}{False}{Stdev}{0.00000000000000}%
\StoreBenchExecResult{TestII}{}{Walltime}{Total}{}{Sum}{4.3399436473846435}%
\StoreBenchExecResult{TestII}{}{Walltime}{Total}{}{Min}{2.1272354125976562}%
\StoreBenchExecResult{TestII}{}{Walltime}{Total}{}{Max}{2.2127082347869873}%
\StoreBenchExecResult{TestII}{}{Walltime}{Total}{}{Avg}{2.16997182369232175}%
\StoreBenchExecResult{TestII}{}{Walltime}{Total}{}{Median}{2.16997182369232175}%
\StoreBenchExecResult{TestII}{}{Walltime}{Total}{}{Stdev}{0.04273641109466555000000000000}%
\StoreBenchExecResult{TestII}{}{Walltime}{Correct}{}{Sum}{2.1272354125976562}%
\StoreBenchExecResult{TestII}{}{Walltime}{Correct}{}{Min}{2.1272354125976562}%
\StoreBenchExecResult{TestII}{}{Walltime}{Correct}{}{Max}{2.1272354125976562}%
\StoreBenchExecResult{TestII}{}{Walltime}{Correct}{}{Avg}{2.1272354125976562}%
\StoreBenchExecResult{TestII}{}{Walltime}{Correct}{}{Median}{2.1272354125976562}%
\StoreBenchExecResult{TestII}{}{Walltime}{Correct}{}{Stdev}{0.0000000000000000}%
\StoreBenchExecResult{TestII}{}{Walltime}{Correct}{False}{Sum}{2.1272354125976562}%
\StoreBenchExecResult{TestII}{}{Walltime}{Correct}{False}{Min}{2.1272354125976562}%
\StoreBenchExecResult{TestII}{}{Walltime}{Correct}{False}{Max}{2.1272354125976562}%
\StoreBenchExecResult{TestII}{}{Walltime}{Correct}{False}{Avg}{2.1272354125976562}%
\StoreBenchExecResult{TestII}{}{Walltime}{Correct}{False}{Median}{2.1272354125976562}%
\StoreBenchExecResult{TestII}{}{Walltime}{Correct}{False}{Stdev}{0.0000000000000000}%
\StoreBenchExecResult{TestII}{}{Memory}{Total}{}{Sum}{263.868416}%
\StoreBenchExecResult{TestII}{}{Memory}{Total}{}{Min}{130.293760}%
\StoreBenchExecResult{TestII}{}{Memory}{Total}{}{Max}{133.574656}%
\StoreBenchExecResult{TestII}{}{Memory}{Total}{}{Avg}{131.934208}%
\StoreBenchExecResult{TestII}{}{Memory}{Total}{}{Median}{131.934208}%
\StoreBenchExecResult{TestII}{}{Memory}{Total}{}{Stdev}{1.64044800000000}%
\StoreBenchExecResult{TestII}{}{Memory}{Correct}{}{Sum}{133.574656}%
\StoreBenchExecResult{TestII}{}{Memory}{Correct}{}{Min}{133.574656}%
\StoreBenchExecResult{TestII}{}{Memory}{Correct}{}{Max}{133.574656}%
\StoreBenchExecResult{TestII}{}{Memory}{Correct}{}{Avg}{133.574656}%
\StoreBenchExecResult{TestII}{}{Memory}{Correct}{}{Median}{133.574656}%
\StoreBenchExecResult{TestII}{}{Memory}{Correct}{}{Stdev}{0.00000000000000000000}%
\StoreBenchExecResult{TestII}{}{Memory}{Correct}{False}{Sum}{133.574656}%
\StoreBenchExecResult{TestII}{}{Memory}{Correct}{False}{Min}{133.574656}%
\StoreBenchExecResult{TestII}{}{Memory}{Correct}{False}{Max}{133.574656}%
\StoreBenchExecResult{TestII}{}{Memory}{Correct}{False}{Avg}{133.574656}%
\StoreBenchExecResult{TestII}{}{Memory}{Correct}{False}{Median}{133.574656}%
\StoreBenchExecResult{TestII}{}{Memory}{Correct}{False}{Stdev}{0.00000000000000000000}%