% The following definition defines a command for each value.
% The command name is the concatenation of the first six arguments.
% To override this definition, define \StoreBenchExecResult with \newcommand before including this file.
% Arguments: benchmark name, run-set name, category, status, column name, statistic, value
\providecommand\StoreBenchExecResult[7]{\expandafter\newcommand\csname#1#2#3#4#5#6\endcsname{#7}}%
\StoreBenchExecResult{Test}{}{Status}{Score}{}{}{0}%
\StoreBenchExecResult{Test}{}{Status}{Total}{}{}{5}%
\StoreBenchExecResult{Test}{}{Status}{Correct}{}{}{3}%
\StoreBenchExecResult{Test}{}{Status}{Correct}{True}{}{2}%
\StoreBenchExecResult{Test}{}{Status}{Correct}{False}{}{1}%
\StoreBenchExecResult{Test}{}{Status}{Correct}{Unconfirmed}{}{0}%
\StoreBenchExecResult{Test}{}{Status}{CorrectUnconfirmed}{True}{}{0}%
\StoreBenchExecResult{Test}{}{Status}{CorrectUnconfirmed}{False}{}{0}%
\StoreBenchExecResult{Test}{}{Status}{Wrong}{}{}{1}%
\StoreBenchExecResult{Test}{}{Status}{Wrong}{True}{}{1}%
\StoreBenchExecResult{Test}{}{Status}{Wrong}{False}{}{0}%
\StoreBenchExecResult{Test}{}{Cputime}{Total}{}{}{6.478077860}%
\StoreBenchExecResult{Test}{}{Cputime}{Total}{}{Min}{2.058647067}%
\StoreBenchExecResult{Test}{}{Cputime}{Total}{}{Max}{2.22954344}%
\StoreBenchExecResult{Test}{}{Cputime}{Total}{}{Avg}{2.159359286666666666666666667}%
\StoreBenchExecResult{Test}{}{Cputime}{Total}{}{Median}{2.189887353}%
\StoreBenchExecResult{Test}{}{Cputime}{Total}{}{Stdev}{0.07303133894284965266045621882}%
\StoreBenchExecResult{Test}{}{Cputime}{Correct}{}{}{6.478077860}%
\StoreBenchExecResult{Test}{}{Cputime}{Correct}{}{Min}{2.058647067}%
\StoreBenchExecResult{Test}{}{Cputime}{Correct}{}{Max}{2.22954344}%
\StoreBenchExecResult{Test}{}{Cputime}{Correct}{}{Avg}{2.159359286666666666666666667}%
\StoreBenchExecResult{Test}{}{Cputime}{Correct}{}{Median}{2.189887353}%
\StoreBenchExecResult{Test}{}{Cputime}{Correct}{}{Stdev}{0.07303133894284965266045621882}%
\StoreBenchExecResult{Test}{}{Cputime}{Correct}{True}{}{4.288190507}%
\StoreBenchExecResult{Test}{}{Cputime}{Correct}{True}{Min}{2.058647067}%
\StoreBenchExecResult{Test}{}{Cputime}{Correct}{True}{Max}{2.22954344}%
\StoreBenchExecResult{Test}{}{Cputime}{Correct}{True}{Avg}{2.1440952535}%
\StoreBenchExecResult{Test}{}{Cputime}{Correct}{True}{Median}{2.1440952535}%
\StoreBenchExecResult{Test}{}{Cputime}{Correct}{True}{Stdev}{0.08544818650000}%
\StoreBenchExecResult{Test}{}{Cputime}{Correct}{False}{}{2.189887353}%
\StoreBenchExecResult{Test}{}{Cputime}{Correct}{False}{Min}{2.189887353}%
\StoreBenchExecResult{Test}{}{Cputime}{Correct}{False}{Max}{2.189887353}%
\StoreBenchExecResult{Test}{}{Cputime}{Correct}{False}{Avg}{2.189887353}%
\StoreBenchExecResult{Test}{}{Cputime}{Correct}{False}{Median}{2.189887353}%
\StoreBenchExecResult{Test}{}{Cputime}{Correct}{False}{Stdev}{0.00000000000000}%
\StoreBenchExecResult{Test}{}{Walltime}{Total}{}{}{6.5004251003265382}%
\StoreBenchExecResult{Test}{}{Walltime}{Total}{}{Min}{2.0664572715759277}%
\StoreBenchExecResult{Test}{}{Walltime}{Total}{}{Max}{2.237081289291382}%
\StoreBenchExecResult{Test}{}{Walltime}{Total}{}{Avg}{2.166808366775512733333333333}%
\StoreBenchExecResult{Test}{}{Walltime}{Total}{}{Median}{2.1968865394592285}%
\StoreBenchExecResult{Test}{}{Walltime}{Total}{}{Stdev}{0.07283159208903090975048642215}%
\StoreBenchExecResult{Test}{}{Walltime}{Correct}{}{}{6.5004251003265382}%
\StoreBenchExecResult{Test}{}{Walltime}{Correct}{}{Min}{2.0664572715759277}%
\StoreBenchExecResult{Test}{}{Walltime}{Correct}{}{Max}{2.237081289291382}%
\StoreBenchExecResult{Test}{}{Walltime}{Correct}{}{Avg}{2.166808366775512733333333333}%
\StoreBenchExecResult{Test}{}{Walltime}{Correct}{}{Median}{2.1968865394592285}%
\StoreBenchExecResult{Test}{}{Walltime}{Correct}{}{Stdev}{0.07283159208903090975048642215}%
\StoreBenchExecResult{Test}{}{Walltime}{Correct}{True}{}{4.3035385608673097}%
\StoreBenchExecResult{Test}{}{Walltime}{Correct}{True}{Min}{2.0664572715759277}%
\StoreBenchExecResult{Test}{}{Walltime}{Correct}{True}{Max}{2.237081289291382}%
\StoreBenchExecResult{Test}{}{Walltime}{Correct}{True}{Avg}{2.15176928043365485}%
\StoreBenchExecResult{Test}{}{Walltime}{Correct}{True}{Median}{2.15176928043365485}%
\StoreBenchExecResult{Test}{}{Walltime}{Correct}{True}{Stdev}{0.08531200885772714999999999999}%
\StoreBenchExecResult{Test}{}{Walltime}{Correct}{False}{}{2.1968865394592285}%
\StoreBenchExecResult{Test}{}{Walltime}{Correct}{False}{Min}{2.1968865394592285}%
\StoreBenchExecResult{Test}{}{Walltime}{Correct}{False}{Max}{2.1968865394592285}%
\StoreBenchExecResult{Test}{}{Walltime}{Correct}{False}{Avg}{2.1968865394592285}%
\StoreBenchExecResult{Test}{}{Walltime}{Correct}{False}{Median}{2.1968865394592285}%
\StoreBenchExecResult{Test}{}{Walltime}{Correct}{False}{Stdev}{0.0000000000000000}%
\StoreBenchExecResult{Test}{}{Memory}{Total}{}{}{387.768320}%
\StoreBenchExecResult{Test}{}{Memory}{Total}{}{Min}{126.312448}%
\StoreBenchExecResult{Test}{}{Memory}{Total}{}{Max}{132.337664}%
\StoreBenchExecResult{Test}{}{Memory}{Total}{}{Avg}{129.2561066666666666666666667}%
\StoreBenchExecResult{Test}{}{Memory}{Total}{}{Median}{129.118208}%
\StoreBenchExecResult{Test}{}{Memory}{Total}{}{Stdev}{2.461716067213456867331590003}%
\StoreBenchExecResult{Test}{}{Memory}{Correct}{}{}{387.768320}%
\StoreBenchExecResult{Test}{}{Memory}{Correct}{}{Min}{126.312448}%
\StoreBenchExecResult{Test}{}{Memory}{Correct}{}{Max}{132.337664}%
\StoreBenchExecResult{Test}{}{Memory}{Correct}{}{Avg}{129.2561066666666666666666667}%
\StoreBenchExecResult{Test}{}{Memory}{Correct}{}{Median}{129.118208}%
\StoreBenchExecResult{Test}{}{Memory}{Correct}{}{Stdev}{2.461716067213456867331590003}%
\StoreBenchExecResult{Test}{}{Memory}{Correct}{True}{}{258.650112}%
\StoreBenchExecResult{Test}{}{Memory}{Correct}{True}{Min}{126.312448}%
\StoreBenchExecResult{Test}{}{Memory}{Correct}{True}{Max}{132.337664}%
\StoreBenchExecResult{Test}{}{Memory}{Correct}{True}{Avg}{129.325056}%
\StoreBenchExecResult{Test}{}{Memory}{Correct}{True}{Median}{129.325056}%
\StoreBenchExecResult{Test}{}{Memory}{Correct}{True}{Stdev}{3.0126080000000}%
\StoreBenchExecResult{Test}{}{Memory}{Correct}{False}{}{129.118208}%
\StoreBenchExecResult{Test}{}{Memory}{Correct}{False}{Min}{129.118208}%
\StoreBenchExecResult{Test}{}{Memory}{Correct}{False}{Max}{129.118208}%
\StoreBenchExecResult{Test}{}{Memory}{Correct}{False}{Avg}{129.118208}%
\StoreBenchExecResult{Test}{}{Memory}{Correct}{False}{Median}{129.118208}%
\StoreBenchExecResult{Test}{}{Memory}{Correct}{False}{Stdev}{0.00000000000000000000}%
\StoreBenchExecResult{TestI}{}{Status}{Score}{}{}{0}%
\StoreBenchExecResult{TestI}{}{Status}{Total}{}{}{4}%
\StoreBenchExecResult{TestI}{}{Status}{Correct}{}{}{2}%
\StoreBenchExecResult{TestI}{}{Status}{Correct}{True}{}{0}%
\StoreBenchExecResult{TestI}{}{Status}{Correct}{False}{}{2}%
\StoreBenchExecResult{TestI}{}{Status}{Correct}{Unconfirmed}{}{0}%
\StoreBenchExecResult{TestI}{}{Status}{CorrectUnconfirmed}{True}{}{0}%
\StoreBenchExecResult{TestI}{}{Status}{CorrectUnconfirmed}{False}{}{0}%
\StoreBenchExecResult{TestI}{}{Status}{Wrong}{}{}{0}%
\StoreBenchExecResult{TestI}{}{Status}{Wrong}{True}{}{0}%
\StoreBenchExecResult{TestI}{}{Status}{Wrong}{False}{}{0}%
\StoreBenchExecResult{TestI}{}{Cputime}{Total}{}{}{4.276724031}%
\StoreBenchExecResult{TestI}{}{Cputime}{Total}{}{Min}{2.117287256}%
\StoreBenchExecResult{TestI}{}{Cputime}{Total}{}{Max}{2.159436775}%
\StoreBenchExecResult{TestI}{}{Cputime}{Total}{}{Avg}{2.1383620155}%
\StoreBenchExecResult{TestI}{}{Cputime}{Total}{}{Median}{2.1383620155}%
\StoreBenchExecResult{TestI}{}{Cputime}{Total}{}{Stdev}{0.02107475950000}%
\StoreBenchExecResult{TestI}{}{Cputime}{Correct}{}{}{4.276724031}%
\StoreBenchExecResult{TestI}{}{Cputime}{Correct}{}{Min}{2.117287256}%
\StoreBenchExecResult{TestI}{}{Cputime}{Correct}{}{Max}{2.159436775}%
\StoreBenchExecResult{TestI}{}{Cputime}{Correct}{}{Avg}{2.1383620155}%
\StoreBenchExecResult{TestI}{}{Cputime}{Correct}{}{Median}{2.1383620155}%
\StoreBenchExecResult{TestI}{}{Cputime}{Correct}{}{Stdev}{0.02107475950000}%
\StoreBenchExecResult{TestI}{}{Cputime}{Correct}{False}{}{4.276724031}%
\StoreBenchExecResult{TestI}{}{Cputime}{Correct}{False}{Min}{2.117287256}%
\StoreBenchExecResult{TestI}{}{Cputime}{Correct}{False}{Max}{2.159436775}%
\StoreBenchExecResult{TestI}{}{Cputime}{Correct}{False}{Avg}{2.1383620155}%
\StoreBenchExecResult{TestI}{}{Cputime}{Correct}{False}{Median}{2.1383620155}%
\StoreBenchExecResult{TestI}{}{Cputime}{Correct}{False}{Stdev}{0.02107475950000}%
\StoreBenchExecResult{TestI}{}{Walltime}{Total}{}{}{4.2952289581298828}%
\StoreBenchExecResult{TestI}{}{Walltime}{Total}{}{Min}{2.1272354125976562}%
\StoreBenchExecResult{TestI}{}{Walltime}{Total}{}{Max}{2.1679935455322266}%
\StoreBenchExecResult{TestI}{}{Walltime}{Total}{}{Avg}{2.1476144790649414}%
\StoreBenchExecResult{TestI}{}{Walltime}{Total}{}{Median}{2.1476144790649414}%
\StoreBenchExecResult{TestI}{}{Walltime}{Total}{}{Stdev}{0.02037906646728520000000000000}%
\StoreBenchExecResult{TestI}{}{Walltime}{Correct}{}{}{4.2952289581298828}%
\StoreBenchExecResult{TestI}{}{Walltime}{Correct}{}{Min}{2.1272354125976562}%
\StoreBenchExecResult{TestI}{}{Walltime}{Correct}{}{Max}{2.1679935455322266}%
\StoreBenchExecResult{TestI}{}{Walltime}{Correct}{}{Avg}{2.1476144790649414}%
\StoreBenchExecResult{TestI}{}{Walltime}{Correct}{}{Median}{2.1476144790649414}%
\StoreBenchExecResult{TestI}{}{Walltime}{Correct}{}{Stdev}{0.02037906646728520000000000000}%
\StoreBenchExecResult{TestI}{}{Walltime}{Correct}{False}{}{4.2952289581298828}%
\StoreBenchExecResult{TestI}{}{Walltime}{Correct}{False}{Min}{2.1272354125976562}%
\StoreBenchExecResult{TestI}{}{Walltime}{Correct}{False}{Max}{2.1679935455322266}%
\StoreBenchExecResult{TestI}{}{Walltime}{Correct}{False}{Avg}{2.1476144790649414}%
\StoreBenchExecResult{TestI}{}{Walltime}{Correct}{False}{Median}{2.1476144790649414}%
\StoreBenchExecResult{TestI}{}{Walltime}{Correct}{False}{Stdev}{0.02037906646728520000000000000}%
\StoreBenchExecResult{TestI}{}{Memory}{Total}{}{}{264.691712}%
\StoreBenchExecResult{TestI}{}{Memory}{Total}{}{Min}{131.117056}%
\StoreBenchExecResult{TestI}{}{Memory}{Total}{}{Max}{133.574656}%
\StoreBenchExecResult{TestI}{}{Memory}{Total}{}{Avg}{132.345856}%
\StoreBenchExecResult{TestI}{}{Memory}{Total}{}{Median}{132.345856}%
\StoreBenchExecResult{TestI}{}{Memory}{Total}{}{Stdev}{1.22880000000000}%
\StoreBenchExecResult{TestI}{}{Memory}{Correct}{}{}{264.691712}%
\StoreBenchExecResult{TestI}{}{Memory}{Correct}{}{Min}{131.117056}%
\StoreBenchExecResult{TestI}{}{Memory}{Correct}{}{Max}{133.574656}%
\StoreBenchExecResult{TestI}{}{Memory}{Correct}{}{Avg}{132.345856}%
\StoreBenchExecResult{TestI}{}{Memory}{Correct}{}{Median}{132.345856}%
\StoreBenchExecResult{TestI}{}{Memory}{Correct}{}{Stdev}{1.22880000000000}%
\StoreBenchExecResult{TestI}{}{Memory}{Correct}{False}{}{264.691712}%
\StoreBenchExecResult{TestI}{}{Memory}{Correct}{False}{Min}{131.117056}%
\StoreBenchExecResult{TestI}{}{Memory}{Correct}{False}{Max}{133.574656}%
\StoreBenchExecResult{TestI}{}{Memory}{Correct}{False}{Avg}{132.345856}%
\StoreBenchExecResult{TestI}{}{Memory}{Correct}{False}{Median}{132.345856}%
\StoreBenchExecResult{TestI}{}{Memory}{Correct}{False}{Stdev}{1.22880000000000}%