% The following definition defines a command for each value.
% The command name is the concatenation of the first six arguments.
% To override this definition, define \StoreBenchExecResult with \newcommand before including this file.
% Arguments: benchmark name, run-set name, category, status, column name, statistic, value
\providecommand\StoreBenchExecResult[7]{\expandafter\newcommand\csname#1#2#3#4#5#6\endcsname{#7}}%
\StoreBenchExecResult{TestI}{}{Status}{Score}{}{Sum}{0}%
\StoreBenchExecResult{TestI}{}{Status}{Total}{}{Sum}{10}%
\StoreBenchExecResult{TestI}{}{Status}{Correct}{}{Sum}{6}%
\StoreBenchExecResult{TestI}{}{Status}{Correct}{True}{Sum}{4}%
\StoreBenchExecResult{TestI}{}{Status}{Correct}{False}{Sum}{2}%
\StoreBenchExecResult{TestI}{}{Status}{Correct}{Unconfirmed}{Sum}{0}%
\StoreBenchExecResult{TestI}{}{Status}{CorrectUnconfirmed}{True}{Sum}{0}%
\StoreBenchExecResult{TestI}{}{Status}{CorrectUnconfirmed}{False}{Sum}{0}%
\StoreBenchExecResult{TestI}{}{Status}{Wrong}{}{Sum}{2}%
\StoreBenchExecResult{TestI}{}{Status}{Wrong}{True}{Sum}{2}%
\StoreBenchExecResult{TestI}{}{Status}{Wrong}{False}{Sum}{0}%
\StoreBenchExecResult{TestI}{}{Cputime}{Total}{}{Sum}{20.308824245}%
\StoreBenchExecResult{TestI}{}{Cputime}{Total}{}{Min}{1.829559535}%
\StoreBenchExecResult{TestI}{}{Cputime}{Total}{}{Max}{2.272238619}%
\StoreBenchExecResult{TestI}{}{Cputime}{Total}{}{Avg}{2.0308824245}%
\StoreBenchExecResult{TestI}{}{Cputime}{Total}{}{Median}{2.004100267}%
\StoreBenchExecResult{TestI}{}{Cputime}{Total}{}{Stdev}{0.1640231734234257865219769993}%
\StoreBenchExecResult{TestI}{}{Cputime}{Correct}{}{Sum}{12.108170483}%
\StoreBenchExecResult{TestI}{}{Cputime}{Correct}{}{Min}{1.829559535}%
\StoreBenchExecResult{TestI}{}{Cputime}{Correct}{}{Max}{2.22954344}%
\StoreBenchExecResult{TestI}{}{Cputime}{Correct}{}{Avg}{2.018028413833333333333333333}%
\StoreBenchExecResult{TestI}{}{Cputime}{Correct}{}{Median}{2.004100267}%
\StoreBenchExecResult{TestI}{}{Cputime}{Correct}{}{Stdev}{0.1549401024430877206854281470}%
\StoreBenchExecResult{TestI}{}{Cputime}{Correct}{True}{Sum}{8.088723595}%
\StoreBenchExecResult{TestI}{}{Cputime}{Correct}{True}{Min}{1.850979621}%
\StoreBenchExecResult{TestI}{}{Cputime}{Correct}{True}{Max}{2.22954344}%
\StoreBenchExecResult{TestI}{}{Cputime}{Correct}{True}{Avg}{2.02218089875}%
\StoreBenchExecResult{TestI}{}{Cputime}{Correct}{True}{Median}{2.004100267}%
\StoreBenchExecResult{TestI}{}{Cputime}{Correct}{True}{Stdev}{0.1404578462442814306287545612}%
\StoreBenchExecResult{TestI}{}{Cputime}{Correct}{False}{Sum}{4.019446888}%
\StoreBenchExecResult{TestI}{}{Cputime}{Correct}{False}{Min}{1.829559535}%
\StoreBenchExecResult{TestI}{}{Cputime}{Correct}{False}{Max}{2.189887353}%
\StoreBenchExecResult{TestI}{}{Cputime}{Correct}{False}{Avg}{2.009723444}%
\StoreBenchExecResult{TestI}{}{Cputime}{Correct}{False}{Median}{2.009723444}%
\StoreBenchExecResult{TestI}{}{Cputime}{Correct}{False}{Stdev}{0.18016390900000}%
\StoreBenchExecResult{TestI}{}{Cputime}{Wrong}{}{Sum}{4.028072537}%
\StoreBenchExecResult{TestI}{}{Cputime}{Wrong}{}{Min}{1.858883109}%
\StoreBenchExecResult{TestI}{}{Cputime}{Wrong}{}{Max}{2.169189428}%
\StoreBenchExecResult{TestI}{}{Cputime}{Wrong}{}{Avg}{2.0140362685}%
\StoreBenchExecResult{TestI}{}{Cputime}{Wrong}{}{Median}{2.0140362685}%
\StoreBenchExecResult{TestI}{}{Cputime}{Wrong}{}{Stdev}{0.15515315950000}%
\StoreBenchExecResult{TestI}{}{Cputime}{Wrong}{True}{Sum}{4.028072537}%
\StoreBenchExecResult{TestI}{}{Cputime}{Wrong}{True}{Min}{1.858883109}%
\StoreBenchExecResult{TestI}{}{Cputime}{Wrong}{True}{Max}{2.169189428}%
\StoreBenchExecResult{TestI}{}{Cputime}{Wrong}{True}{Avg}{2.0140362685}%
\StoreBenchExecResult{TestI}{}{Cputime}{Wrong}{True}{Median}{2.0140362685}%
\StoreBenchExecResult{TestI}{}{Cputime}{Wrong}{True}{Stdev}{0.15515315950000}%
\StoreBenchExecResult{TestI}{}{Walltime}{Total}{}{Sum}{20.3871364593505862}%
\StoreBenchExecResult{TestI}{}{Walltime}{Total}{}{Min}{1.8350000381469727}%
\StoreBenchExecResult{TestI}{}{Walltime}{Total}{}{Max}{2.2822041511535645}%
\StoreBenchExecResult{TestI}{}{Walltime}{Total}{}{Avg}{2.03871364593505862}%
\StoreBenchExecResult{TestI}{}{Walltime}{Total}{}{Median}{2.01199424266815185}%
\StoreBenchExecResult{TestI}{}{Walltime}{Total}{}{Stdev}{0.1646277520922130439836939014}%
\StoreBenchExecResult{TestI}{}{Walltime}{Correct}{}{Sum}{12.1519126892089846}%
\StoreBenchExecResult{TestI}{}{Walltime}{Correct}{}{Min}{1.8350000381469727}%
\StoreBenchExecResult{TestI}{}{Walltime}{Correct}{}{Max}{2.237081289291382}%
\StoreBenchExecResult{TestI}{}{Walltime}{Correct}{}{Avg}{2.025318781534830766666666667}%
\StoreBenchExecResult{TestI}{}{Walltime}{Correct}{}{Median}{2.01199424266815185}%
\StoreBenchExecResult{TestI}{}{Walltime}{Correct}{}{Stdev}{0.1551687640403234846106002617}%
\StoreBenchExecResult{TestI}{}{Walltime}{Correct}{True}{Sum}{8.1200261116027834}%
\StoreBenchExecResult{TestI}{}{Walltime}{Correct}{True}{Min}{1.8589563369750977}%
\StoreBenchExecResult{TestI}{}{Walltime}{Correct}{True}{Max}{2.237081289291382}%
\StoreBenchExecResult{TestI}{}{Walltime}{Correct}{True}{Avg}{2.03000652790069585}%
\StoreBenchExecResult{TestI}{}{Walltime}{Correct}{True}{Median}{2.01199424266815185}%
\StoreBenchExecResult{TestI}{}{Walltime}{Correct}{True}{Stdev}{0.1402849354839184828568719108}%
\StoreBenchExecResult{TestI}{}{Walltime}{Correct}{False}{Sum}{4.0318865776062012}%
\StoreBenchExecResult{TestI}{}{Walltime}{Correct}{False}{Min}{1.8350000381469727}%
\StoreBenchExecResult{TestI}{}{Walltime}{Correct}{False}{Max}{2.1968865394592285}%
\StoreBenchExecResult{TestI}{}{Walltime}{Correct}{False}{Avg}{2.0159432888031006}%
\StoreBenchExecResult{TestI}{}{Walltime}{Correct}{False}{Median}{2.0159432888031006}%
\StoreBenchExecResult{TestI}{}{Walltime}{Correct}{False}{Stdev}{0.1809432506561279000000000000}%
\StoreBenchExecResult{TestI}{}{Walltime}{Wrong}{}{Sum}{4.0449969768524170}%
\StoreBenchExecResult{TestI}{}{Walltime}{Wrong}{}{Min}{1.8666319847106934}%
\StoreBenchExecResult{TestI}{}{Walltime}{Wrong}{}{Max}{2.1783649921417236}%
\StoreBenchExecResult{TestI}{}{Walltime}{Wrong}{}{Avg}{2.0224984884262085}%
\StoreBenchExecResult{TestI}{}{Walltime}{Wrong}{}{Median}{2.0224984884262085}%
\StoreBenchExecResult{TestI}{}{Walltime}{Wrong}{}{Stdev}{0.1558665037155151000000000000}%
\StoreBenchExecResult{TestI}{}{Walltime}{Wrong}{True}{Sum}{4.0449969768524170}%
\StoreBenchExecResult{TestI}{}{Walltime}{Wrong}{True}{Min}{1.8666319847106934}%
\StoreBenchExecResult{TestI}{}{Walltime}{Wrong}{True}{Max}{2.1783649921417236}%
\StoreBenchExecResult{TestI}{}{Walltime}{Wrong}{True}{Avg}{2.0224984884262085}%
\StoreBenchExecResult{TestI}{}{Walltime}{Wrong}{True}{Median}{2.0224984884262085}%
\StoreBenchExecResult{TestI}{}{Walltime}{Wrong}{True}{Stdev}{0.1558665037155151000000000000}%
\StoreBenchExecResult{TestI}{}{Memory}{Total}{}{Sum}{1293.590528}%
\StoreBenchExecResult{TestI}{}{Memory}{Total}{}{Min}{126.312448}%
\StoreBenchExecResult{TestI}{}{Memory}{Total}{}{Max}{132.337664}%
\StoreBenchExecResult{TestI}{}{Memory}{Total}{}{Avg}{129.3590528}%
\StoreBenchExecResult{TestI}{}{Memory}{Total}{}{Median}{129.456128}%
\StoreBenchExecResult{TestI}{}{Memory}{Total}{}{Stdev}{1.506560695136628074908503029}%
\StoreBenchExecResult{TestI}{}{Memory}{Correct}{}{Sum}{776.077312}%
\StoreBenchExecResult{TestI}{}{Memory}{Correct}{}{Min}{126.312448}%
\StoreBenchExecResult{TestI}{}{Memory}{Correct}{}{Max}{132.337664}%
\StoreBenchExecResult{TestI}{}{Memory}{Correct}{}{Avg}{129.3462186666666666666666667}%
\StoreBenchExecResult{TestI}{}{Memory}{Correct}{}{Median}{129.462272}%
\StoreBenchExecResult{TestI}{}{Memory}{Correct}{}{Stdev}{1.800738542239698815614649080}%
\StoreBenchExecResult{TestI}{}{Memory}{Correct}{True}{Sum}{516.993024}%
\StoreBenchExecResult{TestI}{}{Memory}{Correct}{True}{Min}{126.312448}%
\StoreBenchExecResult{TestI}{}{Memory}{Correct}{True}{Max}{132.337664}%
\StoreBenchExecResult{TestI}{}{Memory}{Correct}{True}{Avg}{129.248256}%
\StoreBenchExecResult{TestI}{}{Memory}{Correct}{True}{Median}{129.171456}%
\StoreBenchExecResult{TestI}{}{Memory}{Correct}{True}{Stdev}{2.178379679493912282486925149}%
\StoreBenchExecResult{TestI}{}{Memory}{Correct}{False}{Sum}{259.084288}%
\StoreBenchExecResult{TestI}{}{Memory}{Correct}{False}{Min}{129.118208}%
\StoreBenchExecResult{TestI}{}{Memory}{Correct}{False}{Max}{129.966080}%
\StoreBenchExecResult{TestI}{}{Memory}{Correct}{False}{Avg}{129.542144}%
\StoreBenchExecResult{TestI}{}{Memory}{Correct}{False}{Median}{129.542144}%
\StoreBenchExecResult{TestI}{}{Memory}{Correct}{False}{Stdev}{0.42393600000000}%
\StoreBenchExecResult{TestI}{}{Memory}{Wrong}{}{Sum}{258.600960}%
\StoreBenchExecResult{TestI}{}{Memory}{Wrong}{}{Min}{128.032768}%
\StoreBenchExecResult{TestI}{}{Memory}{Wrong}{}{Max}{130.568192}%
\StoreBenchExecResult{TestI}{}{Memory}{Wrong}{}{Avg}{129.300480}%
\StoreBenchExecResult{TestI}{}{Memory}{Wrong}{}{Median}{129.300480}%
\StoreBenchExecResult{TestI}{}{Memory}{Wrong}{}{Stdev}{1.26771200000000}%
\StoreBenchExecResult{TestI}{}{Memory}{Wrong}{True}{Sum}{258.600960}%
\StoreBenchExecResult{TestI}{}{Memory}{Wrong}{True}{Min}{128.032768}%
\StoreBenchExecResult{TestI}{}{Memory}{Wrong}{True}{Max}{130.568192}%
\StoreBenchExecResult{TestI}{}{Memory}{Wrong}{True}{Avg}{129.300480}%
\StoreBenchExecResult{TestI}{}{Memory}{Wrong}{True}{Median}{129.300480}%
\StoreBenchExecResult{TestI}{}{Memory}{Wrong}{True}{Stdev}{1.26771200000000}%
\StoreBenchExecResult{TestII}{}{Status}{Score}{}{Sum}{0}%
\StoreBenchExecResult{TestII}{}{Status}{Total}{}{Sum}{8}%
\StoreBenchExecResult{TestII}{}{Status}{Correct}{}{Sum}{4}%
\StoreBenchExecResult{TestII}{}{Status}{Correct}{True}{Sum}{0}%
\StoreBenchExecResult{TestII}{}{Status}{Correct}{False}{Sum}{4}%
\StoreBenchExecResult{TestII}{}{Status}{Correct}{Unconfirmed}{Sum}{0}%
\StoreBenchExecResult{TestII}{}{Status}{CorrectUnconfirmed}{True}{Sum}{0}%
\StoreBenchExecResult{TestII}{}{Status}{CorrectUnconfirmed}{False}{Sum}{0}%
\StoreBenchExecResult{TestII}{}{Status}{Wrong}{}{Sum}{0}%
\StoreBenchExecResult{TestII}{}{Status}{Wrong}{True}{Sum}{0}%
\StoreBenchExecResult{TestII}{}{Status}{Wrong}{False}{Sum}{0}%
\StoreBenchExecResult{TestII}{}{Cputime}{Total}{}{Sum}{15.698636248}%
\StoreBenchExecResult{TestII}{}{Cputime}{Total}{}{Min}{1.748258151}%
\StoreBenchExecResult{TestII}{}{Cputime}{Total}{}{Max}{2.203966561}%
\StoreBenchExecResult{TestII}{}{Cputime}{Total}{}{Avg}{1.962329531}%
\StoreBenchExecResult{TestII}{}{Cputime}{Total}{}{Median}{1.920261618}%
\StoreBenchExecResult{TestII}{}{Cputime}{Total}{}{Stdev}{0.1708747857260722309696515943}%
\StoreBenchExecResult{TestII}{}{Cputime}{Correct}{}{Sum}{7.915742152}%
\StoreBenchExecResult{TestII}{}{Cputime}{Correct}{}{Min}{1.816985346}%
\StoreBenchExecResult{TestII}{}{Cputime}{Correct}{}{Max}{2.159436775}%
\StoreBenchExecResult{TestII}{}{Cputime}{Correct}{}{Avg}{1.978935538}%
\StoreBenchExecResult{TestII}{}{Cputime}{Correct}{}{Median}{1.9696600155}%
\StoreBenchExecResult{TestII}{}{Cputime}{Correct}{}{Stdev}{0.1601313805582409306294839380}%
\StoreBenchExecResult{TestII}{}{Cputime}{Correct}{False}{Sum}{7.915742152}%
\StoreBenchExecResult{TestII}{}{Cputime}{Correct}{False}{Min}{1.816985346}%
\StoreBenchExecResult{TestII}{}{Cputime}{Correct}{False}{Max}{2.159436775}%
\StoreBenchExecResult{TestII}{}{Cputime}{Correct}{False}{Avg}{1.978935538}%
\StoreBenchExecResult{TestII}{}{Cputime}{Correct}{False}{Median}{1.9696600155}%
\StoreBenchExecResult{TestII}{}{Cputime}{Correct}{False}{Stdev}{0.1601313805582409306294839380}%
\StoreBenchExecResult{TestII}{}{Walltime}{Total}{}{Sum}{15.7654130458831786}%
\StoreBenchExecResult{TestII}{}{Walltime}{Total}{}{Min}{1.7559239864349365}%
\StoreBenchExecResult{TestII}{}{Walltime}{Total}{}{Max}{2.2127082347869873}%
\StoreBenchExecResult{TestII}{}{Walltime}{Total}{}{Avg}{1.970676630735397325}%
\StoreBenchExecResult{TestII}{}{Walltime}{Total}{}{Median}{1.9286651611328125}%
\StoreBenchExecResult{TestII}{}{Walltime}{Total}{}{Stdev}{0.1715200750376952598544187690}%
\StoreBenchExecResult{TestII}{}{Walltime}{Correct}{}{Sum}{7.9499464035034179}%
\StoreBenchExecResult{TestII}{}{Walltime}{Correct}{}{Min}{1.8248498439788818}%
\StoreBenchExecResult{TestII}{}{Walltime}{Correct}{}{Max}{2.1679935455322266}%
\StoreBenchExecResult{TestII}{}{Walltime}{Correct}{}{Avg}{1.987486600875854475}%
\StoreBenchExecResult{TestII}{}{Walltime}{Correct}{}{Median}{1.97855150699615475}%
\StoreBenchExecResult{TestII}{}{Walltime}{Correct}{}{Stdev}{0.1607847560702304745309698148}%
\StoreBenchExecResult{TestII}{}{Walltime}{Correct}{False}{Sum}{7.9499464035034179}%
\StoreBenchExecResult{TestII}{}{Walltime}{Correct}{False}{Min}{1.8248498439788818}%
\StoreBenchExecResult{TestII}{}{Walltime}{Correct}{False}{Max}{2.1679935455322266}%
\StoreBenchExecResult{TestII}{}{Walltime}{Correct}{False}{Avg}{1.987486600875854475}%
\StoreBenchExecResult{TestII}{}{Walltime}{Correct}{False}{Median}{1.97855150699615475}%
\StoreBenchExecResult{TestII}{}{Walltime}{Correct}{False}{Stdev}{0.1607847560702304745309698148}%
\StoreBenchExecResult{TestII}{}{Memory}{Total}{}{Sum}{1036.898304}%
\StoreBenchExecResult{TestII}{}{Memory}{Total}{}{Min}{122.847232}%
\StoreBenchExecResult{TestII}{}{Memory}{Total}{}{Max}{133.574656}%
\StoreBenchExecResult{TestII}{}{Memory}{Total}{}{Avg}{129.612288}%
\StoreBenchExecResult{TestII}{}{Memory}{Total}{}{Median}{130.891776}%
\StoreBenchExecResult{TestII}{}{Memory}{Total}{}{Stdev}{3.185936980910953298136199180}%
\StoreBenchExecResult{TestII}{}{Memory}{Correct}{}{Sum}{526.770176}%
\StoreBenchExecResult{TestII}{}{Memory}{Correct}{}{Min}{131.006464}%
\StoreBenchExecResult{TestII}{}{Memory}{Correct}{}{Max}{133.574656}%
\StoreBenchExecResult{TestII}{}{Memory}{Correct}{}{Avg}{131.692544}%
\StoreBenchExecResult{TestII}{}{Memory}{Correct}{}{Median}{131.094528}%
\StoreBenchExecResult{TestII}{}{Memory}{Correct}{}{Stdev}{1.087349143677411464397095546}%
\StoreBenchExecResult{TestII}{}{Memory}{Correct}{False}{Sum}{526.770176}%
\StoreBenchExecResult{TestII}{}{Memory}{Correct}{False}{Min}{131.006464}%
\StoreBenchExecResult{TestII}{}{Memory}{Correct}{False}{Max}{133.574656}%
\StoreBenchExecResult{TestII}{}{Memory}{Correct}{False}{Avg}{131.692544}%
\StoreBenchExecResult{TestII}{}{Memory}{Correct}{False}{Median}{131.094528}%
\StoreBenchExecResult{TestII}{}{Memory}{Correct}{False}{Stdev}{1.087349143677411464397095546}%