{
 "head": {
  "branch": null,
  "date": {
   "content": [
    [
     "2015-03-03 16:13:02 CET",
     8
    ]
   ],
   "id": "date",
   "name": "Date of execution"
  },
  "displayName": null,
  "host": {
   "content": [
    [
     "tortuga",
     8
    ]
   ],
   "id": "host",
   "name": "Host"
  },
  "limit": {
   "content": [
    [
     "timelimit: 10 s, memlimit: 3000 MB, CPU core limit: 1",
     8
    ]
   ],
   "id": "limits",
   "name": "Limits"
  },
  "options": {
   "content": [
    [
     "-noout -setprop log.consoleLevel=WARNING -predicateAnalysis",
     4
    ],
    [
     "-noout -setprop log.consoleLevel=WARNING -valueAnalysis",
     4
    ]
   ],
   "id": "options",
   "name": "Options"
  },
  "os": {
   "content": [
    [
     "Linux 3.13.0-45-generic x86_64",
     8
    ]
   ],
   "id": "os",
   "name": "OS"
  },
  "property": null,
  "runset": {
   "content": [
    [
     "predicateAnalysis",
     4
    ],
    [
     "valueAnalysis",
     4
    ]
   ],
   "id": "run",
   "name": "Run set"
  },
  "system": {
   "content": [
    [
     "CPU: Intel Core i7-2600 CPU @ 3.40GHz, cores: 8, frequency: 3401 MHz; RAM: 16389384 kB",
     8
    ]
   ],
   "id": "system",
   "name": "System"
  },
  "title": {
   "content": [
    [
     "status",
     1
    ],
    [
     "cputime (s)",
     1
    ],
    [
     "walltime (s)",
     1
    ],
    [
     "memory (MB)",
     1
    ],
    [
     "status",
     1
    ],
    [
     "cputime (s)",
     1
    ],
    [
     "walltime (s)",
     1
    ],
    [
     "memory (MB)",
     1
    ]
   ],
   "id": "columnTitles",
   "name": "benchexec/tablegenerator/test_integration/results/"
  },
  "tool": {
   "content": [
    [
     "CPAchecker 1.4-svn 15944M",
     8
    ]
   ],
   "id": "tool",
   "name": "Tool"
  }
 },
 "props": [
  true,
  true,
  false
 ],
 "rows": [
  {
   "has_sourcefile": true,
   "href": "../results/test/programs/simple/bitvectors/implicitunsignedconversion_false-unreach-label.i",
   "id": [
    "benchexec/tablegenerator/test_integration/results/test/programs/simple/bitvectors/implicitunsignedconversion_false-unreach-label.i",
    "unreach-label",
    null
   ],
   "results": [
    {
     "category": "wrong",
     "href": "../results/test.2015-03-03_1613.logfiles/predicateAnalysis.implicitunsignedconversion_false-unreach-label.i.log",
     "values": [
      {
       "raw": "true"
      },
      {
       "html": "2.17",
       "raw": "2.169189428"
      },
      {
       "html": "2.18",
       "raw": "2.1783649921417236"
      },
      {
       "html": "128",
       "raw": "128.032768"
      }
     ]
    },
    {
     "category": "correct",
     "href": "../results/test.2015-03-03_1613.logfiles/valueAnalysis.implicitunsignedconversion_false-unreach-label.i.log",
     "values": [
      {
       "raw": "false(reach)"
      },
      {
       "html": "2.12",
       "raw": "2.117287256"
      },
      {
       "html": "2.13",
       "raw": "2.1272354125976562"
      },
      {
       "html": "134",
       "raw": "133.574656"
      }
     ]
    }
   ],
   "short_filename": "test/programs/simple/bitvectors/implicitunsignedconversion_false-unreach-label.i"
  },
  {
   "has_sourcefile": true,
   "href": "../results/test/programs/simple/switch_test_default_fallthrough_false-unreach-label.c",
   "id": [
    "benchexec/tablegenerator/test_integration/results/test/programs/simple/switch_test_default_fallthrough_false-unreach-label.c",
    "unreach-label",
    null
   ],
   "results": [
    {
     "category": "correct",
     "href": "../results/test.2015-03-03_1613.logfiles/predicateAnalysis.switch_test_default_fallthrough_false-unreach-label.c.log",
     "values": [
      {
       "raw": "false(reach)"
      },
      {
       "html": "2.19",
       "raw": "2.189887353"
      },
      {
       "html": "2.20",
       "raw": "2.1968865394592285"
      },
      {
       "html": "129",
       "raw": "129.11820799999998"
      }
     ]
    },
    {
     "category": "correct",
     "href": "../results/test.2015-03-03_1613.logfiles/valueAnalysis.switch_test_default_fallthrough_false-unreach-label.c.log",
     "values": [
      {
       "raw": "false(reach)"
      },
      {
       "html": "2.16",
       "raw": "2.159436775"
      },
      {
       "html": "2.17",
       "raw": "2.1679935455322266"
      },
      {
       "html": "131",
       "raw": "131.117056"
      }
     ]
    }
   ],
   "short_filename": "test/programs/simple/switch_test_default_fallthrough_false-unreach-label.c"
  },
  {
   "has_sourcefile": true,
   "href": "../results/test/programs/simple/compoundLiteral_true-unreach-label.c",
   "id": [
    "benchexec/tablegenerator/test_integration/results/test/programs/simple/compoundLiteral_true-unreach-label.c",
    "unreach-label",
    null
   ],
   "results": [
    {
     "category": "correct",
     "href": "../results/test.2015-03-03_1613.logfiles/predicateAnalysis.compoundLiteral_true-unreach-label.c.log",
     "values": [
      {
       "raw": "true"
      },
      {
       "html": "2.23",
       "raw": "2.22954344"
      },
      {
       "html": "2.24",
       "raw": "2.237081289291382"
      },
      {
       "html": "132",
       "raw": "132.337664"
      }
     ]
    },
    {
     "category": "unknown",
     "href": "../results/test.2015-03-03_1613.logfiles/valueAnalysis.compoundLiteral_true-unreach-label.c.log",
     "values": [
      {
       "raw": "unknown"
      },
      {
       "html": "2.20",
       "raw": "2.203966561"
      },
      {
       "html": "2.21",
       "raw": "2.2127082347869873"
      },
      {
       "html": "130",
       "raw": "130.29376"
      }
     ]
    }
   ],
   "short_filename": "test/programs/simple/compoundLiteral_true-unreach-label.c"
  },
  {
   "has_sourcefile": true,
   "href": "../results/doc/examples/example.c",
   "id": [
    "benchexec/tablegenerator/test_integration/results/doc/examples/example.c",
    null,
    null
   ],
   "results": [
    {
     "category": "missing",
     "href": "../results/test.2015-03-03_1613.logfiles/predicateAnalysis.example.c.log",
     "values": [
      {
       "raw": "true"
      },
      {
       "html": "2.27",
       "raw": "2.272238619"
      },
      {
       "html": "2.28",
       "raw": "2.2822041511535645"
      },
      {
       "html": "129",
       "raw": "129.470464"
      }
     ]
    },
    {
     "category": "missing",
     "href": "../results/test.2015-03-03_1613.logfiles/valueAnalysis.example.c.log",
     "values": [
      {
       "raw": "true"
      },
      {
       "html": "2.02",
       "raw": "2.018490461"
      },
      {
       "html": "2.03",
       "raw": "2.0274627208709717"
      },
      {
       "html": "126",
       "raw": "126.210048"
      }
     ]
    }
   ],
   "short_filename": "doc/examples/example.c"
  },
  {
   "has_sourcefile": true,
   "href": "../results/test/programs/simple/builtin_expect_true-unreach-label.c",
   "id": [
    "benchexec/tablegenerator/test_integration/results/test/programs/simple/builtin_expect_true-unreach-label.c",
    "unreach-label",
    null
   ],
   "results": [
    {
     "category": "correct",
     "href": "../results/test.2015-03-03_1613.logfiles/predicateAnalysis.builtin_expect_true-unreach-label.c.log",
     "values": [
      {
       "raw": "true"
      },
      {
       "html": "2.06",
       "raw": "2.058647067"
      },
      {
       "html": "2.07",
       "raw": "2.0664572715759277"
      },
      {
       "html": "126",
       "raw": "126.31244799999999"
      }
     ]
    },
    {
     "category": "missing",
     "href": null,
     "values": [
      {
       "raw": null
      },
      {
       "raw": ""
      },
      {
       "raw": ""
      },
      {
       "raw": ""
      }
     ]
    }
   ],
   "short_filename": "test/programs/simple/builtin_expect_true-unreach-label.c"
  }
 ],
 "stats": [
  {
   "content": [
    [
     {
      "avg": null,
      "max": null,
      "median": null,
      "min": null,
      "stdev": null,
      "sum": 3
     },
     {
      "avg": "2.15",
      "max": "2.23",
      "median": "2.17",
      "min": "2.06",
      "stdev": "0.0708",
      "sum": "6.46"
     },
     {
      "avg": "2.16",
      "max": "2.24",
      "median": "2.18",
      "min": "2.07",
      "stdev": "0.0708",
      "sum": "6.48"
     },
     {
      "avg": "129",
      "max": "132",
      "median": "128",
      "min": "126",
      "stdev": "2.53",
      "sum": "387"
     }
    ],
    [
     {
      "avg": null,
      "max": null,
      "median": null,
      "min": null,
      "stdev": null,
      "sum": 2
     },
     {
      "avg": "2.16",
      "max": "2.20",
      "median": "2.16",
      "min": "2.12",
      "stdev": "0.0433",
      "sum": "4.32"
     },
     {
      "avg": "2.17",
      "max": "2.21",
      "median": "2.17",
      "min": "2.13",
      "stdev": "0.0427",
      "sum": "4.34"
     },
     {
      "avg": "132",
      "max": "134",
      "median": "132",
      "min": "130",
      "stdev": "1.64",
      "sum": "264"
     }
    ]
   ],
   "description": "in total 2 true tasks, 1 false tasks",
   "id": null,
   "title": "total"
  },
  {
   "content": [
    [
     {
      "avg": null,
      "max": null,
      "median": null,
      "min": null,
      "stdev": null,
      "sum": 2
     },
     {
      "avg": "2.14",
      "max": "2.23",
      "median": "2.14",
      "min": "2.06",
      "stdev": "0.0854",
      "sum": "4.29"
     },
     {
      "avg": "2.15",
      "max": "2.24",
      "median": "2.15",
      "min": "2.07",
      "stdev": "0.0853",
      "sum": "4.30"
     },
     {
      "avg": "129",
      "max": "132",
      "median": "129",
      "min": "126",
      "stdev": "3.01",
      "sum": "259"
     }
    ],
    [
     {
      "avg": null,
      "max": null,
      "median": null,
      "min": null,
      "stdev": null,
      "sum": 1
     },
     {
      "avg": "2.12",
      "max": "2.12",
      "median": "2.12",
      "min": "2.12",
      "stdev": "0",
      "sum": "2.12"
     },
     {
      "avg": "2.13",
      "max": "2.13",
      "median": "2.13",
      "min": "2.13",
      "stdev": "0",
      "sum": "2.13"
     },
     {
      "avg": "134",
      "max": "134",
      "median": "134",
      "min": "134",
      "stdev": "0",
      "sum": "134"
     }
    ]
   ],
   "description": "(property holds + result is true) OR (property does not hold + result is false)",
   "id": null,
   "title": "&nbsp;&nbsp;&nbsp;&nbsp;correct results"
  },
  {
   "content": [
    [
     {
      "avg": null,
      "max": null,
      "median": null,
      "min": null,
      "stdev": null,
      "sum": 2
     },
     {
      "avg": "2.14",
      "max": "2.23",
      "median": "2.14",
      "min": "2.06",
      "stdev": "0.0854",
      "sum": "4.29"
     },
     {
      "avg": "2.15",
      "max": "2.24",
      "median": "2.15",
      "min": "2.07",
      "stdev": "0.0853",
      "sum": "4.30"
     },
     {
      "avg": "129",
      "max": "132",
      "median": "129",
      "min": "126",
      "stdev": "3.01",
      "sum": "259"
     }
    ],
    [
     {
      "avg": null,
      "max": null,
      "median": null,
      "min": null,
      "stdev": null,
      "sum": 0
     },
     null,
     null,
     null
    ]
   ],
   "description": "property holds + result is true",
   "id": null,
   "title": "&nbsp;&nbsp;&nbsp;&nbsp;&nbsp;&nbsp;&nbsp;&nbsp;correct true"
  },
  {
   "content": [
    [
     {
      "avg": null,
      "max": null,
      "median": null,
      "min": null,
      "stdev": null,
      "sum": 0
     },
     null,
     null,
     null
    ],
    [
     {
      "avg": null,
      "max": null,
      "median": null,
      "min": null,
      "stdev": null,
      "sum": 1
     },
     {
      "avg": "2.12",
      "max": "2.12",
      "median": "2.12",
      "min": "2.12",
      "stdev": "0",
      "sum": "2.12"
     },
     {
      "avg": "2.13",
      "max": "2.13",
      "median": "2.13",
      "min": "2.13",
      "stdev": "0",
      "sum": "2.13"
     },
     {
      "avg": "134",
      "max": "134",
      "median": "134",
      "min": "134",
      "stdev": "0",
      "sum": "134"
     }
    ]
   ],
   "description": "property does not hold + result is false",
   "id": null,
   "title": "&nbsp;&nbsp;&nbsp;&nbsp;&nbsp;&nbsp;&nbsp;&nbsp;correct false"
  },
  {
   "content": [
    [
     {
      "avg": null,
      "max": null,
      "median": null,
      "min": null,
      "stdev": null,
      "sum": 1
     },
     {
      "avg": "2.17",
      "max": "2.17",
      "median": "2.17",
      "min": "2.17",
      "stdev": "0",
      "sum": "2.17"
     },
     {
      "avg": "2.18",
      "max": "2.18",
      "median": "2.18",
      "min": "2.18",
      "stdev": "0",
      "sum": "2.18"
     },
     {
      "avg": "128",
      "max": "128",
      "median": "128",
      "min": "128",
      "stdev": "0",
      "sum": "128"
     }
    ],
    [
     {
      "avg": null,
      "max": null,
      "median": null,
      "min": null,
      "stdev": null,
      "sum": 0
     },
     null,
     null,
     null
    ]
   ],
   "description": "(property holds + result is false) OR (property does not hold + result is true)",
   "id": null,
   "title": "&nbsp;&nbsp;&nbsp;&nbsp;incorrect results"
  },
  {
   "content": [
    [
     {
      "avg": null,
      "max": null,
      "median": null,
      "min": null,
      "stdev": null,
      "sum": 1
     },
     {
      "avg": "2.17",
      "max": "2.17",
      "median": "2.17",
      "min": "2.17",
      "stdev": "0",
      "sum": "2.17"
     },
     {
      "avg": "2.18",
      "max": "2.18",
      "median": "2.18",
      "min": "2.18",
      "stdev": "0",
      "sum": "2.18"
     },
     {
      "avg": "128",
      "max": "128",
      "median": "128",
      "min": "128",
      "stdev": "0",
      "sum": "128"
     }
    ],
    [
     {
      "avg": null,
      "max": null,
      "median": null,
      "min": null,
      "stdev": null,
      "sum": 0
     },
     null,
     null,
     null
    ]
   ],
   "description": "property does not hold + result is true",
   "id": null,
   "title": "&nbsp;&nbsp;&nbsp;&nbsp;&nbsp;&nbsp;&nbsp;&nbsp;incorrect true"
  },
  {
   "content": [
    [
     {
      "avg": null,
      "max": null,
      "median": null,
      "min": null,
      "stdev": null,
      "sum": 0
     },
     null,
     null,
     null
    ],
    [
     {
      "avg": null,
      "max": null,
      "median": null,
      "min": null,
      "stdev": null,
      "sum": 0
     },
     null,
     null,
     null
    ]
   ],
   "description": "property holds + result is false",
   "id": null,
   "title": "&nbsp;&nbsp;&nbsp;&nbsp;&nbsp;&nbsp;&nbsp;&nbsp;incorrect false"
  },
  {
   "content": [
    [
     {
      "avg": null,
      "max": null,
      "median": null,
      "min": null,
      "stdev": null,
      "sum": -28
     },
     null,
     null,
     null
    ],
    [
     {
      "avg": null,
      "max": null,
      "median": null,
      "min": null,
      "stdev": null,
      "sum": 1
     },
     null,
     null,
     null
    ]
   ],
   "description": "in total 2 true tasks, 1 false tasks",
   "id": "score",
   "title": "score (3 tasks, max score: 5)"
  }
 ],
 "tools": [
  {
   "benchmarkname": "test",
   "block": "[0; 1; 2]",
   "branch": "",
   "columns": [
    {
     "display_title": "status",
     "href": null,
     "number_of_significant_digits": null,
     "pattern": null,
     "relevant_for_diff": false,
     "scale_factor": 1,
     "source_unit": null,
     "title": "status",
     "type": "status",
     "unit": null
    },
    {
     "display_title": "cputime",
     "href": null,
     "number_of_significant_digits": null,
     "pattern": null,
     "relevant_for_diff": false,
     "scale_factor": 1,
     "source_unit": "s",
     "title": "cputime",
     "type": "measure",
     "unit": "s"
    },
    {
     "display_title": "walltime",
     "href": null,
     "number_of_significant_digits": null,
     "pattern": null,
     "relevant_for_diff": false,
     "scale_factor": 1,
     "source_unit": "s",
     "title": "walltime",
     "type": "measure",
     "unit": "s"
    },
    {
     "display_title": "memory",
     "href": null,
     "number_of_significant_digits": null,
     "pattern": null,
     "relevant_for_diff": false,
     "scale_factor": 1e-06,
     "source_unit": "B",
     "title": "memUsage",
     "type": "measure",
     "unit": "MB"
    }
   ],
   "cores": "8",
   "cpu": "Intel Core i7-2600 CPU @ 3.40GHz",
   "cpuCores": "1",
   "date": "2015-03-03 16:13:02 CET",
   "displayName": "",
   "freq": "3401 MHz",
   "host": "tortuga",
   "memlimit": "3000 MB",
   "name": "predicateAnalysis",
   "niceName": "predicateAnalysis",
   "options": "-noout -setprop log.consoleLevel=WARNING -predicateAnalysis",
   "os": "Linux 3.13.0-45-generic x86_64",
   "ram": "16389384 kB",
   "timelimit": "10 s",
   "tool": "CPAchecker",
   "toolmodule": "benchexec.tools.cpachecker",
   "turbo": "",
   "version": "1.4-svn 15944M"
  },
  {
   "benchmarkname": "test",
   "block": "[1; 0]",
   "branch": "",
   "columns": [
    {
     "display_title": "status",
     "href": null,
     "number_of_significant_digits": null,
     "pattern": null,
     "relevant_for_diff": false,
     "scale_factor": 1,
     "source_unit": null,
     "title": "status",
     "type": "status",
     "unit": null
    },
    {
     "display_title": "cputime",
     "href": null,
     "number_of_significant_digits": null,
     "pattern": null,
     "relevant_for_diff": false,
     "scale_factor": 1,
     "source_unit": "s",
     "title": "cputime",
     "type": "measure",
     "unit": "s"
    },
    {
     "display_title": "walltime",
     "href": null,
     "number_of_significant_digits": null,
     "pattern": null,
     "relevant_for_diff": false,
     "scale_factor": 1,
     "source_unit": "s",
     "title": "walltime",
     "type": "measure",
     "unit": "s"
    },
    {
     "display_title": "memory",
     "href": null,
     "number_of_significant_digits": null,
     "pattern": null,
     "relevant_for_diff": false,
     "scale_factor": 1e-06,
     "source_unit": "B",
     "title": "memUsage",
     "type": "measure",
     "unit": "MB"
    }
   ],
   "cores": "8",
   "cpu": "Intel Core i7-2600 CPU @ 3.40GHz",
   "cpuCores": "1",
   "date": "2015-03-03 16:13:02 CET",
   "displayName": "",
   "freq": "3401 MHz",
   "host": "tortuga",
   "memlimit": "3000 MB",
   "name": "valueAnalysis",
   "niceName": "valueAnalysis",
   "options": "-noout -setprop log.consoleLevel=WARNING -valueAnalysis",
   "os": "Linux 3.13.0-45-generic x86_64",
   "ram": "16389384 kB",
   "timelimit": "10 s",
   "tool": "CPAchecker",
   "toolmodule": "benchexec.tools.cpachecker",
   "turbo": "",
   "version": "1.4-svn 15944M"
  }
 ],
 "version": "2.3-dev"
}