% The following definition defines a command for each value.
% The command name is the concatenation of the first six arguments.
% To override this definition, define \StoreBenchExecResult with \newcommand before including this file.
% Arguments: benchmark name, run-set name, category, status, column name, statistic, value
\providecommand\StoreBenchExecResult[7]{\expandafter\newcommand\csname#1#2#3#4#5#6\endcsname{#7}}%
\StoreBenchExecResult{Test}{}{Status}{Score}{}{}{0}%
\StoreBenchExecResult{Test}{}{Status}{Total}{}{}{6}%
\StoreBenchExecResult{Test}{}{Status}{Correct}{}{}{4}%
\StoreBenchExecResult{Test}{}{Status}{Correct}{True}{}{4}%
\StoreBenchExecResult{Test}{}{Status}{Correct}{False}{}{0}%
\StoreBenchExecResult{Test}{}{Status}{Correct}{Unconfirmed}{}{0}%
\StoreBenchExecResult{Test}{}{Status}{CorrectUnconfirmed}{True}{}{0}%
\StoreBenchExecResult{Test}{}{Status}{CorrectUnconfirmed}{False}{}{0}%
\StoreBenchExecResult{Test}{}{Status}{Wrong}{}{}{2}%
\StoreBenchExecResult{Test}{}{Status}{Wrong}{True}{}{2}%
\StoreBenchExecResult{Test}{}{Status}{Wrong}{False}{}{0}%
\StoreBenchExecResult{Test}{}{Cputime}{Total}{}{}{12.116796132}%
\StoreBenchExecResult{Test}{}{Cputime}{Total}{}{Min}{1.850979621}%
\StoreBenchExecResult{Test}{}{Cputime}{Total}{}{Max}{2.22954344}%
\StoreBenchExecResult{Test}{}{Cputime}{Total}{}{Avg}{2.019466022}%
\StoreBenchExecResult{Test}{}{Cputime}{Total}{}{Median}{2.004100267}%
\StoreBenchExecResult{Test}{}{Cputime}{Total}{}{Stdev}{0.1455719059212124556292905956}%
\StoreBenchExecResult{Test}{}{Cputime}{Correct}{}{}{8.088723595}%
\StoreBenchExecResult{Test}{}{Cputime}{Correct}{}{Min}{1.850979621}%
\StoreBenchExecResult{Test}{}{Cputime}{Correct}{}{Max}{2.22954344}%
\StoreBenchExecResult{Test}{}{Cputime}{Correct}{}{Avg}{2.02218089875}%
\StoreBenchExecResult{Test}{}{Cputime}{Correct}{}{Median}{2.004100267}%
\StoreBenchExecResult{Test}{}{Cputime}{Correct}{}{Stdev}{0.1404578462442814306287545612}%
\StoreBenchExecResult{Test}{}{Cputime}{Correct}{True}{}{8.088723595}%
\StoreBenchExecResult{Test}{}{Cputime}{Correct}{True}{Min}{1.850979621}%
\StoreBenchExecResult{Test}{}{Cputime}{Correct}{True}{Max}{2.22954344}%
\StoreBenchExecResult{Test}{}{Cputime}{Correct}{True}{Avg}{2.02218089875}%
\StoreBenchExecResult{Test}{}{Cputime}{Correct}{True}{Median}{2.004100267}%
\StoreBenchExecResult{Test}{}{Cputime}{Correct}{True}{Stdev}{0.1404578462442814306287545612}%
\StoreBenchExecResult{Test}{}{Cputime}{Wrong}{}{}{4.028072537}%
\StoreBenchExecResult{Test}{}{Cputime}{Wrong}{}{Min}{1.858883109}%
\StoreBenchExecResult{Test}{}{Cputime}{Wrong}{}{Max}{2.169189428}%
\StoreBenchExecResult{Test}{}{Cputime}{Wrong}{}{Avg}{2.0140362685}%
\StoreBenchExecResult{Test}{}{Cputime}{Wrong}{}{Median}{2.0140362685}%
\StoreBenchExecResult{Test}{}{Cputime}{Wrong}{}{Stdev}{0.15515315950000}%
\StoreBenchExecResult{Test}{}{Cputime}{Wrong}{True}{}{4.028072537}%
\StoreBenchExecResult{Test}{}{Cputime}{Wrong}{True}{Min}{1.858883109}%
\StoreBenchExecResult{Test}{}{Cputime}{Wrong}{True}{Max}{2.169189428}%
\StoreBenchExecResult{Test}{}{Cputime}{Wrong}{True}{Avg}{2.0140362685}%
\StoreBenchExecResult{Test}{}{Cputime}{Wrong}{True}{Median}{2.0140362685}%
\StoreBenchExecResult{Test}{}{Cputime}{Wrong}{True}{Stdev}{0.15515315950000}%
\StoreBenchExecResult{Test}{}{Walltime}{Total}{}{}{12.1650230884552004}%
\StoreBenchExecResult{Test}{}{Walltime}{Total}{}{Min}{1.8589563369750977}%
\StoreBenchExecResult{Test}{}{Walltime}{Total}{}{Max}{2.237081289291382}%
\StoreBenchExecResult{Test}{}{Walltime}{Total}{}{Avg}{2.027503848075866733333333333}%
\StoreBenchExecResult{Test}{}{Walltime}{Total}{}{Median}{2.01199424266815185}%
\StoreBenchExecResult{Test}{}{Walltime}{Total}{}{Stdev}{0.1457070962190776586448498298}%
\StoreBenchExecResult{Test}{}{Walltime}{Correct}{}{}{8.1200261116027834}%
\StoreBenchExecResult{Test}{}{Walltime}{Correct}{}{Min}{1.8589563369750977}%
\StoreBenchExecResult{Test}{}{Walltime}{Correct}{}{Max}{2.237081289291382}%
\StoreBenchExecResult{Test}{}{Walltime}{Correct}{}{Avg}{2.03000652790069585}%
\StoreBenchExecResult{Test}{}{Walltime}{Correct}{}{Median}{2.01199424266815185}%
\StoreBenchExecResult{Test}{}{Walltime}{Correct}{}{Stdev}{0.1402849354839184828568719108}%
\StoreBenchExecResult{Test}{}{Walltime}{Correct}{True}{}{8.1200261116027834}%
\StoreBenchExecResult{Test}{}{Walltime}{Correct}{True}{Min}{1.8589563369750977}%
\StoreBenchExecResult{Test}{}{Walltime}{Correct}{True}{Max}{2.237081289291382}%
\StoreBenchExecResult{Test}{}{Walltime}{Correct}{True}{Avg}{2.03000652790069585}%
\StoreBenchExecResult{Test}{}{Walltime}{Correct}{True}{Median}{2.01199424266815185}%
\StoreBenchExecResult{Test}{}{Walltime}{Correct}{True}{Stdev}{0.1402849354839184828568719108}%
\StoreBenchExecResult{Test}{}{Walltime}{Wrong}{}{}{4.0449969768524170}%
\StoreBenchExecResult{Test}{}{Walltime}{Wrong}{}{Min}{1.8666319847106934}%
\StoreBenchExecResult{Test}{}{Walltime}{Wrong}{}{Max}{2.1783649921417236}%
\StoreBenchExecResult{Test}{}{Walltime}{Wrong}{}{Avg}{2.0224984884262085}%
\StoreBenchExecResult{Test}{}{Walltime}{Wrong}{}{Median}{2.0224984884262085}%
\StoreBenchExecResult{Test}{}{Walltime}{Wrong}{}{Stdev}{0.1558665037155151000000000000}%
\StoreBenchExecResult{Test}{}{Walltime}{Wrong}{True}{}{4.0449969768524170}%
\StoreBenchExecResult{Test}{}{Walltime}{Wrong}{True}{Min}{1.8666319847106934}%
\StoreBenchExecResult{Test}{}{Walltime}{Wrong}{True}{Max}{2.1783649921417236}%
\StoreBenchExecResult{Test}{}{Walltime}{Wrong}{True}{Avg}{2.0224984884262085}%
\StoreBenchExecResult{Test}{}{Walltime}{Wrong}{True}{Median}{2.0224984884262085}%
\StoreBenchExecResult{Test}{}{Walltime}{Wrong}{True}{Stdev}{0.1558665037155151000000000000}%
\StoreBenchExecResult{Test}{}{Memory}{Total}{}{}{775.593984}%
\StoreBenchExecResult{Test}{}{Memory}{Total}{}{Min}{126.312448}%
\StoreBenchExecResult{Test}{}{Memory}{Total}{}{Max}{132.337664}%
\StoreBenchExecResult{Test}{}{Memory}{Total}{}{Avg}{129.265664}%
\StoreBenchExecResult{Test}{}{Memory}{Total}{}{Median}{129.171456}%
\StoreBenchExecResult{Test}{}{Memory}{Total}{}{Stdev}{1.923502707890997485403103070}%
\StoreBenchExecResult{Test}{}{Memory}{Correct}{}{}{516.993024}%
\StoreBenchExecResult{Test}{}{Memory}{Correct}{}{Min}{126.312448}%
\StoreBenchExecResult{Test}{}{Memory}{Correct}{}{Max}{132.337664}%
\StoreBenchExecResult{Test}{}{Memory}{Correct}{}{Avg}{129.248256}%
\StoreBenchExecResult{Test}{}{Memory}{Correct}{}{Median}{129.171456}%
\StoreBenchExecResult{Test}{}{Memory}{Correct}{}{Stdev}{2.178379679493912282486925149}%
\StoreBenchExecResult{Test}{}{Memory}{Correct}{True}{}{516.993024}%
\StoreBenchExecResult{Test}{}{Memory}{Correct}{True}{Min}{126.312448}%
\StoreBenchExecResult{Test}{}{Memory}{Correct}{True}{Max}{132.337664}%
\StoreBenchExecResult{Test}{}{Memory}{Correct}{True}{Avg}{129.248256}%
\StoreBenchExecResult{Test}{}{Memory}{Correct}{True}{Median}{129.171456}%
\StoreBenchExecResult{Test}{}{Memory}{Correct}{True}{Stdev}{2.178379679493912282486925149}%
\StoreBenchExecResult{Test}{}{Memory}{Wrong}{}{}{258.600960}%
\StoreBenchExecResult{Test}{}{Memory}{Wrong}{}{Min}{128.032768}%
\StoreBenchExecResult{Test}{}{Memory}{Wrong}{}{Max}{130.568192}%
\StoreBenchExecResult{Test}{}{Memory}{Wrong}{}{Avg}{129.300480}%
\StoreBenchExecResult{Test}{}{Memory}{Wrong}{}{Median}{129.300480}%
\StoreBenchExecResult{Test}{}{Memory}{Wrong}{}{Stdev}{1.26771200000000}%
\StoreBenchExecResult{Test}{}{Memory}{Wrong}{True}{}{258.600960}%
\StoreBenchExecResult{Test}{}{Memory}{Wrong}{True}{Min}{128.032768}%
\StoreBenchExecResult{Test}{}{Memory}{Wrong}{True}{Max}{130.568192}%
\StoreBenchExecResult{Test}{}{Memory}{Wrong}{True}{Avg}{129.300480}%
\StoreBenchExecResult{Test}{}{Memory}{Wrong}{True}{Median}{129.300480}%
\StoreBenchExecResult{Test}{}{Memory}{Wrong}{True}{Stdev}{1.26771200000000}%
\StoreBenchExecResult{TestI}{}{Status}{Score}{}{}{0}%
\StoreBenchExecResult{TestI}{}{Status}{Total}{}{}{4}%
\StoreBenchExecResult{TestI}{}{Status}{Correct}{}{}{2}%
\StoreBenchExecResult{TestI}{}{Status}{Correct}{True}{}{0}%
\StoreBenchExecResult{TestI}{}{Status}{Correct}{False}{}{2}%
\StoreBenchExecResult{TestI}{}{Status}{Correct}{Unconfirmed}{}{0}%
\StoreBenchExecResult{TestI}{}{Status}{CorrectUnconfirmed}{True}{}{0}%
\StoreBenchExecResult{TestI}{}{Status}{CorrectUnconfirmed}{False}{}{0}%
\StoreBenchExecResult{TestI}{}{Status}{Wrong}{}{}{0}%
\StoreBenchExecResult{TestI}{}{Status}{Wrong}{True}{}{0}%
\StoreBenchExecResult{TestI}{}{Status}{Wrong}{False}{}{0}%
\StoreBenchExecResult{TestI}{}{Cputime}{Total}{}{}{7.950418086}%
\StoreBenchExecResult{TestI}{}{Cputime}{Total}{}{Min}{1.812178923}%
\StoreBenchExecResult{TestI}{}{Cputime}{Total}{}{Max}{2.203966561}%
\StoreBenchExecResult{TestI}{}{Cputime}{Total}{}{Avg}{1.9876045215}%
\StoreBenchExecResult{TestI}{}{Cputime}{Total}{}{Median}{1.967136301}%
\StoreBenchExecResult{TestI}{}{Cputime}{Total}{}{Stdev}{0.1757236377251080391769330711}%
\StoreBenchExecResult{TestI}{}{Cputime}{Correct}{}{}{3.934272602}%
\StoreBenchExecResult{TestI}{}{Cputime}{Correct}{}{Min}{1.816985346}%
\StoreBenchExecResult{TestI}{}{Cputime}{Correct}{}{Max}{2.117287256}%
\StoreBenchExecResult{TestI}{}{Cputime}{Correct}{}{Avg}{1.967136301}%
\StoreBenchExecResult{TestI}{}{Cputime}{Correct}{}{Median}{1.967136301}%
\StoreBenchExecResult{TestI}{}{Cputime}{Correct}{}{Stdev}{0.15015095500000}%
\StoreBenchExecResult{TestI}{}{Cputime}{Correct}{False}{}{3.934272602}%
\StoreBenchExecResult{TestI}{}{Cputime}{Correct}{False}{Min}{1.816985346}%
\StoreBenchExecResult{TestI}{}{Cputime}{Correct}{False}{Max}{2.117287256}%
\StoreBenchExecResult{TestI}{}{Cputime}{Correct}{False}{Avg}{1.967136301}%
\StoreBenchExecResult{TestI}{}{Cputime}{Correct}{False}{Median}{1.967136301}%
\StoreBenchExecResult{TestI}{}{Cputime}{Correct}{False}{Stdev}{0.15015095500000}%
\StoreBenchExecResult{TestI}{}{Walltime}{Total}{}{}{7.9841651916503905}%
\StoreBenchExecResult{TestI}{}{Walltime}{Total}{}{Min}{1.8193717002868652}%
\StoreBenchExecResult{TestI}{}{Walltime}{Total}{}{Max}{2.2127082347869873}%
\StoreBenchExecResult{TestI}{}{Walltime}{Total}{}{Avg}{1.996041297912597625}%
\StoreBenchExecResult{TestI}{}{Walltime}{Total}{}{Median}{1.9760426282882690}%
\StoreBenchExecResult{TestI}{}{Walltime}{Total}{}{Stdev}{0.1765468194896928820223546407}%
\StoreBenchExecResult{TestI}{}{Walltime}{Correct}{}{}{3.9520852565765380}%
\StoreBenchExecResult{TestI}{}{Walltime}{Correct}{}{Min}{1.8248498439788818}%
\StoreBenchExecResult{TestI}{}{Walltime}{Correct}{}{Max}{2.1272354125976562}%
\StoreBenchExecResult{TestI}{}{Walltime}{Correct}{}{Avg}{1.9760426282882690}%
\StoreBenchExecResult{TestI}{}{Walltime}{Correct}{}{Median}{1.9760426282882690}%
\StoreBenchExecResult{TestI}{}{Walltime}{Correct}{}{Stdev}{0.1511927843093872000000000000}%
\StoreBenchExecResult{TestI}{}{Walltime}{Correct}{False}{}{3.9520852565765380}%
\StoreBenchExecResult{TestI}{}{Walltime}{Correct}{False}{Min}{1.8248498439788818}%
\StoreBenchExecResult{TestI}{}{Walltime}{Correct}{False}{Max}{2.1272354125976562}%
\StoreBenchExecResult{TestI}{}{Walltime}{Correct}{False}{Avg}{1.9760426282882690}%
\StoreBenchExecResult{TestI}{}{Walltime}{Correct}{False}{Median}{1.9760426282882690}%
\StoreBenchExecResult{TestI}{}{Walltime}{Correct}{False}{Stdev}{0.1511927843093872000000000000}%
\StoreBenchExecResult{TestI}{}{Memory}{Total}{}{}{525.651968}%
\StoreBenchExecResult{TestI}{}{Memory}{Total}{}{Min}{130.293760}%
\StoreBenchExecResult{TestI}{}{Memory}{Total}{}{Max}{133.574656}%
\StoreBenchExecResult{TestI}{}{Memory}{Total}{}{Avg}{131.412992}%
\StoreBenchExecResult{TestI}{}{Memory}{Total}{}{Median}{130.891776}%
\StoreBenchExecResult{TestI}{}{Memory}{Total}{}{Stdev}{1.274275326481683078499779965}%
\StoreBenchExecResult{TestI}{}{Memory}{Correct}{}{}{264.581120}%
\StoreBenchExecResult{TestI}{}{Memory}{Correct}{}{Min}{131.006464}%
\StoreBenchExecResult{TestI}{}{Memory}{Correct}{}{Max}{133.574656}%
\StoreBenchExecResult{TestI}{}{Memory}{Correct}{}{Avg}{132.290560}%
\StoreBenchExecResult{TestI}{}{Memory}{Correct}{}{Median}{132.290560}%
\StoreBenchExecResult{TestI}{}{Memory}{Correct}{}{Stdev}{1.28409600000000}%
\StoreBenchExecResult{TestI}{}{Memory}{Correct}{False}{}{264.581120}%
\StoreBenchExecResult{TestI}{}{Memory}{Correct}{False}{Min}{131.006464}%
\StoreBenchExecResult{TestI}{}{Memory}{Correct}{False}{Max}{133.574656}%
\StoreBenchExecResult{TestI}{}{Memory}{Correct}{False}{Avg}{132.290560}%
\StoreBenchExecResult{TestI}{}{Memory}{Correct}{False}{Median}{132.290560}%
\StoreBenchExecResult{TestI}{}{Memory}{Correct}{False}{Stdev}{1.28409600000000}%