// Jest Snapshot v1, https://goo.gl/fbAQLP

exports[`snapshot test Overview 1`] = `
<button
  className="reset"
>
  Reset Filters
</button>
`;
