<table id="dataTable">
<thead>
  <tr id="tool" class="tool collapsable-header">
<td colspan="2">Tool</td>
<td colspan="16">CPAchecker 1.4-svn 15944M</td>
<td colspan="16">CPAchecker 1.4-svn 15986M</td>
</tr>
  <tr id="limits" class="limits collapsable-header">
<td colspan="2">Limits</td>
<td colspan="32">timelimit: 10 s, memlimit: 3000 MB, CPU core limit: 1</td>
</tr>
  <tr id="host" class="host collapsable-header">
<td colspan="2">Host</td>
<td colspan="32">tortuga</td>
</tr>
  <tr id="os" class="os collapsable-header">
<td colspan="2">OS</td>
<td colspan="32">Linux 3.13.0-45-generic x86_64</td>
</tr>
  <tr id="system" class="system collapsable-header">
<td colspan="2">System</td>
<td colspan="32">CPU: Intel Core i7-2600 CPU @ 3.40GHz with 8 cores, frequency: 3401 MHz; RAM: 16389384 kB</td>
</tr>
  <tr id="date" class="date collapsable-header">
<td colspan="2">Date of execution</td>
<td colspan="16">2015-03-03 16:13:02 CET</td>
<td colspan="16">2015-03-03 18:15:20 CET</td>
</tr>
  <tr id="run" class="run ">
<td colspan="2">Run set</td>
<td colspan="8">predicateAnalysis</td>
<td colspan="8">valueAnalysis</td>
<td colspan="8">predicateAnalysis</td>
<td colspan="8">valueAnalysis</td>
</tr>
  <tr id="options" class="options collapsable-header">
<td colspan="2">Options</td>
<td colspan="8"><span style="display:block">-noout</span><span style="display:block"> -setprop log.consoleLevel=WARNING</span><span style="display:block"> -predicateAnalysis</span></td>
<td colspan="8"><span style="display:block">-noout</span><span style="display:block"> -setprop log.consoleLevel=WARNING</span><span style="display:block"> -valueAnalysis</span></td>
<td colspan="8"><span style="display:block">-noout</span><span style="display:block"> -setprop log.consoleLevel=WARNING</span><span style="display:block"> -predicateAnalysis</span></td>
<td colspan="8"><span style="display:block">-noout</span><span style="display:block"> -setprop log.consoleLevel=WARNING</span><span style="display:block"> -valueAnalysis</span></td>
</tr>
  <tr id="columnTitles" class="columnTitles ">
<td colspan="2"></td>
<td colspan="1">status</td>
<td colspan="1">category</td>
<td colspan="1">score</td>
<td colspan="1">cputime (s)</td>
<td colspan="1">setup (s)</td>
<td colspan="1">non-existent</td>
<td colspan="1">SMT time (s)</td>
<td colspan="1">variable count</td>
<td colspan="1">status</td>
<td colspan="1">category</td>
<td colspan="1">score</td>
<td colspan="1">cputime (s)</td>
<td colspan="1">setup (s)</td>
<td colspan="1">non-existent</td>
<td colspan="1">SMT time</td>
<td colspan="1">variable count</td>
<td colspan="1">status</td>
<td colspan="1">category</td>
<td colspan="1">score</td>
<td colspan="1">cputime (s)</td>
<td colspan="1">setup (s)</td>
<td colspan="1">non-existent</td>
<td colspan="1">SMT time (s)</td>
<td colspan="1">variable count</td>
<td colspan="1">status</td>
<td colspan="1">category</td>
<td colspan="1">score</td>
<td colspan="1">cputime (s)</td>
<td colspan="1">setup (s)</td>
<td colspan="1">non-existent</td>
<td colspan="1">SMT time</td>
<td colspan="1">variable count</td>
</tr>
</thead>

<tbody>
<tr><td title="Click here to show source code"><a href="../../../../test/programs/simple/bitvectors/implicitunsignedconversion_false-unreach-label.i">test/programs/simple/bitvectors/implicitunsignedconversion_false-unreach-label.i</a></td>
<td>unreach-label</td>
<td class="status wrong" title="Click here to show output of tool"><a href="../results/test.2015-03-03_1613.logfiles/predicateAnalysis.implicitunsignedconversion_false-unreach-label.i.log">true</a></td>
<td class="wrong value">wrong</td>
<td class="wrong value">-32</td>
<td class="wrong value">2.17&#x2007;</td>
<td class="wrong value">1.624s</td>
<td class="wrong value">-</td>
<td class="wrong value">0.020</td>
<td class="wrong value">-</td>
<td class="status correct" title="Click here to show output of tool"><a href="../results/test.2015-03-03_1613.logfiles/valueAnalysis.implicitunsignedconversion_false-unreach-label.i.log">false(reach)</a></td>
<td class="correct value">correct</td>
<td class="correct value">1</td>
<td class="correct value">2.12&#x2007;</td>
<td class="correct value">1.409s</td>
<td class="correct value">-</td>
<td class="correct value">-</td>
<td class="correct value">0</td>
<td class="status wrong" title="Click here to show output of tool"><a href="../results/test.2015-03-03_1815.logfiles/predicateAnalysis.implicitunsignedconversion_false-unreach-label.i.log">true</a></td>
<td class="wrong value">wrong</td>
<td class="wrong value">-32</td>
<td class="wrong value">1.86&#x2007;</td>
<td class="wrong value">1.380s</td>
<td class="wrong value">-</td>
<td class="wrong value">0.015</td>
<td class="wrong value">-</td>
<td class="status correct" title="Click here to show output of tool"><a href="../results/test.2015-03-03_1815.logfiles/valueAnalysis.implicitunsignedconversion_false-unreach-label.i.log">false(reach)</a></td>
<td class="correct value">correct</td>
<td class="correct value">1</td>
<td class="correct value">1.82&#x2007;</td>
<td class="correct value">1.206s</td>
<td class="correct value">-</td>
<td class="correct value">-</td>
<td class="correct value">0</td>
</tr>
<tr><td title="Click here to show source code"><a href="../../../../test/programs/simple/switch_test_default_fallthrough_false-unreach-label.c">test/programs/simple/switch_test_default_fallthrough_false-unreach-label.c</a></td>
<td>unreach-label</td>
<td class="status correct" title="Click here to show output of tool"><a href="../results/test.2015-03-03_1613.logfiles/predicateAnalysis.switch_test_default_fallthrough_false-unreach-label.c.log">false(reach)</a></td>
<td class="correct value">correct</td>
<td class="correct value">1</td>
<td class="correct value">2.19&#x2007;</td>
<td class="correct value">1.587s</td>
<td class="correct value">-</td>
<td class="correct value">0.000</td>
<td class="correct value">-</td>
<td class="status correct" title="Click here to show output of tool"><a href="../results/test.2015-03-03_1613.logfiles/valueAnalysis.switch_test_default_fallthrough_false-unreach-label.c.log">false(reach)</a></td>
<td class="correct value">correct</td>
<td class="correct value">1</td>
<td class="correct value">2.16&#x2007;</td>
<td class="correct value">1.438s</td>
<td class="correct value">-</td>
<td class="correct value">-</td>
<td class="correct value">0</td>
<td class="status correct" title="Click here to show output of tool"><a href="../results/test.2015-03-03_1815.logfiles/predicateAnalysis.switch_test_default_fallthrough_false-unreach-label.c.log">false(reach)</a></td>
<td class="correct value">correct</td>
<td class="correct value">1</td>
<td class="correct value">1.83&#x2007;</td>
<td class="correct value">1.310s</td>
<td class="correct value">-</td>
<td class="correct value">0.000</td>
<td class="correct value">-</td>
<td class="status correct" title="Click here to show output of tool"><a href="../results/test.2015-03-03_1815.logfiles/valueAnalysis.switch_test_default_fallthrough_false-unreach-label.c.log">false(reach)</a></td>
<td class="correct value">correct</td>
<td class="correct value">1</td>
<td class="correct value">1.82&#x2007;</td>
<td class="correct value">1.217s</td>
<td class="correct value">-</td>
<td class="correct value">-</td>
<td class="correct value">0</td>
</tr>
<tr><td title="Click here to show source code"><a href="../../../../test/programs/simple/compoundLiteral_true-unreach-label.c">test/programs/simple/compoundLiteral_true-unreach-label.c</a></td>
<td>unreach-label</td>
<td class="status correct" title="Click here to show output of tool"><a href="../results/test.2015-03-03_1613.logfiles/predicateAnalysis.compoundLiteral_true-unreach-label.c.log">true</a></td>
<td class="correct value">correct</td>
<td class="correct value">2</td>
<td class="correct value">2.23&#x2007;</td>
<td class="correct value">1.665s</td>
<td class="correct value">-</td>
<td class="correct value">0.018</td>
<td class="correct value">-</td>
<td class="status unknown" title="Click here to show output of tool"><a href="../results/test.2015-03-03_1613.logfiles/valueAnalysis.compoundLiteral_true-unreach-label.c.log">unknown</a></td>
<td class="unknown value">unknown</td>
<td class="unknown value">0</td>
<td class="unknown value">2.20&#x2007;</td>
<td class="unknown value">1.491s</td>
<td class="unknown value">-</td>
<td class="unknown value">-</td>
<td class="unknown value">0</td>
<td class="status correct" title="Click here to show output of tool"><a href="../results/test.2015-03-03_1815.logfiles/predicateAnalysis.compoundLiteral_true-unreach-label.c.log">true</a></td>
<td class="correct value">correct</td>
<td class="correct value">2</td>
<td class="correct value">1.95&#x2007;</td>
<td class="correct value">1.465s</td>
<td class="correct value">-</td>
<td class="correct value">0.015</td>
<td class="correct value">-</td>
<td class="status unknown" title="Click here to show output of tool"><a href="../results/test.2015-03-03_1815.logfiles/valueAnalysis.compoundLiteral_true-unreach-label.c.log">unknown</a></td>
<td class="unknown value">unknown</td>
<td class="unknown value">0</td>
<td class="unknown value">1.81&#x2007;</td>
<td class="unknown value">1.201s</td>
<td class="unknown value">-</td>
<td class="unknown value">-</td>
<td class="unknown value">0</td>
</tr>
<tr><td title="Click here to show source code"><a href="../../../../doc/examples/example.c">doc/examples/example.c</a></td>
<td></td>
<td class="status missing" title="Click here to show output of tool"><a href="../results/test.2015-03-03_1613.logfiles/predicateAnalysis.example.c.log">true</a></td>
<td class="missing value">missing</td>
<td class="missing value">0</td>
<td class="missing value">2.27&#x2007;</td>
<td class="missing value">1.644s</td>
<td class="missing value">-</td>
<td class="missing value">0.032</td>
<td class="missing value">-</td>
<td class="status missing" title="Click here to show output of tool"><a href="../results/test.2015-03-03_1613.logfiles/valueAnalysis.example.c.log">true</a></td>
<td class="missing value">missing</td>
<td class="missing value">0</td>
<td class="missing value">2.02&#x2007;</td>
<td class="missing value">1.377s</td>
<td class="missing value">-</td>
<td class="missing value">-</td>
<td class="missing value">212</td>
<td class="status missing" title="Click here to show output of tool"><a href="../results/test.2015-03-03_1815.logfiles/predicateAnalysis.example.c.log">true</a></td>
<td class="missing value">missing</td>
<td class="missing value">0</td>
<td class="missing value">1.90&#x2007;</td>
<td class="missing value">1.352s</td>
<td class="missing value">-</td>
<td class="missing value">0.025</td>
<td class="missing value">-</td>
<td class="status missing" title="Click here to show output of tool"><a href="../results/test.2015-03-03_1815.logfiles/valueAnalysis.example.c.log">true</a></td>
<td class="missing value">missing</td>
<td class="missing value">0</td>
<td class="missing value">1.75&#x2007;</td>
<td class="missing value">1.195s</td>
<td class="missing value">-</td>
<td class="missing value">-</td>
<td class="missing value">212</td>
</tr>
<tr><td title="Click here to show source code"><a href="../../../../test/programs/simple/builtin_expect_true-unreach-label.c">test/programs/simple/builtin_expect_true-unreach-label.c</a></td>
<td>unreach-label</td>
<td class="status correct" title="Click here to show output of tool"><a href="../results/test.2015-03-03_1613.logfiles/predicateAnalysis.builtin_expect_true-unreach-label.c.log">true</a></td>
<td class="correct value">correct</td>
<td class="correct value">2</td>
<td class="correct value">2.06&#x2007;</td>
<td class="correct value">1.493s</td>
<td class="correct value">-</td>
<td class="correct value">0.011</td>
<td class="correct value">-</td>
<td class="status missing">-</td>
<td class="missing value">-</td>
<td class="missing value">-</td>
<td class="missing value">-</td>
<td class="missing value">-</td>
<td class="missing value">-</td>
<td class="missing value">-</td>
<td class="missing value">-</td>
<td class="status correct" title="Click here to show output of tool"><a href="../results/test.2015-03-03_1815.logfiles/predicateAnalysis.builtin_expect_true-unreach-label.c.log">true</a></td>
<td class="correct value">correct</td>
<td class="correct value">2</td>
<td class="correct value">1.85&#x2007;</td>
<td class="correct value">1.373s</td>
<td class="correct value">-</td>
<td class="correct value">0.006</td>
<td class="correct value">-</td>
<td class="status missing">-</td>
<td class="missing value">-</td>
<td class="missing value">-</td>
<td class="missing value">-</td>
<td class="missing value">-</td>
<td class="missing value">-</td>
<td class="missing value">-</td>
<td class="missing value">-</td>
</tr>
</tbody>

<tfoot>
<tr class="columnTitles">
<td colspan="2"></td>
<td colspan="1">status</td>
<td colspan="1">category</td>
<td colspan="1">score</td>
<td colspan="1">cputime (s)</td>
<td colspan="1">setup (s)</td>
<td colspan="1">non-existent</td>
<td colspan="1">SMT time (s)</td>
<td colspan="1">variable count</td>
<td colspan="1">status</td>
<td colspan="1">category</td>
<td colspan="1">score</td>
<td colspan="1">cputime (s)</td>
<td colspan="1">setup (s)</td>
<td colspan="1">non-existent</td>
<td colspan="1">SMT time</td>
<td colspan="1">variable count</td>
<td colspan="1">status</td>
<td colspan="1">category</td>
<td colspan="1">score</td>
<td colspan="1">cputime (s)</td>
<td colspan="1">setup (s)</td>
<td colspan="1">non-existent</td>
<td colspan="1">SMT time (s)</td>
<td colspan="1">variable count</td>
<td colspan="1">status</td>
<td colspan="1">category</td>
<td colspan="1">score</td>
<td colspan="1">cputime (s)</td>
<td colspan="1">setup (s)</td>
<td colspan="1">non-existent</td>
<td colspan="1">SMT time</td>
<td colspan="1">variable count</td>
</tr>
<tr class="statistics">
<td colspan="2" title="in total 0 true tasks, 0 false tasks">total tasks</td>
<td >5</td>
<td >-</td>
<td title="Min: -32, Max: 2, Average: -5.4, Median: 1, StDev: 13.32066064427737007425572044">-27</td>
<td title="Min: 2.06, Max: 2.27, Average: 2.18, Median: 2.19, StDev: 0.0719">10.9</td>
<td title="Min: 1.493, Max: 1.665, Average: 1.6026, Median: 1.624, StDev: 0.06053296622502485628544794958">8.013</td>
<td >-</td>
<td title="Min: -, Max: 0.032, Average: 0.0162, Median: 0.018, StDev: 0.0106">0.081</td>
<td >-</td>
<td >4</td>
<td >-</td>
<td title="Min: -, Max: 1, Average: 0.5, Median: 0.5, StDev: 0.5">2</td>
<td title="Min: 2.02, Max: 2.20, Average: 2.12, Median: 2.14, StDev: 0.0686">8.50</td>
<td title="Min: 1.377, Max: 1.491, Average: 1.42875, Median: 1.4235, StDev: 0.04191882035553958667719657072">5.715</td>
<td >-</td>
<td >-</td>
<td title="Min: -, Max: 212, Average: 53, Median: -, StDev: 91.79869280115049655695465610">212</td>
<td >5</td>
<td >-</td>
<td title="Min: -32, Max: 2, Average: -5.4, Median: 1, StDev: 13.32066064427737007425572044">-27</td>
<td title="Min: 1.83, Max: 1.95, Average: 1.88, Median: 1.86, StDev: 0.0426">9.39</td>
<td title="Min: 1.310, Max: 1.465, Average: 1.376, Median: 1.373, StDev: 0.05075036945678326783544220364">6.880</td>
<td >-</td>
<td title="Min: -, Max: 0.025, Average: 0.0122, Median: 0.015, StDev: 0.00857">0.061</td>
<td >-</td>
<td >4</td>
<td >-</td>
<td title="Min: -, Max: 1, Average: 0.5, Median: 0.5, StDev: 0.5">2</td>
<td title="Min: 1.75, Max: 1.82, Average: 1.80, Median: 1.81, StDev: 0.030">7.20</td>
<td title="Min: 1.195, Max: 1.217, Average: 1.20475, Median: 1.2035, StDev: 0.008073877630977571361769843559">4.819</td>
<td >-</td>
<td >-</td>
<td title="Min: -, Max: 212, Average: 53, Median: -, StDev: 91.79869280115049655695465610">212</td>
</tr>
<tr class="statistics">
<td colspan="2" title="(This line contains some statistics from local execution. Only trust those values, if you use your own computer.)">local summary</td>
<td ></td>
<td ></td>
<td ></td>
<td >10.9</td>
<td ></td>
<td ></td>
<td ></td>
<td ></td>
<td ></td>
<td ></td>
<td ></td>
<td >8.51</td>
<td ></td>
<td ></td>
<td ></td>
<td ></td>
<td ></td>
<td ></td>
<td ></td>
<td >9.40</td>
<td ></td>
<td ></td>
<td ></td>
<td ></td>
<td ></td>
<td ></td>
<td ></td>
<td >7.21</td>
<td ></td>
<td ></td>
<td ></td>
<td ></td>
</tr>
<tr class="statistics">
<td colspan="2" title="(property holds + result is true) OR (property does not hold + result is false)">&nbsp;&nbsp;&nbsp;&nbsp;correct results</td>
<td >3</td>
<td >-</td>
<td title="Min: 1, Max: 2, Average: 1.666666666666666666666666667, Median: 2, StDev: 0.4714045207910316829338962414">5</td>
<td title="Min: 2.06, Max: 2.23, Average: 2.16, Median: 2.19, StDev: 0.073">6.48</td>
<td title="Min: 1.493, Max: 1.665, Average: 1.581666666666666666666666667, Median: 1.587, StDev: 0.07031990393116936624480625533">4.745</td>
<td >-</td>
<td title="Min: -, Max: 0.018, Average: 0.00967, Median: 0.011, StDev: 0.00741">0.029</td>
<td >-</td>
<td >2</td>
<td >-</td>
<td title="Min: 1, Max: 1, Average: 1, Median: 1, StDev: -">2</td>
<td title="Min: 2.12, Max: 2.16, Average: 2.14, Median: 2.14, StDev: 0.0211">4.28</td>
<td title="Min: 1.409, Max: 1.438, Average: 1.4235, Median: 1.4235, StDev: 0.0145">2.847</td>
<td >-</td>
<td >-</td>
<td >0</td>
<td >3</td>
<td >-</td>
<td title="Min: 1, Max: 2, Average: 1.666666666666666666666666667, Median: 2, StDev: 0.4714045207910316829338962414">5</td>
<td title="Min: 1.83, Max: 1.95, Average: 1.88, Median: 1.85, StDev: 0.0523">5.63</td>
<td title="Min: 1.310, Max: 1.465, Average: 1.382666666666666666666666667, Median: 1.373, StDev: 0.06364659369431241517373254391">4.148</td>
<td >-</td>
<td title="Min: -, Max: 0.015, Average: 0.007, Median: 0.006, StDev: 0.00616">0.021</td>
<td >-</td>
<td >2</td>
<td >-</td>
<td title="Min: 1, Max: 1, Average: 1, Median: 1, StDev: -">2</td>
<td title="Min: 1.82, Max: 1.82, Average: 1.82, Median: 1.82, StDev: 0.00252">3.64</td>
<td title="Min: 1.206, Max: 1.217, Average: 1.2115, Median: 1.2115, StDev: 0.0055">2.423</td>
<td >-</td>
<td >-</td>
<td >0</td>
</tr>
<tr class="statistics">
<td colspan="2" title="property holds + result is true">&nbsp;&nbsp;&nbsp;&nbsp;&nbsp;&nbsp;&nbsp;&nbsp;correct true</td>
<td >2</td>
<td >-</td>
<td title="Min: 2, Max: 2, Average: 2, Median: 2, StDev: -">4</td>
<td title="Min: 2.06, Max: 2.23, Average: 2.14, Median: 2.14, StDev: 0.0854">4.29</td>
<td title="Min: 1.493, Max: 1.665, Average: 1.579, Median: 1.579, StDev: 0.086">3.158</td>
<td >-</td>
<td title="Min: 0.011, Max: 0.018, Average: 0.0145, Median: 0.0145, StDev: 0.0035">0.029</td>
<td >-</td>
<td >0</td>
<td >-</td>
<td >-</td>
<td >-</td>
<td >-</td>
<td >-</td>
<td >-</td>
<td >-</td>
<td >2</td>
<td >-</td>
<td title="Min: 2, Max: 2, Average: 2, Median: 2, StDev: -">4</td>
<td title="Min: 1.85, Max: 1.95, Average: 1.90, Median: 1.90, StDev: 0.0493">3.80</td>
<td title="Min: 1.373, Max: 1.465, Average: 1.419, Median: 1.419, StDev: 0.046">2.838</td>
<td >-</td>
<td title="Min: 0.006, Max: 0.015, Average: 0.0105, Median: 0.0105, StDev: 0.0045">0.021</td>
<td >-</td>
<td >0</td>
<td >-</td>
<td >-</td>
<td >-</td>
<td >-</td>
<td >-</td>
<td >-</td>
<td >-</td>
</tr>
<tr class="statistics">
<td colspan="2" title="property does not hold + result is false">&nbsp;&nbsp;&nbsp;&nbsp;&nbsp;&nbsp;&nbsp;&nbsp;correct false</td>
<td >1</td>
<td >-</td>
<td title="Min: 1, Max: 1, Average: 1, Median: 1, StDev: -">1</td>
<td title="Min: 2.19, Max: 2.19, Average: 2.19, Median: 2.19, StDev: -">2.19</td>
<td title="Min: 1.587, Max: 1.587, Average: 1.587, Median: 1.587, StDev: -">1.587</td>
<td >-</td>
<td >0.000</td>
<td >-</td>
<td >2</td>
<td >-</td>
<td title="Min: 1, Max: 1, Average: 1, Median: 1, StDev: -">2</td>
<td title="Min: 2.12, Max: 2.16, Average: 2.14, Median: 2.14, StDev: 0.0211">4.28</td>
<td title="Min: 1.409, Max: 1.438, Average: 1.4235, Median: 1.4235, StDev: 0.0145">2.847</td>
<td >-</td>
<td >-</td>
<td >0</td>
<td >1</td>
<td >-</td>
<td title="Min: 1, Max: 1, Average: 1, Median: 1, StDev: -">1</td>
<td title="Min: 1.83, Max: 1.83, Average: 1.83, Median: 1.83, StDev: -">1.83</td>
<td title="Min: 1.310, Max: 1.310, Average: 1.310, Median: 1.310, StDev: -">1.310</td>
<td >-</td>
<td >0.000</td>
<td >-</td>
<td >2</td>
<td >-</td>
<td title="Min: 1, Max: 1, Average: 1, Median: 1, StDev: -">2</td>
<td title="Min: 1.82, Max: 1.82, Average: 1.82, Median: 1.82, StDev: 0.00252">3.64</td>
<td title="Min: 1.206, Max: 1.217, Average: 1.2115, Median: 1.2115, StDev: 0.0055">2.423</td>
<td >-</td>
<td >-</td>
<td >0</td>
</tr>
<tr class="statistics">
<td colspan="2" title="(property holds + result is false) OR (property does not hold + result is true)">&nbsp;&nbsp;&nbsp;&nbsp;incorrect results</td>
<td >1</td>
<td >-</td>
<td title="Min: -32, Max: -32, Average: -32, Median: -32, StDev: -">-32</td>
<td title="Min: 2.17, Max: 2.17, Average: 2.17, Median: 2.17, StDev: -">2.17</td>
<td title="Min: 1.624, Max: 1.624, Average: 1.624, Median: 1.624, StDev: -">1.624</td>
<td >-</td>
<td title="Min: 0.020, Max: 0.020, Average: 0.020, Median: 0.020, StDev: -">0.020</td>
<td >-</td>
<td >0</td>
<td >-</td>
<td >-</td>
<td >-</td>
<td >-</td>
<td >-</td>
<td >-</td>
<td >-</td>
<td >1</td>
<td >-</td>
<td title="Min: -32, Max: -32, Average: -32, Median: -32, StDev: -">-32</td>
<td title="Min: 1.86, Max: 1.86, Average: 1.86, Median: 1.86, StDev: -">1.86</td>
<td title="Min: 1.380, Max: 1.380, Average: 1.380, Median: 1.380, StDev: -">1.380</td>
<td >-</td>
<td title="Min: 0.015, Max: 0.015, Average: 0.015, Median: 0.015, StDev: -">0.015</td>
<td >-</td>
<td >0</td>
<td >-</td>
<td >-</td>
<td >-</td>
<td >-</td>
<td >-</td>
<td >-</td>
<td >-</td>
</tr>
<tr class="statistics">
<td colspan="2" title="property does not hold + result is true">&nbsp;&nbsp;&nbsp;&nbsp;&nbsp;&nbsp;&nbsp;&nbsp;incorrect true</td>
<td >1</td>
<td >-</td>
<td title="Min: -32, Max: -32, Average: -32, Median: -32, StDev: -">-32</td>
<td title="Min: 2.17, Max: 2.17, Average: 2.17, Median: 2.17, StDev: -">2.17</td>
<td title="Min: 1.624, Max: 1.624, Average: 1.624, Median: 1.624, StDev: -">1.624</td>
<td >-</td>
<td title="Min: 0.020, Max: 0.020, Average: 0.020, Median: 0.020, StDev: -">0.020</td>
<td >-</td>
<td >0</td>
<td >-</td>
<td >-</td>
<td >-</td>
<td >-</td>
<td >-</td>
<td >-</td>
<td >-</td>
<td >1</td>
<td >-</td>
<td title="Min: -32, Max: -32, Average: -32, Median: -32, StDev: -">-32</td>
<td title="Min: 1.86, Max: 1.86, Average: 1.86, Median: 1.86, StDev: -">1.86</td>
<td title="Min: 1.380, Max: 1.380, Average: 1.380, Median: 1.380, StDev: -">1.380</td>
<td >-</td>
<td title="Min: 0.015, Max: 0.015, Average: 0.015, Median: 0.015, StDev: -">0.015</td>
<td >-</td>
<td >0</td>
<td >-</td>
<td >-</td>
<td >-</td>
<td >-</td>
<td >-</td>
<td >-</td>
<td >-</td>
</tr>
<tr class="statistics">
<td colspan="2" title="property holds + result is false">&nbsp;&nbsp;&nbsp;&nbsp;&nbsp;&nbsp;&nbsp;&nbsp;incorrect false</td>
<td >0</td>
<td >-</td>
<td >-</td>
<td >-</td>
<td >-</td>
<td >-</td>
<td >-</td>
<td >-</td>
<td >0</td>
<td >-</td>
<td >-</td>
<td >-</td>
<td >-</td>
<td >-</td>
<td >-</td>
<td >-</td>
<td >0</td>
<td >-</td>
<td >-</td>
<td >-</td>
<td >-</td>
<td >-</td>
<td >-</td>
<td >-</td>
<td >0</td>
<td >-</td>
<td >-</td>
<td >-</td>
<td >-</td>
<td >-</td>
<td >-</td>
<td >-</td>
</tr>
<tr class="statistics">
<td colspan="2" title="in total 0 true tasks, 0 false tasks">score (5 tasks, max score: 4)</td>
<td class="score">-27</td>
<td class="score">-</td>
<td class="score">-</td>
<td class="score">-</td>
<td class="score">-</td>
<td class="score">-</td>
<td class="score">-</td>
<td class="score">-</td>
<td class="score">2</td>
<td class="score">-</td>
<td class="score">-</td>
<td class="score">-</td>
<td class="score">-</td>
<td class="score">-</td>
<td class="score">-</td>
<td class="score">-</td>
<td class="score">-27</td>
<td class="score">-</td>
<td class="score">-</td>
<td class="score">-</td>
<td class="score">-</td>
<td class="score">-</td>
<td class="score">-</td>
<td class="score">-</td>
<td class="score">2</td>
<td class="score">-</td>
<td class="score">-</td>
<td class="score">-</td>
<td class="score">-</td>
<td class="score">-</td>
<td class="score">-</td>
<td class="score">-</td>
</tr>
<tr class="run">
<td colspan="2">Run set</td>
<td colspan="8">predicateAnalysis</td>
<td colspan="8">valueAnalysis</td>
<td colspan="8">predicateAnalysis</td>
<td colspan="8">valueAnalysis</td>
</tr>
</tfoot>
</table>