<table id="dataTable">
<thead>
  <tr id="tool" class="tool collapsable-header">
<td colspan="1">Tool</td>
<td colspan="6">MathSAT 5.3.5</td>
<td colspan="6">SMTInterpol 2.1-183-g4d3bb9f</td>
</tr>
  <tr id="limits" class="limits collapsable-header">
<td colspan="1">Limits</td>
<td colspan="12">timelimit: 10 s, memlimit: 100 MB, CPU core limit: 1</td>
</tr>
  <tr id="host" class="host collapsable-header">
<td colspan="1">Host</td>
<td colspan="12">tortuga</td>
</tr>
  <tr id="os" class="os collapsable-header">
<td colspan="1">OS</td>
<td colspan="12">Linux 3.13.0-53-generic x86_64</td>
</tr>
  <tr id="system" class="system collapsable-header">
<td colspan="1">System</td>
<td colspan="12">CPU: Intel Core i7-2600 CPU @ 3.40GHz with 8 cores, frequency: 3401 MHz; RAM: 16389436 kB</td>
</tr>
  <tr id="date" class="date collapsable-header">
<td colspan="1">Date of execution</td>
<td colspan="6">2015-05-27 10:04:55 CEST</td>
<td colspan="6">2015-05-27 10:04:27 CEST</td>
</tr>
  <tr id="run" class="run ">
<td colspan="1">Run set</td>
<td colspan="6">mathsat</td>
<td colspan="6">smtinterpol</td>
</tr>
  <tr id="columnTitles" class="columnTitles ">
<td colspan="1"></td>
<td colspan="1">status</td>
<td colspan="1">category</td>
<td colspan="1">score</td>
<td colspan="1">cputime (s)</td>
<td colspan="1">walltime (s)</td>
<td colspan="1">memUsage</td>
<td colspan="1">status</td>
<td colspan="1">category</td>
<td colspan="1">score</td>
<td colspan="1">cputime (s)</td>
<td colspan="1">walltime (s)</td>
<td colspan="1">memUsage</td>
</tr>
</thead>

<tbody>
<tr><td title="Click here to show source code"><a href="../../../../ie-local-interpolant.smt2">ie-local-interpolant.smt2</a></td>
<td class="status missing" title="Click here to show output of tool"><a href="../results/mathsat.2015-05-27_1004.logfiles/ie-local-interpolant.smt2.log">unsat</a></td>
<td class="missing value">missing</td>
<td class="missing value">0</td>
<td class="missing value">.126&#x2007;&#x2007;</td>
<td class="missing value">.128&#x2007;</td>
<td class="missing value">19525632</td>
<td class="status missing" title="Click here to show output of tool"><a href="../results/smtinterpol.2015-05-27_1004.logfiles/ie-local-interpolant.smt2.log">sat</a></td>
<td class="missing value">missing</td>
<td class="missing value">0</td>
<td class="missing value">.479</td>
<td class="missing value">.487</td>
<td class="missing value">45228032</td>
</tr>
<tr><td title="Click here to show source code"><a href="../../../../new-cast-encoding_sat.smt2">new-cast-encoding_sat.smt2</a></td>
<td class="status correct" title="Click here to show output of tool"><a href="../results/mathsat.2015-05-27_1004.logfiles/new-cast-encoding_sat.smt2.log">sat</a></td>
<td class="correct value">correct</td>
<td class="correct value">0</td>
<td class="correct value">.00897</td>
<td class="correct value">.0116</td>
<td class="correct value">5513216</td>
<td class="status correct" title="Click here to show output of tool"><a href="../results/smtinterpol.2015-05-27_1004.logfiles/new-cast-encoding_sat.smt2.log">sat</a></td>
<td class="correct value">correct</td>
<td class="correct value">0</td>
<td class="correct value">.214</td>
<td class="correct value">.230</td>
<td class="correct value">23986176</td>
</tr>
<tr><td title="Click here to show source code"><a href="../../../../other-cast-encoding.smt2">other-cast-encoding.smt2</a></td>
<td class="status unknown" title="Click here to show output of tool"><a href="../results/mathsat.2015-05-27_1004.logfiles/other-cast-encoding.smt2.log">unknown</a></td>
<td class="unknown value">unknown</td>
<td class="unknown value">0</td>
<td class="unknown value">.00909</td>
<td class="unknown value">.0100</td>
<td class="unknown value">4583424</td>
<td class="status error" title="Click here to show output of tool"><a href="../results/smtinterpol.2015-05-27_1004.logfiles/other-cast-encoding.smt2.log">error</a></td>
<td class="error value">error</td>
<td class="error value">0</td>
<td class="error value">.193</td>
<td class="error value">.199</td>
<td class="error value">23822336</td>
</tr>
<tr><td title="Click here to show source code"><a href="../../../../smtinterpol-NPE-LAInterpolor-color_unsat.smt2">smtinterpol-NPE-LAInterpolor-color_unsat.smt2</a></td>
<td class="status error" title="Click here to show output of tool"><a href="../results/mathsat.2015-05-27_1004.logfiles/smtinterpol-NPE-LAInterpolor-color_unsat.smt2.log">error</a></td>
<td class="error value">error</td>
<td class="error value">0</td>
<td class="error value">.0209&#x2007;</td>
<td class="error value">.0351</td>
<td class="error value">2883584</td>
<td class="status correct" title="Click here to show output of tool"><a href="../results/smtinterpol.2015-05-27_1004.logfiles/smtinterpol-NPE-LAInterpolor-color_unsat.smt2.log">unsat</a></td>
<td class="correct value">correct</td>
<td class="correct value">0</td>
<td class="correct value">.769</td>
<td class="correct value">.778</td>
<td class="correct value">46264320</td>
</tr>
</tbody>

<tfoot>
<tr class="columnTitles">
<td colspan="1"></td>
<td colspan="1">status</td>
<td colspan="1">category</td>
<td colspan="1">score</td>
<td colspan="1">cputime</td>
<td colspan="1">walltime</td>
<td colspan="1">memUsage</td>
<td colspan="1">status</td>
<td colspan="1">category</td>
<td colspan="1">score</td>
<td colspan="1">cputime</td>
<td colspan="1">walltime</td>
<td colspan="1">memUsage</td>
</tr>
<tr class="statistics">
<td colspan="1" title="in total 1 true tasks, 1 false tasks">total tasks</td>
<td >4</td>
<td >-</td>
<td >-</td>
<td title="Min: 0.00897, Max: 0.126, Average: 0.0412, Median: 0.015, StDev: 0.0491">0.165</td>
<td title="Min: 0.010, Max: 0.128, Average: 0.0463, Median: 0.0234, StDev: 0.0484">0.185</td>
<td title="Min: 2883584, Max: 19525632, Average: 8126464, Median: 5048320, StDev: 6648515.235331269059270664423">32505856</td>
<td >4</td>
<td >-</td>
<td >-</td>
<td title="Min: 0.193, Max: 0.769, Average: 0.414, Median: 0.347, StDev: 0.234">1.66</td>
<td title="Min: 0.199, Max: 0.778, Average: 0.423, Median: 0.358, StDev: 0.233">1.69</td>
<td title="Min: 23822336, Max: 46264320, Average: 34825216, Median: 34607104, StDev: 10927257.63250633713180414298">139300864</td>
</tr>
<tr class="statistics">
<td colspan="1" title="(This line contains some statistics from local execution. Only trust those values, if you use your own computer.)">local summary</td>
<td ></td>
<td ></td>
<td ></td>
<td >0.165</td>
<td >0.819</td>
<td ></td>
<td ></td>
<td ></td>
<td ></td>
<td >1.66</td>
<td >2.32</td>
<td ></td>
</tr>
<tr class="statistics">
<td colspan="1" title="(property holds + result is true) OR (property does not hold + result is false)">&nbsp;&nbsp;&nbsp;&nbsp;correct results</td>
<td >1</td>
<td >-</td>
<td >-</td>
<td title="Min: 0.00897, Max: 0.00897, Average: 0.00897, Median: 0.00897, StDev: -">0.00897</td>
<td title="Min: 0.0116, Max: 0.0116, Average: 0.0116, Median: 0.0116, StDev: -">0.0116</td>
<td title="Min: 5513216, Max: 5513216, Average: 5513216, Median: 5513216, StDev: -">5513216</td>
<td >2</td>
<td >-</td>
<td >-</td>
<td title="Min: 0.214, Max: 0.769, Average: 0.492, Median: 0.492, StDev: 0.278">0.984</td>
<td title="Min: 0.230, Max: 0.778, Average: 0.504, Median: 0.504, StDev: 0.274">1.01</td>
<td title="Min: 23986176, Max: 46264320, Average: 35125248, Median: 35125248, StDev: 11139072">70250496</td>
</tr>
<tr class="statistics">
<td colspan="1" title="property holds + result is true">&nbsp;&nbsp;&nbsp;&nbsp;&nbsp;&nbsp;&nbsp;&nbsp;correct true</td>
<td >1</td>
<td >-</td>
<td >-</td>
<td title="Min: 0.00897, Max: 0.00897, Average: 0.00897, Median: 0.00897, StDev: -">0.00897</td>
<td title="Min: 0.0116, Max: 0.0116, Average: 0.0116, Median: 0.0116, StDev: -">0.0116</td>
<td title="Min: 5513216, Max: 5513216, Average: 5513216, Median: 5513216, StDev: -">5513216</td>
<td >1</td>
<td >-</td>
<td >-</td>
<td title="Min: 0.214, Max: 0.214, Average: 0.214, Median: 0.214, StDev: -">0.214</td>
<td title="Min: 0.230, Max: 0.230, Average: 0.230, Median: 0.230, StDev: -">0.230</td>
<td title="Min: 23986176, Max: 23986176, Average: 23986176, Median: 23986176, StDev: -">23986176</td>
</tr>
<tr class="statistics">
<td colspan="1" title="property does not hold + result is false">&nbsp;&nbsp;&nbsp;&nbsp;&nbsp;&nbsp;&nbsp;&nbsp;correct false</td>
<td >0</td>
<td >-</td>
<td >-</td>
<td >-</td>
<td >-</td>
<td >-</td>
<td >1</td>
<td >-</td>
<td >-</td>
<td title="Min: 0.769, Max: 0.769, Average: 0.769, Median: 0.769, StDev: -">0.769</td>
<td title="Min: 0.778, Max: 0.778, Average: 0.778, Median: 0.778, StDev: -">0.778</td>
<td title="Min: 46264320, Max: 46264320, Average: 46264320, Median: 46264320, StDev: -">46264320</td>
</tr>
<tr class="statistics">
<td colspan="1" title="(property holds + result is false) OR (property does not hold + result is true)">&nbsp;&nbsp;&nbsp;&nbsp;incorrect results</td>
<td >0</td>
<td >-</td>
<td >-</td>
<td >-</td>
<td >-</td>
<td >-</td>
<td >0</td>
<td >-</td>
<td >-</td>
<td >-</td>
<td >-</td>
<td >-</td>
</tr>
<tr class="statistics">
<td colspan="1" title="property does not hold + result is true">&nbsp;&nbsp;&nbsp;&nbsp;&nbsp;&nbsp;&nbsp;&nbsp;incorrect true</td>
<td >0</td>
<td >-</td>
<td >-</td>
<td >-</td>
<td >-</td>
<td >-</td>
<td >0</td>
<td >-</td>
<td >-</td>
<td >-</td>
<td >-</td>
<td >-</td>
</tr>
<tr class="statistics">
<td colspan="1" title="property holds + result is false">&nbsp;&nbsp;&nbsp;&nbsp;&nbsp;&nbsp;&nbsp;&nbsp;incorrect false</td>
<td >0</td>
<td >-</td>
<td >-</td>
<td >-</td>
<td >-</td>
<td >-</td>
<td >0</td>
<td >-</td>
<td >-</td>
<td >-</td>
<td >-</td>
<td >-</td>
</tr>
<tr class="run">
<td colspan="1">Run set</td>
<td colspan="6">mathsat</td>
<td colspan="6">smtinterpol</td>
</tr>
</tfoot>
</table>