<table id="dataTable">
<thead>
  <tr id="tool" class="tool collapsable-header">
<td colspan="2">Tool</td>
<td colspan="8">CPAchecker 1.4-svn 15944M</td>
</tr>
  <tr id="limits" class="limits collapsable-header">
<td colspan="2">Limits</td>
<td colspan="8">timelimit: 10 s, memlimit: 3000 MB, CPU core limit: 1</td>
</tr>
  <tr id="host" class="host collapsable-header">
<td colspan="2">Host</td>
<td colspan="8">tortuga</td>
</tr>
  <tr id="os" class="os collapsable-header">
<td colspan="2">OS</td>
<td colspan="8">Linux 3.13.0-45-generic x86_64</td>
</tr>
  <tr id="system" class="system collapsable-header">
<td colspan="2">System</td>
<td colspan="8">CPU: Intel Core i7-2600 CPU @ 3.40GHz with 8 cores, frequency: 3401 MHz; RAM: 16389384 kB</td>
</tr>
  <tr id="date" class="date collapsable-header">
<td colspan="2">Date of execution</td>
<td colspan="8">2015-03-03 16:13:02 CET</td>
</tr>
  <tr id="run" class="run ">
<td colspan="2">Run set</td>
<td colspan="4">valueAnalysis</td>
<td colspan="4">predicateAnalysis</td>
</tr>
  <tr id="options" class="options collapsable-header">
<td colspan="2">Options</td>
<td colspan="4"><span style="display:block">-noout</span><span style="display:block"> -setprop log.consoleLevel=WARNING</span><span style="display:block"> -valueAnalysis</span></td>
<td colspan="4"><span style="display:block">-noout</span><span style="display:block"> -setprop log.consoleLevel=WARNING</span><span style="display:block"> -predicateAnalysis</span></td>
</tr>
  <tr id="columnTitles" class="columnTitles ">
<td colspan="2"></td>
<td colspan="1">status</td>
<td colspan="1">cputime (s)</td>
<td colspan="1">walltime (s)</td>
<td colspan="1">memUsage</td>
<td colspan="1">status</td>
<td colspan="1">cputime (s)</td>
<td colspan="1">walltime (s)</td>
<td colspan="1">memUsage</td>
</tr>
</thead>

<tbody>
<tr><td title="Click here to show source code"><a href="../../../../test/programs/simple/bitvectors/implicitunsignedconversion_false-unreach-label.i">test/programs/simple/bitvectors/implicitunsignedconversion_false-unreach-label.i</a></td>
<td>unreach-label</td>
<td class="status correct" title="Click here to show output of tool"><a href="../results/test.2015-03-03_1613.logfiles/valueAnalysis.implicitunsignedconversion_false-unreach-label.i.log">false(reach)</a></td>
<td class="correct value">2.12&#x2007;</td>
<td class="correct value">2.13&#x2007;</td>
<td class="correct value">133574656</td>
<td class="status wrong" title="Click here to show output of tool"><a href="../results/test.2015-03-03_1613.logfiles/predicateAnalysis.implicitunsignedconversion_false-unreach-label.i.log">true</a></td>
<td class="wrong value">2.17&#x2007;</td>
<td class="wrong value">2.18&#x2007;</td>
<td class="wrong value">128032768</td>
</tr>
<tr><td title="Click here to show source code"><a href="../../../../test/programs/simple/switch_test_default_fallthrough_false-unreach-label.c">test/programs/simple/switch_test_default_fallthrough_false-unreach-label.c</a></td>
<td>unreach-label</td>
<td class="status correct" title="Click here to show output of tool"><a href="../results/test.2015-03-03_1613.logfiles/valueAnalysis.switch_test_default_fallthrough_false-unreach-label.c.log">false(reach)</a></td>
<td class="correct value">2.16&#x2007;</td>
<td class="correct value">2.17&#x2007;</td>
<td class="correct value">131117056</td>
<td class="status correct" title="Click here to show output of tool"><a href="../results/test.2015-03-03_1613.logfiles/predicateAnalysis.switch_test_default_fallthrough_false-unreach-label.c.log">false(reach)</a></td>
<td class="correct value">2.19&#x2007;</td>
<td class="correct value">2.20&#x2007;</td>
<td class="correct value">129118208</td>
</tr>
<tr><td title="Click here to show source code"><a href="../../../../test/programs/simple/compoundLiteral_true-unreach-label.c">test/programs/simple/compoundLiteral_true-unreach-label.c</a></td>
<td>unreach-label</td>
<td class="status unknown" title="Click here to show output of tool"><a href="../results/test.2015-03-03_1613.logfiles/valueAnalysis.compoundLiteral_true-unreach-label.c.log">unknown</a></td>
<td class="unknown value">2.20&#x2007;</td>
<td class="unknown value">2.21&#x2007;</td>
<td class="unknown value">130293760</td>
<td class="status correct" title="Click here to show output of tool"><a href="../results/test.2015-03-03_1613.logfiles/predicateAnalysis.compoundLiteral_true-unreach-label.c.log">true</a></td>
<td class="correct value">2.23&#x2007;</td>
<td class="correct value">2.24&#x2007;</td>
<td class="correct value">132337664</td>
</tr>
<tr><td title="Click here to show source code"><a href="../../../../doc/examples/example.c">doc/examples/example.c</a></td>
<td></td>
<td class="status missing" title="Click here to show output of tool"><a href="../results/test.2015-03-03_1613.logfiles/valueAnalysis.example.c.log">true</a></td>
<td class="missing value">2.02&#x2007;</td>
<td class="missing value">2.03&#x2007;</td>
<td class="missing value">126210048</td>
<td class="status missing" title="Click here to show output of tool"><a href="../results/test.2015-03-03_1613.logfiles/predicateAnalysis.example.c.log">true</a></td>
<td class="missing value">2.27&#x2007;</td>
<td class="missing value">2.28&#x2007;</td>
<td class="missing value">129470464</td>
</tr>
<tr><td title="Click here to show source code"><a href="../../../../test/programs/simple/builtin_expect_true-unreach-label.c">test/programs/simple/builtin_expect_true-unreach-label.c</a></td>
<td>unreach-label</td>
<td class="status missing">-</td>
<td class="missing value">-</td>
<td class="missing value">-</td>
<td class="missing value">-</td>
<td class="status correct" title="Click here to show output of tool"><a href="../results/test.2015-03-03_1613.logfiles/predicateAnalysis.builtin_expect_true-unreach-label.c.log">true</a></td>
<td class="correct value">2.06&#x2007;</td>
<td class="correct value">2.07&#x2007;</td>
<td class="correct value">126312448</td>
</tr>
</tbody>

<tfoot>
<tr class="columnTitles">
<td colspan="2"></td>
<td colspan="1">status</td>
<td colspan="1">cputime</td>
<td colspan="1">walltime</td>
<td colspan="1">memUsage</td>
<td colspan="1">status</td>
<td colspan="1">cputime</td>
<td colspan="1">walltime</td>
<td colspan="1">memUsage</td>
</tr>
<tr class="statistics">
<td colspan="2" title="in total 0 true tasks, 0 false tasks">total tasks</td>
<td >4</td>
<td title="Min: 2.02, Max: 2.20, Average: 2.12, Median: 2.14, StDev: 0.0686">8.50</td>
<td title="Min: 2.03, Max: 2.21, Average: 2.13, Median: 2.15, StDev: 0.0685">8.54</td>
<td title="Min: 126210048, Max: 133574656, Average: 130298880, Median: 130705408, StDev: 2651353.131316913054555230070">521195520</td>
<td >5</td>
<td title="Min: 2.06, Max: 2.27, Average: 2.18, Median: 2.19, StDev: 0.0719">10.9</td>
<td title="Min: 2.07, Max: 2.28, Average: 2.19, Median: 2.20, StDev: 0.0723">11.0</td>
<td title="Min: 126312448, Max: 132337664, Average: 129054310.4, Median: 129118208, StDev: 1975805.449949118851756738273">645271552</td>
</tr>
<tr class="statistics">
<td colspan="2" title="(This line contains some statistics from local execution. Only trust those values, if you use your own computer.)">local summary</td>
<td ></td>
<td >8.51</td>
<td >9.12</td>
<td ></td>
<td ></td>
<td >10.9</td>
<td >11.6</td>
<td ></td>
</tr>
<tr class="statistics">
<td colspan="2" title="(property holds + result is true) OR (property does not hold + result is false)">&nbsp;&nbsp;&nbsp;&nbsp;correct results</td>
<td >2</td>
<td title="Min: 2.12, Max: 2.16, Average: 2.14, Median: 2.14, StDev: 0.0211">4.28</td>
<td title="Min: 2.13, Max: 2.17, Average: 2.15, Median: 2.15, StDev: 0.0204">4.30</td>
<td title="Min: 131117056, Max: 133574656, Average: 132345856, Median: 132345856, StDev: 1228800">264691712</td>
<td >3</td>
<td title="Min: 2.06, Max: 2.23, Average: 2.16, Median: 2.19, StDev: 0.073">6.48</td>
<td title="Min: 2.07, Max: 2.24, Average: 2.17, Median: 2.20, StDev: 0.0728">6.50</td>
<td title="Min: 126312448, Max: 132337664, Average: 129256106.6666666666666666667, Median: 129118208, StDev: 2461716.067213456867331590003">387768320</td>
</tr>
<tr class="statistics">
<td colspan="2" title="property holds + result is true">&nbsp;&nbsp;&nbsp;&nbsp;&nbsp;&nbsp;&nbsp;&nbsp;correct true</td>
<td >0</td>
<td >-</td>
<td >-</td>
<td >-</td>
<td >2</td>
<td title="Min: 2.06, Max: 2.23, Average: 2.14, Median: 2.14, StDev: 0.0854">4.29</td>
<td title="Min: 2.07, Max: 2.24, Average: 2.15, Median: 2.15, StDev: 0.0853">4.30</td>
<td title="Min: 126312448, Max: 132337664, Average: 129325056, Median: 129325056, StDev: 3012608">258650112</td>
</tr>
<tr class="statistics">
<td colspan="2" title="property does not hold + result is false">&nbsp;&nbsp;&nbsp;&nbsp;&nbsp;&nbsp;&nbsp;&nbsp;correct false</td>
<td >2</td>
<td title="Min: 2.12, Max: 2.16, Average: 2.14, Median: 2.14, StDev: 0.0211">4.28</td>
<td title="Min: 2.13, Max: 2.17, Average: 2.15, Median: 2.15, StDev: 0.0204">4.30</td>
<td title="Min: 131117056, Max: 133574656, Average: 132345856, Median: 132345856, StDev: 1228800">264691712</td>
<td >1</td>
<td title="Min: 2.19, Max: 2.19, Average: 2.19, Median: 2.19, StDev: -">2.19</td>
<td title="Min: 2.20, Max: 2.20, Average: 2.20, Median: 2.20, StDev: -">2.20</td>
<td title="Min: 129118208, Max: 129118208, Average: 129118208, Median: 129118208, StDev: -">129118208</td>
</tr>
<tr class="statistics">
<td colspan="2" title="(property holds + result is false) OR (property does not hold + result is true)">&nbsp;&nbsp;&nbsp;&nbsp;incorrect results</td>
<td >0</td>
<td >-</td>
<td >-</td>
<td >-</td>
<td >1</td>
<td title="Min: 2.17, Max: 2.17, Average: 2.17, Median: 2.17, StDev: -">2.17</td>
<td title="Min: 2.18, Max: 2.18, Average: 2.18, Median: 2.18, StDev: -">2.18</td>
<td title="Min: 128032768, Max: 128032768, Average: 128032768, Median: 128032768, StDev: -">128032768</td>
</tr>
<tr class="statistics">
<td colspan="2" title="property does not hold + result is true">&nbsp;&nbsp;&nbsp;&nbsp;&nbsp;&nbsp;&nbsp;&nbsp;incorrect true</td>
<td >0</td>
<td >-</td>
<td >-</td>
<td >-</td>
<td >1</td>
<td title="Min: 2.17, Max: 2.17, Average: 2.17, Median: 2.17, StDev: -">2.17</td>
<td title="Min: 2.18, Max: 2.18, Average: 2.18, Median: 2.18, StDev: -">2.18</td>
<td title="Min: 128032768, Max: 128032768, Average: 128032768, Median: 128032768, StDev: -">128032768</td>
</tr>
<tr class="statistics">
<td colspan="2" title="property holds + result is false">&nbsp;&nbsp;&nbsp;&nbsp;&nbsp;&nbsp;&nbsp;&nbsp;incorrect false</td>
<td >0</td>
<td >-</td>
<td >-</td>
<td >-</td>
<td >0</td>
<td >-</td>
<td >-</td>
<td >-</td>
</tr>
<tr class="statistics">
<td colspan="2" title="in total 0 true tasks, 0 false tasks">score (5 tasks, max score: 4)</td>
<td class="score">2</td>
<td class="score">-</td>
<td class="score">-</td>
<td class="score">-</td>
<td class="score">-27</td>
<td class="score">-</td>
<td class="score">-</td>
<td class="score">-</td>
</tr>
<tr class="run">
<td colspan="2">Run set</td>
<td colspan="4">valueAnalysis</td>
<td colspan="4">predicateAnalysis</td>
</tr>
</tfoot>
</table>