<table id="dataTable">
<thead>
  <tr id="tool" class="tool collapsable-header">
<td colspan="2">Tool</td>
<td colspan="8">CPAchecker 1.4-svn 15944M</td>
</tr>
  <tr id="limits" class="limits collapsable-header">
<td colspan="2">Limits</td>
<td colspan="8">timelimit: 10 s, memlimit: 3000 MB, CPU core limit: 1</td>
</tr>
  <tr id="host" class="host collapsable-header">
<td colspan="2">Host</td>
<td colspan="8">tortuga</td>
</tr>
  <tr id="os" class="os collapsable-header">
<td colspan="2">OS</td>
<td colspan="8">Linux 3.13.0-45-generic x86_64</td>
</tr>
  <tr id="system" class="system collapsable-header">
<td colspan="2">System</td>
<td colspan="8">CPU: Intel Core i7-2600 CPU @ 3.40GHz with 8 cores, frequency: 3401 MHz; RAM: 16389384 kB</td>
</tr>
  <tr id="date" class="date collapsable-header">
<td colspan="2">Date of execution</td>
<td colspan="8">2015-03-03 16:13:02 CET</td>
</tr>
  <tr id="run" class="run ">
<td colspan="2">Run set</td>
<td colspan="4">valueAnalysis</td>
<td colspan="4">predicateAnalysis</td>
</tr>
  <tr id="options" class="options collapsable-header">
<td colspan="2">Options</td>
<td colspan="4"><span style="display:block"> -noout</span><span style="display:block"> -setprop log.consoleLevel=WARNING</span><span style="display:block"> -valueAnalysis</span></td>
<td colspan="4"><span style="display:block"> -noout</span><span style="display:block"> -setprop log.consoleLevel=WARNING</span><span style="display:block"> -predicateAnalysis</span></td>
</tr>
  <tr id="columnTitles" class="columnTitles ">
<td colspan="2"></td>
<td colspan="1">status</td>
<td colspan="1">cputime</td>
<td colspan="1">walltime</td>
<td colspan="1">memUsage</td>
<td colspan="1">status</td>
<td colspan="1">cputime</td>
<td colspan="1">walltime</td>
<td colspan="1">memUsage</td>
</tr>
</thead>

<tbody>
<tr><td title="Click here to show source code"><a href="../../../../test/programs/simple/bitvectors/implicitunsignedconversion_false-unreach-label.i">test/programs/simple/bitvectors/implicitunsignedconversion_false-unreach-label.i</a></td>
<td>unreach-label</td>
<td class="status correct" title="Click here to show output of tool"><a href="../results/test.2015-03-03_1613.logfiles/valueAnalysis.implicitunsignedconversion_false-unreach-label.i.log">false(reach)</a></td>
<td class="correct value">2.12&#x2007;</td>
<td class="correct value">2.13&#x2007;</td>
<td class="correct value">133574656</td>
<td class="status wrong" title="Click here to show output of tool"><a href="../results/test.2015-03-03_1613.logfiles/predicateAnalysis.implicitunsignedconversion_false-unreach-label.i.log">true</a></td>
<td class="wrong value">2.17&#x2007;</td>
<td class="wrong value">2.18&#x2007;</td>
<td class="wrong value">128032768</td>
</tr>
<tr><td title="Click here to show source code"><a href="../../../../test/programs/simple/compoundLiteral_true-unreach-label.c">test/programs/simple/compoundLiteral_true-unreach-label.c</a></td>
<td>unreach-label</td>
<td class="status unknown" title="Click here to show output of tool"><a href="../results/test.2015-03-03_1613.logfiles/valueAnalysis.compoundLiteral_true-unreach-label.c.log">unknown</a></td>
<td class="unknown value">2.20&#x2007;</td>
<td class="unknown value">2.21&#x2007;</td>
<td class="unknown value">130293760</td>
<td class="status correct" title="Click here to show output of tool"><a href="../results/test.2015-03-03_1613.logfiles/predicateAnalysis.compoundLiteral_true-unreach-label.c.log">true</a></td>
<td class="correct value">2.23&#x2007;</td>
<td class="correct value">2.24&#x2007;</td>
<td class="correct value">132337664</td>
</tr>
<tr><td title="Click here to show source code"><a href="../../../../test/programs/simple/builtin_expect_true-unreach-label.c">test/programs/simple/builtin_expect_true-unreach-label.c</a></td>
<td>unreach-label</td>
<td class="status missing">-</td>
<td class="missing value">-</td>
<td class="missing value">-</td>
<td class="missing value">-</td>
<td class="status correct" title="Click here to show output of tool"><a href="../results/test.2015-03-03_1613.logfiles/predicateAnalysis.builtin_expect_true-unreach-label.c.log">true</a></td>
<td class="correct value">2.06&#x2007;</td>
<td class="correct value">2.07&#x2007;</td>
<td class="correct value">126312448</td>
</tr>
</tbody>

<tfoot>
<tr class="columnTitles">
<td colspan="2"></td>
<td colspan="1">status</td>
<td colspan="1">cputime</td>
<td colspan="1">walltime</td>
<td colspan="1">memUsage</td>
<td colspan="1">status</td>
<td colspan="1">cputime</td>
<td colspan="1">walltime</td>
<td colspan="1">memUsage</td>
</tr>
<tr class="statistics">
<td colspan="2" title="in total 2 true tasks, 1 false tasks">total tasks</td>
<td >2</td>
<td title="Min: 2.12, Max: 2.20, Average: 2.16, Median: 2.16, StDev: 0.0433">4.32</td>
<td title="Min: 2.13, Max: 2.21, Average: 2.17, Median: 2.17, StDev: 0.0427">4.34</td>
<td title="Min: 130293760, Max: 133574656, Average: 131934208, Median: 131934208, StDev: 1640448">263868416</td>
<td >3</td>
<td title="Min: 2.06, Max: 2.23, Average: 2.15, Median: 2.17, StDev: 0.0708">6.46</td>
<td title="Min: 2.07, Max: 2.24, Average: 2.16, Median: 2.18, StDev: 0.0708">6.48</td>
<td title="Min: 126312448, Max: 132337664, Average: 128894293.3333333333333333333, Median: 128032768, StDev: 2534097.654872483840250024194">386682880</td>
</tr>
<tr class="statistics">
<td colspan="2" title="(property holds + result is true) OR (property does not hold + result is false)">&nbsp;&nbsp;&nbsp;&nbsp;correct results</td>
<td >1</td>
<td title="Min: 2.12, Max: 2.12, Average: 2.12, Median: 2.12, StDev: -">2.12</td>
<td title="Min: 2.13, Max: 2.13, Average: 2.13, Median: 2.13, StDev: -">2.13</td>
<td title="Min: 133574656, Max: 133574656, Average: 133574656, Median: 133574656, StDev: -">133574656</td>
<td >2</td>
<td title="Min: 2.06, Max: 2.23, Average: 2.14, Median: 2.14, StDev: 0.0854">4.29</td>
<td title="Min: 2.07, Max: 2.24, Average: 2.15, Median: 2.15, StDev: 0.0853">4.30</td>
<td title="Min: 126312448, Max: 132337664, Average: 129325056, Median: 129325056, StDev: 3012608">258650112</td>
</tr>
<tr class="statistics">
<td colspan="2" title="property holds + result is true">&nbsp;&nbsp;&nbsp;&nbsp;&nbsp;&nbsp;&nbsp;&nbsp;correct true</td>
<td >0</td>
<td >-</td>
<td >-</td>
<td >-</td>
<td >2</td>
<td title="Min: 2.06, Max: 2.23, Average: 2.14, Median: 2.14, StDev: 0.0854">4.29</td>
<td title="Min: 2.07, Max: 2.24, Average: 2.15, Median: 2.15, StDev: 0.0853">4.30</td>
<td title="Min: 126312448, Max: 132337664, Average: 129325056, Median: 129325056, StDev: 3012608">258650112</td>
</tr>
<tr class="statistics">
<td colspan="2" title="property does not hold + result is false">&nbsp;&nbsp;&nbsp;&nbsp;&nbsp;&nbsp;&nbsp;&nbsp;correct false</td>
<td >1</td>
<td title="Min: 2.12, Max: 2.12, Average: 2.12, Median: 2.12, StDev: -">2.12</td>
<td title="Min: 2.13, Max: 2.13, Average: 2.13, Median: 2.13, StDev: -">2.13</td>
<td title="Min: 133574656, Max: 133574656, Average: 133574656, Median: 133574656, StDev: -">133574656</td>
<td >0</td>
<td >-</td>
<td >-</td>
<td >-</td>
</tr>
<tr class="statistics">
<td colspan="2" title="(property holds + result is false) OR (property does not hold + result is true)">&nbsp;&nbsp;&nbsp;&nbsp;incorrect results</td>
<td >0</td>
<td >-</td>
<td >-</td>
<td >-</td>
<td >1</td>
<td title="Min: 2.17, Max: 2.17, Average: 2.17, Median: 2.17, StDev: -">2.17</td>
<td title="Min: 2.18, Max: 2.18, Average: 2.18, Median: 2.18, StDev: -">2.18</td>
<td title="Min: 128032768, Max: 128032768, Average: 128032768, Median: 128032768, StDev: -">128032768</td>
</tr>
<tr class="statistics">
<td colspan="2" title="property does not hold + result is true">&nbsp;&nbsp;&nbsp;&nbsp;&nbsp;&nbsp;&nbsp;&nbsp;incorrect true</td>
<td >0</td>
<td >-</td>
<td >-</td>
<td >-</td>
<td >1</td>
<td title="Min: 2.17, Max: 2.17, Average: 2.17, Median: 2.17, StDev: -">2.17</td>
<td title="Min: 2.18, Max: 2.18, Average: 2.18, Median: 2.18, StDev: -">2.18</td>
<td title="Min: 128032768, Max: 128032768, Average: 128032768, Median: 128032768, StDev: -">128032768</td>
</tr>
<tr class="statistics">
<td colspan="2" title="property holds + result is false">&nbsp;&nbsp;&nbsp;&nbsp;&nbsp;&nbsp;&nbsp;&nbsp;incorrect false</td>
<td >0</td>
<td >-</td>
<td >-</td>
<td >-</td>
<td >0</td>
<td >-</td>
<td >-</td>
<td >-</td>
</tr>
<tr class="statistics">
<td colspan="2" title="in total 2 true tasks, 1 false tasks">score (3 tasks, max score: 5)</td>
<td class="score">1</td>
<td class="score">-</td>
<td class="score">-</td>
<td class="score">-</td>
<td class="score">-28</td>
<td class="score">-</td>
<td class="score">-</td>
<td class="score">-</td>
</tr>
<tr class="run">
<td colspan="2">Run set</td>
<td colspan="4">valueAnalysis</td>
<td colspan="4">predicateAnalysis</td>
</tr>
</tfoot>
</table>